✔ prepare pins a watermark and persists byte hash; external descriptors satisfy frozen schema (76.326834ms)
✔ partial export requires confirmation; request IDs bind immutable intent (4.500042ms)
✔ host registration mismatch and tombstones reject creation/dispatch (3.759833ms)
✔ double dispatch and reconstructed service invoke Chrome at most once (6.725584ms)
✔ ACK-gap after durable dispatch does not replay and becomes mapping_unknown (48.41875ms)
✔ short dispatch ACK does not wait for callback and cannot be resubmitted (1.781791ms)
✔ onCreated/search deduplicates an ID and started is not delivery complete (10.37075ms)
✔ multiple full-identity candidates conflict and never redownload (4.154083ms)
✔ known callback ID is authoritative; another candidate conflicts rather than replacing it (5.085667ms)
✔ wrong URL/extension/time and missing fields never bind by filename (5.354583ms)
✔ clock rollback cannot bind unique-looking mapping evidence (2.961166ms)
✔ onChanged complete must be confirmed by ID search; interrupted keeps Chrome reason (11.591292ms)
✔ 10-minute timeout is unknown; late complete resolves only its original job (46.534917ms)
✔ retry freezes old prepared submission; duplicate retry returns same new job (16.481584ms)
✔ multi-volume aggregate waits for every volume and releases pin only when all are releasable (15.448333ms)
✔ single abandoned volume causes delivery_failed; late evidence cannot revive it (4.8965ms)
✔ explicit job abandon and run tombstone retain late audit without resurrecting projection (8.741791ms)
✔ lost callback can recover via unique full URL; finite mapping search throttles repeated observations (7.212166ms)
✔ URL revoke waits for complete/interrupted/abandon or deadline and respects local reader pins (8.12425ms)
✔ deadline URL release preserves metadata and completion evidence after host resources disappear (2.813709ms)
✔ attach is idempotent; restart pending reconciliation never dispatches (2.768709ms)
✔ top-level broker handlers work without attach and confirm changed state through search (2.384458ms)
✔ callback-only Chrome API persists authoritative ID and handles runtime.lastError as unknown (44.541916ms)
✔ conflict retains its Blob through deadline; pending audits stop after the deadline bound (15.039333ms)
✔ deletion hook requires retirement proof and releases compatible storage reader pins before tombstone (6.081125ms)
✔ shared repository reads through export pin and deletes descriptor/chunk rows only after fence and abandonment (5.026625ms)
✔ tests/foundation/page-port-fixtures.test.mjs (291.862333ms)
✔ frozen fixture full plan validates; recomputed broader selector/caps hash does not grant authority (77.58175ms)
✔ stop after dispatched commit still permits exactly one fixed Chrome invocation; revised identity never replayed (19.518458ms)
✔ post-dispatch epoch/target/grant fences prevent stale Chrome use (11.152167ms)
✔ script or command callback failure records unknown and cannot be blindly retried (9.258625ms)
✔ raw reception is durable but frame ACK requires matching staged rows, then full end signature is stored (10.023792ms)
✔ duplicate frame does not emit again; conflicting digest durably blocks whole page (8.980917ms)
✔ actual sender document defeats payload identity spoof; stop rejects new raw data (89.104334ms)
✔ raw backpressure refuses a second unacked frame; full signature includes changed sixth row (32.344416ms)
✔ fixed raw DOM reader retains long text, explicit empty string and optional missing attr without transforms (2.8705ms)
✔ packaged DOM agent returns short ACK before stream, awaits explicit frame ACK, then emits complete signature (6.149833ms)
✔ page transport sends its first frame before starting the EOF signature hash (7.327416ms)
✔ run-scoped submit/raw/effect journals preserve both runs and stay outside the unique command index (30.322375ms)
✔ raw frame and ACK never infer a missing run or accept a command with a rewritten revision (9.121458ms)
✔ negative fixed-agent receipt is unknown and its run-scoped submission cannot replay (12.967459ms)
✔ packaged agent and page port exchange a durable run-bound ACK before saving the complete EOF (18.414666ms)
✔ agent command and ACK namespaces separate equal command IDs and digests across runs (9.274958ms)
✔ single-use real action ticket binds actual source document, no run/records/slot created (7.42625ms)
✔ new operation durably cancels old; old source result audited and rejected, new result goes only to original host (11.340292ms)
✔ cancel/release are durable before cleanup; duplicate release cannot mutate context (10.736042ms)
✔ preview samples at most ten full raw rows using shared plan binding and iterator ACK; no records written (50.2195ms)
✔ placeholder SelectorUI reports MODULE_NOT_INSTALLED, never fabricates selected status (2.702958ms)
✔ production allowlist is empty; unsigned self-reports and unknown keys never become Pro (74.333959ms)
✔ real P256/SHA256 P1363 signature; independent Node crypto oracle and claim hash (18.367958ms)
✔ signed binding rejects tampered tier (1.555583ms)
✔ signed binding rejects tampered issuer (1.228375ms)
✔ signed binding rejects tampered subject (1.603958ms)
✔ signed binding rejects tampered audience (1.458292ms)
✔ signed binding rejects tampered features (2.4345ms)
✔ signed binding rejects tampered issuedAt (2.92875ms)
✔ signed binding rejects tampered expiresAt (4.045584ms)
✔ signed binding rejects tampered keyId (2.598084ms)
✔ signed binding rejects tampered revocationVersion (1.871833ms)
✔ signed binding rejects tampered formatVersion (1.5625ms)
✔ signed but unexpected issuer/subject are rejected; signatures from another key fail (3.789458ms)
✔ reject altered signature bytes, padded/noncanonical base64url, DER and wrong hash algorithm (3.97675ms)
✔ no production private JWK and no mutation of injected allowlist after construction (33.721833ms)
✔ future issuedAt, inverted time interval and expiry at the exact boundary reject new Pro (47.085041ms)
✔ impossible calendar dates and missing timestamp zones are rejected even when signed (2.849916ms)
✔ signed metadata cannot establish trusted verification or extend grace (5.821083ms)
✔ offline 72h inclusive boundary, +1ms fallback and no expiry extension (11.96375ms)
✔ offline reload keeps verification age; explicit trusted refresh reopens new Pro (9.450666ms)
✔ wall rollback freezes Pro across reload; monotonic elapsed time expires a frozen wall (13.331ms)
✔ submillisecond clock observations preserve elapsed monotonic time (13.318166ms)
✔ monotonic rollback freezes Pro; trusted timestamp must not precede durable high water (7.310458ms)
✔ revocation is signed, bound, monotonic and durable; newer signed license may restore Pro (19.23375ms)
✔ cached claims and signed revocation are reverified; a persisted verification label grants nothing (39.913584ms)
✔ free and Pro limits clamp without changing template; signed features gate capabilities (23.256959ms)
✔ free template admission counts distinct IDs, permits revisions, rejects concurrent second template and allows delete/resave (3.14875ms)
✔ public admitTemplate accepts SaveTemplateRequest and returns the quota for the storage transaction (7.341625ms)
✔ repository revision history consumes no additional quota and survives head deletion (7.266292ms)
✔ Pro admission at 49/50/51 serializes template count and rejects stale or forged snapshots (30.504875ms)
✔ freshness checked inside template transaction after expiry or offline grace ends (15.018792ms)
✔ approved run remains frozen after expiry/revocation; sealed records, exports and retention are untouched (14.281125ms)
✔ frozen byte oracle preserves Chinese, zero, false, empty and null (60.281208ms)
✔ hostile JSON cannot enter hashes or durable protocol (1.15125ms)
✔ strict wire shapes reject unknown keys and unsafe integers (5.955125ms)
✔ ignoring a control revision never ignores epoch/document identity (0.48525ms)
✔ stop commit before dispatch forbids any new external call (42.151959ms)
✔ dispatch commit grants exactly one call even if stop subsequently commits (6.787166ms)
✔ a worker restart freezes a dispatched gap, holds slot and never repeats start (12.499916ms)
✔ actual sender, optional grant and immutable command ID are enforced (75.526958ms)
✔ stop repeats historical ACK; fencing cannot free the target slot by itself (17.511083ms)
✔ schema uses exactly frozen ten stores, explicit-key paths and sparse tagged indexes (25.568583ms)
✔ no native IDB in Node is reported as unavailable; storage entry exports factory (6.802375ms)
✔ immutable template save CAS, exact duplicate, hash lookup and name-only CAS (70.90675ms)
✔ template admission hook uses same transaction and cannot overwrite immutable revision (12.230917ms)
✔ beginPage permits preparing run, reserves exact command key and idempotently reACKs (8.893417ms)
✔ stage rejects undispatched reservation and atomically aborts open snapshot (11.76325ms)
✔ three batches: first two durable ACKs, third exact-byte failure hides whole page (37.074333ms)
✔ exact staged duplicate does not add bytes; conflicting valid digest aborts page (141.58125ms)
✔ host/epoch/target mismatch is rejected without aborting rightful open page (9.627792ms)
✔ admission cannot bypass transaction reread of cancellation (7.75825ms)
✔ stage may acknowledge authenticated raw frames before end; seal requires complete end (25.373042ms)
✔ seal recomputes all six rows; prefix-only signature fails (31.577209ms)
✔ batch gap, record key/field mismatch, and raw-end evidence mismatch reject (79.544208ms)
✔ stop wins before seal; seal wins before stop and preserves historic original ACK (116.488875ms)
✔ run revision and authenticated host registration cannot be bypassed (30.745791ms)
✔ reader pins freeze watermark/count, paginate long typed values, and reject other cursors (53.891291ms)
✔ zero-batch empty page requires authenticated allowed-empty proof (26.200666ms)
✔ repeated full page signature without end is rejected and left invisible (50.49725ms)
✔ whole-page run limits, two pending ACKs, profile budget and injected disk quota (85.121375ms)
✔ delete refuses active owner/read pin/open job/unknown attempt and tombstones retired data (28.578166ms)
✔ retention defaults seven days, preserves active runs and raw migration duplicates (7.942166ms)
✔ shared authority-issued SDK context interoperates with atomic storage raw receipt and device CAS (23.911667ms)
✔ creation dispatch commits before one exact bootstrap create; retries do not create again (61.882333ms)
✔ creation callback gap freezes slot, never infers never-created or blindly retries (4.989083ms)
✔ bootstrap registers real tab/document before at-most-one navigation dispatch; content spoof rejected (6.95675ms)
✔ stop before bootstrap navigation prevents location authorization (3.484792ms)
✔ formal target binds only real same-origin new document after navigation (6.850208ms)
✔ formal run cannot borrow activeTab instead of optional grant (5.657291ms)
✔ retirement remove + separate not-found evidence releases only matching slot once; old replay cannot clear new run (71.358083ms)
✔ cross-session numeric tab id is never queried or removed and slot remains frozen (3.940208ms)
✔ generic tabs.get failure cannot prove absence (14.676709ms)
✔ prepared/submissionCount=0 proves never-created; missing intent never releases (5.809833ms)
✔ bootstrap agent requests registration and navigation before exactly one assign (0.721292ms)
✔ Chrome JSON hop retains undefined, falsy values, nested presence and business PageBrigeCode (5.366666ms)
✔ outcome protocol separates actual errors from all user business objects (0.858583ms)
✔ encoder rejects unsupported values, cycles and getters without evaluating a getter (3.191083ms)
✔ decoder rejects forged tags, duplicate fields and byte limits; prototype names remain inert data (0.635417ms)
✔ typed canonical input is stable across key order and distinguishes missing from undefined (0.303583ms)
✔ Base64 string API preserves UTF-8 and rejects malformed Base64 and UTF-8 (1.797416ms)
✔ REGRESSION-R3-host-gone: document loss persists retirement without requiring the old host (11.547416ms)
✔ REGRESSION-R4-control-states: late stop preserves an existing retirement (1.2355ms)
✔ REGRESSION-R4-control-states: session recovery preserves a durable retirement (1.155625ms)
✔ REGRESSION-R5-terminal-fence-gap: every committed terminal has a durable retirement (3.236792ms)
✔ REGRESSION-R6-false-completion: caller naturalEnd cannot complete an unbound run (1.028375ms)
✔ REGRESSION-R8-journal-key-collision: a caller command ID cannot replace host metadata (74.1775ms)
✔ R1: cyclic and malformed local schema references produce bounded typed rejection (3.484834ms)
✔ R1: long acyclic reference chains have a schema traversal depth budget (1.04025ms)
✔ R1: the inherited RulePlan resolves its nested local JSON pointer (33.77525ms)
✔ R2: closed shapes reject names inherited by the schema properties object (13.174667ms)
✔ R7: durable timestamps require an actual calendar date and explicit timezone (2.432334ms)
✔ SDK Hello needs native document/grant and never claims a controller slot (85.153083ms)
✔ SDK grant and request payload cannot carry page authority/namespace/bare args (4.267875ms)
✔ SDK sender/document/lifecycle fences reject before any storage effect (2.264042ms)
✔ 100 same-ID concurrent persistent calls commit one effect and one result (128.381625ms)
✔ same ID with changed args or deadline conflicts and does not overwrite effect (35.983708ms)
✔ native session adapter preserves own undefined/false/0 across Chrome JSON storage (21.555459ms)
✔ durable session duplicate after authority restart does not resubmit native set (4.943625ms)
✔ native session failure records unknown dispatch and will not retry same write (3.247375ms)
✔ SW recovery fences dispatched write gap and retains original identity/deadline (2.359875ms)
✔ durable duplicate cannot extend original 15s service deadline (18.72825ms)
✔ native permission remove then regrant cannot revive old request/grant (11.542334ms)
✔ observed navigation invalidates current page Hello and pending admission (4.033166ms)
✔ notification permission removal with empty origins revokes the affected grant (3.060958ms)
✔ notification native receipt and durable undefined survive delivery revocation (6.381667ms)
✔ successful HTTP business envelope remains data and stores native result before delivery (89.328333ms)
✔ SDK backend timer clamps to earlier caller deadline even for hung native callback (2.60475ms)
✔ CMP11-API01/02/03/04: bound constructors, immutable pins and independent owners (6.171959ms)
✔ CMP10-API05/06 and CMP01-API36: raw callbacks and raw execute never dispatch (0.31475ms)
✔ CMP10-API35: typed values and statement ignored args before registration (4.088ms)
✔ CMP03-API34 and CORE-EVALUATE-EXPRESSION: explicit modes and no extra parameters (0.879583ms)
✔ CMP02-API12/13-LIMIT: Worker DOM snapshots reject; serialized alternatives preserve null/[] (1.498792ms)
✔ NAV01 + ChromeElement: only attested navigation advances root; old element/keyboard sequence stay bound (1.772625ms)
✔ CTRL owner fencing: stop/deadline/host-close settle pending once; stale request never rebinds new ctx (5.425833ms)
✔ Private Worker port: global fake peer, wrong owner, wrong correlation and reply replay cannot settle (182.334375ms)
✔ Host relay rejects cross-owner/old revision/old target before the shared transport (0.795583ms)
✔ CMP10-API35: generated function harness awaits and preserves falsy/undefined/business values (17.388416ms)
✔ CMP10-API35-ERR/LIMIT: generated user failures are typed; no lexical closure/native result fallback (39.722542ms)
✔ CMP03-API34 and CORE-EVALUATE-EXPRESSION: correct worlds, async statement, exact values and syntax error (20.316167ms)
✔ CMP03-API26: pending predicates time out and canceled waits clear the real timer/map (25.699625ms)
✔ SVC cookie reads use exact URL; no public-suffix or neighboring-domain expansion (3.549167ms)
✔ SVC cookie batch preserves explicit expiry/default session and Host-prefix rules (39.544875ms)
✔ SVC cookie removal awaits all callbacks and checks each permission (5.523167ms)
✔ SVC Chrome lastError and missing cookie callbacks are typed failures (0.728666ms)
✔ SVC fixed injection requires exact doc and correct resource/world before Chrome call (1.64075ms)
✔ SVC notification click has no page URL, clears once, close/late events do not resettle (1.479166ms)
✔ CMP13 real loopback four HTTP methods, body and serializable projection (76.406916ms)
✔ CMP13 real response false retained (5.457709ms)
✔ CMP13 real response zero retained (4.245458ms)
✔ CMP13 real response null retained (4.912542ms)
✔ HTTP vs network vs bad JSON/UTF8 typed errors and restricted error response (16.629375ms)
✔ denied URL and config have zero real HTTP; native grant rechecked post response (3.525167ms)
✔ private native receipt hook persists HTTP fact before post revocation, not normalized checkServer result (4.074959ms)
✔ manual redirect never follows unauthorized destination (3.024209ms)
✔ actual abort during stalled body/HTTP, size budget and caller cancellation (83.40625ms)
✔ backend 15s budget independent from client timeout and earlier native deadline (6.082833ms)
✔ stalled pre/post native permission validation still obeys driver deadline without replay (43.055375ms)
✔ server checks real observable success/failure and never reports opaque available (28.597625ms)
✔ external IP info disabled default and never calls original external endpoint in tests (0.377875ms)
✔ notification true callback wait, lastError refusal and pre/post authorization (1.778791ms)
✔ service HTTP result preserves business object inside response.data rather than outer authority (3.112625ms)
✔ RESOURCE fixed SDK allowlist has exactly two files; source entry consumes migrated modules (13.681375ms)
✔ RESOURCE project MIT notice is byte-identical to frozen original; no copied vendor resource (3.917334ms)
✔ CMP15 callback preserves false (48.404916ms)
✔ CMP15 callback preserves 0 (0.830834ms)
✔ CMP15 callback preserves undefined (0.903833ms)
✔ CMP15 callback preserves null (0.776333ms)
✔ CMP15 callback preserves  (0.6665ms)
✔ CMP15 callback preserves 0 (0.695875ms)
✔ CMP15 callback preserves  (0.720792ms)
✔ CMP15 callback preserves [object Object] (0.846958ms)
✔ CMP15 inner business error business denied remains original rejection (1.393208ms)
✔ CMP15 inner business error [object Object] remains original rejection (0.887125ms)
✔ CMP15 inner business error null remains original rejection (0.878833ms)
✔ CMP15 inner business error undefined remains original rejection (0.787708ms)
✔ CMP15 inner business error false remains original rejection (0.521458ms)
✔ CMP15 inner business error 0 remains original rejection (0.766833ms)
✔ CMP15 malformed Base64 / UTF8 / JSON settle once with typed stage and no pending (3.170084ms)
✔ CMP15 unicode legacy Base64 callback and ACK never settle early (0.867792ms)
✔ CMP15 old ChromeBridgeEvents facade is observable but cannot lose private pending settlement (0.565416ms)
✔ B03 client deadline and document dispose clean original pending once (18.310833ms)
✔ CMP07 AppStorage String semantics and AppLocal typed presence cross codec (7.139042ms)
✔ CMP13 four HTTP facades preserve call shape (0.40125ms)
✔ schema/config/business refusal dispatches nothing (2.151625ms)
✔ CMP14 notifications preserve desc rules with typed null/body errors (0.311042ms)
✔ CMP14 server results use latency order, input ties and all-failed null (0.397041ms)
✔ CMP08 strict compact JSON never runs code; wrapAsync is only source transformation (0.261666ms)
✔ CMP08 DeviceType, UA priority, unsupported native/fingerprint, delegated ID (1.014917ms)
✔ CMP08 UtilInfo stays idle until explicit call and keeps original URL (1.437833ms)
✔ events retain old strings and route lifecycle solely to injected RunHost (0.314958ms)
✔ sleep resolves undefined and abort removes timer (3.803333ms)
✔ SDK install conflicts never overwrite page functions; same installation is idempotent (0.917ms)
✔ Hello cannot be ready from partial or wrong-version allowlist (7.734042ms)
✔ fixed MAIN to ISOLATED fixture preserves typed args/result, no controller or page authority (2.642541ms)
✔ CMP10/B01 business PageBrigeCode/ok/error fields survive real JSON hop inside data (0.821291ms)
✔ Hello grant subset permits its methods and rejects other calls before native request (0.255375ms)
✔ fixture 100 concurrent original promises once settle; not native B05 evidence (43.951458ms)
✔ relay rejects page claims and raw script without native dispatch (4.960834ms)
✔ native typed authority/transport failure is outer error; business remains inner (1.952291ms)
✔ service dispatcher delegates storage and atomic device context without namespace from page (0.388667ms)
✔ K5 fixed SDK/control and resource closure validates actual production package (380.182125ms)
✔ K5 production Worker exception rejects eval/Function aliases and reflective extra constructors (1947.5365ms)
✔ K5 fixed SDK/control and resource closure validates actual development package (282.806625ms)
✔ K5 development Worker exception rejects eval/Function aliases and reflective extra constructors (1981.278084ms)
✔ K5 fixed SDK files remain subject to privileged dynamic-execution scanner (2144.029708ms)
✔ K5 privileged and opaque CSP mutations cannot broaden execution (1074.914541ms)
✔ K5 every HTML is scanned and Worker cannot become a privileged script entry (4515.324833ms)
✔ K5 required sandbox/Worker/icon/MIT and unknown assets fail closed (2609.788125ms)
✔ K5 remote JS scanner distinguishes data URLs ending json/jsp without accepting scripts (0.879584ms)
✔ K5 additional manifest resources, CSS script consumers and remote maps are rejected (1183.436083ms)
✔ 72 source identities/hashes and all 48 symbols survive the plan correction (19.94175ms)
✔ each current mapped capability has concrete source, semantics, dependency and cases (2.060208ms)
✔ frozen denominator lists supported and restricted contracts separately from exclusions (0.972709ms)
✔ stage0 gate cannot borrow historical design scores and product flags require their own evidence (3.346084ms)
✔ stage0 manifest hashes cover frozen plan, mapping, differences, cases and inherited contracts (23.230917ms)
ℹ tests 243
ℹ suites 0
ℹ pass 243
ℹ fail 0
ℹ cancelled 0
ℹ skipped 0
ℹ todo 0
ℹ duration_ms 17134.493458
