✔ prepare pins a watermark and persists byte hash; external descriptors satisfy frozen schema (46.521875ms)
✔ partial export requires confirmation; request IDs bind immutable intent (14.771958ms)
✔ host registration mismatch and tombstones reject creation/dispatch (8.098417ms)
✔ double dispatch and reconstructed service invoke Chrome at most once (3.743458ms)
✔ ACK-gap after durable dispatch does not replay and becomes mapping_unknown (21.885458ms)
✔ short dispatch ACK does not wait for callback and cannot be resubmitted (11.381916ms)
✔ onCreated/search deduplicates an ID and started is not delivery complete (2.0535ms)
✔ multiple full-identity candidates conflict and never redownload (1.397542ms)
✔ known callback ID is authoritative; another candidate conflicts rather than replacing it (2.684166ms)
✔ wrong URL/extension/time and missing fields never bind by filename (1.784667ms)
✔ clock rollback cannot bind unique-looking mapping evidence (0.85775ms)
✔ onChanged complete must be confirmed by ID search; interrupted keeps Chrome reason (1.647459ms)
✔ 10-minute timeout is unknown; late complete resolves only its original job (5.069583ms)
✔ retry freezes old prepared submission; duplicate retry returns same new job (3.585541ms)
✔ multi-volume aggregate waits for every volume and releases pin only when all are releasable (3.653125ms)
✔ single abandoned volume causes delivery_failed; late evidence cannot revive it (2.559417ms)
✔ explicit job abandon and run tombstone retain late audit without resurrecting projection (12.097667ms)
✔ lost callback can recover via unique full URL; finite mapping search throttles repeated observations (4.689875ms)
✔ URL revoke waits for complete/interrupted/abandon or deadline and respects local reader pins (3.900667ms)
✔ deadline URL release preserves metadata and completion evidence after host resources disappear (4.380958ms)
✔ attach is idempotent; restart pending reconciliation never dispatches (5.416334ms)
✔ top-level broker handlers work without attach and confirm changed state through search (1.297708ms)
✔ callback-only Chrome API persists authoritative ID and handles runtime.lastError as unknown (8.304625ms)
✔ conflict retains its Blob through deadline; pending audits stop after the deadline bound (7.494459ms)
✔ deletion hook requires retirement proof and releases compatible storage reader pins before tombstone (1.485458ms)
✔ shared repository reads through export pin and deletes descriptor/chunk rows only after fence and abandonment (10.048792ms)
✔ tests/foundation/page-port-fixtures.test.mjs (182.035667ms)
✔ frozen fixture full plan validates; recomputed broader selector/caps hash does not grant authority (196.2115ms)
✔ stop after dispatched commit still permits exactly one fixed Chrome invocation; revised identity never replayed (13.455375ms)
✔ post-dispatch epoch/target/grant fences prevent stale Chrome use (8.732791ms)
✔ script or command callback failure records unknown and cannot be blindly retried (60.343709ms)
✔ raw reception is durable but frame ACK requires matching staged rows, then full end signature is stored (27.678291ms)
✔ duplicate frame does not emit again; conflicting digest durably blocks whole page (12.189667ms)
✔ actual sender document defeats payload identity spoof; stop rejects new raw data (6.751167ms)
✔ raw backpressure refuses a second unacked frame; full signature includes changed sixth row (16.028084ms)
✔ fixed raw DOM reader retains long text, explicit empty string and optional missing attr without transforms (7.322792ms)
✖ packaged DOM agent returns short ACK before stream, awaits explicit frame ACK, then emits complete signature (13.169334ms)
✔ page transport sends its first frame before starting the EOF signature hash (5.035291ms)
✔ run-scoped submit/raw/effect journals preserve both runs and stay outside the unique command index (15.789ms)
✔ raw frame and ACK never infer a missing run or accept a command with a rewritten revision (21.965417ms)
✔ negative fixed-agent receipt is unknown and its run-scoped submission cannot replay (5.500167ms)
✔ packaged agent and page port exchange a durable run-bound ACK before saving the complete EOF (30.100292ms)
✔ agent command and ACK namespaces separate equal command IDs and digests across runs (17.535084ms)
✔ single-use real action ticket binds actual source document, no run/records/slot created (4.495916ms)
✔ new operation durably cancels old; old source result audited and rejected, new result goes only to original host (8.017542ms)
✔ cancel/release are durable before cleanup; duplicate release cannot mutate context (10.267792ms)
✔ preview samples at most ten full raw rows using shared plan binding and iterator ACK; no records written (12.173334ms)
✔ placeholder SelectorUI reports MODULE_NOT_INSTALLED, never fabricates selected status (1.585833ms)
✔ production allowlist is empty; unsigned self-reports and unknown keys never become Pro (18.144333ms)
✔ real P256/SHA256 P1363 signature; independent Node crypto oracle and claim hash (39.451541ms)
✔ signed binding rejects tampered tier (0.710041ms)
✔ signed binding rejects tampered issuer (0.5385ms)
✔ signed binding rejects tampered subject (0.530625ms)
✔ signed binding rejects tampered audience (0.821041ms)
✔ signed binding rejects tampered features (27.28075ms)
✔ signed binding rejects tampered issuedAt (3.371875ms)
✔ signed binding rejects tampered expiresAt (1.449333ms)
✔ signed binding rejects tampered keyId (0.64925ms)
✔ signed binding rejects tampered revocationVersion (1.533ms)
✔ signed binding rejects tampered formatVersion (1.707625ms)
✔ signed but unexpected issuer/subject are rejected; signatures from another key fail (2.937834ms)
✔ reject altered signature bytes, padded/noncanonical base64url, DER and wrong hash algorithm (3.365125ms)
✔ no production private JWK and no mutation of injected allowlist after construction (4.038167ms)
✔ future issuedAt, inverted time interval and expiry at the exact boundary reject new Pro (16.387708ms)
✔ impossible calendar dates and missing timestamp zones are rejected even when signed (5.648584ms)
✔ signed metadata cannot establish trusted verification or extend grace (9.358333ms)
✔ offline 72h inclusive boundary, +1ms fallback and no expiry extension (30.320625ms)
✔ offline reload keeps verification age; explicit trusted refresh reopens new Pro (12.187041ms)
✔ wall rollback freezes Pro across reload; monotonic elapsed time expires a frozen wall (75.654375ms)
✔ submillisecond clock observations preserve elapsed monotonic time (19.237041ms)
✔ monotonic rollback freezes Pro; trusted timestamp must not precede durable high water (9.219208ms)
✔ revocation is signed, bound, monotonic and durable; newer signed license may restore Pro (19.688292ms)
✔ cached claims and signed revocation are reverified; a persisted verification label grants nothing (8.386917ms)
✔ free and Pro limits clamp without changing template; signed features gate capabilities (29.6165ms)
✔ free template admission counts distinct IDs, permits revisions, rejects concurrent second template and allows delete/resave (0.584ms)
✔ public admitTemplate accepts SaveTemplateRequest and returns the quota for the storage transaction (2.449709ms)
✔ repository revision history consumes no additional quota and survives head deletion (1.156875ms)
✔ Pro admission at 49/50/51 serializes template count and rejects stale or forged snapshots (10.487083ms)
✔ freshness checked inside template transaction after expiry or offline grace ends (4.460833ms)
✔ approved run remains frozen after expiry/revocation; sealed records, exports and retention are untouched (6.149958ms)
✔ frozen byte oracle preserves Chinese, zero, false, empty and null (17.894083ms)
✔ hostile JSON cannot enter hashes or durable protocol (3.249458ms)
✔ strict wire shapes reject unknown keys and unsafe integers (6.596959ms)
✔ ignoring a control revision never ignores epoch/document identity (0.261125ms)
✔ stop commit before dispatch forbids any new external call (66.582917ms)
✔ dispatch commit grants exactly one call even if stop subsequently commits (5.902ms)
✔ a worker restart freezes a dispatched gap, holds slot and never repeats start (4.968625ms)
✔ actual sender, optional grant and immutable command ID are enforced (3.889791ms)
✔ stop repeats historical ACK; fencing cannot free the target slot by itself (3.697334ms)
✔ schema uses exactly frozen ten stores, explicit-key paths and sparse tagged indexes (18.863208ms)
✔ no native IDB in Node is reported as unavailable; storage entry exports factory (0.488333ms)
✔ immutable template save CAS, exact duplicate, hash lookup and name-only CAS (35.186167ms)
✔ template admission hook uses same transaction and cannot overwrite immutable revision (6.752083ms)
✔ beginPage permits preparing run, reserves exact command key and idempotently reACKs (10.423625ms)
✔ stage rejects undispatched reservation and atomically aborts open snapshot (8.507417ms)
✔ three batches: first two durable ACKs, third exact-byte failure hides whole page (185.4475ms)
✔ exact staged duplicate does not add bytes; conflicting valid digest aborts page (29.865083ms)
✔ host/epoch/target mismatch is rejected without aborting rightful open page (8.969958ms)
✔ admission cannot bypass transaction reread of cancellation (5.644875ms)
✔ stage may acknowledge authenticated raw frames before end; seal requires complete end (23.252791ms)
✔ seal recomputes all six rows; prefix-only signature fails (13.263042ms)
✔ batch gap, record key/field mismatch, and raw-end evidence mismatch reject (26.672708ms)
✔ stop wins before seal; seal wins before stop and preserves historic original ACK (73.985708ms)
✔ run revision and authenticated host registration cannot be bypassed (23.364792ms)
✔ reader pins freeze watermark/count, paginate long typed values, and reject other cursors (36.49425ms)
✔ zero-batch empty page requires authenticated allowed-empty proof (19.335333ms)
✔ repeated full page signature without end is rejected and left invisible (166.4195ms)
✔ whole-page run limits, two pending ACKs, profile budget and injected disk quota (250.637125ms)
✔ delete refuses active owner/read pin/open job/unknown attempt and tombstones retired data (31.4675ms)
✔ retention defaults seven days, preserves active runs and raw migration duplicates (8.046917ms)
✖ shared authority-issued SDK context interoperates with atomic storage raw receipt and device CAS (1.069291ms)
✔ creation dispatch commits before one exact bootstrap create; retries do not create again (73.11025ms)
✔ creation callback gap freezes slot, never infers never-created or blindly retries (28.473375ms)
✔ bootstrap registers real tab/document before at-most-one navigation dispatch; content spoof rejected (30.008709ms)
✔ stop before bootstrap navigation prevents location authorization (2.0885ms)
✔ formal target binds only real same-origin new document after navigation (6.663833ms)
✔ formal run cannot borrow activeTab instead of optional grant (3.771ms)
✔ retirement remove + separate not-found evidence releases only matching slot once; old replay cannot clear new run (3.309ms)
✔ cross-session numeric tab id is never queried or removed and slot remains frozen (2.150583ms)
✔ generic tabs.get failure cannot prove absence (2.634041ms)
✔ prepared/submissionCount=0 proves never-created; missing intent never releases (13.622ms)
✔ bootstrap agent requests registration and navigation before exactly one assign (0.400375ms)
✔ Chrome JSON hop retains undefined, falsy values, nested presence and business PageBrigeCode (2.740833ms)
✔ outcome protocol separates actual errors from all user business objects (0.46275ms)
✔ encoder rejects unsupported values, cycles and getters without evaluating a getter (4.380208ms)
✔ decoder rejects forged tags, duplicate fields and byte limits; prototype names remain inert data (0.237292ms)
✔ typed canonical input is stable across key order and distinguishes missing from undefined (0.112792ms)
✔ Base64 string API preserves UTF-8 and rejects malformed Base64 and UTF-8 (1.066541ms)
✔ REGRESSION-R3-host-gone: document loss persists retirement without requiring the old host (7.325917ms)
✔ REGRESSION-R4-control-states: late stop preserves an existing retirement (0.784625ms)
✔ REGRESSION-R4-control-states: session recovery preserves a durable retirement (1.1745ms)
✔ REGRESSION-R5-terminal-fence-gap: every committed terminal has a durable retirement (1.683125ms)
✔ REGRESSION-R6-false-completion: caller naturalEnd cannot complete an unbound run (0.529458ms)
✔ REGRESSION-R8-journal-key-collision: a caller command ID cannot replace host metadata (144.749334ms)
✔ R1: cyclic and malformed local schema references produce bounded typed rejection (2.063667ms)
✔ R1: long acyclic reference chains have a schema traversal depth budget (0.601041ms)
✔ R1: the inherited RulePlan resolves its nested local JSON pointer (6.641625ms)
✔ R2: closed shapes reject names inherited by the schema properties object (4.926125ms)
✔ R7: durable timestamps require an actual calendar date and explicit timezone (0.598834ms)
✔ SDK Hello needs native document/grant and never claims a controller slot (10.349875ms)
✔ SDK grant and request payload cannot carry page authority/namespace/bare args (1.029083ms)
✔ SDK sender/document/lifecycle fences reject before any storage effect (0.889625ms)
✔ 100 same-ID concurrent persistent calls commit one effect and one result (117.643583ms)
✔ same ID with changed args or deadline conflicts and does not overwrite effect (12.362833ms)
✔ native session adapter preserves own undefined/false/0 across Chrome JSON storage (18.58625ms)
✔ durable session duplicate after authority restart does not resubmit native set (2.555834ms)
✔ native session failure records unknown dispatch and will not retry same write (1.509625ms)
✔ SW recovery fences dispatched write gap and retains original identity/deadline (1.598625ms)
✔ durable duplicate cannot extend original 15s service deadline (1.807ms)
✔ native permission remove then regrant cannot revive old request/grant (28.615ms)
✔ observed navigation invalidates current page Hello and pending admission (0.965791ms)
✔ notification permission removal with empty origins revokes the affected grant (0.599083ms)
✔ notification native receipt and durable undefined survive delivery revocation (1.375708ms)
✔ successful HTTP business envelope remains data and stores native result before delivery (36.396167ms)
✔ SDK backend timer clamps to earlier caller deadline even for hung native callback (4.680125ms)
✔ CMP11-API01/02/03/04: bound constructors, immutable pins and independent owners (7.34075ms)
✔ CMP10-API05/06 and CMP01-API36: raw callbacks and raw execute never dispatch (0.1565ms)
✔ CMP10-API35: typed values and statement ignored args before registration (2.047333ms)
✔ CMP03-API34 and CORE-EVALUATE-EXPRESSION: explicit modes and no extra parameters (0.282292ms)
✔ CMP02-API12/13-LIMIT: Worker DOM snapshots reject; serialized alternatives preserve null/[] (0.283208ms)
✔ NAV01 + ChromeElement: only attested navigation advances root; old element/keyboard sequence stay bound (1.553125ms)
✔ CTRL owner fencing: stop/deadline/host-close settle pending once; stale request never rebinds new ctx (3.327375ms)
✔ Private Worker port: global fake peer, wrong owner, wrong correlation and reply replay cannot settle (142.620209ms)
✔ Host relay rejects cross-owner/old revision/old target before the shared transport (0.406417ms)
✔ CMP10-API35: generated function harness awaits and preserves falsy/undefined/business values (7.6005ms)
✔ CMP10-API35-ERR/LIMIT: generated user failures are typed; no lexical closure/native result fallback (5.533916ms)
✔ CMP03-API34 and CORE-EVALUATE-EXPRESSION: correct worlds, async statement, exact values and syntax error (4.647625ms)
✔ CMP03-API26: pending predicates time out and canceled waits clear the real timer/map (132.022666ms)
✔ SVC cookie reads use exact URL; no public-suffix or neighboring-domain expansion (2.022917ms)
✔ SVC cookie batch preserves explicit expiry/default session and Host-prefix rules (12.836834ms)
✔ SVC cookie removal awaits all callbacks and checks each permission (16.371959ms)
✔ SVC Chrome lastError and missing cookie callbacks are typed failures (6.744917ms)
✔ SVC fixed injection requires exact doc and correct resource/world before Chrome call (0.308791ms)
✔ SVC notification click has no page URL, clears once, close/late events do not resettle (0.371583ms)
✔ CMP13 real loopback four HTTP methods, body and serializable projection (80.083666ms)
✔ CMP13 real response false retained (7.077875ms)
✔ CMP13 real response zero retained (7.647417ms)
✔ CMP13 real response null retained (3.760542ms)
✔ HTTP vs network vs bad JSON/UTF8 typed errors and restricted error response (31.7605ms)
✔ denied URL and config have zero real HTTP; native grant rechecked post response (1.749916ms)
✔ private native receipt hook persists HTTP fact before post revocation, not normalized checkServer result (16.5565ms)
✔ manual redirect never follows unauthorized destination (4.239084ms)
✔ actual abort during stalled body/HTTP, size budget and caller cancellation (91.876791ms)
✔ backend 15s budget independent from client timeout and earlier native deadline (4.214875ms)
✖ stalled pre/post native permission validation still obeys driver deadline without replay (59.906667ms)
✔ server checks real observable success/failure and never reports opaque available (23.9405ms)
✔ external IP info disabled default and never calls original external endpoint in tests (0.449042ms)
✔ notification true callback wait, lastError refusal and pre/post authorization (3.97025ms)
✔ service HTTP result preserves business object inside response.data rather than outer authority (1.357416ms)
✔ RESOURCE fixed SDK allowlist has exactly two files; source entry consumes migrated modules (5.663208ms)
✔ RESOURCE project MIT notice is byte-identical to frozen original; no copied vendor resource (2.692625ms)
✔ CMP15 callback preserves false (20.964792ms)
✔ CMP15 callback preserves 0 (4.301833ms)
✔ CMP15 callback preserves undefined (0.750334ms)
✔ CMP15 callback preserves null (1.626417ms)
✔ CMP15 callback preserves  (0.630917ms)
✔ CMP15 callback preserves 0 (0.40675ms)
✔ CMP15 callback preserves  (0.768584ms)
✔ CMP15 callback preserves [object Object] (0.833959ms)
✔ CMP15 inner business error business denied remains original rejection (1.240791ms)
✔ CMP15 inner business error [object Object] remains original rejection (0.761625ms)
✔ CMP15 inner business error null remains original rejection (0.66375ms)
✔ CMP15 inner business error undefined remains original rejection (0.575583ms)
✔ CMP15 inner business error false remains original rejection (3.044333ms)
✔ CMP15 inner business error 0 remains original rejection (0.983833ms)
✔ CMP15 malformed Base64 / UTF8 / JSON settle once with typed stage and no pending (1.753167ms)
✔ CMP15 unicode legacy Base64 callback and ACK never settle early (0.442833ms)
✔ CMP15 old ChromeBridgeEvents facade is observable but cannot lose private pending settlement (0.403875ms)
✔ B03 client deadline and document dispose clean original pending once (10.936584ms)
✔ CMP07 AppStorage String semantics and AppLocal typed presence cross codec (0.621083ms)
✔ CMP13 four HTTP facades preserve call shape (0.139959ms)
✔ schema/config/business refusal dispatches nothing (0.379833ms)
✔ CMP14 notifications preserve desc rules with typed null/body errors (0.107833ms)
✔ CMP14 server results use latency order, input ties and all-failed null (0.160875ms)
✔ CMP08 strict compact JSON never runs code; wrapAsync is only source transformation (0.100875ms)
✔ CMP08 DeviceType, UA priority, unsupported native/fingerprint, delegated ID (0.4275ms)
✔ CMP08 UtilInfo stays idle until explicit call and keeps original URL (0.063042ms)
✔ events retain old strings and route lifecycle solely to injected RunHost (0.076ms)
✔ sleep resolves undefined and abort removes timer (1.976917ms)
✔ SDK install conflicts never overwrite page functions; same installation is idempotent (0.832625ms)
✔ Hello cannot be ready from partial or wrong-version allowlist (6.472917ms)
✔ fixed MAIN to ISOLATED fixture preserves typed args/result, no controller or page authority (1.27575ms)
✔ CMP10/B01 business PageBrigeCode/ok/error fields survive real JSON hop inside data (0.41725ms)
✔ Hello grant subset permits its methods and rejects other calls before native request (0.118542ms)
✔ fixture 100 concurrent original promises once settle; not native B05 evidence (7.558542ms)
✔ relay rejects page claims and raw script without native dispatch (2.443042ms)
✔ native typed authority/transport failure is outer error; business remains inner (0.642875ms)
✔ service dispatcher delegates storage and atomic device context without namespace from page (0.463625ms)
ℹ tests 228
ℹ suites 0
ℹ pass 225
ℹ fail 3
ℹ cancelled 0
ℹ skipped 0
ℹ todo 0
ℹ duration_ms 30580.499875

✖ failing tests:

test at tests/foundation/page-port-service.test.mjs:127:1
✖ packaged DOM agent returns short ACK before stream, awaits explicit frame ACK, then emits complete signature (13.169334ms)
  AssertionError [ERR_ASSERTION]: The expression evaluated to a falsy value:
  
    assert.ok(frame)
  
      at TestContext.<anonymous> (file:///Users/shopme/Documents/workspace/opendesk-browser/tests/foundation/page-port-service.test.mjs:138:77)
      at async Test.run (node:internal/test_runner/test:1389:7)
      at async Test.processPendingSubtests (node:internal/test_runner/test:960:7) {
    generatedMessage: true,
    code: 'ERR_ASSERTION',
    actual: undefined,
    expected: true,
    operator: '==',
    diff: 'simple'
  }

test at tests/foundation/storage.test.mjs:284:1
✖ shared authority-issued SDK context interoperates with atomic storage raw receipt and device CAS (1.069291ms)
  Error [FoundationError]: Unknown or missing argument
      at fail (file:///Users/shopme/Documents/workspace/opendesk-browser/src/framework/sdk/registry.js:12:17)
      at fields (file:///Users/shopme/Documents/workspace/opendesk-browser/src/framework/sdk/registry.js:24:11)
      at Object.grantSdk (file:///Users/shopme/Documents/workspace/opendesk-browser/src/platform/host/sdk-methods.js:50:5)
      at async TestContext.<anonymous> (file:///Users/shopme/Documents/workspace/opendesk-browser/tests/foundation/storage.test.mjs:290:3)
      at async Test.run (node:internal/test_runner/test:1389:7)
      at async Test.processPendingSubtests (node:internal/test_runner/test:960:7) {
    code: 'E_SCHEMA'
  }

test at tests/framework/k4-network.test.mjs:93:1
✖ stalled pre/post native permission validation still obeys driver deadline without replay (59.906667ms)
  AssertionError [ERR_ASSERTION]: Expected values to be strictly equal:
  
  0 !== 1
  
      at TestContext.<anonymous> (file:///Users/shopme/Documents/workspace/opendesk-browser/tests/framework/k4-network.test.mjs:98:12)
      at process.processTicksAndRejections (node:internal/process/task_queues:104:5)
      at async Test.run (node:internal/test_runner/test:1389:7)
      at async Test.processPendingSubtests (node:internal/test_runner/test:960:7) {
    generatedMessage: true,
    code: 'ERR_ASSERTION',
    actual: 0,
    expected: 1,
    operator: 'strictEqual',
    diff: 'simple'
  }
