
> opendesk-browser@0.1.0 test
> node --test tests/environment/*.test.mjs

✔ concurrent window requests create once; new worker discovers existing window (13.211334ms)
✔ tool sender rejects foreign id, URL, frame, inactive document and missing document (0.214ms)
✔ URL policy rejects restricted/file/credentials and preserves exact origin including port (0.265208ms)
✔ health waits for sender readiness and binds Chrome document metadata, not file result (5.382834ms)
✔ revoked permission blocks even previously installed agent (2.295042ms)
✔ reload, cross-origin and closed tab reject bound target without automatic reinjection (4.516875ms)
✔ forged health nonce and fake sender cannot satisfy exact target (1.65975ms)
✔ missing module has no capabilities or runner and can be mounted/disposed (0.234708ms)
✔ focus failure while original exists must not create another tool window (0.130042ms)
✔ window API query failure is not evidence that the existing window disappeared (0.139375ms)
✔ unknown authorization mode is rejected before another injection (1.716041ms)
✔ permission revoke reports permission failure even when Chrome hides tab URL (1.529917ms)
✔ permission revoked during tabs.get is diagnosed before inspecting its hidden URL (1.493333ms)
✔ repeated agent ready preserves optional authorization and cannot bypass revoke (1.427459ms)
✔ same-document concurrent binding resolves all readiness waiters (1.466208ms)
✔ document invalidation and revoke while awaiting reply reject late health success (0.401542ms)
{"kind":"historical-package-mutation","expectedPattern":"Dynamic execution reference","actualError":"Dynamic execution reference in agents/health.js: eval"}
{"kind":"historical-package-mutation","expectedPattern":"Dynamic execution reference","actualError":"Dynamic execution reference in agents/health.js: Function"}
✔ final classic scanner rejects eval alias and function-constructor references (231.568ms)
{"kind":"historical-package-mutation","expectedPattern":"ENOENT|Missing","actualError":"Missing required resource: ui/tool-shell.css"}
✔ final package cannot omit a referenced local asset (85.951125ms)
{"kind":"historical-package-mutation","expectedPattern":"Unsafe HTML","actualError":"Unsafe HTML resources in ui/tool.html"}
{"kind":"historical-package-mutation","expectedPattern":"Unexpected JS","actualError":"Unexpected JS/chunks: agents/bootstrap.js,agents/health.js,agents/page-agent.js,agents/page-relay.js,agents/selection-entry.js,chunk.js,framework/sdk-main.js,scripting/sandbox/sandbox.js,scripting/sandbox/worker-runtime.js,sw.js,ui/tool-shell.js"}
✔ remote script and unexpected lazy chunk fail final package verification (239.500709ms)
{"kind":"historical-package-mutation","expectedPattern":"Missing|required|ENOENT","actualError":"Missing required resource: ui/tool.html"}
{"kind":"historical-package-mutation","expectedPattern":"worker|entry|Missing","actualError":"Unexpected or missing worker entry"}
✔ final package requires tool HTML/CSS and manifest worker references (166.499667ms)
ℹ tests 20
ℹ suites 0
ℹ pass 20
ℹ fail 0
ℹ cancelled 0
ℹ skipped 0
ℹ todo 0
ℹ duration_ms 839.395208
