✖ packaged DOM agent returns short ACK before stream, awaits explicit frame ACK, then emits complete signature (69.085375ms)
✔ shared authority-issued SDK context interoperates with atomic storage raw receipt and device CAS (96.309917ms)
✔ stalled pre/post native permission validation still obeys driver deadline without replay (49.848917ms)
ℹ tests 3
ℹ suites 0
ℹ pass 2
ℹ fail 1
ℹ cancelled 0
ℹ skipped 0
ℹ todo 0
ℹ duration_ms 30225.045834

✖ failing tests:

test at tests/foundation/page-port-service.test.mjs:127:1
✖ packaged DOM agent returns short ACK before stream, awaits explicit frame ACK, then emits complete signature (69.085375ms)
  AssertionError [ERR_ASSERTION]: The expression evaluated to a falsy value:
  
    assert.ok(frame)
  
      at TestContext.<anonymous> (file:///Users/shopme/Documents/workspace/opendesk-browser/tests/foundation/page-port-service.test.mjs:138:77)
      at async Test.run (node:internal/test_runner/test:1389:7)
      at async startSubtestAfterBootstrap (node:internal/test_runner/harness:387:3) {
    generatedMessage: true,
    code: 'ERR_ASSERTION',
    actual: undefined,
    expected: true,
    operator: '==',
    diff: 'simple'
  }
