✔ approved permission with stale Chrome API binding reports reload without interrupting hosts (1.054208ms)
✔ startup permission check cannot reconnect after permission-removed (2.373375ms)
✔ startup permission check cannot reconnect after dispose (1.516667ms)
✔ reserved mutation never dispatches across disable (8.054458ms)
✔ reserved mutation never dispatches across permission-removed (6.232042ms)
✔ reserved mutation never dispatches across disconnect-reconnect (6.092333ms)
✔ reserved mutation never dispatches across disable-enable (6.098ms)
✔ reserved mutation never dispatches across dispose (6.568375ms)
✔ Native permission is rechecked immediately before dispatch (6.331958ms)
✔ a late disconnect from an old Native port cannot cancel a new connection request (12.19825ms)
✔ a pending enable permission check cannot overwrite disable (1.821334ms)
✔ a pending enable permission check cannot overwrite permission-removed (0.239667ms)
✔ a pending enable storage write cannot persist over a newer disable (1.420208ms)
✔ an old Host ACK cannot match a new connection read with the same external requestId (17.57875ms)
✔ enabled Native handshake sends version and correct extension identity (1.499042ms)
✔ default-off requires a packaged Settings sender and real granted Native permission (0.2215ms)
✔ request hash journal deduplicates after real Host admission; conflicting bytes fail (10.188791ms)
✔ dispatched but unanswered calls are never retried, even if same id reappears (12.385334ms)
✔ no live registered Host means no run reservation or Worker execution (1.52ms)
✔ run.get and run.stop cannot inspect arbitrary Sidebar-owned Run records (1.401167ms)
✔ ACK journal write failure after Host action remains OUTCOME_UNKNOWN and never replays (17.54225ms)
✔ run.get and run.stop remain pinned to the original authenticated Host registration (23.204875ms)
✔ trusted tool host installs only by explicit click, scopes messages and removes storage (5.904458ms)
✔ queued task navigation loses authority when its tool is closed (0.98375ms)
✔ uninstall waits for a committed write before deleting the namespace (0.913125ms)
✔ two Side Panels preserve distinct fields through the same storage lock (0.813291ms)
✔ a second iframe load revokes the old document instead of resending its token (0.368417ms)
✔ cross-window uninstall rejects storage from a still open stale document (0.342916ms)
✔ cross-window revocation also blocks stale page reads and task navigation (0.393791ms)
✔ Chrome storage property ordering does not revoke the same installed package (7.30075ms)
ℹ tests 30
ℹ suites 0
ℹ pass 30
ℹ fail 0
ℹ cancelled 0
ℹ skipped 0
ℹ todo 0
ℹ duration_ms 190.876542
