✔ trusted tool host installs only by explicit click, scopes messages and removes storage (6.720792ms)
✔ queued task navigation loses authority when its tool is closed (1.197ms)
✔ uninstall waits for a committed write before deleting the namespace (0.9775ms)
✔ two Side Panels preserve distinct fields through the same storage lock (0.866125ms)
✔ a second iframe load revokes the old document instead of resending its token (0.507292ms)
✔ cross-window uninstall rejects storage from a still open stale document (0.423583ms)
✔ cross-window revocation also blocks stale page reads and task navigation (0.493583ms)
✔ Chrome storage property ordering does not revoke the same installed package (7.209541ms)
✔ tool contract is independent of Task v1 and is closed by default (1.663208ms)
✔ tool packer rejects traversal, symlink escape, oversized assets and duplicate assets (8.43575ms)
✔ native tool directory packs JS/CSS/HTML and a local image into a portable JSON (2.962292ms)
✔ new sandbox uses isolated Chrome MV3 resource and a narrow host message protocol (0.690667ms)
ℹ tests 12
ℹ suites 0
ℹ pass 12
ℹ fail 0
ℹ cancelled 0
ℹ skipped 0
ℹ todo 0
ℹ duration_ms 61.667083
