✔ one ordinary HTML page exposes unique, stable automation targets (4.670459ms)
✔ the unchanged signed v1 task still targets #name → #submit → #done (2.359959ms)
✔ modern search retains an initially filled field and deliberately replaces its submit button (1.10125ms)
✔ async scene sends only local fetches and distinguishes loading, 404, abort and timeout (0.989667ms)
✔ explicit HTTP GET controls expose safe semantics and preserve offline-first operation (0.9875ms)
✔ HTTP panel sends no request until click and shows real status/content without HTML injection (23.79725ms)
✔ HTTP panel preserves actual 404 and abort/reset cannot resurrect late replies (5.343791ms)
✔ inline JavaScript parses without a third-party runtime or external resources (1.306875ms)
✔ manual browser testing has exactly one canonical HTML and no obsolete advertised URL (1.781167ms)
✔ Sidebar captured URL rejects SPA change and pending navigation before creating a run (15.116667ms)
✔ Sidebar URL changing during revision pinning fails durably and releases the slot without executing (4.949083ms)
✔ persistent history presents the latest task by creation time rather than storage key order (30.752417ms)
✔ cookie input rejection settles zero-dispatch failure once and permits the next admitted call (107.765584ms)
✔ corrupted cookie preflight checkpoints stay unknown and never become replayable replies (43.6785ms)
✔ cookie preflight still fences delivery when permission is lost after its checkpoint (3.975583ms)
✔ cookie input rejection still fences delivery after the selected document changes (3.472ms)
✔ cookie native callback errors or missing success receipts retain effect-unknown fencing (11.297208ms)
✔ observed packaged failures replay once and allow the next admitted call (12.688667ms)
✔ unvalidated packaged wrong request stays unknown and cannot resubmit (5.386708ms)
✔ unvalidated packaged wrong run stays unknown and cannot resubmit (5.544042ms)
✔ unvalidated packaged wrong owner stays unknown and cannot resubmit (4.696958ms)
✔ unvalidated packaged malformed error stays unknown and cannot resubmit (5.523375ms)
✔ unvalidated packaged missing final reply stays unknown and cannot resubmit (4.371541ms)
✔ unvalidated packaged replaced document stays unknown and cannot resubmit (4.816584ms)
✔ packaged final failure still fences delivery after its receipt when permission is lost (4.660917ms)
✔ observed final page failures replay once, preserve cause and allow the next admitted call (29.082833ms)
✔ unvalidated wrong document failure stays unknown and cannot resubmit (5.409667ms)
✔ unvalidated missing final error failure stays unknown and cannot resubmit (4.276166ms)
✔ unvalidated malformed final code failure stays unknown and cannot resubmit (5.047708ms)
✔ observed final failure still fences delivery when permission is lost after its validated receipt (7.630167ms)
✔ typed depth 4: params, operation args and immutable result survive wider JSON envelopes (12.273125ms)
✔ typed depth 5: params, operation args and immutable result survive wider JSON envelopes (11.633125ms)
✔ typed depth 6: params, operation args and immutable result survive wider JSON envelopes (12.40775ms)
✔ typed depth 7: params, operation args and immutable result survive wider JSON envelopes (11.964416ms)
✔ typed depth 8: params, operation args and immutable result survive wider JSON envelopes (12.851083ms)
✔ typed depth 9: params, operation args and immutable result survive wider JSON envelopes (14.097959ms)
✔ typed depth 10: params, operation args and immutable result survive wider JSON envelopes (13.371916ms)
✔ typed depth 11: params, operation args and immutable result survive wider JSON envelopes (13.730125ms)
✔ typed depth 12: params, operation args and immutable result survive wider JSON envelopes (15.300291ms)
✔ JSON envelope depth 48 never widens the typed depth-12 admission/result/args budgets (2.501083ms)
✔ controller script deletion is CAS tombstone only; GC waits for terminal, Worker and target retirement (11.589041ms)
✔ deleted or hash-invalid scripts abort controller admission without run, slot or pin (1.843958ms)
✔ each controller lease pin binding is required; forged retired lease cannot authorize GC (4.704042ms)
✔ recovery upgrades old terminal lease bindings without reviving its result, Worker or slot (4.96075ms)
✔ public authority commits exact UTF8/headCAS and pins r1 while head advances to r2 without templates (2.07725ms)
✔ controller script list is a host-authorized head projection filtered by namespace and tombstone (0.613958ms)
✔ borrowed child frame is observed exactly; sibling commits do not fence it; top replacement does (12.646208ms)
✔ worker retirement gates durable result then borrowed release, without closing borrowed tab (4.497375ms)
✔ owned retirement closes only exact created tab after durable terminal commit (2.929583ms)
✔ new registered host reads old namespace result without acquiring its owner or replaying (2.634917ms)
✔ permission removal matches exact origin patterns and remains fenced after regrant (1.661083ms)
✔ user-script lookup failure without native effect fails terminal and retires controller (5.141917ms)
✔ native rejection after submission without receipt stays unknown and cannot replay (2.877875ms)
✔ native receipt survives post-dispatch permission loss; request is never resubmitted (4.512042ms)
✔ public recovery pauses controller, holds slot and never replays committed source (3.265417ms)
✔ host port loss pauses while live context remains, but recovered missing host tab retires once (4.042417ms)
✔ public hostGone interruption retires borrowed target and exact pin once (2.038875ms)
✔ hostGone after completed result preserves the immutable result and finishes pending retirement (2.177417ms)
✔ SDK short persistent service completes while controller owns the same unique slot (4.034667ms)
✔ template-disabled host registers once; forced harnessWorker termination precedes durable result and slot release (29.029625ms)
✔ controller services share run authority and storage adapter without SDK admission or extra slot (6.834541ms)
✔ controller HTTP uses the admitted target origin and repeats only a saved response (18.804416ms)
✔ saved controller result is retained but is not delivered after target permission revocation (4.49175ms)
✔ observed HTTP error is durable and never sent twice (2.6445ms)
✔ controller initialization failure plus lost finish response still retires its admitted slot (2.386417ms)
✔ repeating finish after permission revocation cannot bypass result delivery authorization (1.835041ms)
✔ Current Page active switch before admission rejects same URL B without creating run (0.679333ms)
✔ same-URL navigation beginning during admission invalidates the old document before commit (1.373292ms)
✔ Current Page activation during pin fails original run durably and releases slot (1.150833ms)
✔ Current Page activation after last native observation is fenced; admitted target can later be inactive (2.531041ms)
✔ native target changes after final candidate query reject admission and release durable slot and pin (4.801292ms)
✔ draft source is bound to one durable run, not saved as a script head, and erased only after retirement (2.385417ms)
✔ controller never trusts draft callers to assert their own saved hash or unrecognized source format (0.342583ms)
✔ existing ChromePage evaluate changes only its exact document through USER_SCRIPT after active-tab changes (6.380833ms)
✔ real packaged errors have an exact correlated final receipt and permit the next call (10.079375ms)
✔ CMP09-API21-ERR: real missing and invalid selectors retain their distinct final errors (2.952583ms)
✔ derived packaged upload failure does not certify the enclosing browser effect (15.442958ms)
✔ dispatch allowlists reject malformed kind/method before any authority or native call (0.563208ms)
✔ packaged exact document injection, correlation and undefined use real registry; no reinjection/global mutation (14.843ms)
✔ page session accepts trusted extension sender only, rejects spoof/changed replay and settles each execution once (11.427209ms)
✔ each dispatch is preceded by authority; revocation during suspension produces zero subsequent dispatches (2.883625ms)
✔ real current getScripts at dispatch and accept; false/undefined/business values strictly encoded with generator worlds (34.955375ms)
✔ switch observed unavailable is sticky across driver instances and results are retained before failing post permission (4.684708ms)
✔ user-script receipt must attest exact document/frame; malformed and user errors propagate (6.280375ms)
✔ navigation uses admitted pending phase, waits independently of old agent and preserves complete handoff binding (4.422375ms)
✔ navigation ignores another tab and wrong readiness document; timeout cleans every subscription (82.002875ms)
✔ navigation rejects unsupported options before dispatch and unauthorized redirect without handing off (0.9355ms)
✔ screenshot rejects fullPage/invisible exact tab and detects active-tab ABA during capture (1.043125ms)
✔ screenshot exact window success and raw receipt survive post-revocation (0.822083ms)
✔ cookie service uses observed store, correct projection/dedup, expires=0 and exact name/path deletion (3.810542ms)
✔ cookie batch preflight denies unauthorized URL and malformed/domain/partition input with no cookie write/read (2.607042ms)
✔ cookie remove native lastError is typed; ambiguous domain or partition observations never remove (1.780292ms)
✔ upload URL omits credentials, manually authorizes redirect and commits real chunks/file bytes (1.75825ms)
✔ upload denies cross-origin/downgrade/too many redirects/oversize/HTTP errors before DOM commit (5.386083ms)
✔ stop cancels real packaged waits/staging, late reply cannot deliver; fresh driver cleans original identity epoch (13.793833ms)
✔ result receipt survives forced stop; new-instance retirement removes borrowed registry resources without closing tab (1.918208ms)
✔ fixed packaged resources allow only current SDK entry; unlisted extension or remote code never creates nodes (1.335292ms)
✔ user wait cancellation uses only framework harness; deadline and pending authority failure fence late callbacks (38.472583ms)
✔ pagehide disposes listener, real wait and upload state; unknown operations create no session (7.749916ms)
✔ borrowed child frame keeps exact frame/document for registry, evaluation and fresh-instance cancellation (3.483417ms)
✔ borrowed child navigation/capture reject explicitly with zero native effects; wrong-frame result and replaced child are fenced (2.126167ms)
✔ actual worker entry exposes the admitted constructor and readonly revision without private lifecycle (119.998ms)
✔ worker constructor option rejection dispatches nothing and existing page stays usable (37.746708ms)
✔ actual Worker type errors retain the original codes and never reach its transferred port (35.721792ms)
✔ constructed worker pages keep independent admitted owners and a trusted navigation handoff (108.040666ms)
✔ duplicate execute cannot recreate a constructor owner or settle the script twice (34.60125ms)
✔ public constructor retains the disposed private context fence (1.014291ms)
✔ modern Locator construction is immutable, scoped, and does not issue RPC (10.176375ms)
✔ shared role, accessible name, observation and verified locator (5.216042ms)
✔ admitted driver stages replace existing value, re-resolve repaint, click once and return observed result (72.50725ms)
✔ duplicate semantic match fails strictly; no click effects (9.593875ms)
✔ authority revoked after read-only prepare stops before single commit (2.263917ms)
✔ precise document replacement fences existing Locator (0.498125ms)
✔ native input labels, explicit roles, aria-label and aria-labelledby share semantic rules (10.558375ms)
✔ disabled click never commits and does not submit during timeout (100.984917ms)
✔ lost commit callback retains one page effect and an uncertainty receipt; never replays click (101.267958ms)
✔ semantic exact text is case-sensitive; partial text normalizes spaces (0.245417ms)
✔ locator timeout covers stalled prepare RPC, leaves run usable and commits nothing (81.51ms)
✔ observation verifies a scoped locator with duplicate names and never exposes form values (2.107917ms)
✔ observation limits traversal even when most elements have no semantic role (8.532833ms)
✔ ARIA readonly, disabled, pointer-events and animation prevent a commit (323.8035ms)
✔ subpixel movement across frame checks prevents a locator commit (81.752291ms)
✔ completed read-only requests re-evaluate DOM; duplicate native commit has one effect (9.206125ms)
ℹ tests 123
ℹ suites 0
ℹ pass 123
ℹ fail 0
ℹ cancelled 0
ℹ skipped 0
ℹ todo 0
ℹ duration_ms 892.166416
