✔ concurrent window requests create once; new worker discovers existing window (13.228667ms)
✔ tool sender rejects foreign id, URL, frame, inactive document and missing document (0.449042ms)
✔ URL policy rejects restricted/file/credentials and preserves exact origin including port (0.805375ms)
✔ health waits for sender readiness and binds Chrome document metadata, not file result (3.409834ms)
✔ revoked permission blocks even previously installed agent (1.068417ms)
✔ reload, cross-origin and closed tab reject bound target without automatic reinjection (6.07025ms)
✔ forged health nonce and fake sender cannot satisfy exact target (2.018042ms)
✔ missing module has no capabilities or runner and can be mounted/disposed (0.220208ms)
✔ focus failure while original exists must not create another tool window (0.135375ms)
✔ window API query failure is not evidence that the existing window disappeared (0.170333ms)
✔ unknown authorization mode is rejected before another injection (2.236125ms)
✔ permission revoke reports permission failure even when Chrome hides tab URL (1.986625ms)
✔ permission revoked during tabs.get is diagnosed before inspecting its hidden URL (2.533917ms)
✔ repeated agent ready preserves optional authorization and cannot bypass revoke (1.042291ms)
✔ same-document concurrent binding resolves all readiness waiters (1.114459ms)
✔ document invalidation and revoke while awaiting reply reject late health success (0.415208ms)
✖ final classic scanner rejects eval alias and function-constructor references (5.269875ms)
✖ final package cannot omit a referenced local asset (3.106833ms)
✖ remote script and unexpected lazy chunk fail final package verification (2.690416ms)
✖ final package requires tool HTML/CSS and manifest worker references (2.278ms)
✔ prepare pins a watermark and persists byte hash; external descriptors satisfy frozen schema (16.981959ms)
✔ partial export requires confirmation; request IDs bind immutable intent (2.200667ms)
✔ host registration mismatch and tombstones reject creation/dispatch (3.332458ms)
✔ double dispatch and reconstructed service invoke Chrome at most once (3.689708ms)
✔ ACK-gap after durable dispatch does not replay and becomes mapping_unknown (3.486709ms)
✔ short dispatch ACK does not wait for callback and cannot be resubmitted (1.408333ms)
✔ onCreated/search deduplicates an ID and started is not delivery complete (2.379792ms)
✔ multiple full-identity candidates conflict and never redownload (1.566584ms)
✔ known callback ID is authoritative; another candidate conflicts rather than replacing it (2.75225ms)
✔ wrong URL/extension/time and missing fields never bind by filename (1.84925ms)
✔ clock rollback cannot bind unique-looking mapping evidence (0.977417ms)
✔ onChanged complete must be confirmed by ID search; interrupted keeps Chrome reason (13.618167ms)
✔ 10-minute timeout is unknown; late complete resolves only its original job (4.8715ms)
✔ retry freezes old prepared submission; duplicate retry returns same new job (4.212125ms)
✔ multi-volume aggregate waits for every volume and releases pin only when all are releasable (3.282292ms)
✔ single abandoned volume causes delivery_failed; late evidence cannot revive it (6.538208ms)
✔ explicit job abandon and run tombstone retain late audit without resurrecting projection (5.186416ms)
✔ lost callback can recover via unique full URL; finite mapping search throttles repeated observations (2.47325ms)
✔ URL revoke waits for complete/interrupted/abandon or deadline and respects local reader pins (2.509167ms)
✔ deadline URL release preserves metadata and completion evidence after host resources disappear (4.307167ms)
✔ attach is idempotent; restart pending reconciliation never dispatches (1.90425ms)
✔ top-level broker handlers work without attach and confirm changed state through search (1.801084ms)
✔ callback-only Chrome API persists authoritative ID and handles runtime.lastError as unknown (2.945208ms)
✔ conflict retains its Blob through deadline; pending audits stop after the deadline bound (121.727458ms)
✔ deletion hook requires retirement proof and releases compatible storage reader pins before tombstone (0.91225ms)
✔ shared repository reads through export pin and deletes descriptor/chunk rows only after fence and abandonment (6.25775ms)
✔ tests/foundation/page-port-fixtures.test.mjs (74.854166ms)
✔ frozen fixture full plan validates; recomputed broader selector/caps hash does not grant authority (17.275666ms)
✔ stop after dispatched commit still permits exactly one fixed Chrome invocation; revised identity never replayed (11.866917ms)
✔ post-dispatch epoch/target/grant fences prevent stale Chrome use (7.912625ms)
✔ script or command callback failure records unknown and cannot be blindly retried (12.932125ms)
✔ raw reception is durable but frame ACK requires matching staged rows, then full end signature is stored (42.283209ms)
✔ duplicate frame does not emit again; conflicting digest durably blocks whole page (6.434667ms)
✔ actual sender document defeats payload identity spoof; stop rejects new raw data (3.91975ms)
✔ raw backpressure refuses a second unacked frame; full signature includes changed sixth row (10.3355ms)
✔ fixed raw DOM reader retains long text, explicit empty string and optional missing attr without transforms (2.479125ms)
✔ packaged DOM agent returns short ACK before stream, awaits explicit frame ACK, then emits complete signature (4.080917ms)
✔ page transport sends its first frame before starting the EOF signature hash (3.962834ms)
✔ run-scoped submit/raw/effect journals preserve both runs and stay outside the unique command index (17.509166ms)
✔ raw frame and ACK never infer a missing run or accept a command with a rewritten revision (2.282208ms)
✔ negative fixed-agent receipt is unknown and its run-scoped submission cannot replay (7.233667ms)
✔ packaged agent and page port exchange a durable run-bound ACK before saving the complete EOF (7.708625ms)
✔ agent command and ACK namespaces separate equal command IDs and digests across runs (3.415541ms)
✔ single-use real action ticket binds actual source document, no run/records/slot created (175.567541ms)
✔ new operation durably cancels old; old source result audited and rejected, new result goes only to original host (10.322875ms)
✔ cancel/release are durable before cleanup; duplicate release cannot mutate context (7.068166ms)
✔ preview samples at most ten full raw rows using shared plan binding and iterator ACK; no records written (23.493709ms)
✔ placeholder SelectorUI reports MODULE_NOT_INSTALLED, never fabricates selected status (2.957083ms)
✔ production allowlist is empty; unsigned self-reports and unknown keys never become Pro (10.547125ms)
✔ real P256/SHA256 P1363 signature; independent Node crypto oracle and claim hash (26.497417ms)
✔ signed binding rejects tampered tier (1.651375ms)
✔ signed binding rejects tampered issuer (3.392625ms)
✔ signed binding rejects tampered subject (2.084709ms)
✔ signed binding rejects tampered audience (6.624208ms)
✔ signed binding rejects tampered features (20.356333ms)
✔ signed binding rejects tampered issuedAt (5.320667ms)
✔ signed binding rejects tampered expiresAt (1.264666ms)
✔ signed binding rejects tampered keyId (1.164417ms)
✔ signed binding rejects tampered revocationVersion (1.446958ms)
✔ signed binding rejects tampered formatVersion (2.52975ms)
✔ signed but unexpected issuer/subject are rejected; signatures from another key fail (11.473375ms)
✔ reject altered signature bytes, padded/noncanonical base64url, DER and wrong hash algorithm (2.740291ms)
✔ no production private JWK and no mutation of injected allowlist after construction (4.1505ms)
✔ future issuedAt, inverted time interval and expiry at the exact boundary reject new Pro (9.219042ms)
✔ impossible calendar dates and missing timestamp zones are rejected even when signed (9.068958ms)
✔ signed metadata cannot establish trusted verification or extend grace (22.107875ms)
✔ offline 72h inclusive boundary, +1ms fallback and no expiry extension (18.047916ms)
✔ offline reload keeps verification age; explicit trusted refresh reopens new Pro (12.523208ms)
✔ wall rollback freezes Pro across reload; monotonic elapsed time expires a frozen wall (17.454417ms)
✔ submillisecond clock observations preserve elapsed monotonic time (45.15325ms)
✔ monotonic rollback freezes Pro; trusted timestamp must not precede durable high water (8.985416ms)
✔ revocation is signed, bound, monotonic and durable; newer signed license may restore Pro (32.626792ms)
✔ cached claims and signed revocation are reverified; a persisted verification label grants nothing (8.5435ms)
✔ free and Pro limits clamp without changing template; signed features gate capabilities (7.187125ms)
✔ free template admission counts distinct IDs, permits revisions, rejects concurrent second template and allows delete/resave (0.485584ms)
✔ public admitTemplate accepts SaveTemplateRequest and returns the quota for the storage transaction (3.060083ms)
✔ repository revision history consumes no additional quota and survives head deletion (1.033875ms)
✔ Pro admission at 49/50/51 serializes template count and rejects stale or forged snapshots (8.056167ms)
✔ freshness checked inside template transaction after expiry or offline grace ends (4.042292ms)
✔ approved run remains frozen after expiry/revocation; sealed records, exports and retention are untouched (4.30225ms)
✔ frozen byte oracle preserves Chinese, zero, false, empty and null (17.899583ms)
✔ hostile JSON cannot enter hashes or durable protocol (0.428292ms)
✔ strict wire shapes reject unknown keys and unsafe integers (5.067083ms)
✔ ignoring a control revision never ignores epoch/document identity (0.227833ms)
✔ stop commit before dispatch forbids any new external call (16.374666ms)
✔ dispatch commit grants exactly one call even if stop subsequently commits (4.784583ms)
✔ a worker restart freezes a dispatched gap, holds slot and never repeats start (7.346958ms)
✔ actual sender, optional grant and immutable command ID are enforced (4.217708ms)
✔ stop repeats historical ACK; fencing cannot free the target slot by itself (4.766584ms)
✔ schema uses exactly frozen ten stores, explicit-key paths and sparse tagged indexes (9.213833ms)
✔ no native IDB in Node is reported as unavailable; storage entry exports factory (0.417125ms)
✔ immutable template save CAS, exact duplicate, hash lookup and name-only CAS (24.1445ms)
✔ template admission hook uses same transaction and cannot overwrite immutable revision (7.110292ms)
✔ beginPage permits preparing run, reserves exact command key and idempotently reACKs (3.069291ms)
✔ stage rejects undispatched reservation and atomically aborts open snapshot (6.062125ms)
✔ three batches: first two durable ACKs, third exact-byte failure hides whole page (19.261833ms)
✔ exact staged duplicate does not add bytes; conflicting valid digest aborts page (18.885792ms)
✔ host/epoch/target mismatch is rejected without aborting rightful open page (73.1395ms)
✔ admission cannot bypass transaction reread of cancellation (5.017ms)
✔ stage may acknowledge authenticated raw frames before end; seal requires complete end (31.674416ms)
✔ seal recomputes all six rows; prefix-only signature fails (107.404791ms)
✔ batch gap, record key/field mismatch, and raw-end evidence mismatch reject (77.166541ms)
✔ stop wins before seal; seal wins before stop and preserves historic original ACK (66.504459ms)
✔ run revision and authenticated host registration cannot be bypassed (67.888333ms)
✔ reader pins freeze watermark/count, paginate long typed values, and reject other cursors (54.742292ms)
✔ zero-batch empty page requires authenticated allowed-empty proof (63.754875ms)
✔ repeated full page signature without end is rejected and left invisible (38.517708ms)
✔ whole-page run limits, two pending ACKs, profile budget and injected disk quota (70.008583ms)
✔ delete refuses active owner/read pin/open job/unknown attempt and tombstones retired data (20.580333ms)
✔ retention defaults seven days, preserves active runs and raw migration duplicates (7.493375ms)
✔ shared authority-issued SDK context interoperates with atomic storage raw receipt and device CAS (14.746959ms)
✔ creation dispatch commits before one exact bootstrap create; retries do not create again (11.536ms)
✔ creation callback gap freezes slot, never infers never-created or blindly retries (5.656416ms)
✔ bootstrap registers real tab/document before at-most-one navigation dispatch; content spoof rejected (4.817834ms)
✔ stop before bootstrap navigation prevents location authorization (4.186042ms)
✔ formal target binds only real same-origin new document after navigation (2.982125ms)
✔ formal run cannot borrow activeTab instead of optional grant (2.14475ms)
✔ retirement remove + separate not-found evidence releases only matching slot once; old replay cannot clear new run (3.227458ms)
✔ cross-session numeric tab id is never queried or removed and slot remains frozen (2.718708ms)
✔ generic tabs.get failure cannot prove absence (2.116708ms)
✔ prepared/submissionCount=0 proves never-created; missing intent never releases (5.213292ms)
✔ bootstrap agent requests registration and navigation before exactly one assign (0.223417ms)
✔ complete synthetic checker fixture passes, including false/0 values; not a product test (49.382208ms)
✔ missing original case and missing explicit additional case cannot be hidden (55.192041ms)
✔ dropping or replacing the original ledger denominator rejects (226.013541ms)
✔ component/prototype pass and a foreign package cannot count as native acceptance (126.199542ms)
✔ source/package drift and changed per-case expected contract reject (203.382875ms)
✔ accepted marker alone, skipped result and missing raw evidence reject (68.979083ms)
✔ missing or duplicate environment observation and unbound browser binary reject (103.866667ms)
✔ each cleanup counter must return to an explicit resource baseline (93.533083ms)
✔ 1000 unique mixed rounds, all five outcomes, reconnects and disabled plugins are required (242.776ms)
✔ B05 requires 100 calls with one admission/run/op/HTTP write and no controller (87.349292ms)
✔ all four crash points preserve identity; unknown effects cannot be replayed (69.693042ms)
✔ download accepted is insufficient without complete and an actual disk hash reference (52.814958ms)
✔ Worker termination evidence must meet approved3s and preserve borrowed pages (137.645542ms)
✔ historical failures remain open without case evidence; self-review or reversed review order rejects (118.927792ms)
✔ current real ledger readiness preserves original603 and every current explicit additional case without changing gate state (83.724084ms)
✔ read-only filesystem check rejects actual raw evidence and declared source tampering (190.619083ms)
✔ read-only filesystem check rejects tampering with the approved603 specification (24.533208ms)
✔ each successful campaign observation must satisfy its predicate; one good result cannot hide failure (80.3405ms)
✔ renaming records cannot duplicate one physical campaign occurrence (35.338959ms)
✔ supplemental contracts are required and original/additional IDs cannot overlap (54.579417ms)
✔ reviews bind the entire evidence snapshot, predecessor report and normalized identity with one role each (119.00875ms)
✔ artifact payload/descriptor and disk hashes, lengths and run identity must agree (52.503916ms)
✔ malformed nullable references, observations, environments and reviews yield structured rejection (117.901167ms)
✔ parsed review reports cannot hide missing nested evidence references (114.697917ms)
node:internal/fs/promises:640
  return new FileHandle(await PromisePrototypeThen(
                        ^

Error: ENOENT: no such file or directory, open '/Users/shopme/Documents/workspace/opendesk-browser/dist/production/sw.js'
    at async open (node:internal/fs/promises:640:25)
    at async readFile (node:internal/fs/promises:1287:14)
    at async file:///Users/shopme/Documents/workspace/opendesk-browser/tests/framework/b05-native-observers.test.mjs:7:14 {
  errno: -2,
  code: 'ENOENT',
  syscall: 'open',
  path: '/Users/shopme/Documents/workspace/opendesk-browser/dist/production/sw.js'
}

Node.js v24.16.0
✖ tests/framework/b05-native-observers.test.mjs (95.506333ms)
✔ fresh owned process observation permits fallback cleanup (0.520667ms)
✔ fallback refuses reusedPid (0.110667ms)
✔ fallback refuses foreignParent (0.05025ms)
✔ fallback refuses foreignExecutable (0.045708ms)
✔ fallback refuses foreignProfile (0.0565ms)
✔ fallback refuses absent process and missing mock keychain (0.054083ms)
✔ Chrome JSON hop retains undefined, falsy values, nested presence and business PageBrigeCode (1.148834ms)
✔ outcome protocol separates actual errors from all user business objects (0.466875ms)
✔ encoder rejects unsupported values, cycles and getters without evaluating a getter (0.211833ms)
✔ decoder rejects forged tags, duplicate fields and byte limits; prototype names remain inert data (0.17ms)
✔ typed canonical input is stable across key order and distinguishes missing from undefined (0.102959ms)
✔ Base64 string API preserves UTF-8 and rejects malformed Base64 and UTF-8 (1.023083ms)
✔ REGRESSION-R3-host-gone: document loss persists retirement without requiring the old host (4.924334ms)
✔ REGRESSION-R4-control-states: late stop preserves an existing retirement (0.984792ms)
✔ REGRESSION-R4-control-states: session recovery preserves a durable retirement (2.014209ms)
✔ REGRESSION-R5-terminal-fence-gap: every committed terminal has a durable retirement (0.693ms)
✔ REGRESSION-R6-false-completion: caller naturalEnd cannot complete an unbound run (0.57575ms)
✔ REGRESSION-R8-journal-key-collision: a caller command ID cannot replace host metadata (15.232166ms)
✔ generic APIs prepare committed typed values without templates, Blob creation or native dispatch (64.8265ms)
✔ generic host reads artifact, creates Blob, dispatches once and settles via real callback/listeners/search lifecycle (10.830959ms)
✔ generic preparation rejects forged namespace, wrong result/principal/current host session and actual sender before writing (18.29275ms)
✔ generic prepare transaction rechecks durable host revocation/result replacement/tombstone and rolls back all writes (17.06675ms)
✔ generic data uses canonical explicit blocks with exact 8MiB/64 limits and independent integrity checks (1640.110584ms)
✔ generic attempt request dedupes, prevents simultaneous retries and reused/foreign Blob URLs (72.493125ms)
✔ generic dispatch ACK gap never replays; native mapping unknown and deadline release keep disk hash unverified (14.553167ms)
✔ generic current-document registration is rechecked inside attempt, read and dispatch transactions (11.551583ms)
✔ generic tombstone/abandon uses existing lifecycle and reader pin gates existing repository deletion (3.281ms)
✔ generic missing issued namespace/principal fails closed and never derives authority from payload (2.04825ms)
✔ generic unsuccessful/missing wire results and legacy template entry points cannot manufacture artifacts (15.340375ms)
✔ generic immutable result and artifact chunks are rechecked before attempt transaction commits (38.382625ms)
✔ generic onCreated is not completion; wrong native identity and callback/search conflicts cannot certify delivery (38.857208ms)
✔ generic native interruption/runtime.lastError use shared failure/unknown states and never resubmit (15.776041ms)
✔ generic explicit fresh retry shares job/artifact; late evidence cannot release the new active reader pin (19.570292ms)
✔ generic later registered document exports stable namespace history without acquiring the old run owner (4.974542ms)
✔ generic abandonRun fences timed-out retry history so shared repository deletion does not strand old attempts (31.012458ms)
✔ generic public reconcile uses actual sender; internal Chrome callback reconciliation survives owning host revocation (18.721125ms)
✔ generic completed immutable history exports after real new-session registration without replaying or adopting old download intents (13.059167ms)
✔ generic cross-session history rejects foreign namespaces, tampered principals, nonterminal runs and current-host session loss (48.468042ms)
✔ typed wire wrapper depth does not shorten the declared value depth budget (1.815875ms)
✔ R1: cyclic and malformed local schema references produce bounded typed rejection (0.462125ms)
✔ R1: long acyclic reference chains have a schema traversal depth budget (1.538708ms)
✔ R1: the inherited RulePlan resolves its nested local JSON pointer (4.449292ms)
✔ R2: closed shapes reject names inherited by the schema properties object (3.055792ms)
✔ R7: durable timestamps require an actual calendar date and explicit timezone (1.079917ms)
✔ SDK explicit regrant restores coherent epochs after SW restart without reviving old IDs (63.239ms)
✔ SDK recovery reconciles atomic storage durable result before broker receipt and never replays it (26.804792ms)
✔ SDK restart at dispatched cut pauses its run with original unknown effect and no replacement (6.836417ms)
✔ B05 broker unknown error retains the original admission reference without replay or new writes (8.522792ms)
✔ SDK Hello needs native document/grant and never claims a controller slot (2.731959ms)
✔ SDK grant and request payload cannot carry page authority/namespace/bare args (0.5845ms)
✔ SDK sender/document/lifecycle fences reject before any storage effect (0.470209ms)
✔ 100 same-ID concurrent persistent calls commit one effect and one result (124.394292ms)
✔ same ID with changed args or deadline conflicts and does not overwrite effect (8.907542ms)
✔ native session adapter preserves own undefined/false/0 across Chrome JSON storage (9.95425ms)
✔ durable session duplicate after authority restart does not resubmit native set (2.100792ms)
✔ native session failure records unknown dispatch and will not retry same write (3.465375ms)
✔ SW recovery fences dispatched write gap and retains original identity/deadline (2.21675ms)
✔ durable duplicate cannot extend original 15s service deadline (4.999417ms)
✔ native permission remove then regrant cannot revive old request/grant (13.87375ms)
✔ observed navigation invalidates current page Hello and pending admission (5.897958ms)
✔ notification permission removal with empty origins revokes the affected grant (1.869ms)
✔ notification native receipt and durable undefined survive delivery revocation (3.221041ms)
✔ successful HTTP business envelope remains data and stores native result before delivery (23.914042ms)
✔ SDK backend timer clamps to earlier caller deadline even for hung native callback (93.617083ms)
✔ same-ID changed args/method/original deadline reaches broker and explicitly delivers conflict (4.757208ms)
✔ timeout plus reused ID: old success or rejection cannot finish/delete replacement (1.361333ms)
✔ 100 same-ID same-digest real relay dispatches all reach product broker admission: serial oracle, not native B05 (232.633ms)
✔ deadline, canonical codec and legitimate request ID hello remain exact at native boundary (0.3075ms)
✔ bad page fields/ACK errors never consume another entry; dispose clears timers and late callbacks (0.268208ms)
✔ one self-contained factory exposes explicit frozen wire profiles in a fresh realm (2.11375ms)
✔ host, fixed Worker runtime and generated harness preserve the same literal values (50.819083ms)
✔ semantic violations are refused in every entry, without executing accessors (13.386167ms)
✔ profile decoder errors retain their codes and reject getters, Symbols and invalid strings (0.299042ms)
✔ foreign-realm tagged wires preserve original decode behavior and the Chrome JSON hop (1.175459ms)
✔ UTF-8 byte boundaries and inclusive depth 12 remain identical across generated and Worker paths (109.935375ms)
✔ generated harness embeds the shared factory, with no imports or host constructors (1.198333ms)
✔ a factory captures serialization intrinsics before user global patches (0.641334ms)
✔ CMP11-API01/02/03/04: bound constructors, immutable pins and independent owners (3.150583ms)
✔ CMP10-API05/06 and CMP01-API36: raw callbacks and raw execute never dispatch (0.153541ms)
✔ CMP10-API35: typed values and statement ignored args before registration (1.047625ms)
✔ CMP03-API34 and CORE-EVALUATE-EXPRESSION: explicit modes and no extra parameters (0.329333ms)
✔ CMP02-API12/13-LIMIT: Worker DOM snapshots reject; serialized alternatives preserve null/[] (0.694792ms)
✔ NAV01 + ChromeElement: only attested navigation advances root; old element/keyboard sequence stay bound (1.070334ms)
✔ CTRL owner fencing: stop/deadline/host-close settle pending once; stale request never rebinds new ctx (1.203583ms)
✔ Private Worker port: global fake peer, wrong owner, wrong correlation and reply replay cannot settle (52.408959ms)
✔ Host relay rejects cross-owner/old revision/old target before the shared transport (9.582834ms)
✔ typed depth 4: params, operation args and immutable result survive wider JSON envelopes (46.642541ms)
✔ typed depth 5: params, operation args and immutable result survive wider JSON envelopes (16.761708ms)
✔ typed depth 6: params, operation args and immutable result survive wider JSON envelopes (21.607792ms)
✔ typed depth 7: params, operation args and immutable result survive wider JSON envelopes (16.395416ms)
✔ typed depth 8: params, operation args and immutable result survive wider JSON envelopes (135.257166ms)
✔ typed depth 9: params, operation args and immutable result survive wider JSON envelopes (74.561833ms)
✔ typed depth 10: params, operation args and immutable result survive wider JSON envelopes (23.018417ms)
✔ typed depth 11: params, operation args and immutable result survive wider JSON envelopes (33.621417ms)
✔ typed depth 12: params, operation args and immutable result survive wider JSON envelopes (96.77075ms)
✔ JSON envelope depth 48 never widens the typed depth-12 admission/result/args budgets (2.766167ms)
✔ controller script deletion is CAS tombstone only; GC waits for terminal, Worker and target retirement (19.404167ms)
✔ deleted or hash-invalid scripts abort controller admission without run, slot or pin (3.120667ms)
✔ each controller lease pin binding is required; forged retired lease cannot authorize GC (8.487875ms)
✔ recovery upgrades old terminal lease bindings without reviving its result, Worker or slot (12.353583ms)
✔ public authority commits exact UTF8/headCAS and pins r1 while head advances to r2 without templates (9.674042ms)
✔ borrowed child frame is observed exactly; sibling commits do not fence it; top replacement does (19.437291ms)
✔ worker retirement gates durable result then borrowed release, without closing borrowed tab (6.2755ms)
✔ owned retirement closes only exact created tab after durable terminal commit (6.03775ms)
✔ new registered host reads old namespace result without acquiring its owner or replaying (5.270542ms)
✔ permission removal matches exact origin patterns and remains fenced after regrant (6.54375ms)
✔ user-script lookup failure without native effect fails terminal and retires controller (23.798708ms)
✔ native rejection after submission without receipt stays unknown and cannot replay (18.198208ms)
✔ native receipt survives post-dispatch permission loss; request is never resubmitted (52.592583ms)
✔ public recovery pauses controller, holds slot and never replays committed source (23.661375ms)
✔ public hostGone interruption retires borrowed target and exact pin once (4.859417ms)
✔ hostGone after completed result preserves the immutable result and finishes pending retirement (4.785625ms)
✔ SDK short persistent service completes while controller owns the same unique slot (7.45025ms)
✔ injected foundationClient registers once; forced harnessWorker termination precedes durable result and slot release (40.628583ms)
✔ dispatch allowlists reject malformed kind/method before any authority or native call (2.8205ms)
✔ packaged exact document injection, correlation and undefined use real registry; no reinjection/global mutation (8.179083ms)
✔ page session accepts trusted extension sender only, rejects spoof/changed replay and settles each execution once (7.629584ms)
✔ each dispatch is preceded by authority; revocation during suspension produces zero subsequent dispatches (0.801083ms)
✔ real current getScripts at dispatch and accept; false/undefined/business values strictly encoded with generator worlds (6.996916ms)
✔ switch observed unavailable is sticky across driver instances and results are retained before failing post permission (0.786167ms)
✔ user-script receipt must attest exact document/frame; malformed and user errors propagate (3.515458ms)
✔ navigation uses admitted pending phase, waits independently of old agent and preserves complete handoff binding (1.942958ms)
✔ navigation ignores another tab and wrong readiness document; timeout cleans every subscription (85.917333ms)
✔ navigation rejects unsupported options before dispatch and unauthorized redirect without handing off (1.72125ms)
✔ screenshot rejects fullPage/invisible exact tab and detects active-tab ABA during capture (1.221791ms)
✔ screenshot exact window success and raw receipt survive post-revocation (1.085667ms)
✔ cookie service uses observed store, correct projection/dedup, expires=0 and exact name/path deletion (10.884334ms)
✔ cookie batch preflight denies unauthorized URL and malformed/domain/partition input with no cookie write/read (2.020708ms)
✔ cookie remove native lastError is typed; ambiguous domain or partition observations never remove (1.641ms)
✔ upload URL omits credentials, manually authorizes redirect and commits real chunks/file bytes (24.024584ms)
✔ upload denies cross-origin/downgrade/too many redirects/oversize/HTTP errors before DOM commit (4.494667ms)
✔ stop cancels real packaged waits/staging, late reply cannot deliver; fresh driver cleans original identity epoch (18.7225ms)
✔ result receipt survives forced stop; new-instance retirement removes borrowed registry resources without closing tab (1.63575ms)
✔ fixed packaged resources allow only current SDK entry; unlisted extension or remote code never creates nodes (1.108958ms)
✔ user wait cancellation uses only framework harness; deadline and pending authority failure fence late callbacks (133.957292ms)
✔ pagehide disposes listener, real wait and upload state; unknown operations create no session (8.503709ms)
✔ borrowed child frame keeps exact frame/document for registry, evaluation and fresh-instance cancellation (2.50225ms)
✔ borrowed child navigation/capture reject explicitly with zero native effects; wrong-frame result and replaced child are fenced (2.892583ms)
✔ CMP10-API35: generated function harness awaits and preserves falsy/undefined/business values (8.631292ms)
✔ CMP10-API35-ERR/LIMIT: generated user failures are typed; no lexical closure/native result fallback (5.223375ms)
✔ CMP03-API34 and CORE-EVALUATE-EXPRESSION: correct worlds, async statement, exact values and syntax error (4.018ms)
✔ CMP03-API26: pending predicates time out and canceled waits clear the real timer/map (28.523042ms)
✔ SVC cookie reads use exact URL; no public-suffix or neighboring-domain expansion (1.170167ms)
✔ SVC cookie batch preserves explicit expiry/default session and Host-prefix rules (3.281667ms)
✔ SVC cookie removal awaits all callbacks and checks each permission (6.474291ms)
✔ SVC Chrome lastError and missing cookie callbacks are typed failures (0.3235ms)
✔ SVC fixed injection requires exact doc and correct resource/world before Chrome call (0.265917ms)
✔ SVC notification click has no page URL, clears once, close/late events do not resettle (0.36325ms)
✔ CMP13 real loopback four HTTP methods, body and serializable projection (87.811583ms)
✔ CMP13 real response false retained (2.058ms)
✔ CMP13 real response zero retained (0.733417ms)
✔ CMP13 real response null retained (0.659208ms)
✔ HTTP vs network vs bad JSON/UTF8 typed errors and restricted error response (28.903ms)
✔ denied URL and config have zero real HTTP; native grant rechecked post response (6.079375ms)
✔ private native receipt hook persists HTTP fact before post revocation, not normalized checkServer result (20.825083ms)
✔ manual redirect never follows unauthorized destination (0.859875ms)
✔ actual abort during stalled body/HTTP, size budget and caller cancellation (109.708042ms)
✔ backend 15s budget independent from client timeout and earlier native deadline (1.51ms)
✔ stalled pre/post native permission validation still obeys driver deadline without replay (43.21825ms)
✔ server checks real observable success/failure and never reports opaque available (24.31625ms)
✔ external IP info disabled default and never calls original external endpoint in tests (0.146084ms)
✔ notification true callback wait, lastError refusal and pre/post authorization (2.496625ms)
✔ service HTTP result preserves business object inside response.data rather than outer authority (1.279792ms)
✔ RESOURCE fixed SDK allowlist has exactly two files; source entry consumes migrated modules (3.593375ms)
✔ RESOURCE project MIT notice is byte-identical to frozen original; no copied vendor resource (1.85975ms)
✖ production actual fixed MAIN bundle reevaluates intact own globals and refreshes Hello (2.702042ms)
✔ development actual fixed MAIN bundle reevaluates intact own globals and refreshes Hello (10.658708ms)
✔ typed error projection preserves original reference and existing details without leaking internal fields (0.845791ms)
✔ window transport rejects original promise once with the wire reference and releases its pending timer (0.774ms)
✔ Hello incarnation: relay-timeout cannot replace fresh success (5.693834ms)
✔ Hello incarnation: relay-timeout cannot replace fresh denial (1.719459ms)
✔ Hello incarnation: late-success cannot replace fresh success (1.665333ms)
✔ Hello incarnation: late-success cannot replace fresh denial (1.266667ms)
✔ Hello incarnation: late-failure cannot replace fresh success (1.356209ms)
✔ Hello incarnation: late-failure cannot replace fresh denial (1.34775ms)
✔ a request ID named hello uses the final-result channel, never Hello readiness (2.409541ms)
✔ uncorrelated Ready events do not settle a current Hello; pagehide is terminal (0.644833ms)
✖ production exact fixed MAIN/ISOLATED bundles correlate every reinjected Hello (2.031916ms)
✔ development exact fixed MAIN/ISOLATED bundles correlate every reinjected Hello (16.973542ms)
✔ exact review reproducer: two fresh evaluations reuse frozen globals and perform new Hello (7.417458ms)
✔ fresh native Hello updates expanded/shrunken grant subset and refuses failed regrant (7.704334ms)
✔ reinjection preserves old pending legacy callback and stable ChromeBridgeEvents (2.370459ms)
✔ overlapping reinjections serialize fixed Hello so late old callback cannot supply fresh grant (3.807625ms)
✔ hostile immutable public fake brand, slot, aliases and accessor conflicts fail closed (0.260333ms)
✔ dispose and pagehide are terminal: fresh evaluation cannot resurrect immutable installation (1.824041ms)
✔ borrowed lifecycle and forged function toString cannot impersonate ownership of a different global (0.208167ms)
✔ CMP15 callback preserves false (5.713625ms)
✔ CMP15 callback preserves 0 (0.595042ms)
✔ CMP15 callback preserves undefined (0.36425ms)
✔ CMP15 callback preserves null (0.272667ms)
✔ CMP15 callback preserves  (0.270125ms)
✔ CMP15 callback preserves 0 (0.312083ms)
✔ CMP15 callback preserves  (0.397042ms)
✔ CMP15 callback preserves [object Object] (0.884125ms)
✔ CMP15 inner business error business denied remains original rejection (1.767ms)
✔ CMP15 inner business error [object Object] remains original rejection (0.848375ms)
✔ CMP15 inner business error null remains original rejection (0.85025ms)
✔ CMP15 inner business error undefined remains original rejection (1.413625ms)
✔ CMP15 inner business error false remains original rejection (0.888167ms)
✔ CMP15 inner business error 0 remains original rejection (0.751958ms)
✔ CMP15 malformed Base64 / UTF8 / JSON settle once with typed stage and no pending (2.949583ms)
✔ CMP15 unicode legacy Base64 callback and ACK never settle early (3.772083ms)
✔ CMP15 old ChromeBridgeEvents facade is observable but cannot lose private pending settlement (1.292ms)
✔ B03 client deadline and document dispose clean original pending once (16.0035ms)
✔ CMP07 AppStorage String semantics and AppLocal typed presence cross codec (1.958791ms)
✔ CMP13 four HTTP facades preserve call shape (0.210167ms)
✔ schema/config/business refusal dispatches nothing (0.381167ms)
✔ CMP14 notifications preserve desc rules with typed null/body errors (0.110625ms)
✔ CMP14 server results use latency order, input ties and all-failed null (0.156375ms)
✔ CMP08 strict compact JSON never runs code; wrapAsync is only source transformation (0.099208ms)
✔ CMP08 DeviceType, UA priority, unsupported native/fingerprint, delegated ID (0.413625ms)
✔ CMP08 UtilInfo stays idle until explicit call and keeps original URL (0.05725ms)
✔ events retain old strings and route lifecycle solely to injected RunHost (0.070083ms)
✔ sleep resolves undefined and abort removes timer (1.590041ms)
✔ SDK install conflicts never overwrite page functions; same installation is idempotent (0.492875ms)
✔ Hello cannot be ready from partial or wrong-version allowlist (1.222041ms)
✔ fixed MAIN to ISOLATED fixture preserves typed args/result, no controller or page authority (1.568125ms)
✔ CMP10/B01 business PageBrigeCode/ok/error fields survive real JSON hop inside data (0.475083ms)
✔ Hello grant subset permits its methods and rejects other calls before native request (0.101333ms)
✔ fixture 100 concurrent original promises once settle; not native B05 evidence (26.030917ms)
✔ relay rejects page claims and raw script without native dispatch (1.873708ms)
✔ native typed authority/transport failure is outer error; business remains inner (0.799708ms)
✔ service dispatcher delegates storage and atomic device context without namespace from page (0.181083ms)
✖ K5 fixed SDK/control and resource closure validates actual production package (2.592792ms)
✖ K5 production Worker exception rejects eval/Function aliases and reflective extra constructors (0.877875ms)
✔ K5 fixed SDK/control and resource closure validates actual development package (543.822958ms)
✔ K5 development Worker exception rejects eval/Function aliases and reflective extra constructors (2128.429875ms)
✖ K5 fixed SDK files remain subject to privileged dynamic-execution scanner (1.925ms)
✖ K5 privileged and opaque CSP mutations cannot broaden execution (0.733584ms)
✖ K5 manifest exposes only SDK MAIN as an exact web accessible resource (0.350792ms)
✖ K5 every HTML is scanned and Worker cannot become a privileged script entry (0.473542ms)
✖ K5 required sandbox/Worker/icon/MIT and unknown assets fail closed (0.3235ms)
✔ K5 remote JS scanner distinguishes data URLs ending json/jsp without accepting scripts (0.493375ms)
✔ K5 WXT shell regressions still reject ESM and lazy chunk loading (0.342708ms)
✖ K5 additional manifest resources, CSS script consumers and remote maps are rejected (0.429375ms)
✔ 72 source identities/hashes and all 48 symbols survive the plan correction (1.05725ms)
✔ each current mapped capability has concrete source, semantics, dependency and cases (0.875667ms)
✔ frozen denominator lists supported and restricted contracts separately from exclusions (0.627666ms)
✔ stage0 gate cannot borrow historical design scores and product flags require their own evidence (3.6385ms)
✔ stage0 manifest hashes cover frozen plan, mapping, differences, cases and inherited contracts (14.503292ms)
ℹ tests 407
ℹ suites 0
ℹ pass 392
ℹ fail 15
ℹ cancelled 0
ℹ skipped 0
ℹ todo 0
ℹ duration_ms 3375.157208

✖ failing tests:

test at tests/environment/package.test.mjs:17:1
✖ final classic scanner rejects eval alias and function-constructor references (5.269875ms)
  Error: ENOENT: no such file or directory, open '/Users/shopme/Documents/workspace/opendesk-browser/dist/production/manifest.json'
      at async open (node:internal/fs/promises:640:25)
      at async readFile (node:internal/fs/promises:1287:14)
      at async verifyPackage (file:///Users/shopme/Documents/workspace/opendesk-browser/scripts/verify-package.mjs:195:31)
      at async mutatedPackage (file:///Users/shopme/Documents/workspace/opendesk-browser/tests/environment/package.test.mjs:9:3)
      at async TestContext.<anonymous> (file:///Users/shopme/Documents/workspace/opendesk-browser/tests/environment/package.test.mjs:19:5)
      at async Test.run (node:internal/test_runner/test:1313:7)
      at async startSubtestAfterBootstrap (node:internal/test_runner/harness:385:3) {
    errno: -2,
    code: 'ENOENT',
    syscall: 'open',
    path: '/Users/shopme/Documents/workspace/opendesk-browser/dist/production/manifest.json'
  }

test at tests/environment/package.test.mjs:24:1
✖ final package cannot omit a referenced local asset (3.106833ms)
  Error: ENOENT: no such file or directory, open '/Users/shopme/Documents/workspace/opendesk-browser/dist/production/manifest.json'
      at async open (node:internal/fs/promises:640:25)
      at async readFile (node:internal/fs/promises:1287:14)
      at async verifyPackage (file:///Users/shopme/Documents/workspace/opendesk-browser/scripts/verify-package.mjs:195:31)
      at async mutatedPackage (file:///Users/shopme/Documents/workspace/opendesk-browser/tests/environment/package.test.mjs:9:3)
      at async TestContext.<anonymous> (file:///Users/shopme/Documents/workspace/opendesk-browser/tests/environment/package.test.mjs:25:3)
      at async Test.run (node:internal/test_runner/test:1313:7)
      at async Test.processPendingSubtests (node:internal/test_runner/test:897:7) {
    errno: -2,
    code: 'ENOENT',
    syscall: 'open',
    path: '/Users/shopme/Documents/workspace/opendesk-browser/dist/production/manifest.json'
  }

test at tests/environment/package.test.mjs:27:1
✖ remote script and unexpected lazy chunk fail final package verification (2.690416ms)
  Error: ENOENT: no such file or directory, open '/Users/shopme/Documents/workspace/opendesk-browser/dist/production/manifest.json'
      at async open (node:internal/fs/promises:640:25)
      at async readFile (node:internal/fs/promises:1287:14)
      at async verifyPackage (file:///Users/shopme/Documents/workspace/opendesk-browser/scripts/verify-package.mjs:195:31)
      at async mutatedPackage (file:///Users/shopme/Documents/workspace/opendesk-browser/tests/environment/package.test.mjs:9:3)
      at async TestContext.<anonymous> (file:///Users/shopme/Documents/workspace/opendesk-browser/tests/environment/package.test.mjs:28:3)
      at async Test.run (node:internal/test_runner/test:1313:7)
      at async Test.processPendingSubtests (node:internal/test_runner/test:897:7) {
    errno: -2,
    code: 'ENOENT',
    syscall: 'open',
    path: '/Users/shopme/Documents/workspace/opendesk-browser/dist/production/manifest.json'
  }

test at tests/environment/package.test.mjs:33:1
✖ final package requires tool HTML/CSS and manifest worker references (2.278ms)
  Error: ENOENT: no such file or directory, open '/Users/shopme/Documents/workspace/opendesk-browser/dist/production/manifest.json'
      at async open (node:internal/fs/promises:640:25)
      at async readFile (node:internal/fs/promises:1287:14)
      at async verifyPackage (file:///Users/shopme/Documents/workspace/opendesk-browser/scripts/verify-package.mjs:195:31)
      at async mutatedPackage (file:///Users/shopme/Documents/workspace/opendesk-browser/tests/environment/package.test.mjs:9:3)
      at async TestContext.<anonymous> (file:///Users/shopme/Documents/workspace/opendesk-browser/tests/environment/package.test.mjs:34:3)
      at async Test.run (node:internal/test_runner/test:1313:7)
      at async Test.processPendingSubtests (node:internal/test_runner/test:897:7) {
    errno: -2,
    code: 'ENOENT',
    syscall: 'open',
    path: '/Users/shopme/Documents/workspace/opendesk-browser/dist/production/manifest.json'
  }

test at tests/framework/b05-native-observers.test.mjs:1:1
✖ tests/framework/b05-native-observers.test.mjs (95.506333ms)
  'test failed'

test at tests/framework/k4-sdk-bundle-reinjection.test.mjs:15:51
✖ production actual fixed MAIN bundle reevaluates intact own globals and refreshes Hello (2.702042ms)
  Error: ENOENT: no such file or directory, open '/Users/shopme/Documents/workspace/opendesk-browser/dist/production/framework/sdk-main.js'
      at async open (node:internal/fs/promises:640:25)
      at async readFile (node:internal/fs/promises:1287:14)
      at async TestContext.<anonymous> (file:///Users/shopme/Documents/workspace/opendesk-browser/tests/framework/k4-sdk-bundle-reinjection.test.mjs:17:18)
      at async Test.run (node:internal/test_runner/test:1313:7)
      at async startSubtestAfterBootstrap (node:internal/test_runner/harness:385:3) {
    errno: -2,
    code: 'ENOENT',
    syscall: 'open',
    path: '/Users/shopme/Documents/workspace/opendesk-browser/dist/production/framework/sdk-main.js'
  }

test at tests/framework/k4-sdk-hello-races.test.mjs:73:49
✖ production exact fixed MAIN/ISOLATED bundles correlate every reinjected Hello (2.031916ms)
  Error: ENOENT: no such file or directory, open '/Users/shopme/Documents/workspace/opendesk-browser/dist/production/framework/sdk-main.js'
      at async open (node:internal/fs/promises:640:25)
      at async readFile (node:internal/fs/promises:1287:14)
      at async TestContext.<anonymous> (file:///Users/shopme/Documents/workspace/opendesk-browser/tests/framework/k4-sdk-hello-races.test.mjs:74:14)
      at async Test.run (node:internal/test_runner/test:1313:7)
      at async Test.processPendingSubtests (node:internal/test_runner/test:897:7) {
    errno: -2,
    code: 'ENOENT',
    syscall: 'open',
    path: '/Users/shopme/Documents/workspace/opendesk-browser/dist/production/framework/sdk-main.js'
  }

test at tests/framework/k5-package.test.mjs:18:3
✖ K5 fixed SDK/control and resource closure validates actual production package (2.592792ms)
  Error: ENOENT: no such file or directory, open '/Users/shopme/Documents/workspace/opendesk-browser/dist/production/manifest.json'
      at async open (node:internal/fs/promises:640:25)
      at async readFile (node:internal/fs/promises:1287:14)
      at async verifyPackage (file:///Users/shopme/Documents/workspace/opendesk-browser/scripts/verify-package.mjs:195:31)
      at async TestContext.<anonymous> (file:///Users/shopme/Documents/workspace/opendesk-browser/tests/framework/k5-package.test.mjs:19:20)
      at async Test.run (node:internal/test_runner/test:1313:7)
      at async startSubtestAfterBootstrap (node:internal/test_runner/harness:385:3) {
    errno: -2,
    code: 'ENOENT',
    syscall: 'open',
    path: '/Users/shopme/Documents/workspace/opendesk-browser/dist/production/manifest.json'
  }

test at tests/framework/k5-package.test.mjs:34:3
✖ K5 production Worker exception rejects eval/Function aliases and reflective extra constructors (0.877875ms)
  Error: ENOENT: no such file or directory, open '/Users/shopme/Documents/workspace/opendesk-browser/dist/production/manifest.json'
      at async open (node:internal/fs/promises:640:25)
      at async readFile (node:internal/fs/promises:1287:14)
      at async verifyPackage (file:///Users/shopme/Documents/workspace/opendesk-browser/scripts/verify-package.mjs:195:31)
      at async mutate (file:///Users/shopme/Documents/workspace/opendesk-browser/tests/framework/k5-package.test.mjs:9:3)
      at async TestContext.<anonymous> (file:///Users/shopme/Documents/workspace/opendesk-browser/tests/framework/k5-package.test.mjs:36:7)
      at async Test.run (node:internal/test_runner/test:1313:7)
      at async Test.processPendingSubtests (node:internal/test_runner/test:897:7) {
    errno: -2,
    code: 'ENOENT',
    syscall: 'open',
    path: '/Users/shopme/Documents/workspace/opendesk-browser/dist/production/manifest.json'
  }

test at tests/framework/k5-package.test.mjs:40:1
✖ K5 fixed SDK files remain subject to privileged dynamic-execution scanner (1.925ms)
  Error: ENOENT: no such file or directory, open '/Users/shopme/Documents/workspace/opendesk-browser/dist/production/manifest.json'
      at async open (node:internal/fs/promises:640:25)
      at async readFile (node:internal/fs/promises:1287:14)
      at async verifyPackage (file:///Users/shopme/Documents/workspace/opendesk-browser/scripts/verify-package.mjs:195:31)
      at async mutate (file:///Users/shopme/Documents/workspace/opendesk-browser/tests/framework/k5-package.test.mjs:9:3)
      at async TestContext.<anonymous> (file:///Users/shopme/Documents/workspace/opendesk-browser/tests/framework/k5-package.test.mjs:42:5)
      at async Test.run (node:internal/test_runner/test:1313:7)
      at async Test.processPendingSubtests (node:internal/test_runner/test:897:7) {
    errno: -2,
    code: 'ENOENT',
    syscall: 'open',
    path: '/Users/shopme/Documents/workspace/opendesk-browser/dist/production/manifest.json'
  }

test at tests/framework/k5-package.test.mjs:46:1
✖ K5 privileged and opaque CSP mutations cannot broaden execution (0.733584ms)
  Error: ENOENT: no such file or directory, open '/Users/shopme/Documents/workspace/opendesk-browser/dist/production/manifest.json'
      at async open (node:internal/fs/promises:640:25)
      at async readFile (node:internal/fs/promises:1287:14)
      at async verifyPackage (file:///Users/shopme/Documents/workspace/opendesk-browser/scripts/verify-package.mjs:195:31)
      at async mutate (file:///Users/shopme/Documents/workspace/opendesk-browser/tests/framework/k5-package.test.mjs:9:3)
      at async TestContext.<anonymous> (file:///Users/shopme/Documents/workspace/opendesk-browser/tests/framework/k5-package.test.mjs:53:6)
      at async Test.run (node:internal/test_runner/test:1313:7)
      at async Test.processPendingSubtests (node:internal/test_runner/test:897:7) {
    errno: -2,
    code: 'ENOENT',
    syscall: 'open',
    path: '/Users/shopme/Documents/workspace/opendesk-browser/dist/production/manifest.json'
  }

test at tests/framework/k5-package.test.mjs:55:1
✖ K5 manifest exposes only SDK MAIN as an exact web accessible resource (0.350792ms)
  Error: ENOENT: no such file or directory, open '/Users/shopme/Documents/workspace/opendesk-browser/dist/production/manifest.json'
      at async open (node:internal/fs/promises:640:25)
      at async readFile (node:internal/fs/promises:1287:14)
      at async verifyPackage (file:///Users/shopme/Documents/workspace/opendesk-browser/scripts/verify-package.mjs:195:31)
      at async TestContext.<anonymous> (file:///Users/shopme/Documents/workspace/opendesk-browser/tests/framework/k5-package.test.mjs:56:3)
      at async Test.run (node:internal/test_runner/test:1313:7)
      at async Test.processPendingSubtests (node:internal/test_runner/test:897:7) {
    errno: -2,
    code: 'ENOENT',
    syscall: 'open',
    path: '/Users/shopme/Documents/workspace/opendesk-browser/dist/production/manifest.json'
  }

test at tests/framework/k5-package.test.mjs:67:1
✖ K5 every HTML is scanned and Worker cannot become a privileged script entry (0.473542ms)
  Error: ENOENT: no such file or directory, open '/Users/shopme/Documents/workspace/opendesk-browser/dist/production/manifest.json'
      at async open (node:internal/fs/promises:640:25)
      at async readFile (node:internal/fs/promises:1287:14)
      at async verifyPackage (file:///Users/shopme/Documents/workspace/opendesk-browser/scripts/verify-package.mjs:195:31)
      at async mutate (file:///Users/shopme/Documents/workspace/opendesk-browser/tests/framework/k5-package.test.mjs:9:3)
      at async TestContext.<anonymous> (file:///Users/shopme/Documents/workspace/opendesk-browser/tests/framework/k5-package.test.mjs:69:5)
      at async Test.run (node:internal/test_runner/test:1313:7)
      at async Test.processPendingSubtests (node:internal/test_runner/test:897:7) {
    errno: -2,
    code: 'ENOENT',
    syscall: 'open',
    path: '/Users/shopme/Documents/workspace/opendesk-browser/dist/production/manifest.json'
  }

test at tests/framework/k5-package.test.mjs:77:1
✖ K5 required sandbox/Worker/icon/MIT and unknown assets fail closed (0.3235ms)
  Error: ENOENT: no such file or directory, open '/Users/shopme/Documents/workspace/opendesk-browser/dist/production/manifest.json'
      at async open (node:internal/fs/promises:640:25)
      at async readFile (node:internal/fs/promises:1287:14)
      at async verifyPackage (file:///Users/shopme/Documents/workspace/opendesk-browser/scripts/verify-package.mjs:195:31)
      at async mutate (file:///Users/shopme/Documents/workspace/opendesk-browser/tests/framework/k5-package.test.mjs:9:3)
      at async TestContext.<anonymous> (file:///Users/shopme/Documents/workspace/opendesk-browser/tests/framework/k5-package.test.mjs:78:154)
      at async Test.run (node:internal/test_runner/test:1313:7)
      at async Test.processPendingSubtests (node:internal/test_runner/test:897:7) {
    errno: -2,
    code: 'ENOENT',
    syscall: 'open',
    path: '/Users/shopme/Documents/workspace/opendesk-browser/dist/production/manifest.json'
  }

test at tests/framework/k5-package.test.mjs:100:1
✖ K5 additional manifest resources, CSS script consumers and remote maps are rejected (0.429375ms)
  Error: ENOENT: no such file or directory, open '/Users/shopme/Documents/workspace/opendesk-browser/dist/production/manifest.json'
      at async open (node:internal/fs/promises:640:25)
      at async readFile (node:internal/fs/promises:1287:14)
      at async verifyPackage (file:///Users/shopme/Documents/workspace/opendesk-browser/scripts/verify-package.mjs:195:31)
      at async mutate (file:///Users/shopme/Documents/workspace/opendesk-browser/tests/framework/k5-package.test.mjs:9:3)
      at async TestContext.<anonymous> (file:///Users/shopme/Documents/workspace/opendesk-browser/tests/framework/k5-package.test.mjs:101:3)
      at async Test.run (node:internal/test_runner/test:1313:7)
      at async Test.processPendingSubtests (node:internal/test_runner/test:897:7) {
    errno: -2,
    code: 'ENOENT',
    syscall: 'open',
    path: '/Users/shopme/Documents/workspace/opendesk-browser/dist/production/manifest.json'
  }
