✔ concurrent window requests create once; new worker discovers existing window (11.544125ms)
✔ tool sender rejects foreign id, URL, frame, inactive document and missing document (0.161709ms)
✔ URL policy rejects restricted/file/credentials and preserves exact origin including port (0.200458ms)
✔ health waits for sender readiness and binds Chrome document metadata, not file result (3.657208ms)
✔ revoked permission blocks even previously installed agent (2.951917ms)
✔ reload, cross-origin and closed tab reject bound target without automatic reinjection (3.214416ms)
✔ forged health nonce and fake sender cannot satisfy exact target (1.841791ms)
✔ missing module has no capabilities or runner and can be mounted/disposed (0.207833ms)
✔ focus failure while original exists must not create another tool window (0.127167ms)
✔ window API query failure is not evidence that the existing window disappeared (0.171166ms)
✔ unknown authorization mode is rejected before another injection (1.924541ms)
✔ permission revoke reports permission failure even when Chrome hides tab URL (2.635583ms)
✔ permission revoked during tabs.get is diagnosed before inspecting its hidden URL (2.329334ms)
✔ repeated agent ready preserves optional authorization and cannot bypass revoke (2.564167ms)
✔ same-document concurrent binding resolves all readiness waiters (1.047125ms)
✔ document invalidation and revoke while awaiting reply reject late health success (0.380875ms)
{"kind":"historical-package-mutation","expectedPattern":"Dynamic execution reference","actualError":"Dynamic execution reference in agents/health.js: eval"}
{"kind":"historical-package-mutation","expectedPattern":"Dynamic execution reference","actualError":"Dynamic execution reference in agents/health.js: Function"}
✔ final classic scanner rejects eval alias and function-constructor references (1007.260458ms)
{"kind":"historical-package-mutation","expectedPattern":"ENOENT|Missing","actualError":"Missing required resource: ui/tool-shell.css"}
✔ final package cannot omit a referenced local asset (197.827542ms)
{"kind":"historical-package-mutation","expectedPattern":"Unsafe HTML","actualError":"Unsafe HTML resources in ui/tool.html"}
{"kind":"historical-package-mutation","expectedPattern":"Unexpected JS","actualError":"Unexpected JS/chunks: agents/bootstrap.js,agents/health.js,agents/page-agent.js,agents/page-relay.js,agents/selection-entry.js,chunk.js,framework/sdk-main.js,scripting/packaged/page-session.js,scripting/sandbox/sandbox.js,scripting/sandbox/worker-runtime.js,sw.js,ui/tool-shell.js"}
✔ remote script and unexpected lazy chunk fail final package verification (444.707875ms)
{"kind":"historical-package-mutation","expectedPattern":"Missing|required|ENOENT","actualError":"Missing required resource: ui/tool.html"}
{"kind":"historical-package-mutation","expectedPattern":"worker|entry|Missing","actualError":"Unexpected or missing worker entry"}
✔ final package requires tool HTML/CSS and manifest worker references (244.065125ms)
✔ prepare pins a watermark and persists byte hash; external descriptors satisfy frozen schema (10.05225ms)
✔ partial export requires confirmation; request IDs bind immutable intent (2.342416ms)
✔ host registration mismatch and tombstones reject creation/dispatch (2.127ms)
✔ double dispatch and reconstructed service invoke Chrome at most once (4.826541ms)
✔ ACK-gap after durable dispatch does not replay and becomes mapping_unknown (1.665792ms)
✔ short dispatch ACK does not wait for callback and cannot be resubmitted (1.657375ms)
✔ onCreated/search deduplicates an ID and started is not delivery complete (5.498667ms)
✔ multiple full-identity candidates conflict and never redownload (2.00375ms)
✔ known callback ID is authoritative; another candidate conflicts rather than replacing it (3.447084ms)
✔ wrong URL/extension/time and missing fields never bind by filename (1.80075ms)
✔ clock rollback cannot bind unique-looking mapping evidence (0.983208ms)
✔ onChanged complete must be confirmed by ID search; interrupted keeps Chrome reason (2.756458ms)
✔ 10-minute timeout is unknown; late complete resolves only its original job (4.800875ms)
✔ retry freezes old prepared submission; duplicate retry returns same new job (4.075917ms)
✔ multi-volume aggregate waits for every volume and releases pin only when all are releasable (3.217875ms)
✔ single abandoned volume causes delivery_failed; late evidence cannot revive it (2.241584ms)
✔ explicit job abandon and run tombstone retain late audit without resurrecting projection (3.114917ms)
✔ lost callback can recover via unique full URL; finite mapping search throttles repeated observations (1.938875ms)
✔ URL revoke waits for complete/interrupted/abandon or deadline and respects local reader pins (1.959792ms)
✔ deadline URL release preserves metadata and completion evidence after host resources disappear (1.421834ms)
✔ attach is idempotent; restart pending reconciliation never dispatches (1.82675ms)
✔ top-level broker handlers work without attach and confirm changed state through search (2.470542ms)
✔ callback-only Chrome API persists authoritative ID and handles runtime.lastError as unknown (4.142292ms)
✔ conflict retains its Blob through deadline; pending audits stop after the deadline bound (4.054625ms)
✔ deletion hook requires retirement proof and releases compatible storage reader pins before tombstone (2.061208ms)
✔ shared repository reads through export pin and deletes descriptor/chunk rows only after fence and abandonment (3.666958ms)
✔ tests/foundation/page-port-fixtures.test.mjs (60.481083ms)
✔ frozen fixture full plan validates; recomputed broader selector/caps hash does not grant authority (20.461209ms)
✔ stop after dispatched commit still permits exactly one fixed Chrome invocation; revised identity never replayed (15.471167ms)
✔ post-dispatch epoch/target/grant fences prevent stale Chrome use (13.00925ms)
✔ script or command callback failure records unknown and cannot be blindly retried (8.025ms)
✔ raw reception is durable but frame ACK requires matching staged rows, then full end signature is stored (6.64375ms)
✔ duplicate frame does not emit again; conflicting digest durably blocks whole page (5.723792ms)
✔ actual sender document defeats payload identity spoof; stop rejects new raw data (5.469292ms)
✔ raw backpressure refuses a second unacked frame; full signature includes changed sixth row (16.426458ms)
✔ fixed raw DOM reader retains long text, explicit empty string and optional missing attr without transforms (1.226083ms)
✔ packaged DOM agent returns short ACK before stream, awaits explicit frame ACK, then emits complete signature (4.020833ms)
✔ page transport sends its first frame before starting the EOF signature hash (4.132458ms)
✔ run-scoped submit/raw/effect journals preserve both runs and stay outside the unique command index (106.270791ms)
✔ raw frame and ACK never infer a missing run or accept a command with a rewritten revision (12.225041ms)
✔ negative fixed-agent receipt is unknown and its run-scoped submission cannot replay (23.828375ms)
✔ packaged agent and page port exchange a durable run-bound ACK before saving the complete EOF (18.534084ms)
✔ agent command and ACK namespaces separate equal command IDs and digests across runs (5.675625ms)
✔ single-use real action ticket binds actual source document, no run/records/slot created (4.610875ms)
✔ new operation durably cancels old; old source result audited and rejected, new result goes only to original host (6.385583ms)
✔ cancel/release are durable before cleanup; duplicate release cannot mutate context (5.389125ms)
✔ preview samples at most ten full raw rows using shared plan binding and iterator ACK; no records written (21.633375ms)
✔ placeholder SelectorUI reports MODULE_NOT_INSTALLED, never fabricates selected status (2.235459ms)
✔ production allowlist is empty; unsigned self-reports and unknown keys never become Pro (7.097ms)
✔ real P256/SHA256 P1363 signature; independent Node crypto oracle and claim hash (10.459208ms)
✔ signed binding rejects tampered tier (0.942584ms)
✔ signed binding rejects tampered issuer (1.526ms)
✔ signed binding rejects tampered subject (0.917333ms)
✔ signed binding rejects tampered audience (1.281042ms)
✔ signed binding rejects tampered features (2.152916ms)
✔ signed binding rejects tampered issuedAt (1.920584ms)
✔ signed binding rejects tampered expiresAt (1.757583ms)
✔ signed binding rejects tampered keyId (0.941958ms)
✔ signed binding rejects tampered revocationVersion (2.432ms)
✔ signed binding rejects tampered formatVersion (0.736083ms)
✔ signed but unexpected issuer/subject are rejected; signatures from another key fail (2.712209ms)
✔ reject altered signature bytes, padded/noncanonical base64url, DER and wrong hash algorithm (2.612334ms)
✔ no production private JWK and no mutation of injected allowlist after construction (1.908917ms)
✔ future issuedAt, inverted time interval and expiry at the exact boundary reject new Pro (9.117667ms)
✔ impossible calendar dates and missing timestamp zones are rejected even when signed (2.52525ms)
✔ signed metadata cannot establish trusted verification or extend grace (6.336042ms)
✔ offline 72h inclusive boundary, +1ms fallback and no expiry extension (13.89025ms)
✔ offline reload keeps verification age; explicit trusted refresh reopens new Pro (6.559083ms)
✔ wall rollback freezes Pro across reload; monotonic elapsed time expires a frozen wall (133.816208ms)
✔ submillisecond clock observations preserve elapsed monotonic time (17.739875ms)
✔ monotonic rollback freezes Pro; trusted timestamp must not precede durable high water (5.404083ms)
✔ revocation is signed, bound, monotonic and durable; newer signed license may restore Pro (19.253166ms)
✔ cached claims and signed revocation are reverified; a persisted verification label grants nothing (43.396792ms)
✔ free and Pro limits clamp without changing template; signed features gate capabilities (9.813042ms)
✔ free template admission counts distinct IDs, permits revisions, rejects concurrent second template and allows delete/resave (0.4855ms)
✔ public admitTemplate accepts SaveTemplateRequest and returns the quota for the storage transaction (2.723167ms)
✔ repository revision history consumes no additional quota and survives head deletion (1.731167ms)
✔ Pro admission at 49/50/51 serializes template count and rejects stale or forged snapshots (15.271916ms)
✔ freshness checked inside template transaction after expiry or offline grace ends (54.638166ms)
✔ approved run remains frozen after expiry/revocation; sealed records, exports and retention are untouched (16.22275ms)
✔ frozen byte oracle preserves Chinese, zero, false, empty and null (13.173333ms)
✔ hostile JSON cannot enter hashes or durable protocol (0.499791ms)
✔ strict wire shapes reject unknown keys and unsafe integers (2.696208ms)
✔ ignoring a control revision never ignores epoch/document identity (0.198375ms)
✔ stop commit before dispatch forbids any new external call (65.102917ms)
✔ dispatch commit grants exactly one call even if stop subsequently commits (3.948208ms)
✔ a worker restart freezes a dispatched gap, holds slot and never repeats start (17.339166ms)
✔ actual sender, optional grant and immutable command ID are enforced (13.559458ms)
✔ stop repeats historical ACK; fencing cannot free the target slot by itself (5.071042ms)
✔ schema uses exactly frozen ten stores, explicit-key paths and sparse tagged indexes (4.886791ms)
✔ no native IDB in Node is reported as unavailable; storage entry exports factory (0.363375ms)
✔ immutable template save CAS, exact duplicate, hash lookup and name-only CAS (26.638625ms)
✔ template admission hook uses same transaction and cannot overwrite immutable revision (9.082833ms)
✔ beginPage permits preparing run, reserves exact command key and idempotently reACKs (7.135542ms)
✔ stage rejects undispatched reservation and atomically aborts open snapshot (7.193916ms)
✔ three batches: first two durable ACKs, third exact-byte failure hides whole page (21.853084ms)
✔ exact staged duplicate does not add bytes; conflicting valid digest aborts page (10.780333ms)
✔ host/epoch/target mismatch is rejected without aborting rightful open page (4.698041ms)
✔ admission cannot bypass transaction reread of cancellation (132.214625ms)
✔ stage may acknowledge authenticated raw frames before end; seal requires complete end (25.824541ms)
✔ seal recomputes all six rows; prefix-only signature fails (16.943459ms)
✔ batch gap, record key/field mismatch, and raw-end evidence mismatch reject (210.414708ms)
✔ stop wins before seal; seal wins before stop and preserves historic original ACK (78.872834ms)
✔ run revision and authenticated host registration cannot be bypassed (15.542125ms)
✔ reader pins freeze watermark/count, paginate long typed values, and reject other cursors (30.916416ms)
✔ zero-batch empty page requires authenticated allowed-empty proof (37.38325ms)
✔ repeated full page signature without end is rejected and left invisible (36.005375ms)
✔ whole-page run limits, two pending ACKs, profile budget and injected disk quota (52.509208ms)
✔ delete refuses active owner/read pin/open job/unknown attempt and tombstones retired data (34.616458ms)
✔ retention defaults seven days, preserves active runs and raw migration duplicates (10.709792ms)
✔ shared authority-issued SDK context interoperates with atomic storage raw receipt and device CAS (17.31825ms)
✔ creation dispatch commits before one exact bootstrap create; retries do not create again (12.631375ms)
✔ creation callback gap freezes slot, never infers never-created or blindly retries (3.792458ms)
✔ bootstrap registers real tab/document before at-most-one navigation dispatch; content spoof rejected (9.826041ms)
✔ stop before bootstrap navigation prevents location authorization (3.983666ms)
✔ formal target binds only real same-origin new document after navigation (6.111125ms)
✔ formal run cannot borrow activeTab instead of optional grant (6.841958ms)
✔ retirement remove + separate not-found evidence releases only matching slot once; old replay cannot clear new run (3.724583ms)
✔ cross-session numeric tab id is never queried or removed and slot remains frozen (4.59175ms)
✔ generic tabs.get failure cannot prove absence (3.437167ms)
✔ prepared/submissionCount=0 proves never-created; missing intent never releases (10.316958ms)
✔ bootstrap agent requests registration and navigation before exactly one assign (0.241709ms)
✔ complete synthetic checker fixture passes, including false/0 values; not a product test (85.342125ms)
✔ missing original case and missing explicit additional case cannot be hidden (132.450375ms)
✔ dropping or replacing the original ledger denominator rejects (98.676416ms)
✔ component/prototype pass and a foreign package cannot count as native acceptance (111.632584ms)
✔ source/package drift and changed per-case expected contract reject (166.995959ms)
✔ accepted marker alone, skipped result and missing raw evidence reject (60.321334ms)
✔ missing or duplicate environment observation and unbound browser binary reject (70.729458ms)
✔ each cleanup counter must return to an explicit resource baseline (49.494584ms)
✔ 1000 unique mixed rounds, all five outcomes, reconnects and disabled plugins are required (152.667959ms)
✔ B05 requires 100 calls with one admission/run/op/HTTP write and no controller (28.486458ms)
✔ all four crash points preserve identity; unknown effects cannot be replayed (37.387333ms)
✔ download accepted is insufficient without complete and an actual disk hash reference (34.720041ms)
✔ Worker termination evidence must meet approved3s and preserve borrowed pages (36.54375ms)
✔ historical failures remain open without case evidence; self-review or reversed review order rejects (64.468625ms)
✔ current real ledger readiness preserves original603 and every current explicit additional case without changing gate state (64.033208ms)
✔ read-only filesystem check rejects actual raw evidence and declared source tampering (113.682041ms)
✔ read-only filesystem check rejects tampering with the approved603 specification (23.569625ms)
✔ each successful campaign observation must satisfy its predicate; one good result cannot hide failure (59.275167ms)
✔ renaming records cannot duplicate one physical campaign occurrence (35.869083ms)
✔ supplemental contracts are required and original/additional IDs cannot overlap (49.281792ms)
✔ reviews bind the entire evidence snapshot, predecessor report and normalized identity with one role each (81.085667ms)
✔ artifact payload/descriptor and disk hashes, lengths and run identity must agree (61.681042ms)
✔ malformed nullable references, observations, environments and reviews yield structured rejection (94.674958ms)
✔ parsed review reports cannot hide missing nested evidence references (36.559292ms)
✔ actual WXT AST exposes exact CP1/CP2/CP4/storage and native KV observation ranges (688.881ms)
✔ storage cut rejects missing or ambiguous immutable source anchors (157.255917ms)
✔ native KV submission selector refuses a changed or duplicate native put (234.80325ms)
✔ unknown must expose only the original public request reference (1.326625ms)
✔ bounded slices add prerequisites while retaining the full required case list (0.366791ms)
✔ preparation retains the frozen denominator and binds its actual helper bytes (31.152833ms)
✔ fresh owned process observation permits fallback cleanup (0.502583ms)
✔ fallback refuses reusedPid (0.106083ms)
✔ fallback refuses foreignParent (0.054ms)
✔ fallback refuses foreignExecutable (0.046084ms)
✔ fallback refuses foreignProfile (0.056042ms)
✔ fallback refuses absent process and missing mock keychain (0.058208ms)
✔ Chrome JSON hop retains undefined, falsy values, nested presence and business PageBrigeCode (1.270666ms)
✔ outcome protocol separates actual errors from all user business objects (0.485417ms)
✔ encoder rejects unsupported values, cycles and getters without evaluating a getter (0.215166ms)
✔ decoder rejects forged tags, duplicate fields and byte limits; prototype names remain inert data (3.118792ms)
✔ typed canonical input is stable across key order and distinguishes missing from undefined (0.144334ms)
✔ Base64 string API preserves UTF-8 and rejects malformed Base64 and UTF-8 (1.76ms)
✔ REGRESSION-R3-host-gone: document loss persists retirement without requiring the old host (9.724917ms)
✔ REGRESSION-R4-control-states: late stop preserves an existing retirement (0.704667ms)
✔ REGRESSION-R4-control-states: session recovery preserves a durable retirement (0.706791ms)
✔ REGRESSION-R5-terminal-fence-gap: every committed terminal has a durable retirement (0.596375ms)
✔ REGRESSION-R6-false-completion: caller naturalEnd cannot complete an unbound run (0.495125ms)
✔ REGRESSION-R8-journal-key-collision: a caller command ID cannot replace host metadata (7.941625ms)
✔ generic APIs prepare committed typed values without templates, Blob creation or native dispatch (163.25525ms)
✔ generic host reads artifact, creates Blob, dispatches once and settles via real callback/listeners/search lifecycle (34.398ms)
✔ generic preparation rejects forged namespace, wrong result/principal/current host session and actual sender before writing (20.223125ms)
✔ generic prepare transaction rechecks durable host revocation/result replacement/tombstone and rolls back all writes (37.921542ms)
✔ generic data uses canonical explicit blocks with exact 8MiB/64 limits and independent integrity checks (902.015291ms)
✔ generic attempt request dedupes, prevents simultaneous retries and reused/foreign Blob URLs (9.5975ms)
✔ generic dispatch ACK gap never replays; native mapping unknown and deadline release keep disk hash unverified (6.061ms)
✔ generic current-document registration is rechecked inside attempt, read and dispatch transactions (12.460083ms)
✔ generic tombstone/abandon uses existing lifecycle and reader pin gates existing repository deletion (3.261667ms)
✔ generic missing issued namespace/principal fails closed and never derives authority from payload (2.00175ms)
✔ generic unsuccessful/missing wire results and legacy template entry points cannot manufacture artifacts (8.075625ms)
✔ generic immutable result and artifact chunks are rechecked before attempt transaction commits (17.677541ms)
✔ generic onCreated is not completion; wrong native identity and callback/search conflicts cannot certify delivery (21.197209ms)
✔ generic native interruption/runtime.lastError use shared failure/unknown states and never resubmit (9.244208ms)
✔ generic explicit fresh retry shares job/artifact; late evidence cannot release the new active reader pin (8.486333ms)
✔ generic later registered document exports stable namespace history without acquiring the old run owner (3.500292ms)
✔ generic abandonRun fences timed-out retry history so shared repository deletion does not strand old attempts (10.239333ms)
✔ generic public reconcile uses actual sender; internal Chrome callback reconciliation survives owning host revocation (9.943666ms)
✔ generic completed immutable history exports after real new-session registration without replaying or adopting old download intents (12.468417ms)
✔ generic cross-session history rejects foreign namespaces, tampered principals, nonterminal runs and current-host session loss (46.549125ms)
✔ typed wire wrapper depth does not shorten the declared value depth budget (1.590166ms)
✔ R1: cyclic and malformed local schema references produce bounded typed rejection (0.391292ms)
✔ R1: long acyclic reference chains have a schema traversal depth budget (1.08775ms)
✔ R1: the inherited RulePlan resolves its nested local JSON pointer (3.346208ms)
✔ R2: closed shapes reject names inherited by the schema properties object (2.41175ms)
✔ R7: durable timestamps require an actual calendar date and explicit timezone (0.5085ms)
✔ SDK explicit regrant restores coherent epochs after SW restart without reviving old IDs (54.592167ms)
✔ SDK recovery reconciles atomic storage durable result before broker receipt and never replays it (3.566166ms)
✔ SDK restart at dispatched cut pauses its run with original unknown effect and no replacement (2.668042ms)
✔ B05 broker unknown error retains the original admission reference without replay or new writes (11.763833ms)
✔ SDK Hello needs native document/grant and never claims a controller slot (0.477ms)
✔ SDK grant and request payload cannot carry page authority/namespace/bare args (0.416167ms)
✔ SDK sender/document/lifecycle fences reject before any storage effect (0.437625ms)
✔ 100 same-ID concurrent persistent calls commit one effect and one result (29.397541ms)
✔ same ID with changed args or deadline conflicts and does not overwrite effect (3.610208ms)
✔ native session adapter preserves own undefined/false/0 across Chrome JSON storage (5.344666ms)
✔ durable session duplicate after authority restart does not resubmit native set (2.304833ms)
✔ native session failure records unknown dispatch and will not retry same write (1.455584ms)
✔ SW recovery fences dispatched write gap and retains original identity/deadline (1.499084ms)
✔ durable duplicate cannot extend original 15s service deadline (1.23ms)
✔ native permission remove then regrant cannot revive old request/grant (3.856666ms)
✔ observed navigation invalidates current page Hello and pending admission (117.729709ms)
✔ notification permission removal with empty origins revokes the affected grant (0.597916ms)
✔ notification native receipt and durable undefined survive delivery revocation (2.602667ms)
✔ successful HTTP business envelope remains data and stores native result before delivery (32.20775ms)
✔ SDK backend timer clamps to earlier caller deadline even for hung native callback (3.322125ms)
✔ same-ID changed args/method/original deadline reaches broker and explicitly delivers conflict (3.422041ms)
✔ timeout plus reused ID: old success or rejection cannot finish/delete replacement (1.090458ms)
✔ 100 same-ID same-digest real relay dispatches all reach product broker admission: serial oracle, not native B05 (135.114125ms)
✔ deadline, canonical codec and legitimate request ID hello remain exact at native boundary (0.282042ms)
✔ bad page fields/ACK errors never consume another entry; dispose clears timers and late callbacks (1.477458ms)
✔ one self-contained factory exposes explicit frozen wire profiles in a fresh realm (1.962125ms)
✔ host, fixed Worker runtime and generated harness preserve the same literal values (26.703167ms)
✔ semantic violations are refused in every entry, without executing accessors (47.730709ms)
✔ profile decoder errors retain their codes and reject getters, Symbols and invalid strings (0.317958ms)
✔ foreign-realm tagged wires preserve original decode behavior and the Chrome JSON hop (1.183084ms)
✔ UTF-8 byte boundaries and inclusive depth 12 remain identical across generated and Worker paths (20.185667ms)
✔ generated harness embeds the shared factory, with no imports or host constructors (1.163334ms)
✔ a factory captures serialization intrinsics before user global patches (0.651875ms)
✔ CMP11-API01/02/03/04: bound constructors, immutable pins and independent owners (4.827792ms)
✔ CMP10-API05/06 and CMP01-API36: raw callbacks and raw execute never dispatch (0.432209ms)
✔ CMP10-API35: typed values and statement ignored args before registration (1.328333ms)
✔ CMP03-API34 and CORE-EVALUATE-EXPRESSION: explicit modes and no extra parameters (0.331584ms)
✔ CMP02-API12/13-LIMIT: Worker DOM snapshots reject; serialized alternatives preserve null/[] (0.32775ms)
✔ NAV01 + ChromeElement: only attested navigation advances root; old element/keyboard sequence stay bound (0.53475ms)
✔ CTRL owner fencing: stop/deadline/host-close settle pending once; stale request never rebinds new ctx (1.186292ms)
✔ Private Worker port: global fake peer, wrong owner, wrong correlation and reply replay cannot settle (66.317834ms)
✔ Host relay rejects cross-owner/old revision/old target before the shared transport (0.467958ms)
✔ typed depth 4: params, operation args and immutable result survive wider JSON envelopes (42.49575ms)
✔ typed depth 5: params, operation args and immutable result survive wider JSON envelopes (15.904375ms)
✔ typed depth 6: params, operation args and immutable result survive wider JSON envelopes (21.09375ms)
✔ typed depth 7: params, operation args and immutable result survive wider JSON envelopes (85.656375ms)
✔ typed depth 8: params, operation args and immutable result survive wider JSON envelopes (80.210708ms)
✔ typed depth 9: params, operation args and immutable result survive wider JSON envelopes (42.550875ms)
✔ typed depth 10: params, operation args and immutable result survive wider JSON envelopes (16.495959ms)
✔ typed depth 11: params, operation args and immutable result survive wider JSON envelopes (19.554958ms)
✔ typed depth 12: params, operation args and immutable result survive wider JSON envelopes (31.893041ms)
✔ JSON envelope depth 48 never widens the typed depth-12 admission/result/args budgets (5.922792ms)
✔ controller script deletion is CAS tombstone only; GC waits for terminal, Worker and target retirement (36.161667ms)
✔ deleted or hash-invalid scripts abort controller admission without run, slot or pin (3.299917ms)
✔ each controller lease pin binding is required; forged retired lease cannot authorize GC (17.395ms)
✔ recovery upgrades old terminal lease bindings without reviving its result, Worker or slot (5.451792ms)
✔ public authority commits exact UTF8/headCAS and pins r1 while head advances to r2 without templates (15.198833ms)
✔ borrowed child frame is observed exactly; sibling commits do not fence it; top replacement does (23.536791ms)
✔ worker retirement gates durable result then borrowed release, without closing borrowed tab (7.073083ms)
✔ owned retirement closes only exact created tab after durable terminal commit (8.874166ms)
✔ new registered host reads old namespace result without acquiring its owner or replaying (4.978875ms)
✔ permission removal matches exact origin patterns and remains fenced after regrant (2.503959ms)
✔ user-script lookup failure without native effect fails terminal and retires controller (6.460208ms)
✔ native rejection after submission without receipt stays unknown and cannot replay (5.851292ms)
✔ native receipt survives post-dispatch permission loss; request is never resubmitted (6.454167ms)
✔ public recovery pauses controller, holds slot and never replays committed source (2.501917ms)
✔ host port loss pauses while live context remains, but recovered missing host tab retires once (7.316917ms)
✔ public hostGone interruption retires borrowed target and exact pin once (3.378125ms)
✔ hostGone after completed result preserves the immutable result and finishes pending retirement (2.01525ms)
✔ SDK short persistent service completes while controller owns the same unique slot (7.815458ms)
✔ injected foundationClient registers once; forced harnessWorker termination precedes durable result and slot release (33.07225ms)
✔ dispatch allowlists reject malformed kind/method before any authority or native call (2.665417ms)
✔ packaged exact document injection, correlation and undefined use real registry; no reinjection/global mutation (7.362334ms)
✔ page session accepts trusted extension sender only, rejects spoof/changed replay and settles each execution once (11.390417ms)
✔ each dispatch is preceded by authority; revocation during suspension produces zero subsequent dispatches (2.105583ms)
✔ real current getScripts at dispatch and accept; false/undefined/business values strictly encoded with generator worlds (8.6405ms)
✔ switch observed unavailable is sticky across driver instances and results are retained before failing post permission (0.801083ms)
✔ user-script receipt must attest exact document/frame; malformed and user errors propagate (2.417166ms)
✔ navigation uses admitted pending phase, waits independently of old agent and preserves complete handoff binding (3.726166ms)
✔ navigation ignores another tab and wrong readiness document; timeout cleans every subscription (82.509292ms)
✔ navigation rejects unsupported options before dispatch and unauthorized redirect without handing off (0.970958ms)
✔ screenshot rejects fullPage/invisible exact tab and detects active-tab ABA during capture (0.985625ms)
✔ screenshot exact window success and raw receipt survive post-revocation (0.957917ms)
✔ cookie service uses observed store, correct projection/dedup, expires=0 and exact name/path deletion (4.083708ms)
✔ cookie batch preflight denies unauthorized URL and malformed/domain/partition input with no cookie write/read (1.82325ms)
✔ cookie remove native lastError is typed; ambiguous domain or partition observations never remove (1.520875ms)
✔ upload URL omits credentials, manually authorizes redirect and commits real chunks/file bytes (25.69525ms)
✔ upload denies cross-origin/downgrade/too many redirects/oversize/HTTP errors before DOM commit (3.973625ms)
✔ stop cancels real packaged waits/staging, late reply cannot deliver; fresh driver cleans original identity epoch (24.549917ms)
✔ result receipt survives forced stop; new-instance retirement removes borrowed registry resources without closing tab (2.556541ms)
✔ fixed packaged resources allow only current SDK entry; unlisted extension or remote code never creates nodes (1.318333ms)
✔ user wait cancellation uses only framework harness; deadline and pending authority failure fence late callbacks (44.683542ms)
✔ pagehide disposes listener, real wait and upload state; unknown operations create no session (8.542333ms)
✔ borrowed child frame keeps exact frame/document for registry, evaluation and fresh-instance cancellation (7.133833ms)
✔ borrowed child navigation/capture reject explicitly with zero native effects; wrong-frame result and replaced child are fenced (9.486791ms)
✔ CMP10-API35: generated function harness awaits and preserves falsy/undefined/business values (13.70925ms)
✔ CMP10-API35-ERR/LIMIT: generated user failures are typed; no lexical closure/native result fallback (7.822792ms)
✔ CMP03-API34 and CORE-EVALUATE-EXPRESSION: correct worlds, async statement, exact values and syntax error (38.98675ms)
✔ CMP03-API26: pending predicates time out and canceled waits clear the real timer/map (24.637125ms)
✔ SVC cookie reads use exact URL; no public-suffix or neighboring-domain expansion (2.161875ms)
✔ SVC cookie batch preserves explicit expiry/default session and Host-prefix rules (9.4175ms)
✔ SVC cookie removal awaits all callbacks and checks each permission (8.932292ms)
✔ SVC Chrome lastError and missing cookie callbacks are typed failures (0.332584ms)
✔ SVC fixed injection requires exact doc and correct resource/world before Chrome call (0.275167ms)
✔ SVC notification click has no page URL, clears once, close/late events do not resettle (0.365208ms)
✔ CMP13 real loopback four HTTP methods, body and serializable projection (27.804167ms)
✔ CMP13 real response false retained (4.354209ms)
✔ CMP13 real response zero retained (0.848709ms)
✔ CMP13 real response null retained (0.744334ms)
✔ HTTP vs network vs bad JSON/UTF8 typed errors and restricted error response (2.54225ms)
✔ denied URL and config have zero real HTTP; native grant rechecked post response (0.892709ms)
✔ private native receipt hook persists HTTP fact before post revocation, not normalized checkServer result (1.212292ms)
✔ manual redirect never follows unauthorized destination (0.727625ms)
✔ actual abort during stalled body/HTTP, size budget and caller cancellation (84.567125ms)
✔ backend 15s budget independent from client timeout and earlier native deadline (1.435208ms)
✔ stalled pre/post native permission validation still obeys driver deadline without replay (47.499583ms)
✔ server checks real observable success/failure and never reports opaque available (27.705292ms)
✔ external IP info disabled default and never calls original external endpoint in tests (0.142416ms)
✔ notification true callback wait, lastError refusal and pre/post authorization (0.968917ms)
✔ service HTTP result preserves business object inside response.data rather than outer authority (2.505375ms)
✔ RESOURCE fixed SDK allowlist has exactly two files; source entry consumes migrated modules (4.878083ms)
✔ RESOURCE project MIT notice is byte-identical to frozen original; no copied vendor resource (2.850334ms)
✔ production actual fixed MAIN bundle reevaluates intact own globals and refreshes Hello (15.611167ms)
✔ development actual fixed MAIN bundle reevaluates intact own globals and refreshes Hello (8.2575ms)
✔ typed error projection preserves original reference and existing details without leaking internal fields (0.831416ms)
✔ window transport rejects original promise once with the wire reference and releases its pending timer (0.769125ms)
✔ Hello incarnation: relay-timeout cannot replace fresh success (8.93625ms)
✔ Hello incarnation: relay-timeout cannot replace fresh denial (2.125084ms)
✔ Hello incarnation: late-success cannot replace fresh success (2.158917ms)
✔ Hello incarnation: late-success cannot replace fresh denial (0.771ms)
✔ Hello incarnation: late-failure cannot replace fresh success (3.415042ms)
✔ Hello incarnation: late-failure cannot replace fresh denial (1.795584ms)
✔ a request ID named hello uses the final-result channel, never Hello readiness (2.126417ms)
✔ uncorrelated Ready events do not settle a current Hello; pagehide is terminal (0.246084ms)
✔ production exact fixed MAIN/ISOLATED bundles correlate every reinjected Hello (19.887125ms)
✔ development exact fixed MAIN/ISOLATED bundles correlate every reinjected Hello (16.62225ms)
✔ exact review reproducer: two fresh evaluations reuse frozen globals and perform new Hello (9.706583ms)
✔ fresh native Hello updates expanded/shrunken grant subset and refuses failed regrant (8.992041ms)
✔ reinjection preserves old pending legacy callback and stable ChromeBridgeEvents (7.350167ms)
✔ overlapping reinjections serialize fixed Hello so late old callback cannot supply fresh grant (4.026ms)
✔ hostile immutable public fake brand, slot, aliases and accessor conflicts fail closed (0.261792ms)
✔ dispose and pagehide are terminal: fresh evaluation cannot resurrect immutable installation (3.817417ms)
✔ borrowed lifecycle and forged function toString cannot impersonate ownership of a different global (0.2405ms)
✔ CMP15 callback preserves false (3.38775ms)
✔ CMP15 callback preserves 0 (0.365583ms)
✔ CMP15 callback preserves undefined (0.641375ms)
✔ CMP15 callback preserves null (0.294708ms)
✔ CMP15 callback preserves  (4.643667ms)
✔ CMP15 callback preserves 0 (4.324042ms)
✔ CMP15 callback preserves  (0.826291ms)
✔ CMP15 callback preserves [object Object] (0.972791ms)
✔ CMP15 inner business error business denied remains original rejection (3.358041ms)
✔ CMP15 inner business error [object Object] remains original rejection (0.712417ms)
✔ CMP15 inner business error null remains original rejection (0.64975ms)
✔ CMP15 inner business error undefined remains original rejection (0.608208ms)
✔ CMP15 inner business error false remains original rejection (3.685917ms)
✔ CMP15 inner business error 0 remains original rejection (1.484833ms)
✔ CMP15 malformed Base64 / UTF8 / JSON settle once with typed stage and no pending (2.264959ms)
✔ CMP15 unicode legacy Base64 callback and ACK never settle early (1.448875ms)
✔ CMP15 old ChromeBridgeEvents facade is observable but cannot lose private pending settlement (1.902458ms)
✔ B03 client deadline and document dispose clean original pending once (12.270292ms)
✔ CMP07 AppStorage String semantics and AppLocal typed presence cross codec (1.392667ms)
✔ CMP13 four HTTP facades preserve call shape (0.179ms)
✔ schema/config/business refusal dispatches nothing (0.375083ms)
✔ CMP14 notifications preserve desc rules with typed null/body errors (0.111167ms)
✔ CMP14 server results use latency order, input ties and all-failed null (0.182ms)
✔ CMP08 strict compact JSON never runs code; wrapAsync is only source transformation (0.10875ms)
✔ CMP08 DeviceType, UA priority, unsupported native/fingerprint, delegated ID (0.441667ms)
✔ CMP08 UtilInfo stays idle until explicit call and keeps original URL (0.059875ms)
✔ events retain old strings and route lifecycle solely to injected RunHost (0.070541ms)
✔ sleep resolves undefined and abort removes timer (2.852292ms)
✔ SDK install conflicts never overwrite page functions; same installation is idempotent (0.542208ms)
✔ Hello cannot be ready from partial or wrong-version allowlist (1.242417ms)
✔ fixed MAIN to ISOLATED fixture preserves typed args/result, no controller or page authority (1.651333ms)
✔ CMP10/B01 business PageBrigeCode/ok/error fields survive real JSON hop inside data (0.814833ms)
✔ Hello grant subset permits its methods and rejects other calls before native request (0.1765ms)
✔ fixture 100 concurrent original promises once settle; not native B05 evidence (17.943334ms)
✔ relay rejects page claims and raw script without native dispatch (1.433333ms)
✔ native typed authority/transport failure is outer error; business remains inner (0.64525ms)
✔ service dispatcher delegates storage and atomic device context without namespace from page (0.157958ms)
✔ K5 fixed SDK/control and resource closure validates actual production package (271.113166ms)
✔ K5 production Worker exception rejects eval/Function aliases and reflective extra constructors (981.291917ms)
✔ K5 fixed SDK/control and resource closure validates actual development package (132.757416ms)
✔ K5 development Worker exception rejects eval/Function aliases and reflective extra constructors (1134.01475ms)
✔ K5 fixed SDK files remain subject to privileged dynamic-execution scanner (1890.801292ms)
✔ K5 privileged and opaque CSP mutations cannot broaden execution (596.192542ms)
✔ K5 manifest exposes only SDK MAIN as an exact web accessible resource (917.705292ms)
✔ K5 every HTML is scanned and Worker cannot become a privileged script entry (2888.191083ms)
✔ K5 required sandbox/Worker/icon/MIT and unknown assets fail closed (1797.902417ms)
✔ K5 remote JS scanner distinguishes data URLs ending json/jsp without accepting scripts (0.391875ms)
✔ K5 WXT shell regressions still reject ESM and lazy chunk loading (0.389917ms)
✔ K5 additional manifest resources, CSS script consumers and remote maps are rejected (546.137583ms)
✔ 72 source identities/hashes and all 48 symbols survive the plan correction (1.59325ms)
✔ each current mapped capability has concrete source, semantics, dependency and cases (1.971708ms)
✔ frozen denominator lists supported and restricted contracts separately from exclusions (1.365875ms)
✔ stage0 gate cannot borrow historical design scores and product flags require their own evidence (1.583792ms)
✔ stage0 manifest hashes cover frozen plan, mapping, differences, cases and inherited contracts (5.847ms)
ℹ tests 413
ℹ suites 0
ℹ pass 413
ℹ fail 0
ℹ cancelled 0
ℹ skipped 0
ℹ todo 0
ℹ duration_ms 11927.327208
