✔ concurrent window requests create once; new worker discovers existing window (11.951792ms)
✔ tool sender rejects foreign id, URL, frame, inactive document and missing document (0.199041ms)
✔ URL policy rejects restricted/file/credentials and preserves exact origin including port (0.212709ms)
✔ health waits for sender readiness and binds Chrome document metadata, not file result (2.248625ms)
✔ revoked permission blocks even previously installed agent (1.296084ms)
✔ reload, cross-origin and closed tab reject bound target without automatic reinjection (3.389875ms)
✔ forged health nonce and fake sender cannot satisfy exact target (3.009625ms)
✔ missing module has no capabilities or runner and can be mounted/disposed (0.227458ms)
✔ focus failure while original exists must not create another tool window (0.13275ms)
✔ window API query failure is not evidence that the existing window disappeared (0.18075ms)
✔ unknown authorization mode is rejected before another injection (0.998125ms)
✔ permission revoke reports permission failure even when Chrome hides tab URL (1.288375ms)
✔ permission revoked during tabs.get is diagnosed before inspecting its hidden URL (1.758542ms)
✔ repeated agent ready preserves optional authorization and cannot bypass revoke (2.089209ms)
✔ same-document concurrent binding resolves all readiness waiters (2.984125ms)
✔ document invalidation and revoke while awaiting reply reject late health success (0.426417ms)
{"kind":"historical-package-mutation","expectedPattern":"Dynamic execution reference","actualError":"Dynamic execution reference in agents/health.js: eval"}
{"kind":"historical-package-mutation","expectedPattern":"Dynamic execution reference","actualError":"Dynamic execution reference in agents/health.js: Function"}
✔ final classic scanner rejects eval alias and function-constructor references (678.987958ms)
{"kind":"historical-package-mutation","expectedPattern":"ENOENT|Missing","actualError":"Missing required resource: ui/tool-shell.css"}
✔ final package cannot omit a referenced local asset (204.350959ms)
{"kind":"historical-package-mutation","expectedPattern":"Unsafe HTML","actualError":"Unsafe HTML resources in ui/tool.html"}
{"kind":"historical-package-mutation","expectedPattern":"Unexpected JS","actualError":"Unexpected JS/chunks: agents/bootstrap.js,agents/health.js,agents/page-agent.js,agents/page-relay.js,agents/selection-entry.js,chunk.js,framework/sdk-main.js,scripting/packaged/page-session.js,scripting/sandbox/sandbox.js,scripting/sandbox/worker-runtime.js,sw.js,ui/tool-shell.js"}
✔ remote script and unexpected lazy chunk fail final package verification (405.523458ms)
{"kind":"historical-package-mutation","expectedPattern":"Missing|required|ENOENT","actualError":"Missing required resource: ui/tool.html"}
{"kind":"historical-package-mutation","expectedPattern":"worker|entry|Missing","actualError":"Unexpected or missing worker entry"}
✔ final package requires tool HTML/CSS and manifest worker references (256.48925ms)
✔ prepare pins a watermark and persists byte hash; external descriptors satisfy frozen schema (13.78075ms)
✔ partial export requires confirmation; request IDs bind immutable intent (1.999625ms)
✔ host registration mismatch and tombstones reject creation/dispatch (1.704917ms)
✔ double dispatch and reconstructed service invoke Chrome at most once (5.695875ms)
✔ ACK-gap after durable dispatch does not replay and becomes mapping_unknown (2.779916ms)
✔ short dispatch ACK does not wait for callback and cannot be resubmitted (1.589833ms)
✔ onCreated/search deduplicates an ID and started is not delivery complete (4.254834ms)
✔ multiple full-identity candidates conflict and never redownload (3.165625ms)
✔ known callback ID is authoritative; another candidate conflicts rather than replacing it (5.054958ms)
✔ wrong URL/extension/time and missing fields never bind by filename (2.464125ms)
✔ clock rollback cannot bind unique-looking mapping evidence (1.245625ms)
✔ onChanged complete must be confirmed by ID search; interrupted keeps Chrome reason (3.556208ms)
✔ 10-minute timeout is unknown; late complete resolves only its original job (5.3555ms)
✔ retry freezes old prepared submission; duplicate retry returns same new job (5.994125ms)
✔ multi-volume aggregate waits for every volume and releases pin only when all are releasable (5.277542ms)
✔ single abandoned volume causes delivery_failed; late evidence cannot revive it (3.676375ms)
✔ explicit job abandon and run tombstone retain late audit without resurrecting projection (6.8115ms)
✔ lost callback can recover via unique full URL; finite mapping search throttles repeated observations (2.901583ms)
✔ URL revoke waits for complete/interrupted/abandon or deadline and respects local reader pins (1.828458ms)
✔ deadline URL release preserves metadata and completion evidence after host resources disappear (4.414708ms)
✔ attach is idempotent; restart pending reconciliation never dispatches (2.190709ms)
✔ top-level broker handlers work without attach and confirm changed state through search (3.283041ms)
✔ callback-only Chrome API persists authoritative ID and handles runtime.lastError as unknown (2.118833ms)
✔ conflict retains its Blob through deadline; pending audits stop after the deadline bound (5.128583ms)
✔ deletion hook requires retirement proof and releases compatible storage reader pins before tombstone (3.4955ms)
✔ shared repository reads through export pin and deletes descriptor/chunk rows only after fence and abandonment (4.922625ms)
✔ tests/foundation/page-port-fixtures.test.mjs (53.589583ms)
✔ frozen fixture full plan validates; recomputed broader selector/caps hash does not grant authority (25.7835ms)
✔ stop after dispatched commit still permits exactly one fixed Chrome invocation; revised identity never replayed (18.063625ms)
✔ post-dispatch epoch/target/grant fences prevent stale Chrome use (23.435625ms)
✔ script or command callback failure records unknown and cannot be blindly retried (10.415708ms)
✔ raw reception is durable but frame ACK requires matching staged rows, then full end signature is stored (15.216ms)
✔ duplicate frame does not emit again; conflicting digest durably blocks whole page (12.807084ms)
✔ actual sender document defeats payload identity spoof; stop rejects new raw data (6.406542ms)
✔ raw backpressure refuses a second unacked frame; full signature includes changed sixth row (10.902709ms)
✔ fixed raw DOM reader retains long text, explicit empty string and optional missing attr without transforms (4.514291ms)
✔ packaged DOM agent returns short ACK before stream, awaits explicit frame ACK, then emits complete signature (4.095416ms)
✔ page transport sends its first frame before starting the EOF signature hash (5.54425ms)
✔ run-scoped submit/raw/effect journals preserve both runs and stay outside the unique command index (27.076416ms)
✔ raw frame and ACK never infer a missing run or accept a command with a rewritten revision (3.274333ms)
✔ negative fixed-agent receipt is unknown and its run-scoped submission cannot replay (5.442ms)
✔ packaged agent and page port exchange a durable run-bound ACK before saving the complete EOF (10.44525ms)
✔ agent command and ACK namespaces separate equal command IDs and digests across runs (4.97175ms)
✔ single-use real action ticket binds actual source document, no run/records/slot created (5.305958ms)
✔ new operation durably cancels old; old source result audited and rejected, new result goes only to original host (8.605083ms)
✔ cancel/release are durable before cleanup; duplicate release cannot mutate context (19.281ms)
✔ preview samples at most ten full raw rows using shared plan binding and iterator ACK; no records written (22.400417ms)
✔ placeholder SelectorUI reports MODULE_NOT_INSTALLED, never fabricates selected status (1.971084ms)
✔ production allowlist is empty; unsigned self-reports and unknown keys never become Pro (9.767708ms)
✔ real P256/SHA256 P1363 signature; independent Node crypto oracle and claim hash (7.474084ms)
✔ signed binding rejects tampered tier (1.617833ms)
✔ signed binding rejects tampered issuer (1.875333ms)
✔ signed binding rejects tampered subject (2.374417ms)
✔ signed binding rejects tampered audience (2.390458ms)
✔ signed binding rejects tampered features (3.679042ms)
✔ signed binding rejects tampered issuedAt (4.420708ms)
✔ signed binding rejects tampered expiresAt (2.990083ms)
✔ signed binding rejects tampered keyId (2.047542ms)
✔ signed binding rejects tampered revocationVersion (4.102208ms)
✔ signed binding rejects tampered formatVersion (1.346792ms)
✔ signed but unexpected issuer/subject are rejected; signatures from another key fail (5.132709ms)
✔ reject altered signature bytes, padded/noncanonical base64url, DER and wrong hash algorithm (5.33ms)
✔ no production private JWK and no mutation of injected allowlist after construction (4.668ms)
✔ future issuedAt, inverted time interval and expiry at the exact boundary reject new Pro (16.152708ms)
✔ impossible calendar dates and missing timestamp zones are rejected even when signed (3.384167ms)
✔ signed metadata cannot establish trusted verification or extend grace (15.70675ms)
✔ offline 72h inclusive boundary, +1ms fallback and no expiry extension (14.333333ms)
✔ offline reload keeps verification age; explicit trusted refresh reopens new Pro (6.887458ms)
✔ wall rollback freezes Pro across reload; monotonic elapsed time expires a frozen wall (17.727709ms)
✔ submillisecond clock observations preserve elapsed monotonic time (16.969958ms)
✔ monotonic rollback freezes Pro; trusted timestamp must not precede durable high water (12.182917ms)
✔ revocation is signed, bound, monotonic and durable; newer signed license may restore Pro (17.435542ms)
✔ cached claims and signed revocation are reverified; a persisted verification label grants nothing (8.411291ms)
✔ free and Pro limits clamp without changing template; signed features gate capabilities (11.653292ms)
✔ free template admission counts distinct IDs, permits revisions, rejects concurrent second template and allows delete/resave (0.49775ms)
✔ public admitTemplate accepts SaveTemplateRequest and returns the quota for the storage transaction (3.489834ms)
✔ repository revision history consumes no additional quota and survives head deletion (1.35225ms)
✔ Pro admission at 49/50/51 serializes template count and rejects stale or forged snapshots (15.099833ms)
✔ freshness checked inside template transaction after expiry or offline grace ends (9.988292ms)
✔ approved run remains frozen after expiry/revocation; sealed records, exports and retention are untouched (12.169ms)
✔ frozen byte oracle preserves Chinese, zero, false, empty and null (7.804375ms)
✔ hostile JSON cannot enter hashes or durable protocol (0.371708ms)
✔ strict wire shapes reject unknown keys and unsafe integers (4.564167ms)
✔ ignoring a control revision never ignores epoch/document identity (0.645292ms)
✔ stop commit before dispatch forbids any new external call (14.24325ms)
✔ dispatch commit grants exactly one call even if stop subsequently commits (4.079208ms)
✔ a worker restart freezes a dispatched gap, holds slot and never repeats start (6.182167ms)
✔ actual sender, optional grant and immutable command ID are enforced (8.644959ms)
✔ stop repeats historical ACK; fencing cannot free the target slot by itself (6.2745ms)
✔ schema uses exactly frozen ten stores, explicit-key paths and sparse tagged indexes (6.730958ms)
✔ no native IDB in Node is reported as unavailable; storage entry exports factory (0.388875ms)
✔ immutable template save CAS, exact duplicate, hash lookup and name-only CAS (35.912667ms)
✔ template admission hook uses same transaction and cannot overwrite immutable revision (12.389084ms)
✔ beginPage permits preparing run, reserves exact command key and idempotently reACKs (8.630208ms)
✔ stage rejects undispatched reservation and atomically aborts open snapshot (11.88825ms)
✔ three batches: first two durable ACKs, third exact-byte failure hides whole page (30.830334ms)
✔ exact staged duplicate does not add bytes; conflicting valid digest aborts page (16.587042ms)
✔ host/epoch/target mismatch is rejected without aborting rightful open page (7.02575ms)
✔ admission cannot bypass transaction reread of cancellation (6.030958ms)
✔ stage may acknowledge authenticated raw frames before end; seal requires complete end (20.7295ms)
✔ seal recomputes all six rows; prefix-only signature fails (18.109958ms)
✔ batch gap, record key/field mismatch, and raw-end evidence mismatch reject (26.369417ms)
✔ stop wins before seal; seal wins before stop and preserves historic original ACK (90.496375ms)
✔ run revision and authenticated host registration cannot be bypassed (14.769541ms)
✔ reader pins freeze watermark/count, paginate long typed values, and reject other cursors (36.445459ms)
✔ zero-batch empty page requires authenticated allowed-empty proof (18.186291ms)
✔ repeated full page signature without end is rejected and left invisible (31.044542ms)
✔ whole-page run limits, two pending ACKs, profile budget and injected disk quota (42.211834ms)
✔ delete refuses active owner/read pin/open job/unknown attempt and tombstones retired data (17.06725ms)
✔ retention defaults seven days, preserves active runs and raw migration duplicates (5.764042ms)
✔ shared authority-issued SDK context interoperates with atomic storage raw receipt and device CAS (58.110917ms)
✔ creation dispatch commits before one exact bootstrap create; retries do not create again (13.554459ms)
✔ creation callback gap freezes slot, never infers never-created or blindly retries (12.16875ms)
✔ bootstrap registers real tab/document before at-most-one navigation dispatch; content spoof rejected (10.289833ms)
✔ stop before bootstrap navigation prevents location authorization (7.842917ms)
✔ formal target binds only real same-origin new document after navigation (9.907292ms)
✔ formal run cannot borrow activeTab instead of optional grant (8.114375ms)
✔ retirement remove + separate not-found evidence releases only matching slot once; old replay cannot clear new run (4.927333ms)
✔ cross-session numeric tab id is never queried or removed and slot remains frozen (5.649958ms)
✔ generic tabs.get failure cannot prove absence (4.545208ms)
✔ prepared/submissionCount=0 proves never-created; missing intent never releases (15.8185ms)
✔ bootstrap agent requests registration and navigation before exactly one assign (0.222667ms)
✔ complete synthetic checker fixture passes, including false/0 values; not a product test (27.004709ms)
✔ missing original case and missing explicit additional case cannot be hidden (40.718333ms)
✔ dropping or replacing the original ledger denominator rejects (58.317125ms)
✔ component/prototype pass and a foreign package cannot count as native acceptance (78.7755ms)
✔ source/package drift and changed per-case expected contract reject (142.993041ms)
✔ accepted marker alone, skipped result and missing raw evidence reject (56.618917ms)
✔ missing or duplicate environment observation and unbound browser binary reject (123.826833ms)
✔ each cleanup counter must return to an explicit resource baseline (47.842416ms)
✔ 1000 unique mixed rounds, all five outcomes, reconnects and disabled plugins are required (108.532292ms)
✔ B05 requires 100 calls with one admission/run/op/HTTP write and no controller (29.920667ms)
✔ all four crash points preserve identity; unknown effects cannot be replayed (29.310667ms)
✔ download accepted is insufficient without complete and an actual disk hash reference (44.599083ms)
✔ Worker termination evidence must meet approved3s and preserve borrowed pages (61.4735ms)
✔ historical failures remain open without case evidence; self-review or reversed review order rejects (62.056375ms)
✔ current real ledger readiness preserves original603 and every current explicit additional case without changing gate state (50.273959ms)
✔ read-only filesystem check rejects actual raw evidence and declared source tampering (61.543083ms)
✔ read-only filesystem check rejects tampering with the approved603 specification (25.600125ms)
✔ each successful campaign observation must satisfy its predicate; one good result cannot hide failure (60.938959ms)
✔ renaming records cannot duplicate one physical campaign occurrence (31.916084ms)
✔ supplemental contracts are required and original/additional IDs cannot overlap (46.320958ms)
✔ reviews bind the entire evidence snapshot, predecessor report and normalized identity with one role each (67.33425ms)
✔ artifact payload/descriptor and disk hashes, lengths and run identity must agree (56.624917ms)
✔ malformed nullable references, observations, environments and reviews yield structured rejection (99.34175ms)
✔ parsed review reports cannot hide missing nested evidence references (40.112375ms)
✔ fresh owned process observation permits fallback cleanup (0.5455ms)
✔ fallback refuses reusedPid (0.107959ms)
✔ fallback refuses foreignParent (0.055375ms)
✔ fallback refuses foreignExecutable (0.050208ms)
✔ fallback refuses foreignProfile (0.053041ms)
✔ fallback refuses absent process and missing mock keychain (0.054292ms)
✔ Chrome JSON hop retains undefined, falsy values, nested presence and business PageBrigeCode (1.188959ms)
✔ outcome protocol separates actual errors from all user business objects (0.468833ms)
✔ encoder rejects unsupported values, cycles and getters without evaluating a getter (0.221208ms)
✔ decoder rejects forged tags, duplicate fields and byte limits; prototype names remain inert data (0.175666ms)
✔ typed canonical input is stable across key order and distinguishes missing from undefined (0.101667ms)
✔ Base64 string API preserves UTF-8 and rejects malformed Base64 and UTF-8 (0.358209ms)
✔ REGRESSION-R3-host-gone: document loss persists retirement without requiring the old host (5.843875ms)
✔ REGRESSION-R4-control-states: late stop preserves an existing retirement (0.727208ms)
✔ REGRESSION-R4-control-states: session recovery preserves a durable retirement (0.703708ms)
✔ REGRESSION-R5-terminal-fence-gap: every committed terminal has a durable retirement (0.560875ms)
✔ REGRESSION-R6-false-completion: caller naturalEnd cannot complete an unbound run (0.595708ms)
✔ REGRESSION-R8-journal-key-collision: a caller command ID cannot replace host metadata (7.529333ms)
✔ generic APIs prepare committed typed values without templates, Blob creation or native dispatch (100.402792ms)
✔ generic host reads artifact, creates Blob, dispatches once and settles via real callback/listeners/search lifecycle (18.818333ms)
✔ generic preparation rejects forged namespace, wrong result/principal/current host session and actual sender before writing (17.557208ms)
✔ generic prepare transaction rechecks durable host revocation/result replacement/tombstone and rolls back all writes (22.633792ms)
✔ generic data uses canonical explicit blocks with exact 8MiB/64 limits and independent integrity checks (873.8825ms)
✔ generic attempt request dedupes, prevents simultaneous retries and reused/foreign Blob URLs (7.168916ms)
✔ generic dispatch ACK gap never replays; native mapping unknown and deadline release keep disk hash unverified (4.54875ms)
✔ generic current-document registration is rechecked inside attempt, read and dispatch transactions (11.508334ms)
✔ generic tombstone/abandon uses existing lifecycle and reader pin gates existing repository deletion (3.166125ms)
✔ generic missing issued namespace/principal fails closed and never derives authority from payload (1.974334ms)
✔ generic unsuccessful/missing wire results and legacy template entry points cannot manufacture artifacts (10.01625ms)
✔ generic immutable result and artifact chunks are rechecked before attempt transaction commits (9.264291ms)
✔ generic onCreated is not completion; wrong native identity and callback/search conflicts cannot certify delivery (20.04225ms)
✔ generic native interruption/runtime.lastError use shared failure/unknown states and never resubmit (8.282458ms)
✔ generic explicit fresh retry shares job/artifact; late evidence cannot release the new active reader pin (6.515625ms)
✔ generic later registered document exports stable namespace history without acquiring the old run owner (3.177792ms)
✔ generic abandonRun fences timed-out retry history so shared repository deletion does not strand old attempts (5.672167ms)
✔ generic public reconcile uses actual sender; internal Chrome callback reconciliation survives owning host revocation (8.358333ms)
✔ generic completed immutable history exports after real new-session registration without replaying or adopting old download intents (7.748459ms)
✔ generic cross-session history rejects foreign namespaces, tampered principals, nonterminal runs and current-host session loss (21.896167ms)
✔ typed wire wrapper depth does not shorten the declared value depth budget (1.66725ms)
✔ R1: cyclic and malformed local schema references produce bounded typed rejection (0.553375ms)
✔ R1: long acyclic reference chains have a schema traversal depth budget (1.84875ms)
✔ R1: the inherited RulePlan resolves its nested local JSON pointer (5.848959ms)
✔ R2: closed shapes reject names inherited by the schema properties object (3.9965ms)
✔ R7: durable timestamps require an actual calendar date and explicit timezone (0.513666ms)
✔ SDK explicit regrant restores coherent epochs after SW restart without reviving old IDs (23.481834ms)
✔ SDK recovery reconciles atomic storage durable result before broker receipt and never replays it (4.074291ms)
✔ SDK restart at dispatched cut pauses its run with original unknown effect and no replacement (1.6545ms)
✔ B05 broker unknown error retains the original admission reference without replay or new writes (6.186916ms)
✔ SDK Hello needs native document/grant and never claims a controller slot (1.626792ms)
✔ SDK grant and request payload cannot carry page authority/namespace/bare args (1.129333ms)
✔ SDK sender/document/lifecycle fences reject before any storage effect (0.509542ms)
✔ 100 same-ID concurrent persistent calls commit one effect and one result (48.127125ms)
✔ same ID with changed args or deadline conflicts and does not overwrite effect (15.206667ms)
✔ native session adapter preserves own undefined/false/0 across Chrome JSON storage (17.14ms)
✔ durable session duplicate after authority restart does not resubmit native set (4.958625ms)
✔ native session failure records unknown dispatch and will not retry same write (0.930625ms)
✔ SW recovery fences dispatched write gap and retains original identity/deadline (1.5535ms)
✔ durable duplicate cannot extend original 15s service deadline (7.561417ms)
✔ native permission remove then regrant cannot revive old request/grant (17.474208ms)
✔ observed navigation invalidates current page Hello and pending admission (0.76975ms)
✔ notification permission removal with empty origins revokes the affected grant (0.401375ms)
✔ notification native receipt and durable undefined survive delivery revocation (2.629584ms)
✔ successful HTTP business envelope remains data and stores native result before delivery (22.882833ms)
✔ SDK backend timer clamps to earlier caller deadline even for hung native callback (1.554541ms)
✔ same-ID changed args/method/original deadline reaches broker and explicitly delivers conflict (10.182875ms)
✔ timeout plus reused ID: old success or rejection cannot finish/delete replacement (1.153167ms)
✔ 100 same-ID same-digest real relay dispatches all reach product broker admission: serial oracle, not native B05 (71.525084ms)
✔ deadline, canonical codec and legitimate request ID hello remain exact at native boundary (0.707666ms)
✔ bad page fields/ACK errors never consume another entry; dispose clears timers and late callbacks (0.270125ms)
✔ one self-contained factory exposes explicit frozen wire profiles in a fresh realm (1.924666ms)
✔ host, fixed Worker runtime and generated harness preserve the same literal values (26.064917ms)
✔ semantic violations are refused in every entry, without executing accessors (12.34775ms)
✔ profile decoder errors retain their codes and reject getters, Symbols and invalid strings (0.286125ms)
✔ foreign-realm tagged wires preserve original decode behavior and the Chrome JSON hop (1.154125ms)
✔ UTF-8 byte boundaries and inclusive depth 12 remain identical across generated and Worker paths (12.412083ms)
✔ generated harness embeds the shared factory, with no imports or host constructors (1.092209ms)
✔ a factory captures serialization intrinsics before user global patches (0.631ms)
✔ CMP11-API01/02/03/04: bound constructors, immutable pins and independent owners (2.488875ms)
✔ CMP10-API05/06 and CMP01-API36: raw callbacks and raw execute never dispatch (0.149416ms)
✔ CMP10-API35: typed values and statement ignored args before registration (0.986583ms)
✔ CMP03-API34 and CORE-EVALUATE-EXPRESSION: explicit modes and no extra parameters (0.304667ms)
✔ CMP02-API12/13-LIMIT: Worker DOM snapshots reject; serialized alternatives preserve null/[] (0.288709ms)
✔ NAV01 + ChromeElement: only attested navigation advances root; old element/keyboard sequence stay bound (0.54825ms)
✔ CTRL owner fencing: stop/deadline/host-close settle pending once; stale request never rebinds new ctx (1.096125ms)
✔ Private Worker port: global fake peer, wrong owner, wrong correlation and reply replay cannot settle (48.627792ms)
✔ Host relay rejects cross-owner/old revision/old target before the shared transport (1.063584ms)
✔ typed depth 4: params, operation args and immutable result survive wider JSON envelopes (34.468333ms)
✔ typed depth 5: params, operation args and immutable result survive wider JSON envelopes (23.47925ms)
✔ typed depth 6: params, operation args and immutable result survive wider JSON envelopes (19.998875ms)
✔ typed depth 7: params, operation args and immutable result survive wider JSON envelopes (21.013ms)
✔ typed depth 8: params, operation args and immutable result survive wider JSON envelopes (20.804459ms)
✔ typed depth 9: params, operation args and immutable result survive wider JSON envelopes (33.06ms)
✔ typed depth 10: params, operation args and immutable result survive wider JSON envelopes (18.33ms)
✔ typed depth 11: params, operation args and immutable result survive wider JSON envelopes (86.740209ms)
✔ typed depth 12: params, operation args and immutable result survive wider JSON envelopes (44.082458ms)
✔ JSON envelope depth 48 never widens the typed depth-12 admission/result/args budgets (10.149666ms)
✔ controller script deletion is CAS tombstone only; GC waits for terminal, Worker and target retirement (32.418416ms)
✔ deleted or hash-invalid scripts abort controller admission without run, slot or pin (3.138166ms)
✔ each controller lease pin binding is required; forged retired lease cannot authorize GC (7.933959ms)
✔ recovery upgrades old terminal lease bindings without reviving its result, Worker or slot (4.981708ms)
✔ public authority commits exact UTF8/headCAS and pins r1 while head advances to r2 without templates (7.102917ms)
✔ borrowed child frame is observed exactly; sibling commits do not fence it; top replacement does (22.718208ms)
✔ worker retirement gates durable result then borrowed release, without closing borrowed tab (7.725625ms)
✔ owned retirement closes only exact created tab after durable terminal commit (7.162292ms)
✔ new registered host reads old namespace result without acquiring its owner or replaying (3.049791ms)
✔ permission removal matches exact origin patterns and remains fenced after regrant (1.621ms)
✔ native receipt survives post-dispatch permission loss; request is never resubmitted (5.483084ms)
✔ public recovery pauses controller, holds slot and never replays committed source (2.334375ms)
✔ public hostGone interruption retires borrowed target and exact pin once (2.504375ms)
✔ hostGone after completed result preserves the immutable result and finishes pending retirement (2.743959ms)
✔ SDK short persistent service completes while controller owns the same unique slot (4.582ms)
✔ injected foundationClient registers once; forced harnessWorker termination precedes durable result and slot release (31.681709ms)
✔ dispatch allowlists reject malformed kind/method before any authority or native call (2.635042ms)
✔ packaged exact document injection, correlation and undefined use real registry; no reinjection/global mutation (7.019917ms)
✔ page session accepts trusted extension sender only, rejects spoof/changed replay and settles each execution once (8.45775ms)
✔ each dispatch is preceded by authority; revocation during suspension produces zero subsequent dispatches (0.685709ms)
✔ real current getScripts at dispatch and accept; false/undefined/business values strictly encoded with generator worlds (7.018625ms)
✔ switch observed unavailable is sticky across driver instances and results are retained before failing post permission (0.740833ms)
✔ user-script receipt must attest exact document/frame; malformed and user errors propagate (2.643708ms)
✔ navigation uses admitted pending phase, waits independently of old agent and preserves complete handoff binding (9.710959ms)
✔ navigation ignores another tab and wrong readiness document; timeout cleans every subscription (85.230667ms)
✔ navigation rejects unsupported options before dispatch and unauthorized redirect without handing off (1.53025ms)
✔ screenshot rejects fullPage/invisible exact tab and detects active-tab ABA during capture (1.009625ms)
✔ screenshot exact window success and raw receipt survive post-revocation (4.055042ms)
✔ cookie service uses observed store, correct projection/dedup, expires=0 and exact name/path deletion (6.211041ms)
✔ cookie batch preflight denies unauthorized URL and malformed/domain/partition input with no cookie write/read (1.892209ms)
✔ cookie remove native lastError is typed; ambiguous domain or partition observations never remove (1.551125ms)
✔ upload URL omits credentials, manually authorizes redirect and commits real chunks/file bytes (30.3965ms)
✔ upload denies cross-origin/downgrade/too many redirects/oversize/HTTP errors before DOM commit (3.546458ms)
✔ stop cancels real packaged waits/staging, late reply cannot deliver; fresh driver cleans original identity epoch (13.228416ms)
✔ result receipt survives forced stop; new-instance retirement removes borrowed registry resources without closing tab (1.626167ms)
✔ fixed packaged resources allow only current SDK entry; unlisted extension or remote code never creates nodes (1.153917ms)
✔ user wait cancellation uses only framework harness; deadline and pending authority failure fence late callbacks (42.873375ms)
✔ pagehide disposes listener, real wait and upload state; unknown operations create no session (6.508083ms)
✔ borrowed child frame keeps exact frame/document for registry, evaluation and fresh-instance cancellation (3.01625ms)
✔ borrowed child navigation/capture reject explicitly with zero native effects; wrong-frame result and replaced child are fenced (3.885ms)
✔ CMP10-API35: generated function harness awaits and preserves falsy/undefined/business values (10.756625ms)
✔ CMP10-API35-ERR/LIMIT: generated user failures are typed; no lexical closure/native result fallback (5.339667ms)
✔ CMP03-API34 and CORE-EVALUATE-EXPRESSION: correct worlds, async statement, exact values and syntax error (3.902125ms)
✔ CMP03-API26: pending predicates time out and canceled waits clear the real timer/map (26.509583ms)
✔ SVC cookie reads use exact URL; no public-suffix or neighboring-domain expansion (2.93625ms)
✔ SVC cookie batch preserves explicit expiry/default session and Host-prefix rules (3.854541ms)
✔ SVC cookie removal awaits all callbacks and checks each permission (4.431708ms)
✔ SVC Chrome lastError and missing cookie callbacks are typed failures (0.36025ms)
✔ SVC fixed injection requires exact doc and correct resource/world before Chrome call (0.280834ms)
✔ SVC notification click has no page URL, clears once, close/late events do not resettle (0.483958ms)
✔ CMP13 real loopback four HTTP methods, body and serializable projection (30.577292ms)
✔ CMP13 real response false retained (3.622333ms)
✔ CMP13 real response zero retained (1.5075ms)
✔ CMP13 real response null retained (1.840583ms)
✔ HTTP vs network vs bad JSON/UTF8 typed errors and restricted error response (2.617458ms)
✔ denied URL and config have zero real HTTP; native grant rechecked post response (1.484625ms)
✔ private native receipt hook persists HTTP fact before post revocation, not normalized checkServer result (1.96225ms)
✔ manual redirect never follows unauthorized destination (1.438708ms)
✔ actual abort during stalled body/HTTP, size budget and caller cancellation (81.408458ms)
✔ backend 15s budget independent from client timeout and earlier native deadline (4.507042ms)
✔ stalled pre/post native permission validation still obeys driver deadline without replay (44.819917ms)
✔ server checks real observable success/failure and never reports opaque available (25.647166ms)
✔ external IP info disabled default and never calls original external endpoint in tests (0.136375ms)
✔ notification true callback wait, lastError refusal and pre/post authorization (1.721541ms)
✔ service HTTP result preserves business object inside response.data rather than outer authority (1.817167ms)
✔ RESOURCE fixed SDK allowlist has exactly two files; source entry consumes migrated modules (4.885375ms)
✔ RESOURCE project MIT notice is byte-identical to frozen original; no copied vendor resource (2.874458ms)
✔ production actual fixed MAIN bundle reevaluates intact own globals and refreshes Hello (13.229292ms)
✔ development actual fixed MAIN bundle reevaluates intact own globals and refreshes Hello (8.80625ms)
✔ typed error projection preserves original reference and existing details without leaking internal fields (0.850625ms)
✔ window transport rejects original promise once with the wire reference and releases its pending timer (0.814583ms)
✔ Hello incarnation: relay-timeout cannot replace fresh success (6.878083ms)
✔ Hello incarnation: relay-timeout cannot replace fresh denial (2.753208ms)
✔ Hello incarnation: late-success cannot replace fresh success (1.45625ms)
✔ Hello incarnation: late-success cannot replace fresh denial (1.060375ms)
✔ Hello incarnation: late-failure cannot replace fresh success (2.063042ms)
✔ Hello incarnation: late-failure cannot replace fresh denial (1.490334ms)
✔ a request ID named hello uses the final-result channel, never Hello readiness (4.090917ms)
✔ uncorrelated Ready events do not settle a current Hello; pagehide is terminal (0.223166ms)
✔ production exact fixed MAIN/ISOLATED bundles correlate every reinjected Hello (27.303417ms)
✔ development exact fixed MAIN/ISOLATED bundles correlate every reinjected Hello (28.2435ms)
✔ exact review reproducer: two fresh evaluations reuse frozen globals and perform new Hello (10.423666ms)
✔ fresh native Hello updates expanded/shrunken grant subset and refuses failed regrant (10.722625ms)
✔ reinjection preserves old pending legacy callback and stable ChromeBridgeEvents (3.673875ms)
✔ overlapping reinjections serialize fixed Hello so late old callback cannot supply fresh grant (3.335916ms)
✔ hostile immutable public fake brand, slot, aliases and accessor conflicts fail closed (0.638292ms)
✔ dispose and pagehide are terminal: fresh evaluation cannot resurrect immutable installation (5.662417ms)
✔ borrowed lifecycle and forged function toString cannot impersonate ownership of a different global (0.242542ms)
✔ CMP15 callback preserves false (4.617958ms)
✔ CMP15 callback preserves 0 (0.575458ms)
✔ CMP15 callback preserves undefined (2.588375ms)
✔ CMP15 callback preserves null (0.710541ms)
✔ CMP15 callback preserves  (0.76325ms)
✔ CMP15 callback preserves 0 (0.413167ms)
✔ CMP15 callback preserves  (0.275333ms)
✔ CMP15 callback preserves [object Object] (1.532584ms)
✔ CMP15 inner business error business denied remains original rejection (0.763625ms)
✔ CMP15 inner business error [object Object] remains original rejection (0.772959ms)
✔ CMP15 inner business error null remains original rejection (0.565667ms)
✔ CMP15 inner business error undefined remains original rejection (0.422584ms)
✔ CMP15 inner business error false remains original rejection (0.333166ms)
✔ CMP15 inner business error 0 remains original rejection (0.530583ms)
✔ CMP15 malformed Base64 / UTF8 / JSON settle once with typed stage and no pending (1.9445ms)
✔ CMP15 unicode legacy Base64 callback and ACK never settle early (0.542958ms)
✔ CMP15 old ChromeBridgeEvents facade is observable but cannot lose private pending settlement (0.293167ms)
✔ B03 client deadline and document dispose clean original pending once (12.162584ms)
✔ CMP07 AppStorage String semantics and AppLocal typed presence cross codec (1.932583ms)
✔ CMP13 four HTTP facades preserve call shape (0.40175ms)
✔ schema/config/business refusal dispatches nothing (0.956583ms)
✔ CMP14 notifications preserve desc rules with typed null/body errors (0.293334ms)
✔ CMP14 server results use latency order, input ties and all-failed null (0.401334ms)
✔ CMP08 strict compact JSON never runs code; wrapAsync is only source transformation (0.267416ms)
✔ CMP08 DeviceType, UA priority, unsupported native/fingerprint, delegated ID (1.176042ms)
✔ CMP08 UtilInfo stays idle until explicit call and keeps original URL (0.182167ms)
✔ events retain old strings and route lifecycle solely to injected RunHost (0.181917ms)
✔ sleep resolves undefined and abort removes timer (2.472417ms)
✔ SDK install conflicts never overwrite page functions; same installation is idempotent (1.116958ms)
✔ Hello cannot be ready from partial or wrong-version allowlist (1.554334ms)
✔ fixed MAIN to ISOLATED fixture preserves typed args/result, no controller or page authority (2.429625ms)
✔ CMP10/B01 business PageBrigeCode/ok/error fields survive real JSON hop inside data (0.579958ms)
✔ Hello grant subset permits its methods and rejects other calls before native request (0.125334ms)
✔ fixture 100 concurrent original promises once settle; not native B05 evidence (12.840709ms)
✔ relay rejects page claims and raw script without native dispatch (1.909416ms)
✔ native typed authority/transport failure is outer error; business remains inner (0.740833ms)
✔ service dispatcher delegates storage and atomic device context without namespace from page (0.156458ms)
✔ K5 fixed SDK/control and resource closure validates actual production package (255.678958ms)
✔ K5 production Worker exception rejects eval/Function aliases and reflective extra constructors (911.092791ms)
✔ K5 fixed SDK/control and resource closure validates actual development package (118.404917ms)
✔ K5 development Worker exception rejects eval/Function aliases and reflective extra constructors (803.479875ms)
✔ K5 fixed SDK files remain subject to privileged dynamic-execution scanner (1434.136166ms)
✔ K5 privileged and opaque CSP mutations cannot broaden execution (574.743375ms)
✔ K5 manifest exposes only SDK MAIN as an exact web accessible resource (793.805875ms)
✔ K5 every HTML is scanned and Worker cannot become a privileged script entry (2737.519083ms)
✔ K5 required sandbox/Worker/icon/MIT and unknown assets fail closed (1615.458ms)
✔ K5 remote JS scanner distinguishes data URLs ending json/jsp without accepting scripts (0.574875ms)
✔ K5 WXT shell regressions still reject ESM and lazy chunk loading (0.423083ms)
✔ K5 additional manifest resources, CSS script consumers and remote maps are rejected (625.977041ms)
✔ 72 source identities/hashes and all 48 symbols survive the plan correction (1.051375ms)
✔ each current mapped capability has concrete source, semantics, dependency and cases (0.885458ms)
✔ frozen denominator lists supported and restricted contracts separately from exclusions (0.683167ms)
✔ stage0 gate cannot borrow historical design scores and product flags require their own evidence (3.568834ms)
✔ stage0 manifest hashes cover frozen plan, mapping, differences, cases and inherited contracts (18.009625ms)
ℹ tests 404
ℹ suites 0
ℹ pass 404
ℹ fail 0
ℹ cancelled 0
ℹ skipped 0
ℹ todo 0
ℹ duration_ms 10422.003084
