✔ concurrent window requests create once; new worker discovers existing window (11.96025ms)
✔ tool sender rejects foreign id, URL, frame, inactive document and missing document (0.150167ms)
✔ URL policy rejects restricted/file/credentials and preserves exact origin including port (0.202583ms)
✔ health waits for sender readiness and binds Chrome document metadata, not file result (1.978208ms)
✔ revoked permission blocks even previously installed agent (3.820041ms)
✔ reload, cross-origin and closed tab reject bound target without automatic reinjection (5.819958ms)
✔ forged health nonce and fake sender cannot satisfy exact target (2.854583ms)
✔ missing module has no capabilities or runner and can be mounted/disposed (0.228875ms)
✔ focus failure while original exists must not create another tool window (0.129583ms)
✔ window API query failure is not evidence that the existing window disappeared (0.163ms)
✔ unknown authorization mode is rejected before another injection (1.412916ms)
✔ permission revoke reports permission failure even when Chrome hides tab URL (1.2195ms)
✔ permission revoked during tabs.get is diagnosed before inspecting its hidden URL (2.171541ms)
✔ repeated agent ready preserves optional authorization and cannot bypass revoke (1.886375ms)
✔ same-document concurrent binding resolves all readiness waiters (3.051875ms)
✔ document invalidation and revoke while awaiting reply reject late health success (0.884458ms)
{"kind":"historical-package-mutation","expectedPattern":"Dynamic execution reference","actualError":"Dynamic execution reference in agents/health.js: eval"}
{"kind":"historical-package-mutation","expectedPattern":"Dynamic execution reference","actualError":"Dynamic execution reference in agents/health.js: Function"}
✔ final classic scanner rejects eval alias and function-constructor references (807.696375ms)
{"kind":"historical-package-mutation","expectedPattern":"ENOENT|Missing","actualError":"Missing required resource: ui/tool-shell.css"}
✔ final package cannot omit a referenced local asset (142.145583ms)
{"kind":"historical-package-mutation","expectedPattern":"Unsafe HTML","actualError":"Unsafe HTML resources in ui/tool.html"}
{"kind":"historical-package-mutation","expectedPattern":"Unexpected JS","actualError":"Unexpected JS/chunks: agents/bootstrap.js,agents/health.js,agents/page-agent.js,agents/page-relay.js,agents/selection-entry.js,chunk.js,framework/sdk-main.js,scripting/packaged/page-session.js,scripting/sandbox/sandbox.js,scripting/sandbox/worker-runtime.js,sw.js,ui/tool-shell.js"}
✔ remote script and unexpected lazy chunk fail final package verification (360.295541ms)
{"kind":"historical-package-mutation","expectedPattern":"Missing|required|ENOENT","actualError":"Missing required resource: ui/tool.html"}
{"kind":"historical-package-mutation","expectedPattern":"worker|entry|Missing","actualError":"Unexpected or missing worker entry"}
✔ final package requires tool HTML/CSS and manifest worker references (231.749ms)
✔ prepare pins a watermark and persists byte hash; external descriptors satisfy frozen schema (27.526291ms)
✔ partial export requires confirmation; request IDs bind immutable intent (3.260166ms)
✔ host registration mismatch and tombstones reject creation/dispatch (1.495041ms)
✔ double dispatch and reconstructed service invoke Chrome at most once (5.214583ms)
✔ ACK-gap after durable dispatch does not replay and becomes mapping_unknown (1.697625ms)
✔ short dispatch ACK does not wait for callback and cannot be resubmitted (0.974791ms)
✔ onCreated/search deduplicates an ID and started is not delivery complete (2.526875ms)
✔ multiple full-identity candidates conflict and never redownload (1.162042ms)
✔ known callback ID is authoritative; another candidate conflicts rather than replacing it (3.064417ms)
✔ wrong URL/extension/time and missing fields never bind by filename (1.615292ms)
✔ clock rollback cannot bind unique-looking mapping evidence (1.101458ms)
✔ onChanged complete must be confirmed by ID search; interrupted keeps Chrome reason (1.949958ms)
✔ 10-minute timeout is unknown; late complete resolves only its original job (5.140417ms)
✔ retry freezes old prepared submission; duplicate retry returns same new job (2.172792ms)
✔ multi-volume aggregate waits for every volume and releases pin only when all are releasable (3.432292ms)
✔ single abandoned volume causes delivery_failed; late evidence cannot revive it (2.578959ms)
✔ explicit job abandon and run tombstone retain late audit without resurrecting projection (3.4095ms)
✔ lost callback can recover via unique full URL; finite mapping search throttles repeated observations (4.534417ms)
✔ URL revoke waits for complete/interrupted/abandon or deadline and respects local reader pins (3.257458ms)
✔ deadline URL release preserves metadata and completion evidence after host resources disappear (1.465125ms)
✔ attach is idempotent; restart pending reconciliation never dispatches (2.387916ms)
✔ top-level broker handlers work without attach and confirm changed state through search (1.402333ms)
✔ callback-only Chrome API persists authoritative ID and handles runtime.lastError as unknown (5.304041ms)
✔ conflict retains its Blob through deadline; pending audits stop after the deadline bound (4.735708ms)
✔ deletion hook requires retirement proof and releases compatible storage reader pins before tombstone (2.047708ms)
✔ shared repository reads through export pin and deletes descriptor/chunk rows only after fence and abandonment (2.972583ms)
✔ tests/foundation/page-port-fixtures.test.mjs (54.12825ms)
✔ frozen fixture full plan validates; recomputed broader selector/caps hash does not grant authority (27.4345ms)
✔ stop after dispatched commit still permits exactly one fixed Chrome invocation; revised identity never replayed (20.012625ms)
✔ post-dispatch epoch/target/grant fences prevent stale Chrome use (20.784625ms)
✔ script or command callback failure records unknown and cannot be blindly retried (10.407ms)
✔ raw reception is durable but frame ACK requires matching staged rows, then full end signature is stored (8.797083ms)
✔ duplicate frame does not emit again; conflicting digest durably blocks whole page (6.976334ms)
✔ actual sender document defeats payload identity spoof; stop rejects new raw data (6.450334ms)
✔ raw backpressure refuses a second unacked frame; full signature includes changed sixth row (19.417916ms)
✔ fixed raw DOM reader retains long text, explicit empty string and optional missing attr without transforms (1.880625ms)
✔ packaged DOM agent returns short ACK before stream, awaits explicit frame ACK, then emits complete signature (7.158792ms)
✔ page transport sends its first frame before starting the EOF signature hash (7.112083ms)
✔ run-scoped submit/raw/effect journals preserve both runs and stay outside the unique command index (36.22375ms)
✔ raw frame and ACK never infer a missing run or accept a command with a rewritten revision (12.427792ms)
✔ negative fixed-agent receipt is unknown and its run-scoped submission cannot replay (13.212375ms)
✔ packaged agent and page port exchange a durable run-bound ACK before saving the complete EOF (10.792625ms)
✔ agent command and ACK namespaces separate equal command IDs and digests across runs (8.462833ms)
✔ single-use real action ticket binds actual source document, no run/records/slot created (7.690625ms)
✔ new operation durably cancels old; old source result audited and rejected, new result goes only to original host (15.42225ms)
✔ cancel/release are durable before cleanup; duplicate release cannot mutate context (10.850375ms)
✔ preview samples at most ten full raw rows using shared plan binding and iterator ACK; no records written (13.654458ms)
✔ placeholder SelectorUI reports MODULE_NOT_INSTALLED, never fabricates selected status (3.716ms)
✔ production allowlist is empty; unsigned self-reports and unknown keys never become Pro (8.366958ms)
✔ real P256/SHA256 P1363 signature; independent Node crypto oracle and claim hash (6.515125ms)
✔ signed binding rejects tampered tier (1.875041ms)
✔ signed binding rejects tampered issuer (1.400708ms)
✔ signed binding rejects tampered subject (1.713292ms)
✔ signed binding rejects tampered audience (0.977667ms)
✔ signed binding rejects tampered features (2.129375ms)
✔ signed binding rejects tampered issuedAt (1.738208ms)
✔ signed binding rejects tampered expiresAt (1.731083ms)
✔ signed binding rejects tampered keyId (1.626791ms)
✔ signed binding rejects tampered revocationVersion (1.7735ms)
✔ signed binding rejects tampered formatVersion (0.435292ms)
✔ signed but unexpected issuer/subject are rejected; signatures from another key fail (2.644708ms)
✔ reject altered signature bytes, padded/noncanonical base64url, DER and wrong hash algorithm (3.553708ms)
✔ no production private JWK and no mutation of injected allowlist after construction (2.797458ms)
✔ future issuedAt, inverted time interval and expiry at the exact boundary reject new Pro (8.209625ms)
✔ impossible calendar dates and missing timestamp zones are rejected even when signed (1.991042ms)
✔ signed metadata cannot establish trusted verification or extend grace (6.563625ms)
✔ offline 72h inclusive boundary, +1ms fallback and no expiry extension (9.06775ms)
✔ offline reload keeps verification age; explicit trusted refresh reopens new Pro (6.551167ms)
✔ wall rollback freezes Pro across reload; monotonic elapsed time expires a frozen wall (11.151708ms)
✔ submillisecond clock observations preserve elapsed monotonic time (11.345083ms)
✔ monotonic rollback freezes Pro; trusted timestamp must not precede durable high water (5.138583ms)
✔ revocation is signed, bound, monotonic and durable; newer signed license may restore Pro (133.201208ms)
✔ cached claims and signed revocation are reverified; a persisted verification label grants nothing (13.351584ms)
✔ free and Pro limits clamp without changing template; signed features gate capabilities (13.218375ms)
✔ free template admission counts distinct IDs, permits revisions, rejects concurrent second template and allows delete/resave (0.546834ms)
✔ public admitTemplate accepts SaveTemplateRequest and returns the quota for the storage transaction (4.894333ms)
✔ repository revision history consumes no additional quota and survives head deletion (1.073458ms)
✔ Pro admission at 49/50/51 serializes template count and rejects stale or forged snapshots (24.977958ms)
✔ freshness checked inside template transaction after expiry or offline grace ends (14.385417ms)
✔ approved run remains frozen after expiry/revocation; sealed records, exports and retention are untouched (8.740542ms)
✔ frozen byte oracle preserves Chinese, zero, false, empty and null (9.718167ms)
✔ hostile JSON cannot enter hashes or durable protocol (0.360208ms)
✔ strict wire shapes reject unknown keys and unsafe integers (6.979209ms)
✔ ignoring a control revision never ignores epoch/document identity (0.21025ms)
✔ stop commit before dispatch forbids any new external call (10.953291ms)
✔ dispatch commit grants exactly one call even if stop subsequently commits (5.189625ms)
✔ a worker restart freezes a dispatched gap, holds slot and never repeats start (4.771ms)
✔ actual sender, optional grant and immutable command ID are enforced (4.595958ms)
✔ stop repeats historical ACK; fencing cannot free the target slot by itself (2.979083ms)
✔ schema uses exactly frozen ten stores, explicit-key paths and sparse tagged indexes (8.330417ms)
✔ no native IDB in Node is reported as unavailable; storage entry exports factory (0.390083ms)
✔ immutable template save CAS, exact duplicate, hash lookup and name-only CAS (37.495416ms)
✔ template admission hook uses same transaction and cannot overwrite immutable revision (12.200583ms)
✔ beginPage permits preparing run, reserves exact command key and idempotently reACKs (9.173042ms)
✔ stage rejects undispatched reservation and atomically aborts open snapshot (12.513334ms)
✔ three batches: first two durable ACKs, third exact-byte failure hides whole page (21.959542ms)
✔ exact staged duplicate does not add bytes; conflicting valid digest aborts page (20.363625ms)
✔ host/epoch/target mismatch is rejected without aborting rightful open page (9.158375ms)
✔ admission cannot bypass transaction reread of cancellation (7.094417ms)
✔ stage may acknowledge authenticated raw frames before end; seal requires complete end (15.259875ms)
✔ seal recomputes all six rows; prefix-only signature fails (46.891959ms)
✔ batch gap, record key/field mismatch, and raw-end evidence mismatch reject (57.63725ms)
✔ stop wins before seal; seal wins before stop and preserves historic original ACK (93.76525ms)
✔ run revision and authenticated host registration cannot be bypassed (17.330083ms)
✔ reader pins freeze watermark/count, paginate long typed values, and reject other cursors (54.5385ms)
✔ zero-batch empty page requires authenticated allowed-empty proof (24.57475ms)
✔ repeated full page signature without end is rejected and left invisible (40.347ms)
✔ whole-page run limits, two pending ACKs, profile budget and injected disk quota (65.550416ms)
✔ delete refuses active owner/read pin/open job/unknown attempt and tombstones retired data (13.891291ms)
✔ retention defaults seven days, preserves active runs and raw migration duplicates (24.902583ms)
✔ shared authority-issued SDK context interoperates with atomic storage raw receipt and device CAS (38.072208ms)
✔ creation dispatch commits before one exact bootstrap create; retries do not create again (14.384208ms)
✔ creation callback gap freezes slot, never infers never-created or blindly retries (2.831875ms)
✔ bootstrap registers real tab/document before at-most-one navigation dispatch; content spoof rejected (4.652333ms)
✔ stop before bootstrap navigation prevents location authorization (3.51ms)
✔ formal target binds only real same-origin new document after navigation (3.980291ms)
✔ formal run cannot borrow activeTab instead of optional grant (3.116375ms)
✔ retirement remove + separate not-found evidence releases only matching slot once; old replay cannot clear new run (3.325375ms)
✔ cross-session numeric tab id is never queried or removed and slot remains frozen (1.857916ms)
✔ generic tabs.get failure cannot prove absence (2.696458ms)
✔ prepared/submissionCount=0 proves never-created; missing intent never releases (3.879625ms)
✔ bootstrap agent requests registration and navigation before exactly one assign (0.202875ms)
✔ complete synthetic checker fixture passes, including false/0 values; not a product test (62.035125ms)
✔ missing original case and missing explicit additional case cannot be hidden (64.497375ms)
✔ dropping or replacing the original ledger denominator rejects (115.176125ms)
✔ component/prototype pass and a foreign package cannot count as native acceptance (60.946917ms)
✔ source/package drift and changed per-case expected contract reject (126.623792ms)
✔ accepted marker alone, skipped result and missing raw evidence reject (45.6865ms)
✔ missing or duplicate environment observation and unbound browser binary reject (51.391125ms)
✔ each cleanup counter must return to an explicit resource baseline (32.996084ms)
✔ 1000 unique mixed rounds, all five outcomes, reconnects and disabled plugins are required (100.407917ms)
✔ B05 requires 100 calls with one admission/run/op/HTTP write and no controller (26.412917ms)
✔ all four crash points preserve identity; unknown effects cannot be replayed (33.390334ms)
✔ download accepted is insufficient without complete and an actual disk hash reference (28.563ms)
✔ Worker termination evidence must meet approved3s and preserve borrowed pages (33.356875ms)
✔ historical failures remain open without case evidence; self-review or reversed review order rejects (53.710792ms)
✔ current real ledger readiness preserves original603 and every current explicit additional case without changing gate state (49.865125ms)
✔ read-only filesystem check rejects actual raw evidence and declared source tampering (48.163958ms)
✔ read-only filesystem check rejects tampering with the approved603 specification (15.785166ms)
✔ each successful campaign observation must satisfy its predicate; one good result cannot hide failure (63.290542ms)
✔ renaming records cannot duplicate one physical campaign occurrence (28.841916ms)
✔ supplemental contracts are required and original/additional IDs cannot overlap (41.058708ms)
✔ reviews bind the entire evidence snapshot, predecessor report and normalized identity with one role each (72.264417ms)
✔ artifact payload/descriptor and disk hashes, lengths and run identity must agree (51.411166ms)
✔ malformed nullable references, observations, environments and reviews yield structured rejection (92.053125ms)
✔ parsed review reports cannot hide missing nested evidence references (23.629666ms)
✔ actual WXT AST exposes exact CP1/CP2/CP4/storage and native KV observation ranges (415.484083ms)
✔ storage cut rejects missing or ambiguous immutable source anchors (151.449458ms)
✔ native KV submission selector refuses a changed or duplicate native put (213.894417ms)
✔ unknown must expose only the original public request reference (1.300875ms)
✔ bounded slices add prerequisites while retaining the full required case list (0.286666ms)
✔ preparation retains the frozen denominator and binds its actual helper bytes (18.274792ms)
✔ fresh owned process observation permits fallback cleanup (8.756584ms)
✔ fallback refuses reusedPid (0.12425ms)
✔ fallback refuses foreignParent (0.055167ms)
✔ fallback refuses foreignExecutable (0.047167ms)
✔ fallback refuses foreignProfile (0.052042ms)
✔ fallback refuses absent process and missing mock keychain (0.056417ms)
✔ Chrome JSON hop retains undefined, falsy values, nested presence and business PageBrigeCode (1.288375ms)
✔ outcome protocol separates actual errors from all user business objects (0.476041ms)
✔ encoder rejects unsupported values, cycles and getters without evaluating a getter (1.058208ms)
✔ decoder rejects forged tags, duplicate fields and byte limits; prototype names remain inert data (0.230333ms)
✔ typed canonical input is stable across key order and distinguishes missing from undefined (0.532917ms)
✔ Base64 string API preserves UTF-8 and rejects malformed Base64 and UTF-8 (6.149459ms)
✔ REGRESSION-R3-host-gone: document loss persists retirement without requiring the old host (3.652583ms)
✔ REGRESSION-R4-control-states: late stop preserves an existing retirement (0.679334ms)
✔ REGRESSION-R4-control-states: session recovery preserves a durable retirement (0.697ms)
✔ REGRESSION-R5-terminal-fence-gap: every committed terminal has a durable retirement (0.542875ms)
✔ REGRESSION-R6-false-completion: caller naturalEnd cannot complete an unbound run (1.166ms)
✔ REGRESSION-R8-journal-key-collision: a caller command ID cannot replace host metadata (13.74125ms)
✔ generic APIs prepare committed typed values without templates, Blob creation or native dispatch (62.907792ms)
✔ generic host reads artifact, creates Blob, dispatches once and settles via real callback/listeners/search lifecycle (13.431583ms)
✔ generic preparation rejects forged namespace, wrong result/principal/current host session and actual sender before writing (17.489084ms)
✔ generic prepare transaction rechecks durable host revocation/result replacement/tombstone and rolls back all writes (17.426167ms)
✔ generic data uses canonical explicit blocks with exact 8MiB/64 limits and independent integrity checks (791.865084ms)
✔ generic attempt request dedupes, prevents simultaneous retries and reused/foreign Blob URLs (6.648333ms)
✔ generic dispatch ACK gap never replays; native mapping unknown and deadline release keep disk hash unverified (5.149291ms)
✔ generic current-document registration is rechecked inside attempt, read and dispatch transactions (9.861334ms)
✔ generic tombstone/abandon uses existing lifecycle and reader pin gates existing repository deletion (2.959667ms)
✔ generic missing issued namespace/principal fails closed and never derives authority from payload (1.667292ms)
✔ generic unsuccessful/missing wire results and legacy template entry points cannot manufacture artifacts (7.215875ms)
✔ generic immutable result and artifact chunks are rechecked before attempt transaction commits (8.457584ms)
✔ generic onCreated is not completion; wrong native identity and callback/search conflicts cannot certify delivery (17.279ms)
✔ generic native interruption/runtime.lastError use shared failure/unknown states and never resubmit (11.813583ms)
✔ generic explicit fresh retry shares job/artifact; late evidence cannot release the new active reader pin (7.123042ms)
✔ generic later registered document exports stable namespace history without acquiring the old run owner (4.622125ms)
✔ generic abandonRun fences timed-out retry history so shared repository deletion does not strand old attempts (5.730458ms)
✔ generic public reconcile uses actual sender; internal Chrome callback reconciliation survives owning host revocation (5.695083ms)
✔ generic completed immutable history exports after real new-session registration without replaying or adopting old download intents (7.848292ms)
✔ generic cross-session history rejects foreign namespaces, tampered principals, nonterminal runs and current-host session loss (24.67125ms)
✔ typed wire wrapper depth does not shorten the declared value depth budget (1.690125ms)
✔ R1: cyclic and malformed local schema references produce bounded typed rejection (0.416375ms)
✔ R1: long acyclic reference chains have a schema traversal depth budget (1.09275ms)
✔ R1: the inherited RulePlan resolves its nested local JSON pointer (4.784084ms)
✔ R2: closed shapes reject names inherited by the schema properties object (6.475625ms)
✔ R7: durable timestamps require an actual calendar date and explicit timezone (0.471292ms)
✔ SDK explicit regrant restores coherent epochs after SW restart without reviving old IDs (21.14075ms)
✔ SDK recovery reconciles atomic storage durable result before broker receipt and never replays it (2.440542ms)
✔ SDK restart at dispatched cut pauses its run with original unknown effect and no replacement (2.078167ms)
✔ B05 broker unknown error retains the original admission reference without replay or new writes (5.934042ms)
✔ SDK Hello needs native document/grant and never claims a controller slot (0.865833ms)
✔ SDK grant and request payload cannot carry page authority/namespace/bare args (0.499584ms)
✔ SDK sender/document/lifecycle fences reject before any storage effect (0.466291ms)
✔ 100 same-ID concurrent persistent calls commit one effect and one result (35.425709ms)
✔ same ID with changed args or deadline conflicts and does not overwrite effect (5.424291ms)
✔ native session adapter preserves own undefined/false/0 across Chrome JSON storage (5.272667ms)
✔ durable session duplicate after authority restart does not resubmit native set (4.620208ms)
✔ native session failure records unknown dispatch and will not retry same write (5.613417ms)
✔ SW recovery fences dispatched write gap and retains original identity/deadline (1.091042ms)
✔ durable duplicate cannot extend original 15s service deadline (1.590625ms)
✔ native permission remove then regrant cannot revive old request/grant (23.013458ms)
✔ observed navigation invalidates current page Hello and pending admission (0.964042ms)
✔ notification permission removal with empty origins revokes the affected grant (0.426333ms)
✔ notification native receipt and durable undefined survive delivery revocation (1.853458ms)
✔ successful HTTP business envelope remains data and stores native result before delivery (14.063459ms)
✔ SDK backend timer clamps to earlier caller deadline even for hung native callback (6.569041ms)
✔ same-ID changed args/method/original deadline reaches broker and explicitly delivers conflict (4.435083ms)
✔ timeout plus reused ID: old success or rejection cannot finish/delete replacement (1.403625ms)
✔ 100 same-ID same-digest real relay dispatches all reach product broker admission: serial oracle, not native B05 (67.413291ms)
✔ deadline, canonical codec and legitimate request ID hello remain exact at native boundary (0.300125ms)
✔ bad page fields/ACK errors never consume another entry; dispose clears timers and late callbacks (0.284792ms)
✔ one self-contained factory exposes explicit frozen wire profiles in a fresh realm (1.887ms)
✔ host, fixed Worker runtime and generated harness preserve the same literal values (54.88475ms)
✔ semantic violations are refused in every entry, without executing accessors (12.702791ms)
✔ profile decoder errors retain their codes and reject getters, Symbols and invalid strings (0.2865ms)
✔ foreign-realm tagged wires preserve original decode behavior and the Chrome JSON hop (1.119625ms)
✔ UTF-8 byte boundaries and inclusive depth 12 remain identical across generated and Worker paths (13.135583ms)
✔ generated harness embeds the shared factory, with no imports or host constructors (1.022ms)
✔ a factory captures serialization intrinsics before user global patches (0.595917ms)
✔ CMP11-API01/02/03/04: bound constructors, immutable pins and independent owners (4.192459ms)
✔ CMP10-API05/06 and CMP01-API36: raw callbacks and raw execute never dispatch (0.157542ms)
✔ CMP10-API35: typed values and statement ignored args before registration (1.00375ms)
✔ CMP03-API34 and CORE-EVALUATE-EXPRESSION: explicit modes and no extra parameters (0.297209ms)
✔ CMP02-API12/13-LIMIT: Worker DOM snapshots reject; serialized alternatives preserve null/[] (0.275625ms)
✔ NAV01 + ChromeElement: only attested navigation advances root; old element/keyboard sequence stay bound (0.530291ms)
✔ CTRL owner fencing: stop/deadline/host-close settle pending once; stale request never rebinds new ctx (1.18925ms)
✔ Private Worker port: global fake peer, wrong owner, wrong correlation and reply replay cannot settle (25.50425ms)
✔ Host relay rejects cross-owner/old revision/old target before the shared transport (0.769459ms)
✔ typed depth 4: params, operation args and immutable result survive wider JSON envelopes (51.506208ms)
✔ typed depth 5: params, operation args and immutable result survive wider JSON envelopes (21.953709ms)
✔ typed depth 6: params, operation args and immutable result survive wider JSON envelopes (20.555584ms)
✔ typed depth 7: params, operation args and immutable result survive wider JSON envelopes (35.195958ms)
✔ typed depth 8: params, operation args and immutable result survive wider JSON envelopes (30.30075ms)
✔ typed depth 9: params, operation args and immutable result survive wider JSON envelopes (38.438917ms)
✔ typed depth 10: params, operation args and immutable result survive wider JSON envelopes (48.533292ms)
✔ typed depth 11: params, operation args and immutable result survive wider JSON envelopes (31.892292ms)
✔ typed depth 12: params, operation args and immutable result survive wider JSON envelopes (48.7085ms)
✔ JSON envelope depth 48 never widens the typed depth-12 admission/result/args budgets (10.045167ms)
✔ controller script deletion is CAS tombstone only; GC waits for terminal, Worker and target retirement (22.219292ms)
✔ deleted or hash-invalid scripts abort controller admission without run, slot or pin (2.437917ms)
✔ each controller lease pin binding is required; forged retired lease cannot authorize GC (7.301458ms)
✔ recovery upgrades old terminal lease bindings without reviving its result, Worker or slot (4.08425ms)
✔ public authority commits exact UTF8/headCAS and pins r1 while head advances to r2 without templates (2.554708ms)
✔ borrowed child frame is observed exactly; sibling commits do not fence it; top replacement does (17.783917ms)
✔ worker retirement gates durable result then borrowed release, without closing borrowed tab (3.722542ms)
✔ owned retirement closes only exact created tab after durable terminal commit (4.882875ms)
✔ new registered host reads old namespace result without acquiring its owner or replaying (2.22775ms)
✔ permission removal matches exact origin patterns and remains fenced after regrant (1.436ms)
✔ user-script lookup failure without native effect fails terminal and retires controller (5.06975ms)
✔ native rejection after submission without receipt stays unknown and cannot replay (5.031458ms)
✔ native receipt survives post-dispatch permission loss; request is never resubmitted (9.42975ms)
✔ public recovery pauses controller, holds slot and never replays committed source (1.860625ms)
✔ public hostGone interruption retires borrowed target and exact pin once (5.025792ms)
✔ hostGone after completed result preserves the immutable result and finishes pending retirement (2.966916ms)
✔ SDK short persistent service completes while controller owns the same unique slot (3.70675ms)
✔ injected foundationClient registers once; forced harnessWorker termination precedes durable result and slot release (30.752042ms)
✔ dispatch allowlists reject malformed kind/method before any authority or native call (2.856334ms)
✔ packaged exact document injection, correlation and undefined use real registry; no reinjection/global mutation (7.699709ms)
✔ page session accepts trusted extension sender only, rejects spoof/changed replay and settles each execution once (15.147916ms)
✔ each dispatch is preceded by authority; revocation during suspension produces zero subsequent dispatches (0.857959ms)
✔ real current getScripts at dispatch and accept; false/undefined/business values strictly encoded with generator worlds (7.607042ms)
✔ switch observed unavailable is sticky across driver instances and results are retained before failing post permission (1.451416ms)
✔ user-script receipt must attest exact document/frame; malformed and user errors propagate (2.953875ms)
✔ navigation uses admitted pending phase, waits independently of old agent and preserves complete handoff binding (2.011917ms)
✔ navigation ignores another tab and wrong readiness document; timeout cleans every subscription (81.177375ms)
✔ navigation rejects unsupported options before dispatch and unauthorized redirect without handing off (0.921541ms)
✔ screenshot rejects fullPage/invisible exact tab and detects active-tab ABA during capture (0.960792ms)
✔ screenshot exact window success and raw receipt survive post-revocation (1.643583ms)
✔ cookie service uses observed store, correct projection/dedup, expires=0 and exact name/path deletion (6.935041ms)
✔ cookie batch preflight denies unauthorized URL and malformed/domain/partition input with no cookie write/read (6.344541ms)
✔ cookie remove native lastError is typed; ambiguous domain or partition observations never remove (1.757667ms)
✔ upload URL omits credentials, manually authorizes redirect and commits real chunks/file bytes (16.216042ms)
✔ upload denies cross-origin/downgrade/too many redirects/oversize/HTTP errors before DOM commit (3.658375ms)
✔ stop cancels real packaged waits/staging, late reply cannot deliver; fresh driver cleans original identity epoch (14.40075ms)
✔ result receipt survives forced stop; new-instance retirement removes borrowed registry resources without closing tab (1.554667ms)
✔ fixed packaged resources allow only current SDK entry; unlisted extension or remote code never creates nodes (1.118708ms)
✔ user wait cancellation uses only framework harness; deadline and pending authority failure fence late callbacks (40.83675ms)
✔ pagehide disposes listener, real wait and upload state; unknown operations create no session (11.244625ms)
✔ borrowed child frame keeps exact frame/document for registry, evaluation and fresh-instance cancellation (2.735458ms)
✔ borrowed child navigation/capture reject explicitly with zero native effects; wrong-frame result and replaced child are fenced (2.876542ms)
✔ CMP10-API35: generated function harness awaits and preserves falsy/undefined/business values (7.460834ms)
✔ CMP10-API35-ERR/LIMIT: generated user failures are typed; no lexical closure/native result fallback (5.109333ms)
✔ CMP03-API34 and CORE-EVALUATE-EXPRESSION: correct worlds, async statement, exact values and syntax error (3.898208ms)
✔ CMP03-API26: pending predicates time out and canceled waits clear the real timer/map (25.573125ms)
✔ SVC cookie reads use exact URL; no public-suffix or neighboring-domain expansion (1.160542ms)
✔ SVC cookie batch preserves explicit expiry/default session and Host-prefix rules (2.981375ms)
✔ SVC cookie removal awaits all callbacks and checks each permission (4.641708ms)
✔ SVC Chrome lastError and missing cookie callbacks are typed failures (0.863084ms)
✔ SVC fixed injection requires exact doc and correct resource/world before Chrome call (0.606292ms)
✔ SVC notification click has no page URL, clears once, close/late events do not resettle (0.752375ms)
✔ CMP13 real loopback four HTTP methods, body and serializable projection (26.176375ms)
✔ CMP13 real response false retained (2.883708ms)
✔ CMP13 real response zero retained (0.816209ms)
✔ CMP13 real response null retained (0.71575ms)
✔ HTTP vs network vs bad JSON/UTF8 typed errors and restricted error response (3.940417ms)
✔ denied URL and config have zero real HTTP; native grant rechecked post response (2.082209ms)
✔ private native receipt hook persists HTTP fact before post revocation, not normalized checkServer result (4.11ms)
✔ manual redirect never follows unauthorized destination (1.139959ms)
✔ actual abort during stalled body/HTTP, size budget and caller cancellation (81.483ms)
✔ backend 15s budget independent from client timeout and earlier native deadline (4.385917ms)
✔ stalled pre/post native permission validation still obeys driver deadline without replay (44.695667ms)
✔ server checks real observable success/failure and never reports opaque available (23.437584ms)
✔ external IP info disabled default and never calls original external endpoint in tests (0.172625ms)
✔ notification true callback wait, lastError refusal and pre/post authorization (2.159292ms)
✔ service HTTP result preserves business object inside response.data rather than outer authority (17.009625ms)
✔ RESOURCE fixed SDK allowlist has exactly two files; source entry consumes migrated modules (5.224042ms)
✔ RESOURCE project MIT notice is byte-identical to frozen original; no copied vendor resource (2.235833ms)
✔ production actual fixed MAIN bundle reevaluates intact own globals and refreshes Hello (15.332334ms)
✔ development actual fixed MAIN bundle reevaluates intact own globals and refreshes Hello (12.739625ms)
✔ typed error projection preserves original reference and existing details without leaking internal fields (0.882791ms)
✔ window transport rejects original promise once with the wire reference and releases its pending timer (0.791667ms)
✔ Hello incarnation: relay-timeout cannot replace fresh success (6.919041ms)
✔ Hello incarnation: relay-timeout cannot replace fresh denial (2.371333ms)
✔ Hello incarnation: late-success cannot replace fresh success (2.166708ms)
✔ Hello incarnation: late-success cannot replace fresh denial (2.294083ms)
✔ Hello incarnation: late-failure cannot replace fresh success (1.445958ms)
✔ Hello incarnation: late-failure cannot replace fresh denial (1.376834ms)
✔ a request ID named hello uses the final-result channel, never Hello readiness (3.738125ms)
✔ uncorrelated Ready events do not settle a current Hello; pagehide is terminal (0.1715ms)
✔ production exact fixed MAIN/ISOLATED bundles correlate every reinjected Hello (19.55775ms)
✔ development exact fixed MAIN/ISOLATED bundles correlate every reinjected Hello (20.592166ms)
✔ exact review reproducer: two fresh evaluations reuse frozen globals and perform new Hello (9.19825ms)
✔ fresh native Hello updates expanded/shrunken grant subset and refuses failed regrant (9.478208ms)
✔ reinjection preserves old pending legacy callback and stable ChromeBridgeEvents (2.571875ms)
✔ overlapping reinjections serialize fixed Hello so late old callback cannot supply fresh grant (3.369791ms)
✔ hostile immutable public fake brand, slot, aliases and accessor conflicts fail closed (0.24575ms)
✔ dispose and pagehide are terminal: fresh evaluation cannot resurrect immutable installation (2.54325ms)
✔ borrowed lifecycle and forged function toString cannot impersonate ownership of a different global (0.268708ms)
✔ CMP15 callback preserves false (4.037583ms)
✔ CMP15 callback preserves 0 (0.643125ms)
✔ CMP15 callback preserves undefined (0.831708ms)
✔ CMP15 callback preserves null (0.4225ms)
✔ CMP15 callback preserves  (0.594875ms)
✔ CMP15 callback preserves 0 (0.332666ms)
✔ CMP15 callback preserves  (0.376208ms)
✔ CMP15 callback preserves [object Object] (1.225042ms)
✔ CMP15 inner business error business denied remains original rejection (1.121792ms)
✔ CMP15 inner business error [object Object] remains original rejection (0.952834ms)
✔ CMP15 inner business error null remains original rejection (0.309375ms)
✔ CMP15 inner business error undefined remains original rejection (0.27825ms)
✔ CMP15 inner business error false remains original rejection (0.381958ms)
✔ CMP15 inner business error 0 remains original rejection (0.873292ms)
✔ CMP15 malformed Base64 / UTF8 / JSON settle once with typed stage and no pending (1.651792ms)
✔ CMP15 unicode legacy Base64 callback and ACK never settle early (0.67675ms)
✔ CMP15 old ChromeBridgeEvents facade is observable but cannot lose private pending settlement (0.242875ms)
✔ B03 client deadline and document dispose clean original pending once (10.427583ms)
✔ CMP07 AppStorage String semantics and AppLocal typed presence cross codec (0.724958ms)
✔ CMP13 four HTTP facades preserve call shape (0.137042ms)
✔ schema/config/business refusal dispatches nothing (0.362625ms)
✔ CMP14 notifications preserve desc rules with typed null/body errors (0.113375ms)
✔ CMP14 server results use latency order, input ties and all-failed null (0.161916ms)
✔ CMP08 strict compact JSON never runs code; wrapAsync is only source transformation (0.104542ms)
✔ CMP08 DeviceType, UA priority, unsupported native/fingerprint, delegated ID (0.42675ms)
✔ CMP08 UtilInfo stays idle until explicit call and keeps original URL (0.059667ms)
✔ events retain old strings and route lifecycle solely to injected RunHost (0.06875ms)
✔ sleep resolves undefined and abort removes timer (1.879209ms)
✔ SDK install conflicts never overwrite page functions; same installation is idempotent (0.596666ms)
✔ Hello cannot be ready from partial or wrong-version allowlist (1.31075ms)
✔ fixed MAIN to ISOLATED fixture preserves typed args/result, no controller or page authority (1.651875ms)
✔ CMP10/B01 business PageBrigeCode/ok/error fields survive real JSON hop inside data (0.449167ms)
✔ Hello grant subset permits its methods and rejects other calls before native request (0.101542ms)
✔ fixture 100 concurrent original promises once settle; not native B05 evidence (11.840584ms)
✔ relay rejects page claims and raw script without native dispatch (1.854875ms)
✔ native typed authority/transport failure is outer error; business remains inner (0.80475ms)
✔ service dispatcher delegates storage and atomic device context without namespace from page (0.185958ms)
✔ K5 fixed SDK/control and resource closure validates actual production package (240.981292ms)
✔ K5 production Worker exception rejects eval/Function aliases and reflective extra constructors (775.281708ms)
✔ K5 fixed SDK/control and resource closure validates actual development package (107.491291ms)
✔ K5 development Worker exception rejects eval/Function aliases and reflective extra constructors (725.916375ms)
✔ K5 fixed SDK files remain subject to privileged dynamic-execution scanner (1353.642334ms)
✔ K5 privileged and opaque CSP mutations cannot broaden execution (533.620417ms)
✔ K5 manifest exposes only SDK MAIN as an exact web accessible resource (764.32525ms)
✔ K5 every HTML is scanned and Worker cannot become a privileged script entry (2549.549583ms)
✔ K5 required sandbox/Worker/icon/MIT and unknown assets fail closed (1543.064166ms)
✔ K5 remote JS scanner distinguishes data URLs ending json/jsp without accepting scripts (0.396959ms)
✔ K5 WXT shell regressions still reject ESM and lazy chunk loading (0.335125ms)
✔ K5 additional manifest resources, CSS script consumers and remote maps are rejected (570.253708ms)
✔ 72 source identities/hashes and all 48 symbols survive the plan correction (0.954125ms)
✔ each current mapped capability has concrete source, semantics, dependency and cases (0.873292ms)
✔ frozen denominator lists supported and restricted contracts separately from exclusions (0.630125ms)
✔ stage0 gate cannot borrow historical design scores and product flags require their own evidence (3.007ms)
✔ stage0 manifest hashes cover frozen plan, mapping, differences, cases and inherited contracts (16.049458ms)
ℹ tests 412
ℹ suites 0
ℹ pass 412
ℹ fail 0
ℹ cancelled 0
ℹ skipped 0
ℹ todo 0
ℹ duration_ms 9808.248875
