✔ SDK explicit regrant restores coherent epochs after SW restart without reviving old IDs (25.543084ms)
✔ SDK recovery reconciles atomic storage durable result before broker receipt and never replays it (3.027792ms)
✔ SDK restart at dispatched cut pauses its run with original unknown effect and no replacement (1.56275ms)
✔ B05 broker unknown error retains the original admission reference without replay or new writes (23.717917ms)
✔ SDK Hello needs native document/grant and never claims a controller slot (0.62925ms)
✔ SDK grant and request payload cannot carry page authority/namespace/bare args (0.493375ms)
✔ SDK sender/document/lifecycle fences reject before any storage effect (0.459625ms)
✔ 100 same-ID concurrent persistent calls commit one effect and one result (29.849542ms)
✔ same ID with changed args or deadline conflicts and does not overwrite effect (6.167ms)
✔ native session adapter preserves own undefined/false/0 across Chrome JSON storage (5.49625ms)
✔ durable session duplicate after authority restart does not resubmit native set (2.248167ms)
✔ native session failure records unknown dispatch and will not retry same write (1.2105ms)
✔ SW recovery fences dispatched write gap and retains original identity/deadline (13.639167ms)
✔ durable duplicate cannot extend original 15s service deadline (13.284ms)
✔ native permission remove then regrant cannot revive old request/grant (12.727375ms)
✔ observed navigation invalidates current page Hello and pending admission (0.814916ms)
✔ notification permission removal with empty origins revokes the affected grant (1.453917ms)
✔ notification native receipt and durable undefined survive delivery revocation (2.011709ms)
✔ successful HTTP business envelope remains data and stores native result before delivery (20.580916ms)
✔ SDK backend timer clamps to earlier caller deadline even for hung native callback (10.115291ms)
✔ same-ID changed args/method/original deadline reaches broker and explicitly delivers conflict (3.729792ms)
✔ timeout plus reused ID: old success or rejection cannot finish/delete replacement (1.942834ms)
✔ 100 same-ID same-digest real relay dispatches all reach product broker admission: serial oracle, not native B05 (101.327125ms)
✔ deadline, canonical codec and legitimate request ID hello remain exact at native boundary (0.269083ms)
✔ bad page fields/ACK errors never consume another entry; dispose clears timers and late callbacks (0.250083ms)
✔ CMP15 callback preserves false (3.789042ms)
✔ CMP15 callback preserves 0 (12.115958ms)
✔ CMP15 callback preserves undefined (1.277417ms)
✔ CMP15 callback preserves null (1.572792ms)
✔ CMP15 callback preserves  (0.335625ms)
✔ CMP15 callback preserves 0 (0.570625ms)
✔ CMP15 callback preserves  (0.740167ms)
✔ CMP15 callback preserves [object Object] (1.770375ms)
✔ CMP15 inner business error business denied remains original rejection (0.907583ms)
✔ CMP15 inner business error [object Object] remains original rejection (0.656542ms)
✔ CMP15 inner business error null remains original rejection (0.41275ms)
✔ CMP15 inner business error undefined remains original rejection (0.628333ms)
✔ CMP15 inner business error false remains original rejection (0.497666ms)
✔ CMP15 inner business error 0 remains original rejection (0.421ms)
✔ CMP15 malformed Base64 / UTF8 / JSON settle once with typed stage and no pending (3.092416ms)
✔ CMP15 unicode legacy Base64 callback and ACK never settle early (0.407625ms)
✔ CMP15 old ChromeBridgeEvents facade is observable but cannot lose private pending settlement (0.257875ms)
✔ B03 client deadline and document dispose clean original pending once (12.425333ms)
✔ CMP07 AppStorage String semantics and AppLocal typed presence cross codec (0.737208ms)
✔ CMP13 four HTTP facades preserve call shape (0.148125ms)
✔ schema/config/business refusal dispatches nothing (1.009333ms)
✔ CMP14 notifications preserve desc rules with typed null/body errors (0.145417ms)
✔ CMP14 server results use latency order, input ties and all-failed null (0.196667ms)
✔ CMP08 strict compact JSON never runs code; wrapAsync is only source transformation (0.110708ms)
✔ CMP08 DeviceType, UA priority, unsupported native/fingerprint, delegated ID (0.418083ms)
✔ CMP08 UtilInfo stays idle until explicit call and keeps original URL (0.063958ms)
✔ events retain old strings and route lifecycle solely to injected RunHost (0.071ms)
✔ sleep resolves undefined and abort removes timer (2.558375ms)
✔ SDK install conflicts never overwrite page functions; same installation is idempotent (0.583667ms)
✔ Hello cannot be ready from partial or wrong-version allowlist (1.382959ms)
✔ fixed MAIN to ISOLATED fixture preserves typed args/result, no controller or page authority (3.472208ms)
✔ CMP10/B01 business PageBrigeCode/ok/error fields survive real JSON hop inside data (1.758792ms)
✔ Hello grant subset permits its methods and rejects other calls before native request (0.37ms)
✔ fixture 100 concurrent original promises once settle; not native B05 evidence (11.952042ms)
✔ relay rejects page claims and raw script without native dispatch (13.556667ms)
✔ native typed authority/transport failure is outer error; business remains inner (1.769875ms)
✔ service dispatcher delegates storage and atomic device context without namespace from page (0.217458ms)
ℹ tests 62
ℹ suites 0
ℹ pass 62
ℹ fail 0
ℹ cancelled 0
ℹ skipped 0
ℹ todo 0
ℹ duration_ms 268.188375
