✔ concurrent window requests create once; new worker discovers existing window (11.825875ms)
✔ tool sender rejects foreign id, URL, frame, inactive document and missing document (0.405084ms)
✔ URL policy rejects restricted/file/credentials and preserves exact origin including port (0.630375ms)
✔ health waits for sender readiness and binds Chrome document metadata, not file result (1.753084ms)
✔ revoked permission blocks even previously installed agent (2.384458ms)
✔ reload, cross-origin and closed tab reject bound target without automatic reinjection (5.13475ms)
✔ forged health nonce and fake sender cannot satisfy exact target (1.691ms)
✔ missing module has no capabilities or runner and can be mounted/disposed (0.562709ms)
✔ focus failure while original exists must not create another tool window (0.28025ms)
✔ window API query failure is not evidence that the existing window disappeared (0.322917ms)
✔ unknown authorization mode is rejected before another injection (1.481833ms)
✔ permission revoke reports permission failure even when Chrome hides tab URL (1.653125ms)
✔ permission revoked during tabs.get is diagnosed before inspecting its hidden URL (2.437ms)
✔ repeated agent ready preserves optional authorization and cannot bypass revoke (1.777334ms)
✔ same-document concurrent binding resolves all readiness waiters (2.584083ms)
✔ document invalidation and revoke while awaiting reply reject late health success (0.394625ms)
{"kind":"historical-package-mutation","expectedPattern":"Dynamic execution reference","actualError":"Dynamic execution reference in agents/health.js: eval"}
{"kind":"historical-package-mutation","expectedPattern":"Dynamic execution reference","actualError":"Dynamic execution reference in agents/health.js: Function"}
✔ final classic scanner rejects eval alias and function-constructor references (701.434083ms)
{"kind":"historical-package-mutation","expectedPattern":"ENOENT|Missing","actualError":"Missing required resource: ui/tool-shell.css"}
✔ final package cannot omit a referenced local asset (149.647875ms)
{"kind":"historical-package-mutation","expectedPattern":"Unsafe HTML","actualError":"Unsafe HTML resources in ui/tool.html"}
{"kind":"historical-package-mutation","expectedPattern":"Unexpected JS","actualError":"Unexpected JS/chunks: agents/bootstrap.js,agents/health.js,agents/page-agent.js,agents/page-relay.js,agents/selection-entry.js,chunk.js,framework/sdk-main.js,scripting/packaged/page-session.js,scripting/sandbox/sandbox.js,scripting/sandbox/worker-runtime.js,sw.js,ui/tool-shell.js"}
✔ remote script and unexpected lazy chunk fail final package verification (371.53875ms)
{"kind":"historical-package-mutation","expectedPattern":"Missing|required|ENOENT","actualError":"Missing required resource: ui/tool.html"}
{"kind":"historical-package-mutation","expectedPattern":"worker|entry|Missing","actualError":"Unexpected or missing worker entry"}
✔ final package requires tool HTML/CSS and manifest worker references (236.368791ms)
✔ prepare pins a watermark and persists byte hash; external descriptors satisfy frozen schema (10.748584ms)
✔ partial export requires confirmation; request IDs bind immutable intent (1.964042ms)
✔ host registration mismatch and tombstones reject creation/dispatch (2.564042ms)
✔ double dispatch and reconstructed service invoke Chrome at most once (3.623042ms)
✔ ACK-gap after durable dispatch does not replay and becomes mapping_unknown (2.570083ms)
✔ short dispatch ACK does not wait for callback and cannot be resubmitted (1.439708ms)
✔ onCreated/search deduplicates an ID and started is not delivery complete (2.453209ms)
✔ multiple full-identity candidates conflict and never redownload (2.200667ms)
✔ known callback ID is authoritative; another candidate conflicts rather than replacing it (3.155208ms)
✔ wrong URL/extension/time and missing fields never bind by filename (2.460125ms)
✔ clock rollback cannot bind unique-looking mapping evidence (1.990041ms)
✔ onChanged complete must be confirmed by ID search; interrupted keeps Chrome reason (3.0585ms)
✔ 10-minute timeout is unknown; late complete resolves only its original job (11.744125ms)
✔ retry freezes old prepared submission; duplicate retry returns same new job (6.547709ms)
✔ multi-volume aggregate waits for every volume and releases pin only when all are releasable (6.649542ms)
✔ single abandoned volume causes delivery_failed; late evidence cannot revive it (4.249167ms)
✔ explicit job abandon and run tombstone retain late audit without resurrecting projection (6.268916ms)
✔ lost callback can recover via unique full URL; finite mapping search throttles repeated observations (5.772541ms)
✔ URL revoke waits for complete/interrupted/abandon or deadline and respects local reader pins (2.38725ms)
✔ deadline URL release preserves metadata and completion evidence after host resources disappear (1.785291ms)
✔ attach is idempotent; restart pending reconciliation never dispatches (2.29275ms)
✔ top-level broker handlers work without attach and confirm changed state through search (1.819625ms)
✔ callback-only Chrome API persists authoritative ID and handles runtime.lastError as unknown (3.642542ms)
✔ conflict retains its Blob through deadline; pending audits stop after the deadline bound (4.601959ms)
✔ deletion hook requires retirement proof and releases compatible storage reader pins before tombstone (4.801084ms)
✔ shared repository reads through export pin and deletes descriptor/chunk rows only after fence and abandonment (4.464791ms)
✔ tests/foundation/page-port-fixtures.test.mjs (50.758916ms)
✔ frozen fixture full plan validates; recomputed broader selector/caps hash does not grant authority (19.952584ms)
✔ stop after dispatched commit still permits exactly one fixed Chrome invocation; revised identity never replayed (19.791458ms)
✔ post-dispatch epoch/target/grant fences prevent stale Chrome use (23.552ms)
✔ script or command callback failure records unknown and cannot be blindly retried (9.724792ms)
✔ raw reception is durable but frame ACK requires matching staged rows, then full end signature is stored (21.32575ms)
✔ duplicate frame does not emit again; conflicting digest durably blocks whole page (18.219583ms)
✔ actual sender document defeats payload identity spoof; stop rejects new raw data (7.780917ms)
✔ raw backpressure refuses a second unacked frame; full signature includes changed sixth row (12.714333ms)
✔ fixed raw DOM reader retains long text, explicit empty string and optional missing attr without transforms (9.422042ms)
✔ packaged DOM agent returns short ACK before stream, awaits explicit frame ACK, then emits complete signature (17.410833ms)
✔ page transport sends its first frame before starting the EOF signature hash (4.225667ms)
✔ run-scoped submit/raw/effect journals preserve both runs and stay outside the unique command index (20.593875ms)
✔ raw frame and ACK never infer a missing run or accept a command with a rewritten revision (8.085875ms)
✔ negative fixed-agent receipt is unknown and its run-scoped submission cannot replay (5.534916ms)
✔ packaged agent and page port exchange a durable run-bound ACK before saving the complete EOF (12.357458ms)
✔ agent command and ACK namespaces separate equal command IDs and digests across runs (7.873708ms)
✔ single-use real action ticket binds actual source document, no run/records/slot created (5.5905ms)
✔ new operation durably cancels old; old source result audited and rejected, new result goes only to original host (11.071ms)
✔ cancel/release are durable before cleanup; duplicate release cannot mutate context (8.5795ms)
✔ preview samples at most ten full raw rows using shared plan binding and iterator ACK; no records written (6.6785ms)
✔ placeholder SelectorUI reports MODULE_NOT_INSTALLED, never fabricates selected status (1.734875ms)
✔ production allowlist is empty; unsigned self-reports and unknown keys never become Pro (8.473375ms)
✔ real P256/SHA256 P1363 signature; independent Node crypto oracle and claim hash (6.516ms)
✔ signed binding rejects tampered tier (1.140416ms)
✔ signed binding rejects tampered issuer (1.278917ms)
✔ signed binding rejects tampered subject (0.939916ms)
✔ signed binding rejects tampered audience (1.09425ms)
✔ signed binding rejects tampered features (3.603333ms)
✔ signed binding rejects tampered issuedAt (1.896042ms)
✔ signed binding rejects tampered expiresAt (2.861958ms)
✔ signed binding rejects tampered keyId (0.734542ms)
✔ signed binding rejects tampered revocationVersion (2.793542ms)
✔ signed binding rejects tampered formatVersion (1.374084ms)
✔ signed but unexpected issuer/subject are rejected; signatures from another key fail (10.343083ms)
✔ reject altered signature bytes, padded/noncanonical base64url, DER and wrong hash algorithm (5.667833ms)
✔ no production private JWK and no mutation of injected allowlist after construction (7.016333ms)
✔ future issuedAt, inverted time interval and expiry at the exact boundary reject new Pro (18.486042ms)
✔ impossible calendar dates and missing timestamp zones are rejected even when signed (2.204334ms)
✔ signed metadata cannot establish trusted verification or extend grace (13.603416ms)
✔ offline 72h inclusive boundary, +1ms fallback and no expiry extension (30.023708ms)
✔ offline reload keeps verification age; explicit trusted refresh reopens new Pro (6.259792ms)
✔ wall rollback freezes Pro across reload; monotonic elapsed time expires a frozen wall (19.714041ms)
✔ submillisecond clock observations preserve elapsed monotonic time (25.783459ms)
✔ monotonic rollback freezes Pro; trusted timestamp must not precede durable high water (4.37025ms)
✔ revocation is signed, bound, monotonic and durable; newer signed license may restore Pro (27.740333ms)
✔ cached claims and signed revocation are reverified; a persisted verification label grants nothing (6.817709ms)
✔ free and Pro limits clamp without changing template; signed features gate capabilities (9.329583ms)
✔ free template admission counts distinct IDs, permits revisions, rejects concurrent second template and allows delete/resave (0.535542ms)
✔ public admitTemplate accepts SaveTemplateRequest and returns the quota for the storage transaction (2.988458ms)
✔ repository revision history consumes no additional quota and survives head deletion (2.60275ms)
✔ Pro admission at 49/50/51 serializes template count and rejects stale or forged snapshots (8.719667ms)
✔ freshness checked inside template transaction after expiry or offline grace ends (4.636208ms)
✔ approved run remains frozen after expiry/revocation; sealed records, exports and retention are untouched (6.892667ms)
✔ frozen byte oracle preserves Chinese, zero, false, empty and null (8.701708ms)
✔ hostile JSON cannot enter hashes or durable protocol (0.649583ms)
✔ strict wire shapes reject unknown keys and unsafe integers (5.851166ms)
✔ ignoring a control revision never ignores epoch/document identity (0.197166ms)
✔ stop commit before dispatch forbids any new external call (13.7565ms)
✔ dispatch commit grants exactly one call even if stop subsequently commits (6.870083ms)
✔ a worker restart freezes a dispatched gap, holds slot and never repeats start (10.261667ms)
✔ actual sender, optional grant and immutable command ID are enforced (9.104917ms)
✔ stop repeats historical ACK; fencing cannot free the target slot by itself (5.7465ms)
✔ schema uses exactly frozen ten stores, explicit-key paths and sparse tagged indexes (6.228583ms)
✔ no native IDB in Node is reported as unavailable; storage entry exports factory (0.367625ms)
✔ immutable template save CAS, exact duplicate, hash lookup and name-only CAS (25.430416ms)
✔ template admission hook uses same transaction and cannot overwrite immutable revision (14.662833ms)
✔ beginPage permits preparing run, reserves exact command key and idempotently reACKs (9.652708ms)
✔ stage rejects undispatched reservation and atomically aborts open snapshot (15.156542ms)
✔ three batches: first two durable ACKs, third exact-byte failure hides whole page (42.380042ms)
✔ exact staged duplicate does not add bytes; conflicting valid digest aborts page (17.842958ms)
✔ host/epoch/target mismatch is rejected without aborting rightful open page (6.164292ms)
✔ admission cannot bypass transaction reread of cancellation (9.160667ms)
✔ stage may acknowledge authenticated raw frames before end; seal requires complete end (22.496042ms)
✔ seal recomputes all six rows; prefix-only signature fails (19.2665ms)
✔ batch gap, record key/field mismatch, and raw-end evidence mismatch reject (26.302167ms)
✔ stop wins before seal; seal wins before stop and preserves historic original ACK (43.016375ms)
✔ run revision and authenticated host registration cannot be bypassed (25.21175ms)
✔ reader pins freeze watermark/count, paginate long typed values, and reject other cursors (46.8935ms)
✔ zero-batch empty page requires authenticated allowed-empty proof (42.537792ms)
✔ repeated full page signature without end is rejected and left invisible (36.756167ms)
✔ whole-page run limits, two pending ACKs, profile budget and injected disk quota (34.956459ms)
✔ delete refuses active owner/read pin/open job/unknown attempt and tombstones retired data (15.617458ms)
✔ retention defaults seven days, preserves active runs and raw migration duplicates (5.429667ms)
✔ shared authority-issued SDK context interoperates with atomic storage raw receipt and device CAS (44.623583ms)
✔ creation dispatch commits before one exact bootstrap create; retries do not create again (12.998583ms)
✔ creation callback gap freezes slot, never infers never-created or blindly retries (3.537542ms)
✔ bootstrap registers real tab/document before at-most-one navigation dispatch; content spoof rejected (10.798208ms)
✔ stop before bootstrap navigation prevents location authorization (4.367542ms)
✔ formal target binds only real same-origin new document after navigation (16.354833ms)
✔ formal run cannot borrow activeTab instead of optional grant (7.747375ms)
✔ retirement remove + separate not-found evidence releases only matching slot once; old replay cannot clear new run (5.768167ms)
✔ cross-session numeric tab id is never queried or removed and slot remains frozen (4.836333ms)
✔ generic tabs.get failure cannot prove absence (3.6965ms)
✔ prepared/submissionCount=0 proves never-created; missing intent never releases (8.65375ms)
✔ bootstrap agent requests registration and navigation before exactly one assign (0.203958ms)
✔ complete synthetic checker fixture passes, including false/0 values; not a product test (27.438917ms)
✔ missing original case and missing explicit additional case cannot be hidden (40.565458ms)
✔ dropping or replacing the original ledger denominator rejects (60.598125ms)
✔ component/prototype pass and a foreign package cannot count as native acceptance (34.923125ms)
✔ source/package drift and changed per-case expected contract reject (147.861584ms)
✔ accepted marker alone, skipped result and missing raw evidence reject (85.819791ms)
✔ missing or duplicate environment observation and unbound browser binary reject (46.114458ms)
✔ each cleanup counter must return to an explicit resource baseline (62.004958ms)
✔ 1000 unique mixed rounds, all five outcomes, reconnects and disabled plugins are required (120.892375ms)
✔ B05 requires 100 calls with one admission/run/op/HTTP write and no controller (34.514458ms)
✔ all four crash points preserve identity; unknown effects cannot be replayed (26.529792ms)
✔ download accepted is insufficient without complete and an actual disk hash reference (29.42525ms)
✔ Worker termination evidence must meet approved3s and preserve borrowed pages (27.597292ms)
✔ historical failures remain open without case evidence; self-review or reversed review order rejects (60.136917ms)
✔ current real ledger readiness preserves original603 and every current explicit additional case without changing gate state (46.534584ms)
✔ read-only filesystem check rejects actual raw evidence and declared source tampering (46.1615ms)
✔ read-only filesystem check rejects tampering with the approved603 specification (16.967084ms)
✔ each successful campaign observation must satisfy its predicate; one good result cannot hide failure (59.131917ms)
✔ renaming records cannot duplicate one physical campaign occurrence (27.469541ms)
✔ supplemental contracts are required and original/additional IDs cannot overlap (41.160542ms)
✔ reviews bind the entire evidence snapshot, predecessor report and normalized identity with one role each (72.255166ms)
✔ artifact payload/descriptor and disk hashes, lengths and run identity must agree (53.480667ms)
✔ malformed nullable references, observations, environments and reviews yield structured rejection (96.9955ms)
✔ parsed review reports cannot hide missing nested evidence references (30.70975ms)
✔ actual WXT AST exposes exact CP1/CP2/CP4/storage and native KV observation ranges (404.487583ms)
✔ storage cut rejects missing or ambiguous immutable source anchors (161.947958ms)
✔ native KV submission selector refuses a changed or duplicate native put (215.302875ms)
✔ unknown must expose only the original public request reference (1.240875ms)
✔ bounded slices add prerequisites while retaining the full required case list (0.283333ms)
✔ preparation retains the frozen denominator and binds its actual helper bytes (25.901834ms)
✔ fresh owned process observation permits fallback cleanup (0.500042ms)
✔ fallback refuses reusedPid (0.092958ms)
✔ fallback refuses foreignParent (0.051791ms)
✔ fallback refuses foreignExecutable (0.043792ms)
✔ fallback refuses foreignProfile (0.049458ms)
✔ fallback refuses absent process and missing mock keychain (0.053083ms)
✔ Chrome JSON hop retains undefined, falsy values, nested presence and business PageBrigeCode (1.211458ms)
✔ outcome protocol separates actual errors from all user business objects (0.460042ms)
✔ encoder rejects unsupported values, cycles and getters without evaluating a getter (0.190667ms)
✔ decoder rejects forged tags, duplicate fields and byte limits; prototype names remain inert data (0.16925ms)
✔ typed canonical input is stable across key order and distinguishes missing from undefined (0.108334ms)
✔ Base64 string API preserves UTF-8 and rejects malformed Base64 and UTF-8 (2.2635ms)
✔ REGRESSION-R3-host-gone: document loss persists retirement without requiring the old host (3.537ms)
✔ REGRESSION-R4-control-states: late stop preserves an existing retirement (1.029125ms)
✔ REGRESSION-R4-control-states: session recovery preserves a durable retirement (1.066833ms)
✔ REGRESSION-R5-terminal-fence-gap: every committed terminal has a durable retirement (0.584375ms)
✔ REGRESSION-R6-false-completion: caller naturalEnd cannot complete an unbound run (0.549667ms)
✔ REGRESSION-R8-journal-key-collision: a caller command ID cannot replace host metadata (12.576875ms)
✔ generic APIs prepare committed typed values without templates, Blob creation or native dispatch (63.226959ms)
✔ generic host reads artifact, creates Blob, dispatches once and settles via real callback/listeners/search lifecycle (49.106625ms)
✔ generic preparation rejects forged namespace, wrong result/principal/current host session and actual sender before writing (23.477209ms)
✔ generic prepare transaction rechecks durable host revocation/result replacement/tombstone and rolls back all writes (19.486792ms)
✔ generic data uses canonical explicit blocks with exact 8MiB/64 limits and independent integrity checks (755.572208ms)
✔ generic attempt request dedupes, prevents simultaneous retries and reused/foreign Blob URLs (6.251042ms)
✔ generic dispatch ACK gap never replays; native mapping unknown and deadline release keep disk hash unverified (4.150125ms)
✔ generic current-document registration is rechecked inside attempt, read and dispatch transactions (9.565708ms)
✔ generic tombstone/abandon uses existing lifecycle and reader pin gates existing repository deletion (3.470334ms)
✔ generic missing issued namespace/principal fails closed and never derives authority from payload (2.194375ms)
✔ generic unsuccessful/missing wire results and legacy template entry points cannot manufacture artifacts (7.813625ms)
✔ generic immutable result and artifact chunks are rechecked before attempt transaction commits (8.05625ms)
✔ generic onCreated is not completion; wrong native identity and callback/search conflicts cannot certify delivery (19.693167ms)
✔ generic native interruption/runtime.lastError use shared failure/unknown states and never resubmit (10.114625ms)
✔ generic explicit fresh retry shares job/artifact; late evidence cannot release the new active reader pin (6.0725ms)
✔ generic later registered document exports stable namespace history without acquiring the old run owner (4.207625ms)
✔ generic abandonRun fences timed-out retry history so shared repository deletion does not strand old attempts (5.979916ms)
✔ generic public reconcile uses actual sender; internal Chrome callback reconciliation survives owning host revocation (5.147ms)
✔ generic completed immutable history exports after real new-session registration without replaying or adopting old download intents (7.511041ms)
✔ generic cross-session history rejects foreign namespaces, tampered principals, nonterminal runs and current-host session loss (21.386834ms)
✔ typed wire wrapper depth does not shorten the declared value depth budget (1.790125ms)
✔ R1: cyclic and malformed local schema references produce bounded typed rejection (0.47225ms)
✔ R1: long acyclic reference chains have a schema traversal depth budget (1.796625ms)
✔ R1: the inherited RulePlan resolves its nested local JSON pointer (15.267916ms)
✔ R2: closed shapes reject names inherited by the schema properties object (2.034125ms)
✔ R7: durable timestamps require an actual calendar date and explicit timezone (0.453667ms)
✔ SDK explicit regrant restores coherent epochs after SW restart without reviving old IDs (44.623917ms)
✔ SDK recovery reconciles atomic storage durable result before broker receipt and never replays it (4.510625ms)
✔ SDK restart at dispatched cut pauses its run with original unknown effect and no replacement (3.076ms)
✔ B05 broker unknown error retains the original admission reference without replay or new writes (5.840125ms)
✔ SDK Hello needs native document/grant and never claims a controller slot (0.608542ms)
✔ SDK grant and request payload cannot carry page authority/namespace/bare args (0.446708ms)
✔ SDK sender/document/lifecycle fences reject before any storage effect (0.493667ms)
✔ 100 same-ID concurrent persistent calls commit one effect and one result (33.72775ms)
✔ same ID with changed args or deadline conflicts and does not overwrite effect (7.680834ms)
✔ native session adapter preserves own undefined/false/0 across Chrome JSON storage (7.097292ms)
✔ durable session duplicate after authority restart does not resubmit native set (2.532375ms)
✔ native session failure records unknown dispatch and will not retry same write (1.858166ms)
✔ SW recovery fences dispatched write gap and retains original identity/deadline (2.298917ms)
✔ durable duplicate cannot extend original 15s service deadline (1.110917ms)
✔ native permission remove then regrant cannot revive old request/grant (4.418667ms)
✔ observed navigation invalidates current page Hello and pending admission (0.67125ms)
✔ notification permission removal with empty origins revokes the affected grant (0.415083ms)
✔ notification native receipt and durable undefined survive delivery revocation (1.789583ms)
✔ successful HTTP business envelope remains data and stores native result before delivery (14.5685ms)
✔ SDK backend timer clamps to earlier caller deadline even for hung native callback (2.340084ms)
✔ same-ID changed args/method/original deadline reaches broker and explicitly delivers conflict (3.309125ms)
✔ timeout plus reused ID: old success or rejection cannot finish/delete replacement (1.074791ms)
✔ 100 same-ID same-digest real relay dispatches all reach product broker admission: serial oracle, not native B05 (117.990583ms)
✔ deadline, canonical codec and legitimate request ID hello remain exact at native boundary (1.754666ms)
✔ bad page fields/ACK errors never consume another entry; dispose clears timers and late callbacks (0.49975ms)
✔ one self-contained factory exposes explicit frozen wire profiles in a fresh realm (1.98175ms)
✔ host, fixed Worker runtime and generated harness preserve the same literal values (26.519792ms)
✔ semantic violations are refused in every entry, without executing accessors (11.651916ms)
✔ profile decoder errors retain their codes and reject getters, Symbols and invalid strings (0.28675ms)
✔ foreign-realm tagged wires preserve original decode behavior and the Chrome JSON hop (1.103709ms)
✔ UTF-8 byte boundaries and inclusive depth 12 remain identical across generated and Worker paths (23.821291ms)
✔ generated harness embeds the shared factory, with no imports or host constructors (2.677334ms)
✔ a factory captures serialization intrinsics before user global patches (3.959875ms)
✔ CMP11-API01/02/03/04: bound constructors, immutable pins and independent owners (2.039708ms)
✔ CMP10-API05/06 and CMP01-API36: raw callbacks and raw execute never dispatch (0.144458ms)
✔ CMP10-API35: typed values and statement ignored args before registration (1.007541ms)
✔ CMP03-API34 and CORE-EVALUATE-EXPRESSION: explicit modes and no extra parameters (0.308958ms)
✔ CMP02-API12/13-LIMIT: Worker DOM snapshots reject; serialized alternatives preserve null/[] (0.310958ms)
✔ NAV01 + ChromeElement: only attested navigation advances root; old element/keyboard sequence stay bound (1.288208ms)
✔ CTRL owner fencing: stop/deadline/host-close settle pending once; stale request never rebinds new ctx (2.162334ms)
✔ Private Worker port: global fake peer, wrong owner, wrong correlation and reply replay cannot settle (30.531291ms)
✔ Host relay rejects cross-owner/old revision/old target before the shared transport (0.409666ms)
✔ typed depth 4: params, operation args and immutable result survive wider JSON envelopes (67.634209ms)
✔ typed depth 5: params, operation args and immutable result survive wider JSON envelopes (17.635667ms)
✔ typed depth 6: params, operation args and immutable result survive wider JSON envelopes (26.94775ms)
✔ typed depth 7: params, operation args and immutable result survive wider JSON envelopes (16.97775ms)
✔ typed depth 8: params, operation args and immutable result survive wider JSON envelopes (21.023708ms)
✔ typed depth 9: params, operation args and immutable result survive wider JSON envelopes (42.44775ms)
✔ typed depth 10: params, operation args and immutable result survive wider JSON envelopes (41.586875ms)
✔ typed depth 11: params, operation args and immutable result survive wider JSON envelopes (20.1585ms)
✔ typed depth 12: params, operation args and immutable result survive wider JSON envelopes (32.167167ms)
✔ JSON envelope depth 48 never widens the typed depth-12 admission/result/args budgets (7.519542ms)
✔ controller script deletion is CAS tombstone only; GC waits for terminal, Worker and target retirement (23.189708ms)
✔ deleted or hash-invalid scripts abort controller admission without run, slot or pin (1.412125ms)
✔ each controller lease pin binding is required; forged retired lease cannot authorize GC (7.380958ms)
✔ recovery upgrades old terminal lease bindings without reviving its result, Worker or slot (5.159459ms)
✔ public authority commits exact UTF8/headCAS and pins r1 while head advances to r2 without templates (5.139958ms)
✔ borrowed child frame is observed exactly; sibling commits do not fence it; top replacement does (18.824875ms)
✔ worker retirement gates durable result then borrowed release, without closing borrowed tab (4.521542ms)
✔ owned retirement closes only exact created tab after durable terminal commit (6.602875ms)
✔ new registered host reads old namespace result without acquiring its owner or replaying (2.851042ms)
✔ permission removal matches exact origin patterns and remains fenced after regrant (2.845125ms)
✔ native receipt survives post-dispatch permission loss; request is never resubmitted (6.212625ms)
✔ public recovery pauses controller, holds slot and never replays committed source (1.61875ms)
✔ public hostGone interruption retires borrowed target and exact pin once (3.142041ms)
✔ hostGone after completed result preserves the immutable result and finishes pending retirement (2.27475ms)
✔ SDK short persistent service completes while controller owns the same unique slot (3.939459ms)
✔ injected foundationClient registers once; forced harnessWorker termination precedes durable result and slot release (26.810708ms)
✔ dispatch allowlists reject malformed kind/method before any authority or native call (2.530666ms)
✔ packaged exact document injection, correlation and undefined use real registry; no reinjection/global mutation (7.572833ms)
✔ page session accepts trusted extension sender only, rejects spoof/changed replay and settles each execution once (12.977375ms)
✔ each dispatch is preceded by authority; revocation during suspension produces zero subsequent dispatches (7.873875ms)
✔ real current getScripts at dispatch and accept; false/undefined/business values strictly encoded with generator worlds (7.873709ms)
✔ switch observed unavailable is sticky across driver instances and results are retained before failing post permission (1.273416ms)
✔ user-script receipt must attest exact document/frame; malformed and user errors propagate (3.196958ms)
✔ navigation uses admitted pending phase, waits independently of old agent and preserves complete handoff binding (2.234625ms)
✔ navigation ignores another tab and wrong readiness document; timeout cleans every subscription (81.447666ms)
✔ navigation rejects unsupported options before dispatch and unauthorized redirect without handing off (2.818667ms)
✔ screenshot rejects fullPage/invisible exact tab and detects active-tab ABA during capture (2.228791ms)
✔ screenshot exact window success and raw receipt survive post-revocation (1.574375ms)
✔ cookie service uses observed store, correct projection/dedup, expires=0 and exact name/path deletion (4.841625ms)
✔ cookie batch preflight denies unauthorized URL and malformed/domain/partition input with no cookie write/read (2.058083ms)
✔ cookie remove native lastError is typed; ambiguous domain or partition observations never remove (1.699959ms)
✔ upload URL omits credentials, manually authorizes redirect and commits real chunks/file bytes (20.3015ms)
✔ upload denies cross-origin/downgrade/too many redirects/oversize/HTTP errors before DOM commit (6.179209ms)
✔ stop cancels real packaged waits/staging, late reply cannot deliver; fresh driver cleans original identity epoch (13.673167ms)
✔ result receipt survives forced stop; new-instance retirement removes borrowed registry resources without closing tab (1.834042ms)
✔ fixed packaged resources allow only current SDK entry; unlisted extension or remote code never creates nodes (1.204083ms)
✔ user wait cancellation uses only framework harness; deadline and pending authority failure fence late callbacks (39.191083ms)
✔ pagehide disposes listener, real wait and upload state; unknown operations create no session (8.035792ms)
✔ borrowed child frame keeps exact frame/document for registry, evaluation and fresh-instance cancellation (7.090792ms)
✔ borrowed child navigation/capture reject explicitly with zero native effects; wrong-frame result and replaced child are fenced (2.711583ms)
✔ CMP10-API35: generated function harness awaits and preserves falsy/undefined/business values (7.600167ms)
✔ CMP10-API35-ERR/LIMIT: generated user failures are typed; no lexical closure/native result fallback (5.120208ms)
✔ CMP03-API34 and CORE-EVALUATE-EXPRESSION: correct worlds, async statement, exact values and syntax error (3.909083ms)
✔ CMP03-API26: pending predicates time out and canceled waits clear the real timer/map (23.474958ms)
✔ SVC cookie reads use exact URL; no public-suffix or neighboring-domain expansion (1.207417ms)
✔ SVC cookie batch preserves explicit expiry/default session and Host-prefix rules (3.280792ms)
✔ SVC cookie removal awaits all callbacks and checks each permission (6.278459ms)
✔ SVC Chrome lastError and missing cookie callbacks are typed failures (0.543083ms)
✔ SVC fixed injection requires exact doc and correct resource/world before Chrome call (0.306875ms)
✔ SVC notification click has no page URL, clears once, close/late events do not resettle (0.34625ms)
✔ CMP13 real loopback four HTTP methods, body and serializable projection (27.119375ms)
✔ CMP13 real response false retained (2.99625ms)
✔ CMP13 real response zero retained (2.229834ms)
✔ CMP13 real response null retained (0.858417ms)
✔ HTTP vs network vs bad JSON/UTF8 typed errors and restricted error response (2.491625ms)
✔ denied URL and config have zero real HTTP; native grant rechecked post response (0.901666ms)
✔ private native receipt hook persists HTTP fact before post revocation, not normalized checkServer result (4.177041ms)
✔ manual redirect never follows unauthorized destination (0.902666ms)
✔ actual abort during stalled body/HTTP, size budget and caller cancellation (84.650834ms)
✔ backend 15s budget independent from client timeout and earlier native deadline (3.55225ms)
✔ stalled pre/post native permission validation still obeys driver deadline without replay (43.429041ms)
✔ server checks real observable success/failure and never reports opaque available (25.728292ms)
✔ external IP info disabled default and never calls original external endpoint in tests (0.462084ms)
✔ notification true callback wait, lastError refusal and pre/post authorization (2.232667ms)
✔ service HTTP result preserves business object inside response.data rather than outer authority (1.628625ms)
✔ RESOURCE fixed SDK allowlist has exactly two files; source entry consumes migrated modules (4.653ms)
✔ RESOURCE project MIT notice is byte-identical to frozen original; no copied vendor resource (2.306875ms)
✔ production actual fixed MAIN bundle reevaluates intact own globals and refreshes Hello (11.997875ms)
✔ development actual fixed MAIN bundle reevaluates intact own globals and refreshes Hello (10.083333ms)
✔ typed error projection preserves original reference and existing details without leaking internal fields (0.839291ms)
✔ window transport rejects original promise once with the wire reference and releases its pending timer (1.233167ms)
✔ Hello incarnation: relay-timeout cannot replace fresh success (7.926875ms)
✔ Hello incarnation: relay-timeout cannot replace fresh denial (2.735958ms)
✔ Hello incarnation: late-success cannot replace fresh success (3.668041ms)
✔ Hello incarnation: late-success cannot replace fresh denial (1.283916ms)
✔ Hello incarnation: late-failure cannot replace fresh success (1.739458ms)
✔ Hello incarnation: late-failure cannot replace fresh denial (0.996083ms)
✔ a request ID named hello uses the final-result channel, never Hello readiness (3.759375ms)
✔ uncorrelated Ready events do not settle a current Hello; pagehide is terminal (0.207958ms)
✔ production exact fixed MAIN/ISOLATED bundles correlate every reinjected Hello (19.335791ms)
✔ development exact fixed MAIN/ISOLATED bundles correlate every reinjected Hello (17.54025ms)
✔ exact review reproducer: two fresh evaluations reuse frozen globals and perform new Hello (10.218083ms)
✔ fresh native Hello updates expanded/shrunken grant subset and refuses failed regrant (7.977375ms)
✔ reinjection preserves old pending legacy callback and stable ChromeBridgeEvents (3.886583ms)
✔ overlapping reinjections serialize fixed Hello so late old callback cannot supply fresh grant (2.98225ms)
✔ hostile immutable public fake brand, slot, aliases and accessor conflicts fail closed (0.318417ms)
✔ dispose and pagehide are terminal: fresh evaluation cannot resurrect immutable installation (2.468833ms)
✔ borrowed lifecycle and forged function toString cannot impersonate ownership of a different global (0.246834ms)
✔ CMP15 callback preserves false (5.221ms)
✔ CMP15 callback preserves 0 (0.638458ms)
✔ CMP15 callback preserves undefined (0.415792ms)
✔ CMP15 callback preserves null (0.408375ms)
✔ CMP15 callback preserves  (0.670458ms)
✔ CMP15 callback preserves 0 (0.360625ms)
✔ CMP15 callback preserves  (0.283917ms)
✔ CMP15 callback preserves [object Object] (1.200125ms)
✔ CMP15 inner business error business denied remains original rejection (1.770833ms)
✔ CMP15 inner business error [object Object] remains original rejection (0.637208ms)
✔ CMP15 inner business error null remains original rejection (0.428ms)
✔ CMP15 inner business error undefined remains original rejection (0.336875ms)
✔ CMP15 inner business error false remains original rejection (0.223ms)
✔ CMP15 inner business error 0 remains original rejection (0.426333ms)
✔ CMP15 malformed Base64 / UTF8 / JSON settle once with typed stage and no pending (1.911542ms)
✔ CMP15 unicode legacy Base64 callback and ACK never settle early (0.954125ms)
✔ CMP15 old ChromeBridgeEvents facade is observable but cannot lose private pending settlement (0.321583ms)
✔ B03 client deadline and document dispose clean original pending once (11.655208ms)
✔ CMP07 AppStorage String semantics and AppLocal typed presence cross codec (0.722416ms)
✔ CMP13 four HTTP facades preserve call shape (0.136125ms)
✔ schema/config/business refusal dispatches nothing (0.355916ms)
✔ CMP14 notifications preserve desc rules with typed null/body errors (0.108416ms)
✔ CMP14 server results use latency order, input ties and all-failed null (0.17375ms)
✔ CMP08 strict compact JSON never runs code; wrapAsync is only source transformation (0.101792ms)
✔ CMP08 DeviceType, UA priority, unsupported native/fingerprint, delegated ID (0.445916ms)
✔ CMP08 UtilInfo stays idle until explicit call and keeps original URL (0.059875ms)
✔ events retain old strings and route lifecycle solely to injected RunHost (0.073708ms)
✔ sleep resolves undefined and abort removes timer (2.58375ms)
✔ SDK install conflicts never overwrite page functions; same installation is idempotent (0.576583ms)
✔ Hello cannot be ready from partial or wrong-version allowlist (1.814125ms)
✔ fixed MAIN to ISOLATED fixture preserves typed args/result, no controller or page authority (1.677375ms)
✔ CMP10/B01 business PageBrigeCode/ok/error fields survive real JSON hop inside data (0.458125ms)
✔ Hello grant subset permits its methods and rejects other calls before native request (0.104542ms)
✔ fixture 100 concurrent original promises once settle; not native B05 evidence (15.885875ms)
✔ relay rejects page claims and raw script without native dispatch (1.699083ms)
✔ native typed authority/transport failure is outer error; business remains inner (0.746792ms)
✔ service dispatcher delegates storage and atomic device context without namespace from page (0.177125ms)
✔ K5 fixed SDK/control and resource closure validates actual production package (230.603917ms)
✔ K5 production Worker exception rejects eval/Function aliases and reflective extra constructors (782.108041ms)
✔ K5 fixed SDK/control and resource closure validates actual development package (123.875208ms)
✔ K5 development Worker exception rejects eval/Function aliases and reflective extra constructors (768.686583ms)
✔ K5 fixed SDK files remain subject to privileged dynamic-execution scanner (1343.962875ms)
✔ K5 privileged and opaque CSP mutations cannot broaden execution (527.492375ms)
✔ K5 manifest exposes only SDK MAIN as an exact web accessible resource (757.056125ms)
✔ K5 every HTML is scanned and Worker cannot become a privileged script entry (2537.773875ms)
✔ K5 required sandbox/Worker/icon/MIT and unknown assets fail closed (1490.154625ms)
✔ K5 remote JS scanner distinguishes data URLs ending json/jsp without accepting scripts (0.420583ms)
✔ K5 WXT shell regressions still reject ESM and lazy chunk loading (0.328416ms)
✔ K5 additional manifest resources, CSS script consumers and remote maps are rejected (529.452333ms)
✔ 72 source identities/hashes and all 48 symbols survive the plan correction (0.932125ms)
✔ each current mapped capability has concrete source, semantics, dependency and cases (0.912458ms)
✔ frozen denominator lists supported and restricted contracts separately from exclusions (0.579708ms)
✔ stage0 gate cannot borrow historical design scores and product flags require their own evidence (2.381083ms)
✔ stage0 manifest hashes cover frozen plan, mapping, differences, cases and inherited contracts (14.806834ms)
ℹ tests 410
ℹ suites 0
ℹ pass 410
ℹ fail 0
ℹ cancelled 0
ℹ skipped 0
ℹ todo 0
ℹ duration_ms 9747.804542
