✔ concurrent window requests create once; new worker discovers existing window (13.458708ms)
✔ tool sender rejects foreign id, URL, frame, inactive document and missing document (0.155084ms)
✔ URL policy rejects restricted/file/credentials and preserves exact origin including port (0.189ms)
✔ health waits for sender readiness and binds Chrome document metadata, not file result (16.177708ms)
✔ revoked permission blocks even previously installed agent (5.467958ms)
✔ reload, cross-origin and closed tab reject bound target without automatic reinjection (8.353375ms)
✔ forged health nonce and fake sender cannot satisfy exact target (1.092166ms)
✔ missing module has no capabilities or runner and can be mounted/disposed (1.071875ms)
✔ focus failure while original exists must not create another tool window (0.7405ms)
✔ window API query failure is not evidence that the existing window disappeared (0.188ms)
✔ unknown authorization mode is rejected before another injection (0.867833ms)
✔ permission revoke reports permission failure even when Chrome hides tab URL (3.524ms)
✔ permission revoked during tabs.get is diagnosed before inspecting its hidden URL (11.585458ms)
✔ repeated agent ready preserves optional authorization and cannot bypass revoke (2.51ms)
✔ same-document concurrent binding resolves all readiness waiters (3.3845ms)
✔ document invalidation and revoke while awaiting reply reject late health success (0.405375ms)
{"kind":"historical-package-mutation","expectedPattern":"Dynamic execution reference","actualError":"Dynamic execution reference in agents/health.js: eval"}
{"kind":"historical-package-mutation","expectedPattern":"Dynamic execution reference","actualError":"Dynamic execution reference in agents/health.js: Function"}
✔ final classic scanner rejects eval alias and function-constructor references (885.693584ms)
{"kind":"historical-package-mutation","expectedPattern":"ENOENT|Missing","actualError":"Missing required resource: ui/tool-shell.css"}
✔ final package cannot omit a referenced local asset (194.962083ms)
{"kind":"historical-package-mutation","expectedPattern":"Unsafe HTML","actualError":"Unsafe HTML resources in ui/tool.html"}
{"kind":"historical-package-mutation","expectedPattern":"Unexpected JS","actualError":"Unexpected JS/chunks: agents/bootstrap.js,agents/health.js,agents/page-agent.js,agents/page-relay.js,agents/selection-entry.js,chunk.js,framework/sdk-main.js,scripting/packaged/page-session.js,scripting/sandbox/sandbox.js,scripting/sandbox/worker-runtime.js,sw.js,ui/tool-shell.js"}
✔ remote script and unexpected lazy chunk fail final package verification (416.444292ms)
{"kind":"historical-package-mutation","expectedPattern":"Missing|required|ENOENT","actualError":"Missing required resource: ui/tool.html"}
{"kind":"historical-package-mutation","expectedPattern":"worker|entry|Missing","actualError":"Unexpected or missing worker entry"}
✔ final package requires tool HTML/CSS and manifest worker references (267.946167ms)
✔ prepare pins a watermark and persists byte hash; external descriptors satisfy frozen schema (36.838375ms)
✔ partial export requires confirmation; request IDs bind immutable intent (3.092208ms)
✔ host registration mismatch and tombstones reject creation/dispatch (2.018625ms)
✔ double dispatch and reconstructed service invoke Chrome at most once (5.160917ms)
✔ ACK-gap after durable dispatch does not replay and becomes mapping_unknown (2.477125ms)
✔ short dispatch ACK does not wait for callback and cannot be resubmitted (1.680208ms)
✔ onCreated/search deduplicates an ID and started is not delivery complete (4.035ms)
✔ multiple full-identity candidates conflict and never redownload (1.148958ms)
✔ known callback ID is authoritative; another candidate conflicts rather than replacing it (2.677875ms)
✔ wrong URL/extension/time and missing fields never bind by filename (1.265209ms)
✔ clock rollback cannot bind unique-looking mapping evidence (0.863667ms)
✔ onChanged complete must be confirmed by ID search; interrupted keeps Chrome reason (2.232417ms)
✔ 10-minute timeout is unknown; late complete resolves only its original job (3.4445ms)
✔ retry freezes old prepared submission; duplicate retry returns same new job (4.674292ms)
✔ multi-volume aggregate waits for every volume and releases pin only when all are releasable (3.021708ms)
✔ single abandoned volume causes delivery_failed; late evidence cannot revive it (32.032416ms)
✔ explicit job abandon and run tombstone retain late audit without resurrecting projection (18.439875ms)
✔ lost callback can recover via unique full URL; finite mapping search throttles repeated observations (3.528ms)
✔ URL revoke waits for complete/interrupted/abandon or deadline and respects local reader pins (3.532042ms)
✔ deadline URL release preserves metadata and completion evidence after host resources disappear (1.403125ms)
✔ attach is idempotent; restart pending reconciliation never dispatches (1.171208ms)
✔ top-level broker handlers work without attach and confirm changed state through search (1.645083ms)
✔ callback-only Chrome API persists authoritative ID and handles runtime.lastError as unknown (4.97625ms)
✔ conflict retains its Blob through deadline; pending audits stop after the deadline bound (7.336042ms)
✔ deletion hook requires retirement proof and releases compatible storage reader pins before tombstone (1.14275ms)
✔ shared repository reads through export pin and deletes descriptor/chunk rows only after fence and abandonment (2.77175ms)
✔ tests/foundation/page-port-fixtures.test.mjs (67.564041ms)
✔ frozen fixture full plan validates; recomputed broader selector/caps hash does not grant authority (21.320916ms)
✔ stop after dispatched commit still permits exactly one fixed Chrome invocation; revised identity never replayed (16.17075ms)
✔ post-dispatch epoch/target/grant fences prevent stale Chrome use (12.374584ms)
✔ script or command callback failure records unknown and cannot be blindly retried (7.11175ms)
✔ raw reception is durable but frame ACK requires matching staged rows, then full end signature is stored (6.620334ms)
✔ duplicate frame does not emit again; conflicting digest durably blocks whole page (8.917875ms)
✔ actual sender document defeats payload identity spoof; stop rejects new raw data (4.161042ms)
✔ raw backpressure refuses a second unacked frame; full signature includes changed sixth row (9.915791ms)
✔ fixed raw DOM reader retains long text, explicit empty string and optional missing attr without transforms (55.708417ms)
✔ packaged DOM agent returns short ACK before stream, awaits explicit frame ACK, then emits complete signature (13.204708ms)
✔ page transport sends its first frame before starting the EOF signature hash (7.624167ms)
✔ run-scoped submit/raw/effect journals preserve both runs and stay outside the unique command index (42.615291ms)
✔ raw frame and ACK never infer a missing run or accept a command with a rewritten revision (8.891709ms)
✔ negative fixed-agent receipt is unknown and its run-scoped submission cannot replay (6.146458ms)
✔ packaged agent and page port exchange a durable run-bound ACK before saving the complete EOF (10.710625ms)
✔ agent command and ACK namespaces separate equal command IDs and digests across runs (6.410834ms)
✔ single-use real action ticket binds actual source document, no run/records/slot created (3.254083ms)
✔ new operation durably cancels old; old source result audited and rejected, new result goes only to original host (5.369584ms)
✔ cancel/release are durable before cleanup; duplicate release cannot mutate context (4.845666ms)
✔ preview samples at most ten full raw rows using shared plan binding and iterator ACK; no records written (14.775042ms)
✔ placeholder SelectorUI reports MODULE_NOT_INSTALLED, never fabricates selected status (7.178917ms)
✔ production allowlist is empty; unsigned self-reports and unknown keys never become Pro (51.522417ms)
✔ real P256/SHA256 P1363 signature; independent Node crypto oracle and claim hash (10.778542ms)
✔ signed binding rejects tampered tier (10.001417ms)
✔ signed binding rejects tampered issuer (6.405917ms)
✔ signed binding rejects tampered subject (12.042625ms)
✔ signed binding rejects tampered audience (0.646458ms)
✔ signed binding rejects tampered features (15.427208ms)
✔ signed binding rejects tampered issuedAt (5.174083ms)
✔ signed binding rejects tampered expiresAt (5.452833ms)
✔ signed binding rejects tampered keyId (3.574584ms)
✔ signed binding rejects tampered revocationVersion (9.012084ms)
✔ signed binding rejects tampered formatVersion (1.090958ms)
✔ signed but unexpected issuer/subject are rejected; signatures from another key fail (3.951458ms)
✔ reject altered signature bytes, padded/noncanonical base64url, DER and wrong hash algorithm (2.967125ms)
✔ no production private JWK and no mutation of injected allowlist after construction (2.847667ms)
✔ future issuedAt, inverted time interval and expiry at the exact boundary reject new Pro (9.079ms)
✔ impossible calendar dates and missing timestamp zones are rejected even when signed (1.405ms)
✔ signed metadata cannot establish trusted verification or extend grace (4.56825ms)
✔ offline 72h inclusive boundary, +1ms fallback and no expiry extension (8.015583ms)
✔ offline reload keeps verification age; explicit trusted refresh reopens new Pro (6.578458ms)
✔ wall rollback freezes Pro across reload; monotonic elapsed time expires a frozen wall (9.681ms)
✔ submillisecond clock observations preserve elapsed monotonic time (14.234375ms)
✔ monotonic rollback freezes Pro; trusted timestamp must not precede durable high water (9.3925ms)
✔ revocation is signed, bound, monotonic and durable; newer signed license may restore Pro (106.154541ms)
✔ cached claims and signed revocation are reverified; a persisted verification label grants nothing (24.599542ms)
✔ free and Pro limits clamp without changing template; signed features gate capabilities (18.670792ms)
✔ free template admission counts distinct IDs, permits revisions, rejects concurrent second template and allows delete/resave (1.239917ms)
✔ public admitTemplate accepts SaveTemplateRequest and returns the quota for the storage transaction (10.00575ms)
✔ repository revision history consumes no additional quota and survives head deletion (1.420041ms)
✔ Pro admission at 49/50/51 serializes template count and rejects stale or forged snapshots (14.956666ms)
✔ freshness checked inside template transaction after expiry or offline grace ends (25.95575ms)
✔ approved run remains frozen after expiry/revocation; sealed records, exports and retention are untouched (41.171959ms)
✔ frozen byte oracle preserves Chinese, zero, false, empty and null (19.774708ms)
✔ hostile JSON cannot enter hashes or durable protocol (0.373833ms)
✔ strict wire shapes reject unknown keys and unsafe integers (4.961875ms)
✔ ignoring a control revision never ignores epoch/document identity (0.202833ms)
✔ stop commit before dispatch forbids any new external call (16.704083ms)
✔ dispatch commit grants exactly one call even if stop subsequently commits (4.57875ms)
✔ a worker restart freezes a dispatched gap, holds slot and never repeats start (6.459375ms)
✔ actual sender, optional grant and immutable command ID are enforced (7.80725ms)
✔ stop repeats historical ACK; fencing cannot free the target slot by itself (3.067417ms)
✔ schema uses exactly frozen ten stores, explicit-key paths and sparse tagged indexes (5.217125ms)
✔ no native IDB in Node is reported as unavailable; storage entry exports factory (0.738417ms)
✔ immutable template save CAS, exact duplicate, hash lookup and name-only CAS (25.605417ms)
✔ template admission hook uses same transaction and cannot overwrite immutable revision (6.599375ms)
✔ beginPage permits preparing run, reserves exact command key and idempotently reACKs (5.720541ms)
✔ stage rejects undispatched reservation and atomically aborts open snapshot (6.17325ms)
✔ three batches: first two durable ACKs, third exact-byte failure hides whole page (20.243875ms)
✔ exact staged duplicate does not add bytes; conflicting valid digest aborts page (95.693458ms)
✔ host/epoch/target mismatch is rejected without aborting rightful open page (41.521666ms)
✔ admission cannot bypass transaction reread of cancellation (12.179917ms)
✔ stage may acknowledge authenticated raw frames before end; seal requires complete end (32.663167ms)
✔ seal recomputes all six rows; prefix-only signature fails (11.203375ms)
✔ batch gap, record key/field mismatch, and raw-end evidence mismatch reject (21.266ms)
✔ stop wins before seal; seal wins before stop and preserves historic original ACK (114.384083ms)
✔ run revision and authenticated host registration cannot be bypassed (42.663ms)
✔ reader pins freeze watermark/count, paginate long typed values, and reject other cursors (80.296167ms)
✔ zero-batch empty page requires authenticated allowed-empty proof (15.820625ms)
✔ repeated full page signature without end is rejected and left invisible (30.755292ms)
✔ whole-page run limits, two pending ACKs, profile budget and injected disk quota (68.589625ms)
✔ delete refuses active owner/read pin/open job/unknown attempt and tombstones retired data (19.040875ms)
✔ retention defaults seven days, preserves active runs and raw migration duplicates (9.457ms)
✔ shared authority-issued SDK context interoperates with atomic storage raw receipt and device CAS (13.418958ms)
✔ creation dispatch commits before one exact bootstrap create; retries do not create again (15.397666ms)
✔ creation callback gap freezes slot, never infers never-created or blindly retries (5.466709ms)
✔ bootstrap registers real tab/document before at-most-one navigation dispatch; content spoof rejected (8.011875ms)
✔ stop before bootstrap navigation prevents location authorization (4.694709ms)
✔ formal target binds only real same-origin new document after navigation (2.616125ms)
✔ formal run cannot borrow activeTab instead of optional grant (2.457375ms)
✔ retirement remove + separate not-found evidence releases only matching slot once; old replay cannot clear new run (3.440542ms)
✔ cross-session numeric tab id is never queried or removed and slot remains frozen (3.813208ms)
✔ generic tabs.get failure cannot prove absence (2.260958ms)
✔ prepared/submissionCount=0 proves never-created; missing intent never releases (3.447833ms)
✔ bootstrap agent requests registration and navigation before exactly one assign (0.573958ms)
✔ complete synthetic checker fixture passes, including false/0 values; not a product test (71.243291ms)
✔ missing original case and missing explicit additional case cannot be hidden (53.238125ms)
✔ dropping or replacing the original ledger denominator rejects (158.384667ms)
✔ component/prototype pass and a foreign package cannot count as native acceptance (82.235333ms)
✔ source/package drift and changed per-case expected contract reject (90.751334ms)
✔ accepted marker alone, skipped result and missing raw evidence reject (58.707292ms)
✔ missing or duplicate environment observation and unbound browser binary reject (113.983458ms)
✔ each cleanup counter must return to an explicit resource baseline (36.27825ms)
✔ 1000 unique mixed rounds, all five outcomes, reconnects and disabled plugins are required (116.087459ms)
✔ B05 requires 100 calls with one admission/run/op/HTTP write and no controller (32.893375ms)
✔ all four crash points preserve identity; unknown effects cannot be replayed (31.632541ms)
✔ download accepted is insufficient without complete and an actual disk hash reference (31.473625ms)
✔ Worker termination evidence must meet approved3s and preserve borrowed pages (29.107125ms)
✔ historical failures remain open without case evidence; self-review or reversed review order rejects (62.160292ms)
✔ current real ledger readiness preserves original603 and every current explicit additional case without changing gate state (59.038459ms)
✔ read-only filesystem check rejects actual raw evidence and declared source tampering (80.174542ms)
✔ read-only filesystem check rejects tampering with the approved603 specification (26.150833ms)
✔ each successful campaign observation must satisfy its predicate; one good result cannot hide failure (68.740833ms)
✔ renaming records cannot duplicate one physical campaign occurrence (33.487458ms)
✔ supplemental contracts are required and original/additional IDs cannot overlap (45.378542ms)
✔ reviews bind the entire evidence snapshot, predecessor report and normalized identity with one role each (79.214709ms)
✔ artifact payload/descriptor and disk hashes, lengths and run identity must agree (60.105167ms)
✔ malformed nullable references, observations, environments and reviews yield structured rejection (101.331584ms)
✔ parsed review reports cannot hide missing nested evidence references (35.00575ms)
✔ fresh owned process observation permits fallback cleanup (0.557541ms)
✔ fallback refuses reusedPid (0.102583ms)
✔ fallback refuses foreignParent (0.053291ms)
✔ fallback refuses foreignExecutable (0.046041ms)
✔ fallback refuses foreignProfile (0.053792ms)
✔ fallback refuses absent process and missing mock keychain (0.055416ms)
✔ Chrome JSON hop retains undefined, falsy values, nested presence and business PageBrigeCode (1.23375ms)
✔ outcome protocol separates actual errors from all user business objects (0.479333ms)
✔ encoder rejects unsupported values, cycles and getters without evaluating a getter (0.217208ms)
✔ decoder rejects forged tags, duplicate fields and byte limits; prototype names remain inert data (0.180625ms)
✔ typed canonical input is stable across key order and distinguishes missing from undefined (0.104875ms)
✔ Base64 string API preserves UTF-8 and rejects malformed Base64 and UTF-8 (0.892625ms)
✔ REGRESSION-R3-host-gone: document loss persists retirement without requiring the old host (6.191125ms)
✔ REGRESSION-R4-control-states: late stop preserves an existing retirement (0.637667ms)
✔ REGRESSION-R4-control-states: session recovery preserves a durable retirement (0.7215ms)
✔ REGRESSION-R5-terminal-fence-gap: every committed terminal has a durable retirement (0.544333ms)
✔ REGRESSION-R6-false-completion: caller naturalEnd cannot complete an unbound run (0.561458ms)
✔ REGRESSION-R8-journal-key-collision: a caller command ID cannot replace host metadata (12.979833ms)
✔ generic APIs prepare committed typed values without templates, Blob creation or native dispatch (173.793042ms)
✔ generic host reads artifact, creates Blob, dispatches once and settles via real callback/listeners/search lifecycle (15.951459ms)
✔ generic preparation rejects forged namespace, wrong result/principal/current host session and actual sender before writing (18.125083ms)
✔ generic prepare transaction rechecks durable host revocation/result replacement/tombstone and rolls back all writes (40.157083ms)
✔ generic data uses canonical explicit blocks with exact 8MiB/64 limits and independent integrity checks (805.029375ms)
✔ generic attempt request dedupes, prevents simultaneous retries and reused/foreign Blob URLs (11.672333ms)
✔ generic dispatch ACK gap never replays; native mapping unknown and deadline release keep disk hash unverified (8.917792ms)
✔ generic current-document registration is rechecked inside attempt, read and dispatch transactions (17.235ms)
✔ generic tombstone/abandon uses existing lifecycle and reader pin gates existing repository deletion (4.094584ms)
✔ generic missing issued namespace/principal fails closed and never derives authority from payload (2.071958ms)
✔ generic unsuccessful/missing wire results and legacy template entry points cannot manufacture artifacts (9.902459ms)
✔ generic immutable result and artifact chunks are rechecked before attempt transaction commits (11.644875ms)
✔ generic onCreated is not completion; wrong native identity and callback/search conflicts cannot certify delivery (21.577ms)
✔ generic native interruption/runtime.lastError use shared failure/unknown states and never resubmit (8.644083ms)
✔ generic explicit fresh retry shares job/artifact; late evidence cannot release the new active reader pin (8.471958ms)
✔ generic later registered document exports stable namespace history without acquiring the old run owner (3.299833ms)
✔ generic abandonRun fences timed-out retry history so shared repository deletion does not strand old attempts (6.287208ms)
✔ generic public reconcile uses actual sender; internal Chrome callback reconciliation survives owning host revocation (7.599375ms)
✔ generic completed immutable history exports after real new-session registration without replaying or adopting old download intents (10.499833ms)
✔ generic cross-session history rejects foreign namespaces, tampered principals, nonterminal runs and current-host session loss (23.565083ms)
✔ typed wire wrapper depth does not shorten the declared value depth budget (1.739292ms)
✔ R1: cyclic and malformed local schema references produce bounded typed rejection (0.426917ms)
✔ R1: long acyclic reference chains have a schema traversal depth budget (1.975417ms)
✔ R1: the inherited RulePlan resolves its nested local JSON pointer (7.823833ms)
✔ R2: closed shapes reject names inherited by the schema properties object (2.40625ms)
✔ R7: durable timestamps require an actual calendar date and explicit timezone (0.453708ms)
✔ SDK explicit regrant restores coherent epochs after SW restart without reviving old IDs (22.142917ms)
✔ SDK recovery reconciles atomic storage durable result before broker receipt and never replays it (6.58375ms)
✔ SDK restart at dispatched cut pauses its run with original unknown effect and no replacement (1.585292ms)
✔ SDK Hello needs native document/grant and never claims a controller slot (0.549583ms)
✔ SDK grant and request payload cannot carry page authority/namespace/bare args (1.510875ms)
✔ SDK sender/document/lifecycle fences reject before any storage effect (0.529875ms)
✔ 100 same-ID concurrent persistent calls commit one effect and one result (85.03325ms)
✔ same ID with changed args or deadline conflicts and does not overwrite effect (9.455208ms)
✔ native session adapter preserves own undefined/false/0 across Chrome JSON storage (7.930167ms)
✔ durable session duplicate after authority restart does not resubmit native set (3.8355ms)
✔ native session failure records unknown dispatch and will not retry same write (1.03275ms)
✔ SW recovery fences dispatched write gap and retains original identity/deadline (1.701666ms)
✔ durable duplicate cannot extend original 15s service deadline (2.24675ms)
✔ native permission remove then regrant cannot revive old request/grant (3.121208ms)
✔ observed navigation invalidates current page Hello and pending admission (0.717417ms)
✔ notification permission removal with empty origins revokes the affected grant (0.371667ms)
✔ notification native receipt and durable undefined survive delivery revocation (1.999959ms)
✔ successful HTTP business envelope remains data and stores native result before delivery (14.823833ms)
✔ SDK backend timer clamps to earlier caller deadline even for hung native callback (5.414667ms)
✔ same-ID changed args/method/original deadline reaches broker and explicitly delivers conflict (7.119917ms)
✔ timeout plus reused ID: old success or rejection cannot finish/delete replacement (2.617375ms)
✔ 100 same-ID same-digest real relay dispatches all reach product broker admission: serial oracle, not native B05 (70.908875ms)
✔ deadline, canonical codec and legitimate request ID hello remain exact at native boundary (0.258875ms)
✔ bad page fields/ACK errors never consume another entry; dispose clears timers and late callbacks (0.247125ms)
✔ one self-contained factory exposes explicit frozen wire profiles in a fresh realm (2.44125ms)
✔ host, fixed Worker runtime and generated harness preserve the same literal values (27.609417ms)
✔ semantic violations are refused in every entry, without executing accessors (51.244041ms)
✔ profile decoder errors retain their codes and reject getters, Symbols and invalid strings (0.321542ms)
✔ foreign-realm tagged wires preserve original decode behavior and the Chrome JSON hop (1.262333ms)
✔ UTF-8 byte boundaries and inclusive depth 12 remain identical across generated and Worker paths (39.126791ms)
✔ generated harness embeds the shared factory, with no imports or host constructors (1.10825ms)
✔ a factory captures serialization intrinsics before user global patches (0.650209ms)
✔ CMP11-API01/02/03/04: bound constructors, immutable pins and independent owners (2.804667ms)
✔ CMP10-API05/06 and CMP01-API36: raw callbacks and raw execute never dispatch (0.172917ms)
✔ CMP10-API35: typed values and statement ignored args before registration (1.112959ms)
✔ CMP03-API34 and CORE-EVALUATE-EXPRESSION: explicit modes and no extra parameters (0.391417ms)
✔ CMP02-API12/13-LIMIT: Worker DOM snapshots reject; serialized alternatives preserve null/[] (0.361292ms)
✔ NAV01 + ChromeElement: only attested navigation advances root; old element/keyboard sequence stay bound (1.058ms)
✔ CTRL owner fencing: stop/deadline/host-close settle pending once; stale request never rebinds new ctx (1.728167ms)
✔ Private Worker port: global fake peer, wrong owner, wrong correlation and reply replay cannot settle (33.1555ms)
✔ Host relay rejects cross-owner/old revision/old target before the shared transport (0.887208ms)
✔ typed depth 4: params, operation args and immutable result survive wider JSON envelopes (80.667ms)
✔ typed depth 5: params, operation args and immutable result survive wider JSON envelopes (27.674ms)
✔ typed depth 6: params, operation args and immutable result survive wider JSON envelopes (24.274375ms)
✔ typed depth 7: params, operation args and immutable result survive wider JSON envelopes (30.514792ms)
✔ typed depth 8: params, operation args and immutable result survive wider JSON envelopes (49.896167ms)
✔ typed depth 9: params, operation args and immutable result survive wider JSON envelopes (23.498459ms)
✔ typed depth 10: params, operation args and immutable result survive wider JSON envelopes (42.506791ms)
✔ typed depth 11: params, operation args and immutable result survive wider JSON envelopes (26.269792ms)
✔ typed depth 12: params, operation args and immutable result survive wider JSON envelopes (33.534333ms)
✔ JSON envelope depth 48 never widens the typed depth-12 admission/result/args budgets (4.958792ms)
✔ controller script deletion is CAS tombstone only; GC waits for terminal, Worker and target retirement (33.43125ms)
✔ each controller lease pin binding is required; forged retired lease cannot authorize GC (7.744292ms)
✔ recovery upgrades old terminal lease bindings without reviving its result, Worker or slot (11.385042ms)
✔ public authority commits exact UTF8/headCAS and pins r1 while head advances to r2 without templates (6.24825ms)
✔ borrowed child frame is observed exactly; sibling commits do not fence it; top replacement does (18.411666ms)
✔ worker retirement gates durable result then borrowed release, without closing borrowed tab (3.592083ms)
✔ owned retirement closes only exact created tab after durable terminal commit (4.792583ms)
✔ new registered host reads old namespace result without acquiring its owner or replaying (4.146959ms)
✔ permission removal matches exact origin patterns and remains fenced after regrant (4.097ms)
✔ native receipt survives post-dispatch permission loss; request is never resubmitted (8.379292ms)
✔ public recovery pauses controller, holds slot and never replays committed source (3.024208ms)
✔ public hostGone interruption retires borrowed target and exact pin once (5.565166ms)
✔ hostGone after completed result preserves the immutable result and finishes pending retirement (6.408791ms)
✔ SDK short persistent service completes while controller owns the same unique slot (9.390916ms)
✔ injected foundationClient registers once; forced harnessWorker termination precedes durable result and slot release (36.022209ms)
✔ dispatch allowlists reject malformed kind/method before any authority or native call (2.384917ms)
✔ packaged exact document injection, correlation and undefined use real registry; no reinjection/global mutation (10.769791ms)
✔ page session accepts trusted extension sender only, rejects spoof/changed replay and settles each execution once (8.789292ms)
✔ each dispatch is preceded by authority; revocation during suspension produces zero subsequent dispatches (0.895333ms)
✔ real current getScripts at dispatch and accept; false/undefined/business values strictly encoded with generator worlds (5.425084ms)
✔ switch observed unavailable is sticky across driver instances and results are retained before failing post permission (0.76475ms)
✔ user-script receipt must attest exact document/frame; malformed and user errors propagate (2.342125ms)
✔ navigation uses admitted pending phase, waits independently of old agent and preserves complete handoff binding (2.062ms)
✔ navigation ignores another tab and wrong readiness document; timeout cleans every subscription (83.833917ms)
✔ navigation rejects unsupported options before dispatch and unauthorized redirect without handing off (0.949208ms)
✔ screenshot rejects fullPage/invisible exact tab and detects active-tab ABA during capture (3.759917ms)
✔ screenshot exact window success and raw receipt survive post-revocation (2.57675ms)
✔ cookie service uses observed store, correct projection/dedup, expires=0 and exact name/path deletion (3.182083ms)
✔ cookie batch preflight denies unauthorized URL and malformed/domain/partition input with no cookie write/read (5.025042ms)
✔ cookie remove native lastError is typed; ambiguous domain or partition observations never remove (1.901041ms)
✔ upload URL omits credentials, manually authorizes redirect and commits real chunks/file bytes (15.5945ms)
✔ upload denies cross-origin/downgrade/too many redirects/oversize/HTTP errors before DOM commit (4.815209ms)
✔ stop cancels real packaged waits/staging, late reply cannot deliver; fresh driver cleans original identity epoch (12.647708ms)
✔ result receipt survives forced stop; new-instance retirement removes borrowed registry resources without closing tab (1.485292ms)
✔ fixed packaged resources allow only current SDK entry; unlisted extension or remote code never creates nodes (1.15725ms)
✔ user wait cancellation uses only framework harness; deadline and pending authority failure fence late callbacks (53.199542ms)
✔ pagehide disposes listener, real wait and upload state; unknown operations create no session (7.33325ms)
✔ borrowed child frame keeps exact frame/document for registry, evaluation and fresh-instance cancellation (3.557875ms)
✔ borrowed child navigation/capture reject explicitly with zero native effects; wrong-frame result and replaced child are fenced (3.053125ms)
✔ CMP10-API35: generated function harness awaits and preserves falsy/undefined/business values (9.386833ms)
✔ CMP10-API35-ERR/LIMIT: generated user failures are typed; no lexical closure/native result fallback (6.063125ms)
✔ CMP03-API34 and CORE-EVALUATE-EXPRESSION: correct worlds, async statement, exact values and syntax error (4.018792ms)
✔ CMP03-API26: pending predicates time out and canceled waits clear the real timer/map (22.6945ms)
✔ SVC cookie reads use exact URL; no public-suffix or neighboring-domain expansion (2.125542ms)
✔ SVC cookie batch preserves explicit expiry/default session and Host-prefix rules (3.495209ms)
✔ SVC cookie removal awaits all callbacks and checks each permission (5.10825ms)
✔ SVC Chrome lastError and missing cookie callbacks are typed failures (0.287084ms)
✔ SVC fixed injection requires exact doc and correct resource/world before Chrome call (0.247375ms)
✔ SVC notification click has no page URL, clears once, close/late events do not resettle (0.33025ms)
✔ CMP13 real loopback four HTTP methods, body and serializable projection (34.753167ms)
✔ CMP13 real response false retained (2.84675ms)
✔ CMP13 real response zero retained (0.910917ms)
✔ CMP13 real response null retained (0.7085ms)
✔ HTTP vs network vs bad JSON/UTF8 typed errors and restricted error response (2.703875ms)
✔ denied URL and config have zero real HTTP; native grant rechecked post response (3.776583ms)
✔ private native receipt hook persists HTTP fact before post revocation, not normalized checkServer result (2.518666ms)
✔ manual redirect never follows unauthorized destination (0.616709ms)
✔ actual abort during stalled body/HTTP, size budget and caller cancellation (81.184166ms)
✔ backend 15s budget independent from client timeout and earlier native deadline (1.6895ms)
✔ stalled pre/post native permission validation still obeys driver deadline without replay (43.402625ms)
✔ server checks real observable success/failure and never reports opaque available (23.800792ms)
✔ external IP info disabled default and never calls original external endpoint in tests (0.185209ms)
✔ notification true callback wait, lastError refusal and pre/post authorization (1.681ms)
✔ service HTTP result preserves business object inside response.data rather than outer authority (1.121375ms)
✔ RESOURCE fixed SDK allowlist has exactly two files; source entry consumes migrated modules (26.093ms)
✔ RESOURCE project MIT notice is byte-identical to frozen original; no copied vendor resource (11.7975ms)
✔ production actual fixed MAIN bundle reevaluates intact own globals and refreshes Hello (29.734ms)
✔ development actual fixed MAIN bundle reevaluates intact own globals and refreshes Hello (25.267375ms)
✔ Hello incarnation: relay-timeout cannot replace fresh success (7.732666ms)
✔ Hello incarnation: relay-timeout cannot replace fresh denial (2.874459ms)
✔ Hello incarnation: late-success cannot replace fresh success (1.37675ms)
✔ Hello incarnation: late-success cannot replace fresh denial (1.466791ms)
✔ Hello incarnation: late-failure cannot replace fresh success (2.000416ms)
✔ Hello incarnation: late-failure cannot replace fresh denial (0.981083ms)
✔ a request ID named hello uses the final-result channel, never Hello readiness (1.706375ms)
✔ uncorrelated Ready events do not settle a current Hello; pagehide is terminal (0.175ms)
✔ production exact fixed MAIN/ISOLATED bundles correlate every reinjected Hello (22.998542ms)
✔ development exact fixed MAIN/ISOLATED bundles correlate every reinjected Hello (21.40225ms)
✔ exact review reproducer: two fresh evaluations reuse frozen globals and perform new Hello (9.686125ms)
✔ fresh native Hello updates expanded/shrunken grant subset and refuses failed regrant (6.908041ms)
✔ reinjection preserves old pending legacy callback and stable ChromeBridgeEvents (3.105667ms)
✔ overlapping reinjections serialize fixed Hello so late old callback cannot supply fresh grant (7.316625ms)
✔ hostile immutable public fake brand, slot, aliases and accessor conflicts fail closed (0.276125ms)
✔ dispose and pagehide are terminal: fresh evaluation cannot resurrect immutable installation (6.376209ms)
✔ borrowed lifecycle and forged function toString cannot impersonate ownership of a different global (1.0145ms)
✔ CMP15 callback preserves false (3.370709ms)
✔ CMP15 callback preserves 0 (0.3275ms)
✔ CMP15 callback preserves undefined (28.009375ms)
✔ CMP15 callback preserves null (0.407417ms)
✔ CMP15 callback preserves  (0.410458ms)
✔ CMP15 callback preserves 0 (0.836708ms)
✔ CMP15 callback preserves  (0.422708ms)
✔ CMP15 callback preserves [object Object] (1.237625ms)
✔ CMP15 inner business error business denied remains original rejection (0.822ms)
✔ CMP15 inner business error [object Object] remains original rejection (0.393ms)
✔ CMP15 inner business error null remains original rejection (0.330375ms)
✔ CMP15 inner business error undefined remains original rejection (0.763ms)
✔ CMP15 inner business error false remains original rejection (0.372ms)
✔ CMP15 inner business error 0 remains original rejection (0.480583ms)
✔ CMP15 malformed Base64 / UTF8 / JSON settle once with typed stage and no pending (1.837833ms)
✔ CMP15 unicode legacy Base64 callback and ACK never settle early (0.611875ms)
✔ CMP15 old ChromeBridgeEvents facade is observable but cannot lose private pending settlement (0.708667ms)
✔ B03 client deadline and document dispose clean original pending once (10.862291ms)
✔ CMP07 AppStorage String semantics and AppLocal typed presence cross codec (0.8325ms)
✔ CMP13 four HTTP facades preserve call shape (0.161541ms)
✔ schema/config/business refusal dispatches nothing (0.404041ms)
✔ CMP14 notifications preserve desc rules with typed null/body errors (0.135ms)
✔ CMP14 server results use latency order, input ties and all-failed null (0.183875ms)
✔ CMP08 strict compact JSON never runs code; wrapAsync is only source transformation (0.114916ms)
✔ CMP08 DeviceType, UA priority, unsupported native/fingerprint, delegated ID (0.495584ms)
✔ CMP08 UtilInfo stays idle until explicit call and keeps original URL (0.089625ms)
✔ events retain old strings and route lifecycle solely to injected RunHost (0.08375ms)
✔ sleep resolves undefined and abort removes timer (1.625833ms)
✔ SDK install conflicts never overwrite page functions; same installation is idempotent (0.542834ms)
✔ Hello cannot be ready from partial or wrong-version allowlist (1.195ms)
✔ fixed MAIN to ISOLATED fixture preserves typed args/result, no controller or page authority (2.04275ms)
✔ CMP10/B01 business PageBrigeCode/ok/error fields survive real JSON hop inside data (5.167667ms)
✔ Hello grant subset permits its methods and rejects other calls before native request (0.150916ms)
✔ fixture 100 concurrent original promises once settle; not native B05 evidence (14.802208ms)
✔ relay rejects page claims and raw script without native dispatch (3.566209ms)
✔ native typed authority/transport failure is outer error; business remains inner (0.7695ms)
✔ service dispatcher delegates storage and atomic device context without namespace from page (0.160375ms)
✔ K5 fixed SDK/control and resource closure validates actual production package (312.215959ms)
✔ K5 production Worker exception rejects eval/Function aliases and reflective extra constructors (949.243ms)
✔ K5 fixed SDK/control and resource closure validates actual development package (116.067708ms)
✔ K5 development Worker exception rejects eval/Function aliases and reflective extra constructors (769.943583ms)
✔ K5 fixed SDK files remain subject to privileged dynamic-execution scanner (1319.289375ms)
✔ K5 privileged and opaque CSP mutations cannot broaden execution (547.594292ms)
✔ K5 manifest exposes only SDK MAIN as an exact web accessible resource (751.45275ms)
✔ K5 every HTML is scanned and Worker cannot become a privileged script entry (2425.471666ms)
✔ K5 required sandbox/Worker/icon/MIT and unknown assets fail closed (1456.084541ms)
✔ K5 remote JS scanner distinguishes data URLs ending json/jsp without accepting scripts (0.34525ms)
✔ K5 WXT shell regressions still reject ESM and lazy chunk loading (0.319208ms)
✔ K5 additional manifest resources, CSS script consumers and remote maps are rejected (503.983458ms)
✔ 72 source identities/hashes and all 48 symbols survive the plan correction (1.078542ms)
✔ each current mapped capability has concrete source, semantics, dependency and cases (0.916334ms)
✔ frozen denominator lists supported and restricted contracts separately from exclusions (0.651125ms)
✔ stage0 gate cannot borrow historical design scores and product flags require their own evidence (0.813458ms)
✔ stage0 manifest hashes cover frozen plan, mapping, differences, cases and inherited contracts (6.068542ms)
ℹ tests 400
ℹ suites 0
ℹ pass 400
ℹ fail 0
ℹ cancelled 0
ℹ skipped 0
ℹ todo 0
ℹ duration_ms 9778.639667
