PASS successful cleanup is idempotent
node:internal/modules/run_main:107
    triggerUncaughtException(
    ^

AssertionError [ERR_ASSERTION]: Expected values to be strictly deep-equal:
+ actual - expected

  [
    'eof',
+   'SIGTERM'
  ]

    at file:///Users/shopme/Documents/workspace/opendesk-browser/tests/framework/k5-sdk-native-launcher.mjs:293:12
    at async cleanupSelftest (file:///Users/shopme/Documents/workspace/opendesk-browser/tests/framework/k5-sdk-native-launcher.mjs:365:44)
    at async file:///Users/shopme/Documents/workspace/opendesk-browser/tests/framework/k5-sdk-native-launcher.mjs:368:110 {
  generatedMessage: true,
  code: 'ERR_ASSERTION',
  actual: [ 'eof', 'SIGTERM' ],
  expected: [ 'eof' ],
  operator: 'deepStrictEqual',
  diff: 'simple'
}

Node.js v24.16.0
