✔ compiled modern download service drops legacy preparation while retaining reconciliation and source compatibility (115.118083ms)
✔ cold-start downloads are captured synchronously and reconcile once after the broker opens (4.460541ms)
✔ startup and reconciliation failures are observed without unhandled rejection or retry (1.720708ms)
✔ generic APIs prepare committed typed values without templates, Blob creation or native dispatch (80.396666ms)
✔ generic host reads artifact, creates Blob, dispatches once and settles via real callback/listeners/search lifecycle (11.336667ms)
✔ generic preparation rejects forged namespace, wrong result/principal/current host session and actual sender before writing (12.820708ms)
✔ generic prepare transaction rechecks durable host revocation/result replacement/tombstone and rolls back all writes (9.926916ms)
✔ generic data uses canonical explicit blocks with exact 8MiB/64 limits and independent integrity checks (544.944083ms)
✔ generic attempt request dedupes, prevents simultaneous retries and reused/foreign Blob URLs (6.139667ms)
✔ lost prepare response cleanup fences late preparation and never submits a download (7.680458ms)
✔ native host absence retires unsubmitted artifacts; query failure and live hosts preserve them (9.792458ms)
✔ generic dispatch ACK gap never replays; native mapping unknown and deadline release keep disk hash unverified (4.542417ms)
✔ generic current-document registration is rechecked inside attempt, read and dispatch transactions (10.787625ms)
✔ generic tombstone/abandon uses existing lifecycle and reader pin gates existing repository deletion (3.52675ms)
✔ generic missing issued namespace/principal fails closed and never derives authority from payload (2.367208ms)
✔ generic unsuccessful/missing wire results and legacy template entry points cannot manufacture artifacts (10.075917ms)
✔ generic immutable result and artifact chunks are rechecked before attempt transaction commits (8.21325ms)
✔ generic onCreated is not completion; wrong native identity and callback/search conflicts cannot certify delivery (16.34825ms)
✔ generic native interruption/runtime.lastError use shared failure/unknown states and never resubmit (8.637583ms)
✔ generic explicit fresh retry shares job/artifact; late evidence cannot release the new active reader pin (9.102833ms)
✔ generic later registered document exports stable namespace history without acquiring the old run owner (2.807875ms)
✔ generic abandonRun fences timed-out retry history so shared repository deletion does not strand old attempts (5.666125ms)
✔ generic public reconcile uses actual sender; internal Chrome callback reconciliation survives owning host revocation (4.956542ms)
✔ generic completed immutable history exports after real new-session registration without replaying or adopting old download intents (7.583958ms)
✔ generic cross-session history rejects foreign namespaces, tampered principals, nonterminal runs and current-host session loss (12.728708ms)
✔ late failure of an old installation does not revoke a newer approved scope in the same document (10.42925ms)
✔ native injection failure preserves its error and retires the actual installation grant (2.043875ms)
✔ installation cleanup fences immediately while persistence waits without invalidating quick reapproval (3.3935ms)
✔ authority refuses prerender at grant, injection and dispatch boundaries (1.754042ms)
✔ authority refuses cached at grant, injection and dispatch boundaries (3.471834ms)
✔ authority refuses pending deletion at grant, injection and dispatch boundaries (1.671375ms)
✔ authority refuses missing lifecycle at grant, injection and dispatch boundaries (1.471167ms)
✔ authority refuses unknown lifecycle at grant, injection and dispatch boundaries (1.383209ms)
✔ authority refuses failed navigation at grant, injection and dispatch boundaries (7.832667ms)
✔ exact installation cleanup cannot be mixed with a native origin removal (1.194292ms)
✔ installed Task v1 cannot inherit Controller storage, cross-site HTTP or Cookie authority (68.408834ms)
✔ Task disable and re-enable fence old operations, old replies, late success and stale Run clicks (33.808208ms)
✔ uninstall and same-version reinstall cannot reuse stale Run, Toggle, Install or Uninstall authorization (18.297875ms)
✔ same-scope Task upgrade preserves installation while programs and versions cannot borrow each others approval (20.575833ms)
✔ proven legacy Task installs migrate once on new admission and cannot resurrect an old run (22.191083ms)
✔ Sidebar captured URL rejects SPA change and pending navigation before creating a run (1.968875ms)
✔ Sidebar URL changing during revision pinning fails durably and releases the slot without executing (1.394ms)
✔ persistent history presents the latest task by creation time rather than storage key order (6.027167ms)
✔ cookie input rejection settles zero-dispatch failure once and permits the next admitted call (64.050375ms)
✔ corrupted cookie preflight checkpoints stay unknown and never become replayable replies (37.169875ms)
✔ cookie preflight still fences delivery when permission is lost after its checkpoint (4.405542ms)
✔ cookie input rejection still fences delivery after the selected document changes (3.213625ms)
✔ cookie native callback errors or missing success receipts retain effect-unknown fencing (9.774709ms)
✔ observed packaged failures replay once and allow the next admitted call (12.692459ms)
✔ unvalidated packaged wrong request stays unknown and cannot resubmit (4.953166ms)
✔ unvalidated packaged wrong run stays unknown and cannot resubmit (6.529625ms)
✔ unvalidated packaged wrong owner stays unknown and cannot resubmit (7.107875ms)
✔ unvalidated packaged malformed error stays unknown and cannot resubmit (4.896834ms)
✔ unvalidated packaged missing final reply stays unknown and cannot resubmit (4.656834ms)
✔ unvalidated packaged replaced document stays unknown and cannot resubmit (4.094208ms)
✔ packaged final failure still fences delivery after its receipt when permission is lost (7.377667ms)
✔ observed final page failures replay once, preserve cause and allow the next admitted call (31.722625ms)
✔ unvalidated wrong document failure stays unknown and cannot resubmit (4.434292ms)
✔ unvalidated missing final error failure stays unknown and cannot resubmit (4.946ms)
✔ unvalidated malformed final code failure stays unknown and cannot resubmit (4.082875ms)
✔ observed final failure still fences delivery when permission is lost after its validated receipt (5.306459ms)
✔ typed depth 4: params, operation args and immutable result survive wider JSON envelopes (11.236ms)
✔ typed depth 5: params, operation args and immutable result survive wider JSON envelopes (10.517292ms)
✔ typed depth 6: params, operation args and immutable result survive wider JSON envelopes (12.523292ms)
✔ typed depth 7: params, operation args and immutable result survive wider JSON envelopes (11.760791ms)
✔ typed depth 8: params, operation args and immutable result survive wider JSON envelopes (12.870416ms)
✔ typed depth 9: params, operation args and immutable result survive wider JSON envelopes (12.023584ms)
✔ typed depth 10: params, operation args and immutable result survive wider JSON envelopes (13.163208ms)
✔ typed depth 11: params, operation args and immutable result survive wider JSON envelopes (13.64ms)
✔ typed depth 12: params, operation args and immutable result survive wider JSON envelopes (14.167916ms)
✔ JSON envelope depth 48 never widens the typed depth-12 admission/result/args budgets (3.388875ms)
✔ controller script deletion is CAS tombstone only; GC waits for terminal, Worker and target retirement (11.5635ms)
✔ deleted or hash-invalid scripts abort controller admission without run, slot or pin (0.946708ms)
✔ each controller lease pin binding is required; forged retired lease cannot authorize GC (4.017791ms)
✔ recovery upgrades old terminal lease bindings without reviving its result, Worker or slot (3.121083ms)
✔ public authority commits exact UTF8/headCAS and pins r1 while head advances to r2 without templates (4.3215ms)
✔ controller script list is a host-authorized head projection filtered by namespace and tombstone (0.685333ms)
✔ borrowed child frame is observed exactly; sibling commits do not fence it; top replacement does (12.443875ms)
✔ worker retirement gates durable result then borrowed release, without closing borrowed tab (2.952125ms)
✔ owned retirement closes only exact created tab after durable terminal commit (3.9985ms)
✔ new registered host reads old namespace result without acquiring its owner or replaying (2.523791ms)
✔ permission removal matches exact origin patterns and remains fenced after regrant (1.393125ms)
▶ additional Origin revocation fences active and completed result delivery without replay
  ✔ active run (35.788583ms)
  ✔ completed result (14.559166ms)
✔ additional Origin revocation fences active and completed result delivery without replay (50.716667ms)
▶ contains false without an event durably fences the complete Controller Origin scope
  ✔ saved reply (3.763292ms)
  ✔ new page operation (5.486625ms)
  ✔ first finish (4.032833ms)
  ✔ completed snapshot (4.543208ms)
✔ contains false without an event durably fences the complete Controller Origin scope (18.097625ms)
✔ additional Origin removal aborts an in-flight HTTP effect and never resubmits it (2.34225ms)
✔ snapshot blocks an additional Origin event before its durable transaction can run (1.625708ms)
✔ historical Controller results survive navigation and Worker epochs but never durable revocation (4.031667ms)
✔ user-script lookup failure without native effect fails terminal and retires controller (6.247916ms)
✔ native rejection after submission without receipt stays unknown and cannot replay (2.944834ms)
✔ native receipt survives post-dispatch permission loss; request is never resubmitted (4.608375ms)
✔ public recovery pauses controller, holds slot and never replays committed source (1.3935ms)
✔ restart retires only a Controller whose exact host document is natively absent (4.244208ms)
✔ host port loss pauses while live context remains, but recovered missing host tab retires once (3.670125ms)
✔ public hostGone interruption retires borrowed target and exact pin once (1.814417ms)
✔ hostGone after completed result preserves the immutable result and finishes pending retirement (3.588ms)
✔ SDK short persistent service completes while controller owns the same unique slot (3.713875ms)
✔ template-disabled host registers once; forced harnessWorker termination precedes durable result and slot release (28.334541ms)
✔ controller services share run authority and storage adapter without SDK admission or extra slot (5.682125ms)
✔ controller network grant pins a real broker GET to exact run Origin and fences revocation (5.096917ms)
✔ controller HTTP uses the admitted target origin and repeats only a saved response (3.333834ms)
✔ saved controller result is retained but is not delivered after target permission revocation (2.807292ms)
✔ observed HTTP error is durable and never sent twice (2.017084ms)
✔ controller initialization failure plus lost finish response still retires its admitted slot (1.95075ms)
✔ repeating finish after permission revocation cannot bypass result delivery authorization (1.619666ms)
✔ Current Page active switch before admission rejects same URL B without creating run (0.553208ms)
✔ same-URL navigation beginning during admission invalidates the old document before commit (1.217125ms)
✔ Current Page activation during pin fails original run durably and releases slot (1.054125ms)
✔ Current Page activation after last native observation is fenced; admitted target can later be inactive (2.111583ms)
✔ native target changes after final candidate query reject admission and release durable slot and pin (4.111291ms)
✔ draft source is bound to one durable run, not saved as a script head, and erased only after retirement (1.982916ms)
✔ controller never trusts draft callers to assert their own saved hash or unrecognized source format (0.463333ms)
✔ Page preview and Controller share one atomic slot across service instances and unknown receipts (4.25425ms)
✔ HTTP first delivery preserves full response cause for 404, 429 and 500 (8.112166ms)
✔ recovery preserves durable HTTP error cause without delivering or redispatching the old request (2.615791ms)
✔ durable HTTP errors still obey permission, document, deadline, stop and host delivery fences (10.708ms)
✔ HTTP timeout, transport, forged error and malformed JSON without a receipt remain unknown (5.787375ms)
✔ Controller saved revision freezes runtime; old bytes cannot allocate a run or revision pin (1.82725ms)
✔ duplicate draft admissions require the original frozen runtime, without another run or dispatch (3.10075ms)
✔ RunHost recovers a durable finish result after the finish response is lost, then retires once (8.047125ms)
✔ RunHost clears currentRun before notifying a released controller terminal state (0.432625ms)
✔ RunHost keeps currentRun during a pending retirement notification (0.330084ms)
✔ RunHost stop immediately stops the local controller before waiting for durable stop (0.465375ms)
✔ RunHost keeps pending settlement after finish failure and retries it without re-executing (0.412917ms)
✔ an authenticated durable Controller fence aborts a waiting Worker and unsubscribes on disposal (0.386625ms)
ℹ tests 130
ℹ suites 0
ℹ pass 130
ℹ fail 0
ℹ cancelled 0
ℹ skipped 0
ℹ todo 0
ℹ duration_ms 980.545584
