✔ source snapshots and executable hashes are independently checked before import (11.25625ms)
✔ project file selection only changes the read-only viewer; execution uses exact frozen build (2.663416ms)
✔ reopening the editor restores window-scoped source and params without starting or saving (9.930667ms)
✔ another window draft and the catalog editor never replace the Sidebar draft (6.038209ms)
✔ reopening a project draft preserves the source view and compiled execution bytes (8.610167ms)
✔ a delayed draft restore never overwrites newly imported source (3.888584ms)
✔ importing a JS draft leaves saved versions and running source independent (8.088333ms)
✔ draft import rejects empty/oversized sources and active saves without overwriting the editor (3.463ms)
✔ catalog draft import updates dependency review from the new source without saving or running (5.426917ms)
✔ Save persists revision/hash without requesting permission, creating a Run, or executing code (2.964417ms)
✔ reopened editor lists saved scripts without running and loads the selected latest head explicitly (3.083167ms)
✔ loading a historical revision does not turn it into the latest Save CAS head (4.252583ms)
✔ Delete tombstones the latest head and refreshes the saved-script selector (4.879959ms)
✔ saved A stays immutable; Run freezes unsaved B/params/page A; editing C and Save do not replace B (6.307334ms)
✔ a brand-new unsaved draft runs with an empty script ID and never creates a saved revision (3.296083ms)
✔ permission preparation rejects a switched page; closing the editor during permission never admits a run (14.040709ms)
✔ shared RunHost completion or Stop restores the draft Run button after another consumer settles (7.2825ms)
✔ Stop uses the formal RunHost abort/retirement path and persists stopped with the original pin (6.78675ms)
✔ pagehide invokes RunHost host-close; reopened editor only reads the durable interrupted Result (4.932208ms)
✔ late Save/Load replies do not overwrite another script selection or edits made during loading (5.389959ms)
✔ late saved-script selector load cannot overwrite edits made during loading (5.21675ms)
✔ an older snapshot reply cannot disable Run after a newer durable observation (6.358875ms)
✔ an older snapshot error cannot overwrite a newer successful durable view (6.553791ms)
✔ the permission request remains synchronous in the click fixture; denied permission and invalid params execute nothing (6.499916ms)
✔ DOM preview binds frozen source, dependency choice and exact current document from trusted click (4.42625ms)
✔ DOM preview refuses to inject when the active document changes while permission is pending (5.3675ms)
✔ Developer Stop cannot cancel the formal Task or another view using the shared RunHost (4.491958ms)
✔ project import displays source while Save and Run freeze compiled bytes and the original hash (5.441792ms)
✔ invalid project envelope leaves the previous editor source and no execution or saved revision (2.299959ms)
✔ entering Sidebar task views reads external installations without executing and preserves unchanged form inputs (18.722041ms)
✔ installed tasks default page, render schema form and freeze the exact saved version/params/target (19.878917ms)
✔ installed task can be explicitly forked into an independent unsaved editor draft (5.471625ms)
✔ task Stop cannot cancel another view's in-flight draft; parameter form never navigates (4.581667ms)
✔ installed task refuses stale target after async installed-version lookup (8.2625ms)
✔ task cards retain readable selection and do not surface raw IDs as the main UI (2.166542ms)
✔ Sidebar Discover searches installed tasks only and selects a task without running or opening the catalog (5.738166ms)
✔ Discover filter controls are real view filters and cannot start another run (9.383167ms)
✔ opening the separate full-size catalog preserves its import and management view (3.056ms)
✔ full-size catalog keeps its own reader after real install and re-reads the single Task Catalog state (4.321917ms)
✔ idle Discover has no fixed footer and inline import still opens the authenticated catalog (12.424042ms)
✔ R5 result/history stay out of sight until a task has runs (7.7015ms)
✔ card view retains original action identities, history and parameter form across tab changes (9.027209ms)
✔ reopening My Tasks restores independent parameter drafts without permissions or execution (5.855208ms)
✔ switching between two installed tasks preserves each independent unsaved parameter input (2.873708ms)
✔ R6 accessible roving tabs support Arrow and Home/End (2.978667ms)
✔ R6 task card refresh, keyboard selection and Discover handoff restore focus (5.407041ms)
✔ R6 late run start/result cannot become the newly selected task status (12.556ms)
✔ R6 previous-version notices and results do not leak after installed upgrade (10.158167ms)
✔ two extension documents share only a refresh hint and re-read authoritative installed state (36.047875ms)
✔ catalog installation stays in the complete directory and directs running back to Sidebar (5.665667ms)
✔ catalog JS import hands source to Sidebar and never enters a view with a hidden runner (5.668333ms)
✔ missing Sidebar refuses import with an actionable message, without losing the directory (5.616917ms)
✔ catalog draft transport errors retain their cause instead of claiming Sidebar is missing (5.373833ms)
✔ receiving a source-only import selects Sidebar Developer without creating a run (2.968291ms)
✔ R6.1 task-owned Stop is the sole cross-view action and names the launching task (16.386917ms)
✔ R6.1 a draft-owned run exposes only its Stop when viewing Tasks or Discover (1.956916ms)
✔ R6.1 stop-only footer CSS hides all non-owner actions without hiding Stop (0.35175ms)
✔ modern Locator construction is immutable, scoped, and does not issue RPC (10.71575ms)
✔ shared role, accessible name, observation and verified locator (3.028375ms)
✔ admitted driver stages replace existing value, re-resolve repaint, click once and return observed result (48.334834ms)
✔ duplicate semantic match fails strictly; no click effects (1.003667ms)
✔ authority revoked after read-only prepare stops before single commit (1.06ms)
✔ precise document replacement fences existing Locator (0.631125ms)
✔ native input labels, explicit roles, aria-label and aria-labelledby share semantic rules (2.573084ms)
✔ disabled click never commits and does not submit during timeout (101.257334ms)
✔ lost commit callback retains one page effect and an uncertainty receipt; never replays click (101.856833ms)
✔ semantic exact text is case-sensitive; partial text normalizes spaces (0.338792ms)
✔ locator timeout covers stalled prepare RPC, leaves run usable and commits nothing (81.878375ms)
✔ observation verifies a scoped locator with duplicate names and never exposes form values (1.629791ms)
✔ observation limits traversal even when most elements have no semantic role (8.7345ms)
✔ ARIA readonly, disabled, pointer-events and animation prevent a commit (326.8565ms)
✔ subpixel movement across frame checks prevents a locator commit (81.858333ms)
✔ completed read-only requests re-evaluate DOM; duplicate native commit has one effect (9.448958ms)
ℹ tests 73
ℹ suites 0
ℹ pass 73
ℹ fail 0
ℹ cancelled 0
ℹ skipped 0
ℹ todo 0
ℹ duration_ms 902.252583
