
DevTools listening on ws://127.0.0.1:56808/devtools/browser/ce015d1d-acc9-4933-93d4-34150acdf860
[20187:55318007:1009/164741.314707:ERROR:google_apis/gcm/engine/registration_request.cc:291] Registration response error message: DEPRECATED_ENDPOINT
[20187:55318007:1009/164741.364179:ERROR:google_apis/gcm/engine/registration_request.cc:291] Registration response error message: PHONE_REGISTRATION_ERROR
[20187:55318007:1009/164741.938541:ERROR:google_apis/gcm/engine/mcs_client.cc:702]   Error code: 401  Error message: Authentication Failed: wrong_secret
[20187:55318007:1009/164741.938712:ERROR:google_apis/gcm/engine/mcs_client.cc:704] Failed to log in to GCM, resetting connection.
[20187:55318007:1009/164807.976789:ERROR:google_apis/gcm/engine/registration_request.cc:291] Registration response error message: DEPRECATED_ENDPOINT
[20187:55318007:1009/164901.451443:ERROR:google_apis/gcm/engine/registration_request.cc:291] Registration response error message: DEPRECATED_ENDPOINT
[20187:55318007:1009/165037.720121:ERROR:google_apis/gcm/engine/registration_request.cc:291] Registration response error message: DEPRECATED_ENDPOINT
[20187:55318007:1009/165126.786777:ERROR:google_apis/gcm/engine/connection_factory_impl.cc:474] ConnectionHandler failed with net error: -2
[20187:55318007:1009/165325.480008:ERROR:google_apis/gcm/engine/registration_request.cc:291] Registration response error message: DEPRECATED_ENDPOINT
[20187:55318007:1009/165447.411889:ERROR:google_apis/gcm/engine/connection_factory_impl.cc:474] ConnectionHandler failed with net error: -2
[20187:55318007:1009/165807.974129:ERROR:google_apis/gcm/engine/connection_factory_impl.cc:474] ConnectionHandler failed with net error: -2
[20187:55318007:1009/170036.933159:ERROR:google_apis/gcm/engine/registration_request.cc:291] Registration response error message: DEPRECATED_ENDPOINT
[20187:55318007:1009/170128.541827:ERROR:google_apis/gcm/engine/connection_factory_impl.cc:474] ConnectionHandler failed with net error: -2
[20187:55318007:1009/170449.060418:ERROR:google_apis/gcm/engine/connection_factory_impl.cc:474] ConnectionHandler failed with net error: -2
[20187:55318007:1009/170809.628119:ERROR:google_apis/gcm/engine/connection_factory_impl.cc:474] ConnectionHandler failed with net error: -2
[20187:55318007:1009/171130.182036:ERROR:google_apis/gcm/engine/connection_factory_impl.cc:474] ConnectionHandler failed with net error: -2
[20187:55318007:1009/171450.780393:ERROR:google_apis/gcm/engine/connection_factory_impl.cc:474] ConnectionHandler failed with net error: -2
[20187:55318007:1009/171811.322461:ERROR:google_apis/gcm/engine/connection_factory_impl.cc:474] ConnectionHandler failed with net error: -2
[20187:55318007:1009/172131.878452:ERROR:google_apis/gcm/engine/connection_factory_impl.cc:474] ConnectionHandler failed with net error: -2
[20187:55318007:1009/172452.439388:ERROR:google_apis/gcm/engine/connection_factory_impl.cc:474] ConnectionHandler failed with net error: -2
[20187:55318007:1009/172813.031579:ERROR:google_apis/gcm/engine/connection_factory_impl.cc:474] ConnectionHandler failed with net error: -2
[20187:55318007:1009/173135.092793:ERROR:google_apis/gcm/engine/connection_factory_impl.cc:474] ConnectionHandler failed with net error: -2
[20187:55317940:1009/173434.942153:ERROR:chrome/browser/ui/views/user_education/impl/browser_user_education_interface_impl.cc:186] Attempting to show IPH IPH_ExtensionsZeroStatePromo before browser initialization complete; IPH will not be shown.
[20187:55318007:1009/173455.870098:ERROR:google_apis/gcm/engine/connection_factory_impl.cc:474] ConnectionHandler failed with net error: -2
[20187:55318007:1009/173816.448216:ERROR:google_apis/gcm/engine/connection_factory_impl.cc:474] ConnectionHandler failed with net error: -2
[20187:55318007:1009/174137.056833:ERROR:google_apis/gcm/engine/connection_factory_impl.cc:474] ConnectionHandler failed with net error: -2
[20187:55318007:1009/174457.658467:ERROR:google_apis/gcm/engine/connection_factory_impl.cc:474] ConnectionHandler failed with net error: -2
[20187:55318007:1009/174818.241721:ERROR:google_apis/gcm/engine/connection_factory_impl.cc:474] ConnectionHandler failed with net error: -2
[20187:55318007:1009/175138.892762:ERROR:google_apis/gcm/engine/connection_factory_impl.cc:474] ConnectionHandler failed with net error: -2

DevTools listening on ws://127.0.0.1:60721/devtools/browser/ef35f6ad-8267-4665-829f-ac1c46c4024a
[56049:55567370:1009/175224.223568:ERROR:google_apis/gcm/engine/registration_request.cc:291] Registration response error message: DEPRECATED_ENDPOINT
[56049:55567370:1009/175248.489835:ERROR:google_apis/gcm/engine/registration_request.cc:291] Registration response error message: DEPRECATED_ENDPOINT
[56049:55567370:1009/175340.987968:ERROR:google_apis/gcm/engine/registration_request.cc:291] Registration response error message: DEPRECATED_ENDPOINT
[56049:55567370:1009/175502.741399:ERROR:google_apis/gcm/engine/registration_request.cc:291] Registration response error message: DEPRECATED_ENDPOINT
[56049:55567370:1009/175543.879877:ERROR:google_apis/gcm/engine/connection_factory_impl.cc:474] ConnectionHandler failed with net error: -2
