
DevTools listening on ws://127.0.0.1:60688/devtools/browser/430ba00d-47c4-4354-926c-38d05622bb48
[5127:43578431:1004/004257.056594:ERROR:google_apis/gcm/engine/registration_request.cc:291] Registration response error message: DEPRECATED_ENDPOINT
[5127:43578431:1004/004321.752808:ERROR:google_apis/gcm/engine/registration_request.cc:291] Registration response error message: DEPRECATED_ENDPOINT
[5127:43578431:1004/004357.069900:ERROR:google_apis/gcm/engine/connection_factory_impl.cc:483] ConnectionHandler failed with net error: -2
[5127:43578431:1004/004419.481304:ERROR:google_apis/gcm/engine/registration_request.cc:291] Registration response error message: DEPRECATED_ENDPOINT
[5127:43578431:1004/004457.207886:ERROR:google_apis/gcm/engine/connection_factory_impl.cc:483] ConnectionHandler failed with net error: -2
2026-10-04 00:45:30.256 Google Chrome for Testing[5127:43578358] error messaging the mach port for IMKCFRunLoopWakeUpReliable
[7333:43595375:1004/004553.631757:ERROR:services/on_device_model/ml/gpu_blocklist.cc:120] Unable to get gpu adapter
[5127:43578358:1004/004553.632049:ERROR:services/on_device_model/public/cpp/service_client.cc:36] Unexpected on_device_model service disconnect: The device's GPU is not supported.
[5127:43578431:1004/004557.343487:ERROR:google_apis/gcm/engine/connection_factory_impl.cc:483] ConnectionHandler failed with net error: -2
[5127:43578431:1004/004608.514312:ERROR:google_apis/gcm/engine/registration_request.cc:291] Registration response error message: DEPRECATED_ENDPOINT
[5127:43578431:1004/004657.473492:ERROR:google_apis/gcm/engine/connection_factory_impl.cc:483] ConnectionHandler failed with net error: -2
[5127:43578431:1004/004757.601275:ERROR:google_apis/gcm/engine/connection_factory_impl.cc:483] ConnectionHandler failed with net error: -2
[5127:43578431:1004/004857.730201:ERROR:google_apis/gcm/engine/connection_factory_impl.cc:483] ConnectionHandler failed with net error: -2
[5127:43578431:1004/004912.381302:ERROR:google_apis/gcm/engine/registration_request.cc:291] Registration response error message: DEPRECATED_ENDPOINT
[5127:43578431:1004/004957.828187:ERROR:google_apis/gcm/engine/connection_factory_impl.cc:483] ConnectionHandler failed with net error: -2
[5127:43578431:1004/005057.958759:ERROR:google_apis/gcm/engine/connection_factory_impl.cc:483] ConnectionHandler failed with net error: -2
[5127:43578431:1004/005158.092592:ERROR:google_apis/gcm/engine/connection_factory_impl.cc:483] ConnectionHandler failed with net error: -2
[5127:43578431:1004/005258.227164:ERROR:google_apis/gcm/engine/connection_factory_impl.cc:483] ConnectionHandler failed with net error: -2
[5127:43578431:1004/005358.359584:ERROR:google_apis/gcm/engine/connection_factory_impl.cc:483] ConnectionHandler failed with net error: -2
[5127:43578431:1004/005458.491657:ERROR:google_apis/gcm/engine/connection_factory_impl.cc:483] ConnectionHandler failed with net error: -2
[5127:43578431:1004/005524.288900:ERROR:google_apis/gcm/engine/registration_request.cc:291] Registration response error message: DEPRECATED_ENDPOINT
[5127:43578431:1004/005558.624603:ERROR:google_apis/gcm/engine/connection_factory_impl.cc:483] ConnectionHandler failed with net error: -2
[5127:43578431:1004/005658.759770:ERROR:google_apis/gcm/engine/connection_factory_impl.cc:483] ConnectionHandler failed with net error: -2
[5127:43578431:1004/005758.894190:ERROR:google_apis/gcm/engine/connection_factory_impl.cc:483] ConnectionHandler failed with net error: -2
[5127:43578431:1004/005859.030659:ERROR:google_apis/gcm/engine/connection_factory_impl.cc:483] ConnectionHandler failed with net error: -2
[5127:43578431:1004/005959.160488:ERROR:google_apis/gcm/engine/connection_factory_impl.cc:483] ConnectionHandler failed with net error: -2
[5127:43578431:1004/010059.332007:ERROR:google_apis/gcm/engine/connection_factory_impl.cc:483] ConnectionHandler failed with net error: -2
[5127:43578431:1004/010159.462118:ERROR:google_apis/gcm/engine/connection_factory_impl.cc:483] ConnectionHandler failed with net error: -2
[5127:43578431:1004/010259.593505:ERROR:google_apis/gcm/engine/connection_factory_impl.cc:483] ConnectionHandler failed with net error: -2
[5127:43578431:1004/010359.726295:ERROR:google_apis/gcm/engine/connection_factory_impl.cc:483] ConnectionHandler failed with net error: -2
[5127:43578431:1004/010459.858899:ERROR:google_apis/gcm/engine/connection_factory_impl.cc:483] ConnectionHandler failed with net error: -2
[5127:43578431:1004/010600.044187:ERROR:google_apis/gcm/engine/connection_factory_impl.cc:483] ConnectionHandler failed with net error: -2
[5127:43578431:1004/010700.174921:ERROR:google_apis/gcm/engine/connection_factory_impl.cc:483] ConnectionHandler failed with net error: -2
