✔ UTF-8 BOM in an authoring module survives build and draft import (311.626333ms)
✔ package metadata BOM fails at validation with the fixed Webpack boundary (5.487458ms)
✔ Page prerelease version matches the project and draft schema at import (72.303208ms)
✔ builder applies envelope budget to the bytes actually written for file import (133.766167ms)
✔ manifest exposes tool.html as a global Chrome Side Panel (4.817458ms)
✔ product shell has no popup-window fallback (1.060125ms)
✔ default Run freezes Current Page then revalidates before existing RunHost (1.392375ms)
✔ trusted Side Panel run sends the exact unsaved draft to the original Controller authority (0.923208ms)
✔ R6 uses valid tab roles with labelled content panels (1.116375ms)
✔ R4 Sidebar sections preserve consumer controls and keep engineering tools folded (0.866125ms)
✔ Sidebar starts at its three tabs without repeating Chrome extension identity (0.665917ms)
✔ three project folders: genuine ESM graphs and fixed CSS/JSON/PNG byte hashes (28.711916ms)
✔ Page ESM bundles into USER_SCRIPT and repeated execution creates only one visible marker (290.31575ms)
✔ Controller ESM emits a Task v1 Candidate and invokes only approved Locator methods (75.491208ms)
✔ declared CSS/JSON/PNG are frozen into Page USER_SCRIPT without becoming installed (66.599ms)
✔ real manager → approval → preview executes two ordered sources, reuses draft locks offline, and rechecks new GM grants (45.679125ms)
✔ classic top-level const runs repeatedly in fresh worlds; trailing comments and ASI do not consume the next source (7.557041ms)
✔ a synchronous dependency failure prevents later libraries and the consumer from executing (10.912584ms)
✔ an absent user main cannot fall back to a dependency global main or an async-main-looking comment (3.868375ms)
✔ simulated Chromium named-world exhaustion falls back to default, fails the isolation probe, and injects no user code (4.270917ms)
✔ document budget survives service restart and navigation cleanup; closing a tab releases the ledger even when the API is disabled (14.862334ms)
✔ creation dispatch commits before one exact bootstrap create; retries do not create again (10.413875ms)
✔ creation callback gap freezes slot, never infers never-created or blindly retries (1.864125ms)
✔ bootstrap registers real tab/document before at-most-one navigation dispatch; content spoof rejected (2.593084ms)
✔ stop before bootstrap navigation prevents location authorization (1.398ms)
✔ formal target binds only real same-origin new document after navigation (2.859041ms)
✔ formal run cannot borrow activeTab instead of optional grant (1.387667ms)
✔ retirement remove + separate not-found evidence releases only matching slot once; old replay cannot clear new run (1.928417ms)
✔ cross-session numeric tab id is never queried or removed and slot remains frozen (1.685625ms)
✔ generic tabs.get failure cannot prove absence (1.5005ms)
✔ prepared/submissionCount=0 proves never-created; missing intent never releases (1.628542ms)
✔ bootstrap agent requests registration and navigation before exactly one assign (0.370084ms)
✔ Sidebar captured URL rejects SPA change and pending navigation before creating a run (12.839292ms)
✔ Sidebar URL changing during revision pinning fails durably and releases the slot without executing (3.21025ms)
✔ persistent history presents the latest task by creation time rather than storage key order (8.3865ms)
✔ cookie input rejection settles zero-dispatch failure once and permits the next admitted call (69.726084ms)
✔ corrupted cookie preflight checkpoints stay unknown and never become replayable replies (40.972708ms)
✔ cookie preflight still fences delivery when permission is lost after its checkpoint (3.406125ms)
✔ cookie input rejection still fences delivery after the selected document changes (3.944708ms)
✔ cookie native callback errors or missing success receipts retain effect-unknown fencing (10.183541ms)
✔ observed packaged failures replay once and allow the next admitted call (13.285ms)
✔ unvalidated packaged wrong request stays unknown and cannot resubmit (6.084584ms)
✔ unvalidated packaged wrong run stays unknown and cannot resubmit (5.512459ms)
✔ unvalidated packaged wrong owner stays unknown and cannot resubmit (4.883875ms)
✔ unvalidated packaged malformed error stays unknown and cannot resubmit (4.089917ms)
✔ unvalidated packaged missing final reply stays unknown and cannot resubmit (5.416459ms)
✔ unvalidated packaged replaced document stays unknown and cannot resubmit (4.056791ms)
✔ packaged final failure still fences delivery after its receipt when permission is lost (5.513459ms)
✔ observed final page failures replay once, preserve cause and allow the next admitted call (28.655583ms)
✔ unvalidated wrong document failure stays unknown and cannot resubmit (5.266209ms)
✔ unvalidated missing final error failure stays unknown and cannot resubmit (3.862083ms)
✔ unvalidated malformed final code failure stays unknown and cannot resubmit (4.543125ms)
✔ observed final failure still fences delivery when permission is lost after its validated receipt (5.291792ms)
✔ typed depth 4: params, operation args and immutable result survive wider JSON envelopes (10.834167ms)
✔ typed depth 5: params, operation args and immutable result survive wider JSON envelopes (11.996542ms)
✔ typed depth 6: params, operation args and immutable result survive wider JSON envelopes (12.829959ms)
✔ typed depth 7: params, operation args and immutable result survive wider JSON envelopes (12.568292ms)
✔ typed depth 8: params, operation args and immutable result survive wider JSON envelopes (14.78075ms)
✔ typed depth 9: params, operation args and immutable result survive wider JSON envelopes (13.490375ms)
✔ typed depth 10: params, operation args and immutable result survive wider JSON envelopes (15.470917ms)
✔ typed depth 11: params, operation args and immutable result survive wider JSON envelopes (14.097917ms)
✔ typed depth 12: params, operation args and immutable result survive wider JSON envelopes (15.508375ms)
✔ JSON envelope depth 48 never widens the typed depth-12 admission/result/args budgets (2.423792ms)
✔ controller script deletion is CAS tombstone only; GC waits for terminal, Worker and target retirement (13.284875ms)
✔ deleted or hash-invalid scripts abort controller admission without run, slot or pin (1.249ms)
✔ each controller lease pin binding is required; forged retired lease cannot authorize GC (4.571667ms)
✔ recovery upgrades old terminal lease bindings without reviving its result, Worker or slot (3.200583ms)
✔ public authority commits exact UTF8/headCAS and pins r1 while head advances to r2 without templates (2.728792ms)
✔ controller script list is a host-authorized head projection filtered by namespace and tombstone (0.840667ms)
✔ borrowed child frame is observed exactly; sibling commits do not fence it; top replacement does (13.878041ms)
✔ worker retirement gates durable result then borrowed release, without closing borrowed tab (3.023041ms)
✔ owned retirement closes only exact created tab after durable terminal commit (2.733208ms)
✔ new registered host reads old namespace result without acquiring its owner or replaying (3.032166ms)
✔ permission removal matches exact origin patterns and remains fenced after regrant (1.740917ms)
✔ user-script lookup failure without native effect fails terminal and retires controller (5.885167ms)
✔ native rejection after submission without receipt stays unknown and cannot replay (4.472708ms)
✔ native receipt survives post-dispatch permission loss; request is never resubmitted (4.113ms)
✔ public recovery pauses controller, holds slot and never replays committed source (1.686625ms)
✔ host port loss pauses while live context remains, but recovered missing host tab retires once (4.191166ms)
✔ public hostGone interruption retires borrowed target and exact pin once (1.926625ms)
✔ hostGone after completed result preserves the immutable result and finishes pending retirement (2.229709ms)
✔ SDK short persistent service completes while controller owns the same unique slot (4.263625ms)
✔ template-disabled host registers once; forced harnessWorker termination precedes durable result and slot release (26.497083ms)
✔ controller services share run authority and storage adapter without SDK admission or extra slot (8.582166ms)
✔ controller HTTP uses the admitted target origin and repeats only a saved response (29.366084ms)
✔ saved controller result is retained but is not delivered after target permission revocation (2.274333ms)
✔ observed HTTP error is durable and never sent twice (2.376792ms)
✔ controller initialization failure plus lost finish response still retires its admitted slot (2.576209ms)
✔ repeating finish after permission revocation cannot bypass result delivery authorization (1.635541ms)
✔ Current Page active switch before admission rejects same URL B without creating run (0.709333ms)
✔ same-URL navigation beginning during admission invalidates the old document before commit (1.417ms)
✔ Current Page activation during pin fails original run durably and releases slot (1.217041ms)
✔ Current Page activation after last native observation is fenced; admitted target can later be inactive (2.264ms)
✔ native target changes after final candidate query reject admission and release durable slot and pin (6.68925ms)
✔ draft source is bound to one durable run, not saved as a script head, and erased only after retirement (2.316792ms)
✔ controller never trusts draft callers to assert their own saved hash or unrecognized source format (0.37025ms)
ℹ tests 96
ℹ suites 0
ℹ pass 96
ℹ fail 0
ℹ cancelled 0
ℹ skipped 0
ℹ todo 0
ℹ duration_ms 668.005791
