✔ Controller accepts a fresh Current Page capture with a same-document fragment (2.362708ms)
✔ Controller rejects the old capture after a fragment change, including callers without window binding (0.914875ms)
✔ fragment acceptance keeps document identity and full page URL checks (0.163375ms)
✔ Controller rejects a fragment change during asynchronous permission validation (0.148125ms)
✔ navigation starts invalidate the visible old document before tabs updates and recover after failure or commit (12.828125ms)
✔ loading and unloaded tabs never expose their still-visible old document as a runnable candidate (0.453167ms)
✔ a tab becoming loading after frame observation fails the final candidate confirmation (0.123584ms)
✔ Sidebar binds to its own browser window and exposes only the active HTTP(S) main document (0.347584ms)
✔ same-URL tab switch cannot replace the captured run candidate (0.164417ms)
✔ SPA URL change before admission is stale even when documentId is unchanged (0.155042ms)
✔ reload/full navigation invalidates the old candidate instead of matching by URL (0.15625ms)
✔ Current Page follows activation events but never falls back to a previous valid page (2.661875ms)
✔ two Sidebar instances bind independently to their containing browser windows (0.282125ms)
✔ dispose releases all browser event subscriptions (0.185042ms)
✔ a late revalidation cannot overwrite a newer Current Page observation (3.237667ms)
✔ a disposed Sidebar cannot capture or finish an in-flight candidate validation (1.321ms)
✔ current target is live Sidebar snapshot, not active tab chosen by CLI (4.509667ms)
✔ external draft uses exact RunHost with frozen borrowed target and controller requestId (0.423208ms)
✔ Host ACK correlation preserves the external Controller admission requestId (0.250917ms)
✔ permissions and document id fail before admission (no Chrome prompt) (0.496458ms)
✔ saved requires pinned exact revision and source hash (0.287875ms)
✔ run.get removes unrelated Sidebar run history from Controller snapshot projection (0.185083ms)
✔ named async main() evaluates in exact USER_SCRIPT main document without durable Task or registration (7.639625ms)
✔ no injection after document change, permission revoke, Controller slot, invalid sender or API opt-in (2.456708ms)
✔ incorrect browser document receipt and native script errors cannot claim success (4.775875ms)
✔ source, site and requested execution world cannot be forged through preview protocol (0.478708ms)
✔ verified pinned jQuery bytes precede preview main, without Service Worker evaluation (3.239417ms)
✔ draft import enforces runtime executable byte limits at their exact boundaries (26.727541ms)
✔ source snapshots and executable hashes are independently checked before import (13.226709ms)
✔ project file selection only changes the read-only viewer; execution uses exact frozen build (1.727875ms)
✔ reopening the editor restores window-scoped source and params without starting or saving (9.874375ms)
✔ another window draft and the catalog editor never replace the Sidebar draft (6.913833ms)
✔ reopening a project draft preserves the source view and compiled execution bytes (8.201125ms)
✔ a delayed draft restore never overwrites newly imported source (4.202792ms)
✔ importing a JS draft leaves saved versions and running source independent (7.056291ms)
✔ draft import rejects empty/oversized sources and active saves without overwriting the editor (4.471958ms)
✔ catalog draft import updates dependency review from the new source without saving or running (5.281ms)
✔ Save persists revision/hash without requesting permission, creating a Run, or executing code (4.248583ms)
✔ reopened editor lists saved scripts without running and loads the selected latest head explicitly (4.32375ms)
✔ loading a historical revision does not turn it into the latest Save CAS head (5.909542ms)
✔ Delete tombstones the latest head and refreshes the saved-script selector (6.085792ms)
✔ saved A stays immutable; Run freezes unsaved B/params/page A; editing C and Save do not replace B (6.336708ms)
✔ a brand-new unsaved draft runs with an empty script ID and never creates a saved revision (3.523791ms)
✔ permission preparation rejects a switched page; closing the editor during permission never admits a run (11.741125ms)
✔ shared RunHost completion or Stop restores the draft Run button after another consumer settles (8.85175ms)
✔ Stop uses the formal RunHost abort/retirement path and persists stopped with the original pin (5.575333ms)
✔ pagehide invokes RunHost host-close; reopened editor only reads the durable interrupted Result (5.325709ms)
✔ late Save/Load replies do not overwrite another script selection or edits made during loading (6.520292ms)
✔ late saved-script selector load cannot overwrite edits made during loading (4.245417ms)
✔ an older snapshot reply cannot disable Run after a newer durable observation (6.494792ms)
✔ an older snapshot error cannot overwrite a newer successful durable view (6.418458ms)
✔ the permission request remains synchronous in the click fixture; denied permission and invalid params execute nothing (5.301375ms)
✔ DOM preview binds frozen source, dependency choice and exact current document from trusted click (3.085375ms)
✔ DOM preview refuses to inject when the active document changes while permission is pending (3.944584ms)
✔ Developer Stop cannot cancel the formal Task or another view using the shared RunHost (2.966541ms)
✔ project import displays source while Save and Run freeze compiled bytes and the original hash (7.197959ms)
✔ invalid project envelope leaves the previous editor source and no execution or saved revision (1.926459ms)
✔ same-window catalog hands off exact source without invoking a runner (1.623417ms)
✔ draft handoff refuses other windows, senders, content pages, private tabs and catalog recipients (0.145625ms)
✔ editor rejection is returned explicitly without claiming import success (0.093708ms)
✔ RunHost freezes a draft source variant and parameters before awaiting the host connection (2.503959ms)
✔ saved script API retains explicit scriptId/revision/contentHash admission (0.207291ms)
✔ entering Sidebar task views reads external installations without executing and preserves unchanged form inputs (19.739375ms)
✔ installed tasks default page, render schema form and freeze the exact saved version/params/target (17.94475ms)
✔ installed task can be explicitly forked into an independent unsaved editor draft (4.406333ms)
✔ task Stop cannot cancel another view's in-flight draft; parameter form never navigates (4.380292ms)
✔ installed task refuses stale target after async installed-version lookup (8.121459ms)
✔ task cards retain readable selection and do not surface raw IDs as the main UI (3.3155ms)
✔ Sidebar Discover searches installed tasks only and selects a task without running or opening the catalog (5.735292ms)
✔ Discover filter controls are real view filters and cannot start another run (9.335666ms)
✔ opening the separate full-size catalog preserves its import and management view (1.842667ms)
✔ full-size catalog keeps its own reader after real install and re-reads the single Task Catalog state (3.794ms)
✔ idle Discover has no fixed footer and inline import still opens the authenticated catalog (11.3615ms)
✔ R5 result/history stay out of sight until a task has runs (7.981625ms)
✔ card view retains original action identities, history and parameter form across tab changes (10.312042ms)
✔ reopening My Tasks restores independent parameter drafts without permissions or execution (6.651083ms)
✔ switching between two installed tasks preserves each independent unsaved parameter input (3.084458ms)
✔ R6 accessible roving tabs support Arrow and Home/End (3.002959ms)
✔ R6 task card refresh, keyboard selection and Discover handoff restore focus (5.477042ms)
✔ R6 late run start/result cannot become the newly selected task status (11.379958ms)
✔ R6 previous-version notices and results do not leak after installed upgrade (9.423042ms)
✔ two extension documents share only a refresh hint and re-read authoritative installed state (34.582958ms)
✔ catalog installation stays in the complete directory and directs running back to Sidebar (4.138875ms)
✔ catalog JS import hands source to Sidebar and never enters a view with a hidden runner (2.904417ms)
✔ missing Sidebar refuses import with an actionable message, without losing the directory (2.918916ms)
✔ catalog draft transport errors retain their cause instead of claiming Sidebar is missing (4.983708ms)
✔ receiving a source-only import selects Sidebar Developer without creating a run (2.724833ms)
✔ R6.1 task-owned Stop is the sole cross-view action and names the launching task (15.872292ms)
✔ R6.1 a draft-owned run exposes only its Stop when viewing Tasks or Discover (2.867375ms)
✔ R6.1 stop-only footer CSS hides all non-owner actions without hiding Stop (0.403834ms)
✔ catalog project JSON import validates snapshots and hands frozen bytes to Sidebar without running (5.569292ms)
✔ catalog rejects a changed project snapshot before handoff and permits reselecting the file (2.202208ms)
✔ creation dispatch commits before one exact bootstrap create; retries do not create again (11.140666ms)
✔ creation callback gap freezes slot, never infers never-created or blindly retries (1.777084ms)
✔ bootstrap registers real tab/document before at-most-one navigation dispatch; content spoof rejected (2.906125ms)
✔ stop before bootstrap navigation prevents location authorization (1.852792ms)
✔ formal target binds only real same-origin new document after navigation (2.578542ms)
✔ formal run cannot borrow activeTab instead of optional grant (1.023833ms)
✔ retirement remove + separate not-found evidence releases only matching slot once; old replay cannot clear new run (1.448792ms)
✔ cross-session numeric tab id is never queried or removed and slot remains frozen (0.62475ms)
✔ generic tabs.get failure cannot prove absence (1.335875ms)
✔ prepared/submissionCount=0 proves never-created; missing intent never releases (1.468042ms)
✔ bootstrap agent requests registration and navigation before exactly one assign (0.349ms)
ℹ tests 103
ℹ suites 0
ℹ pass 103
ℹ fail 0
ℹ cancelled 0
ℹ skipped 0
ℹ todo 0
ℹ duration_ms 362.614208
