✔ fixed production protocol Schema uses bounded data packing and decodes byte-for-byte to the audited object (149.808464ms)
✔ small and non-ASCII schemas still round-trip through existing smaller-of-two-formats selection (1.01847ms)
✔ bounded Schema back-references preserve overlap, UTF-8 and JSON ordering (61.825906ms)
✔ bounded Schema decoder rejects truncated input, invalid distance and output length mismatch (141.490408ms)
✔ every named rule retains the byte-identical complete local reference closure (8.991398ms)
✔ all frozen roots give identical results, error codes and messages for malformed inputs (47.198548ms)
✔ reference cycles are retained, while unresolved or unreviewed references block generation (0.745811ms)
✔ literal calls and import aliases specialize, but dynamic, unknown and namespace calls retain the generic path (5.610749ms)
✔ shadowed aliases are conservatively left untouched; foreign modules and strings are never rewritten (3.279487ms)
✔ real Rollup drops the complete schema and its decoder for protocol-only consumers (96.986033ms)
✔ real Rollup retains only selected rules and unchanged validation for fixed calls (141.48193ms)
✔ runtime-selected names still use the full validator and reject unknown roots (94.36144ms)
✔ service forwarding preserves arguments, receiver, late lookup and Promise/error identity (0.623456ms)
✔ a changed schema cannot silently reuse stale build-selected rules (3.540388ms)
✔ prepare pins a watermark and persists byte hash; external descriptors satisfy frozen schema (27.568647ms)
✔ partial export requires confirmation; request IDs bind immutable intent (7.047979ms)
✔ host registration mismatch and tombstones reject creation/dispatch (4.120991ms)
✔ double dispatch and reconstructed service invoke Chrome at most once (7.647749ms)
✔ ACK-gap after durable dispatch does not replay and becomes mapping_unknown (3.901722ms)
✔ short dispatch ACK does not wait for callback and cannot be resubmitted (3.664695ms)
✔ onCreated/search deduplicates an ID and started is not delivery complete (6.87633ms)
✔ multiple full-identity candidates conflict and never redownload (3.765667ms)
✔ known callback ID is authoritative; another candidate conflicts rather than replacing it (4.865179ms)
✔ wrong URL/extension/time and missing fields never bind by filename (9.927053ms)
✔ clock rollback cannot bind unique-looking mapping evidence (4.580261ms)
✔ onChanged complete must be confirmed by ID search; interrupted keeps Chrome reason (6.556801ms)
✔ 10-minute timeout is unknown; late complete resolves only its original job (8.836881ms)
✔ retry freezes old prepared submission; duplicate retry returns same new job (3.039667ms)
✔ multi-volume aggregate waits for every volume and releases pin only when all are releasable (5.493293ms)
✔ single abandoned volume causes delivery_failed; late evidence cannot revive it (3.440939ms)
✔ explicit job abandon and run tombstone retain late audit without resurrecting projection (6.843241ms)
✔ lost callback can recover via unique full URL; finite mapping search throttles repeated observations (6.215212ms)
✔ URL revoke waits for complete/interrupted/abandon or deadline and respects local reader pins (3.782482ms)
✔ deadline URL release preserves metadata and completion evidence after host resources disappear (4.052799ms)
✔ attach is idempotent; restart pending reconciliation never dispatches (5.886088ms)
✔ top-level broker handlers work without attach and confirm changed state through search (2.854919ms)
✔ callback-only Chrome API persists authoritative ID and handles runtime.lastError as unknown (4.863897ms)
✔ conflict retains its Blob through deadline; pending audits stop after the deadline bound (4.976136ms)
✔ deletion hook requires retirement proof and releases compatible storage reader pins before tombstone (1.508806ms)
✔ shared repository reads through export pin and deletes descriptor/chunk rows only after fence and abandonment (4.62619ms)
✔ stop commit before dispatch forbids any new external call (33.964826ms)
✔ dispatch commit grants exactly one call even if stop subsequently commits (17.019959ms)
✔ a worker restart freezes a dispatched gap, holds slot and never repeats start (12.460499ms)
✔ actual sender, optional grant and immutable command ID are enforced (7.148559ms)
✔ stop repeats historical ACK; fencing cannot free the target slot by itself (6.300566ms)
✔ generic APIs prepare committed typed values without templates, Blob creation or native dispatch (145.815976ms)
✔ generic host reads artifact, creates Blob, dispatches once and settles via real callback/listeners/search lifecycle (30.754843ms)
✔ generic preparation rejects forged namespace, wrong result/principal/current host session and actual sender before writing (33.676092ms)
✔ generic prepare transaction rechecks durable host revocation/result replacement/tombstone and rolls back all writes (40.130499ms)
✔ generic data uses canonical explicit blocks with exact 8MiB/64 limits and independent integrity checks (1496.363632ms)
✔ generic attempt request dedupes, prevents simultaneous retries and reused/foreign Blob URLs (18.888831ms)
✔ lost prepare response cleanup fences late preparation and never submits a download (18.675892ms)
✔ native host absence retires unsubmitted artifacts; query failure and live hosts preserve them (27.053152ms)
✔ generic dispatch ACK gap never replays; native mapping unknown and deadline release keep disk hash unverified (13.268063ms)
✔ generic current-document registration is rechecked inside attempt, read and dispatch transactions (33.174008ms)
✔ generic tombstone/abandon uses existing lifecycle and reader pin gates existing repository deletion (9.216326ms)
✔ generic missing issued namespace/principal fails closed and never derives authority from payload (5.726944ms)
✔ generic unsuccessful/missing wire results and legacy template entry points cannot manufacture artifacts (21.780611ms)
✔ generic immutable result and artifact chunks are rechecked before attempt transaction commits (25.336734ms)
✔ generic onCreated is not completion; wrong native identity and callback/search conflicts cannot certify delivery (43.846591ms)
✔ generic native interruption/runtime.lastError use shared failure/unknown states and never resubmit (22.726662ms)
✔ generic explicit fresh retry shares job/artifact; late evidence cannot release the new active reader pin (17.249794ms)
✔ generic later registered document exports stable namespace history without acquiring the old run owner (8.80006ms)
✔ generic abandonRun fences timed-out retry history so shared repository deletion does not strand old attempts (27.758772ms)
✔ generic public reconcile uses actual sender; internal Chrome callback reconciliation survives owning host revocation (13.689787ms)
✔ generic completed immutable history exports after real new-session registration without replaying or adopting old download intents (18.477448ms)
✔ generic cross-session history rejects foreign namespaces, tampered principals, nonterminal runs and current-host session loss (22.591519ms)
✔ installed Task v1 cannot inherit Controller storage, cross-site HTTP or Cookie authority (134.847908ms)
✔ Task disable and re-enable fence old operations, old replies, late success and stale Run clicks (76.02926ms)
✔ uninstall and same-version reinstall cannot reuse stale Run, Toggle, Install or Uninstall authorization (67.299194ms)
✔ same-scope Task upgrade preserves installation while programs and versions cannot borrow each others approval (51.843976ms)
✔ proven legacy Task installs migrate once on new admission and cannot resurrect an old run (45.43635ms)
✔ Sidebar captured URL rejects SPA change and pending navigation before creating a run (3.84713ms)
✔ Sidebar URL changing during revision pinning fails durably and releases the slot without executing (3.064053ms)
✔ persistent history presents the latest task by creation time rather than storage key order (10.492193ms)
✔ cookie input rejection settles zero-dispatch failure once and permits the next admitted call (146.138896ms)
✔ corrupted cookie preflight checkpoints stay unknown and never become replayable replies (92.846334ms)
✔ cookie preflight still fences delivery when permission is lost after its checkpoint (8.267059ms)
✔ cookie input rejection still fences delivery after the selected document changes (7.637163ms)
✔ cookie native callback errors or missing success receipts retain effect-unknown fencing (21.813431ms)
✔ observed packaged failures replay once and allow the next admitted call (31.655166ms)
✔ unvalidated packaged wrong request stays unknown and cannot resubmit (13.833092ms)
✔ unvalidated packaged wrong run stays unknown and cannot resubmit (10.267355ms)
✔ unvalidated packaged wrong owner stays unknown and cannot resubmit (12.891638ms)
✔ unvalidated packaged malformed error stays unknown and cannot resubmit (10.019452ms)
✔ unvalidated packaged missing final reply stays unknown and cannot resubmit (12.31414ms)
✔ unvalidated packaged replaced document stays unknown and cannot resubmit (9.176416ms)
✔ packaged final failure still fences delivery after its receipt when permission is lost (16.585157ms)
✔ observed final page failures replay once, preserve cause and allow the next admitted call (63.255118ms)
✔ unvalidated wrong document failure stays unknown and cannot resubmit (7.631925ms)
✔ unvalidated missing final error failure stays unknown and cannot resubmit (7.626757ms)
✔ unvalidated malformed final code failure stays unknown and cannot resubmit (9.615115ms)
✔ observed final failure still fences delivery when permission is lost after its validated receipt (8.505899ms)
✔ typed depth 4: params, operation args and immutable result survive wider JSON envelopes (15.98216ms)
✔ typed depth 5: params, operation args and immutable result survive wider JSON envelopes (21.046499ms)
✔ typed depth 6: params, operation args and immutable result survive wider JSON envelopes (18.024368ms)
✔ typed depth 7: params, operation args and immutable result survive wider JSON envelopes (21.809525ms)
✔ typed depth 8: params, operation args and immutable result survive wider JSON envelopes (19.409739ms)
✔ typed depth 9: params, operation args and immutable result survive wider JSON envelopes (23.752193ms)
✔ typed depth 10: params, operation args and immutable result survive wider JSON envelopes (19.388087ms)
✔ typed depth 11: params, operation args and immutable result survive wider JSON envelopes (23.084661ms)
✔ typed depth 12: params, operation args and immutable result survive wider JSON envelopes (22.966383ms)
✔ JSON envelope depth 48 never widens the typed depth-12 admission/result/args budgets (4.574922ms)
✔ controller script deletion is CAS tombstone only; GC waits for terminal, Worker and target retirement (18.588457ms)
✔ deleted or hash-invalid scripts abort controller admission without run, slot or pin (2.119794ms)
✔ each controller lease pin binding is required; forged retired lease cannot authorize GC (7.221969ms)
✔ recovery upgrades old terminal lease bindings without reviving its result, Worker or slot (8.677066ms)
✔ public authority commits exact UTF8/headCAS and pins r1 while head advances to r2 without templates (4.663537ms)
✔ controller script list is a host-authorized head projection filtered by namespace and tombstone (1.409718ms)
✔ borrowed child frame is observed exactly; sibling commits do not fence it; top replacement does (18.113292ms)
✔ worker retirement gates durable result then borrowed release, without closing borrowed tab (7.172265ms)
✔ owned retirement closes only exact created tab after durable terminal commit (5.447895ms)
✔ new registered host reads old namespace result without acquiring its owner or replaying (4.701893ms)
✔ permission removal matches exact origin patterns and remains fenced after regrant (2.836862ms)
▶ additional Origin revocation fences active and completed result delivery without replay
  ✔ active run (27.158961ms)
  ✔ completed result (26.582806ms)
✔ additional Origin revocation fences active and completed result delivery without replay (54.682ms)
▶ contains false without an event durably fences the complete Controller Origin scope
  ✔ saved reply (11.020746ms)
  ✔ new page operation (13.172919ms)
  ✔ first finish (16.165716ms)
  ✔ completed snapshot (12.678827ms)
✔ contains false without an event durably fences the complete Controller Origin scope (54.175198ms)
✔ additional Origin removal aborts an in-flight HTTP effect and never resubmits it (7.702932ms)
✔ snapshot blocks an additional Origin event before its durable transaction can run (4.702965ms)
✔ historical Controller results survive navigation and Worker epochs but never durable revocation (10.076959ms)
✔ user-script lookup failure without native effect fails terminal and retires controller (14.762048ms)
✔ native rejection after submission without receipt stays unknown and cannot replay (15.062818ms)
✔ native receipt survives post-dispatch permission loss; request is never resubmitted (13.496476ms)
✔ public recovery pauses controller, holds slot and never replays committed source (4.944227ms)
✔ host port loss pauses while live context remains, but recovered missing host tab retires once (16.036261ms)
✔ public hostGone interruption retires borrowed target and exact pin once (9.619462ms)
✔ hostGone after completed result preserves the immutable result and finishes pending retirement (6.862059ms)
✔ SDK short persistent service completes while controller owns the same unique slot (11.866387ms)
✔ template-disabled host registers once; forced harnessWorker termination precedes durable result and slot release (79.021144ms)
✔ controller services share run authority and storage adapter without SDK admission or extra slot (17.436896ms)
✔ controller network grant pins a real broker GET to exact run Origin and fences revocation (9.283416ms)
✔ controller HTTP uses the admitted target origin and repeats only a saved response (6.080204ms)
✔ saved controller result is retained but is not delivered after target permission revocation (3.260068ms)
✔ observed HTTP error is durable and never sent twice (6.685083ms)
✔ controller initialization failure plus lost finish response still retires its admitted slot (7.208359ms)
✔ repeating finish after permission revocation cannot bypass result delivery authorization (4.574582ms)
✔ Current Page active switch before admission rejects same URL B without creating run (2.010781ms)
✔ same-URL navigation beginning during admission invalidates the old document before commit (3.830835ms)
✔ Current Page activation during pin fails original run durably and releases slot (3.406778ms)
✔ Current Page activation after last native observation is fenced; admitted target can later be inactive (11.849602ms)
✔ native target changes after final candidate query reject admission and release durable slot and pin (21.564997ms)
✔ draft source is bound to one durable run, not saved as a script head, and erased only after retirement (11.520863ms)
✔ controller never trusts draft callers to assert their own saved hash or unrecognized source format (1.075436ms)
✔ Page preview and Controller share one atomic slot across service instances and unknown receipts (6.998193ms)
✔ HTTP first delivery preserves full response cause for 404, 429 and 500 (14.945693ms)
✔ recovery preserves durable HTTP error cause without delivering or redispatching the old request (7.06182ms)
✔ durable HTTP errors still obey permission, document, deadline, stop and host delivery fences (42.055971ms)
✔ HTTP timeout, transport, forged error and malformed JSON without a receipt remain unknown (21.676745ms)
✔ typed error projection preserves original reference and existing details without leaking internal fields (1.602528ms)
✔ window transport rejects original promise once with the wire reference and releases its pending timer (2.48967ms)
ℹ tests 155
ℹ suites 0
ℹ pass 155
ℹ fail 0
ℹ cancelled 0
ℹ skipped 0
ℹ todo 0
ℹ duration_ms 2285.523941
