✔ same-ID changed args/method/original deadline reaches broker and explicitly delivers conflict (3.471959ms)
✔ timeout plus reused ID: old success or rejection cannot finish/delete replacement (1.523ms)
✔ 100 same-ID same-digest real relay dispatches all reach product broker admission: serial oracle, not native B05 (50.147875ms)
✔ deadline, canonical codec and legitimate request ID hello remain exact at native boundary (0.286709ms)
✔ bad page fields/ACK errors never consume another entry; dispose clears timers and late callbacks (0.297375ms)
✔ SVC cookie reads use exact URL; no public-suffix or neighboring-domain expansion (1.922ms)
✔ SVC cookie batch preserves explicit expiry/default session and Host-prefix rules (2.220291ms)
✔ SVC cookie removal awaits all callbacks and checks each permission (5.489ms)
✔ SVC Chrome lastError and missing cookie callbacks are typed failures (0.41225ms)
✔ SVC fixed injection requires exact doc and correct resource/world before Chrome call (0.318542ms)
✔ SVC notification click has no page URL, clears once, close/late events do not resettle (0.368041ms)
✔ CMP15 callback preserves false (5.458334ms)
✔ CMP15 callback preserves 0 (0.293708ms)
✔ CMP15 callback preserves undefined (0.279125ms)
✔ CMP15 callback preserves null (0.278333ms)
✔ CMP15 callback preserves  (0.282291ms)
✔ CMP15 callback preserves 0 (0.311333ms)
✔ CMP15 callback preserves  (0.296541ms)
✔ CMP15 callback preserves [object Object] (0.266833ms)
✔ CMP15 inner business error business denied remains original rejection (0.793416ms)
✔ CMP15 inner business error [object Object] remains original rejection (0.3565ms)
✔ CMP15 inner business error null remains original rejection (0.28225ms)
✔ CMP15 inner business error undefined remains original rejection (0.206084ms)
✔ CMP15 inner business error false remains original rejection (0.1525ms)
✔ CMP15 inner business error 0 remains original rejection (0.233ms)
✔ CMP15 malformed Base64 / UTF8 / JSON settle once with typed stage and no pending (0.921042ms)
✔ CMP15 unicode legacy Base64 callback and ACK never settle early (0.406625ms)
✔ CMP15 old ChromeBridgeEvents facade is observable but cannot lose private pending settlement (0.216625ms)
✔ B03 client deadline and document dispose clean original pending once (11.69775ms)
✔ CMP07 AppStorage String semantics and AppLocal typed presence cross codec (0.83025ms)
✔ CMP13 four HTTP facades preserve call shape (0.152125ms)
✔ schema/config/business refusal dispatches nothing (0.404042ms)
✔ CMP14 notifications preserve desc rules with typed null/body errors (0.255917ms)
✔ CMP14 server results use latency order, input ties and all-failed null (0.2065ms)
✔ CMP08 strict compact JSON never runs code; wrapAsync is only source transformation (0.146541ms)
✔ CMP08 DeviceType, UA priority, unsupported native/fingerprint, delegated ID (0.500208ms)
✔ CMP08 UtilInfo stays idle until explicit call and keeps original URL (0.081709ms)
✔ events retain old strings and route lifecycle solely to injected RunHost (0.107042ms)
✔ sleep resolves undefined and abort removes timer (1.101333ms)
✔ SDK install conflicts never overwrite page functions; same installation is idempotent (0.901292ms)
✔ Hello cannot be ready from partial or wrong-version allowlist (3.488667ms)
✔ fixed MAIN to ISOLATED fixture preserves typed args/result, no controller or page authority (2.177542ms)
✔ CMP10/B01 business PageBrigeCode/ok/error fields survive real JSON hop inside data (0.4775ms)
✔ Hello grant subset permits its methods and rejects other calls before native request (0.115958ms)
✔ fixture 100 concurrent original promises once settle; not native B05 evidence (9.046917ms)
✔ relay rejects page claims and raw script without native dispatch (1.278416ms)
✔ native typed authority/transport failure is outer error; business remains inner (0.612083ms)
✔ service dispatcher delegates storage and atomic device context without namespace from page (0.165083ms)
ℹ tests 48
ℹ suites 0
ℹ pass 48
ℹ fail 0
ℹ cancelled 0
ℹ skipped 0
ℹ todo 0
ℹ duration_ms 159.238958
