✔ inspection only parses and lists download permissions; explicit actions and post-download hash review are separate (35.355792ms)
✔ packaged jQuery and a second ordinary library use ordered generic assets; source provenance is explicit (4.595125ms)
✔ approved locks run offline after a new manager instance and draft edits; source/mode changes require a new lock (2.1025ms)
✔ duplicate declarations preserve execution order, shared bytes do not share another namespace approval (3.004709ms)
✔ a local file adapter preserves declared URL and original file bytes without claiming a network download (2.263875ms)
✔ same URL updates produce new immutable locks; selecting approved old bytes stays offline and deterministic (3.211ms)
✔ SRI validates original bytes with SHA-256/384/512 and does not silently approve a mismatch (4.894542ms)
✔ downloader rejects redirects, HTML/JSON, malformed UTF-8, private IPs and excess streaming bytes (2.041875ms)
✔ permission revocation and stale host during network/hash work never commit an approvable review or lock (2.741583ms)
✔ asset, review provenance and lock tampering fail closed; quota failure atomically rolls back prepared assets (4.37175ms)
✔ E07.1 Candidate is stored without execution or installation and matches Page v1 contract (9.153375ms)
✔ concurrent identical import is idempotent; same revision with changed bytes cannot overwrite (2.980917ms)
✔ Caller stage, namespace, verification, direct resolution and fabricated grant are rejected (0.364166ms)
✔ Host namespaces are isolated; one cannot read another owner (1.062959ms)
✔ tampering candidate source/hash or falsely marking it Available is detected (3.601125ms)
✔ Host revoked while hashing or before store commit cannot persist candidate (1.302208ms)
✔ grant, unsupported metadata and missing pinned dependency are not importable (0.459416ms)
✔ Broker Candidate routes use original dependency manager behind Host authentication (0.251208ms)
✔ Candidate remains immutable; verification and native registration are distinct, source is absent from bootstrap (22.079625ms)
✔ forged verification fields, stale CAS, denied permission and disabled Chrome toggle cannot be reported installed (7.039917ms)
✔ untrusted messages need authentic sender, current grant and exact native document bootstrap marker (4.883833ms)
✔ each manifest/document is admitted once; unknown effect is retained across service restart without replay (6.7135ms)
✔ disable revokes durable admission before native reconciliation and survives unavailable API plus restart (2.975875ms)
✔ startup rebuilds only saved enabled bootstraps and never actively runs an old document (3.98625ms)
✔ a queued invocation rechecks disabled grant before user source dispatch (5.028167ms)
✔ installed executions use the same persisted Authority slot and cannot bypass disable or Controller ownership (3.117ms)
✔ idle auto execution accepts an exact loading document while explicit developer preview remains conservative (4.93775ms)
✔ early run-at installs are rejected before saving a persistent grant or registering a bootstrap (5.08125ms)
✔ disable remains responsive after dispatch while async user completion is pending (6.059917ms)
✔ worker interruption becomes visible unknown state and preserves the live exact slot without replay (2.586041ms)
✔ full browser restart releases only the old Page reservation while retaining unknown outcome (3.225959ms)
✔ trusted document retirement frees its Page fence; a different Controller reservation is untouched (2.40825ms)
✔ catalog exposes the installed frozen permission scope when a different candidate revision is selected (2.76225ms)
✔ named async main() evaluates in exact USER_SCRIPT main document without durable Task or registration (7.505333ms)
✔ no injection after document change, permission revoke, Controller slot, invalid sender or API opt-in (1.977791ms)
✔ incorrect browser document receipt and native script errors cannot claim success (3.815375ms)
✔ navigation after native execution rejects the old completion without replaying its effect (2.502833ms)
✔ source, site and requested execution world cannot be forged through preview protocol (0.298875ms)
✔ verified pinned jQuery bytes precede preview main, without Service Worker evaluation (6.486167ms)
✔ missing completion retains the shared fence; confirmed program error releases only its admission (2.914375ms)
✔ developer source switch hides local controls until enabled and reports a missing local connection (8.300792ms)
✔ developer current-page summary follows the actual tab without exposing document internals (2.481792ms)
✔ one authorized local project is selected automatically without starting execution (4.381958ms)
✔ a remembered project is never silently replaced by a different sole authorized project (4.501417ms)
✔ local project mode preserves manual draft and params while running fresh bytes through the same Host (14.071125ms)
✔ local source response after mode switch is rejected before Host admission (7.236041ms)
✔ local managed Page Stop owns a confirmed failing main, survives provider disconnect and blocks overlapping Run (421.436958ms)
✔ reopening the editor restores window-scoped source and params without starting or saving (3.590167ms)
✔ another window draft and the catalog editor never replace the Sidebar draft (4.564458ms)
✔ reopening a project draft preserves the source view and compiled execution bytes (5.531167ms)
✔ a delayed draft restore never overwrites newly imported source (3.96625ms)
✔ importing a JS draft leaves saved versions and running source independent (4.349ms)
✔ draft import rejects empty/oversized sources and active saves without overwriting the editor (3.900834ms)
✔ imported legacy @require only reads previously approved versions and never adds a form or downloads code (6.089125ms)
✔ Save persists revision/hash without requesting permission, creating a Run, or executing code (3.974209ms)
✔ reopened editor lists saved scripts without running and loads the selected latest head explicitly (3.939125ms)
✔ loading a historical revision does not turn it into the latest Save CAS head (5.136333ms)
✔ Delete tombstones the latest head and refreshes the saved-script selector (5.112875ms)
✔ saved A stays immutable; Run freezes unsaved B/params/page A; editing C and Save do not replace B (6.67375ms)
✔ a brand-new unsaved draft runs with an empty script ID and never creates a saved revision (4.100458ms)
✔ permission preparation rejects a switched page; closing the editor during permission never admits a run (13.615375ms)
✔ shared RunHost completion or Stop restores the draft Run button after another consumer settles (7.974167ms)
✔ Stop uses the formal RunHost abort/retirement path and persists stopped with the original pin (6.419167ms)
✔ pagehide invokes RunHost host-close; reopened editor only reads the durable interrupted Result (5.509958ms)
✔ late Save/Load replies do not overwrite another script selection or edits made during loading (6.245625ms)
✔ late saved-script selector load cannot overwrite edits made during loading (4.92275ms)
✔ an older snapshot reply cannot disable Run after a newer durable observation (6.278834ms)
✔ an older snapshot error cannot overwrite a newer successful durable view (6.213042ms)
✔ the permission request remains synchronous in the click fixture; denied permission and invalid params execute nothing (6.282208ms)
✔ DOM preview binds frozen plain JavaScript and exact current document from trusted click (2.889833ms)
✔ DOM preview refuses to inject when the active document changes while permission is pending (5.062875ms)
✔ Developer Stop cannot cancel the formal Task or another view using the shared RunHost (3.012792ms)
✔ project import displays source while Save and Run freeze compiled bytes and the original hash (4.589583ms)
✔ invalid project envelope leaves the previous editor source and no execution or saved revision (1.831417ms)
✔ R12: real Page preview gates explicit immutable Candidate import, never auto installs (9.026917ms)
✔ R12: navigating the actual page or a rejected preview cannot save a Page Candidate (8.690833ms)
✔ denied results never populate visible values, technical history or download choices (2.7985ms)
✔ failed HTML content read displays actionable advice, not the internal controller envelope (2.682666ms)
✔ a failed evaluate surfaces Chrome settings and read-only recovery without replaying a run (9.843084ms)
✔ R3 remains immutable reference; R4 preview keeps installed Discover and independent full catalog (4.036959ms)
✔ R14 official sidebar preserves four views, privileged controls, compact discovery and task history (1.137583ms)
✔ R5 keeps one derived interactive prototype with installed-only compact discovery (1.246625ms)
✔ Developer source selector and new-script action use one narrow Sidebar toolbar (1.993167ms)
ℹ tests 83
ℹ suites 0
ℹ pass 83
ℹ fail 0
ℹ cancelled 0
ℹ skipped 0
ℹ todo 0
ℹ duration_ms 751.034125
