✔ prepare pins a watermark and persists byte hash; external descriptors satisfy frozen schema (6.546667ms)
✔ partial export requires confirmation; request IDs bind immutable intent (1.930833ms)
✔ host registration mismatch and tombstones reject creation/dispatch (1.3385ms)
✔ double dispatch and reconstructed service invoke Chrome at most once (2.482875ms)
✔ ACK-gap after durable dispatch does not replay and becomes mapping_unknown (1.854334ms)
✔ short dispatch ACK does not wait for callback and cannot be resubmitted (0.859042ms)
✔ onCreated/search deduplicates an ID and started is not delivery complete (1.604208ms)
✔ multiple full-identity candidates conflict and never redownload (1.324ms)
✔ known callback ID is authoritative; another candidate conflicts rather than replacing it (1.41825ms)
✔ wrong URL/extension/time and missing fields never bind by filename (1.393ms)
✔ clock rollback cannot bind unique-looking mapping evidence (0.869333ms)
✔ onChanged complete must be confirmed by ID search; interrupted keeps Chrome reason (1.950458ms)
✔ 10-minute timeout is unknown; late complete resolves only its original job (3.198459ms)
✔ retry freezes old prepared submission; duplicate retry returns same new job (1.626875ms)
✔ multi-volume aggregate waits for every volume and releases pin only when all are releasable (2.258ms)
✔ single abandoned volume causes delivery_failed; late evidence cannot revive it (1.872916ms)
✔ explicit job abandon and run tombstone retain late audit without resurrecting projection (2.555375ms)
✔ lost callback can recover via unique full URL; finite mapping search throttles repeated observations (1.366541ms)
✔ URL revoke waits for complete/interrupted/abandon or deadline and respects local reader pins (1.641333ms)
✔ deadline URL release preserves metadata and completion evidence after host resources disappear (1.494291ms)
✔ attach is idempotent; restart pending reconciliation never dispatches (1.345083ms)
✔ top-level broker handlers work without attach and confirm changed state through search (1.15625ms)
✔ callback-only Chrome API persists authoritative ID and handles runtime.lastError as unknown (1.931584ms)
✔ conflict retains its Blob through deadline; pending audits stop after the deadline bound (2.002959ms)
✔ deletion hook requires retirement proof and releases compatible storage reader pins before tombstone (0.76825ms)
✔ shared repository reads through export pin and deletes descriptor/chunk rows only after fence and abandonment (2.401458ms)
✔ tests/foundation/page-port-fixtures.test.mjs (33.707166ms)
✔ frozen fixture full plan validates; recomputed broader selector/caps hash does not grant authority (9.6995ms)
✔ stop after dispatched commit still permits exactly one fixed Chrome invocation; revised identity never replayed (6.479208ms)
✔ post-dispatch epoch/target/grant fences prevent stale Chrome use (4.246291ms)
✔ script or command callback failure records unknown and cannot be blindly retried (3.22025ms)
✔ raw reception is durable but frame ACK requires matching staged rows, then full end signature is stored (3.319125ms)
✔ duplicate frame does not emit again; conflicting digest durably blocks whole page (2.469375ms)
✔ actual sender document defeats payload identity spoof; stop rejects new raw data (1.085542ms)
✔ raw backpressure refuses a second unacked frame; full signature includes changed sixth row (3.787958ms)
✔ fixed raw DOM reader retains long text, explicit empty string and optional missing attr without transforms (1.005ms)
✔ packaged DOM agent returns short ACK before stream, awaits explicit frame ACK, then emits complete signature (2.058792ms)
✔ page transport sends its first frame before starting the EOF signature hash (2.0095ms)
✔ run-scoped submit/raw/effect journals preserve both runs and stay outside the unique command index (7.70975ms)
✔ raw frame and ACK never infer a missing run or accept a command with a rewritten revision (1.38475ms)
✔ negative fixed-agent receipt is unknown and its run-scoped submission cannot replay (2.990209ms)
✔ packaged agent and page port exchange a durable run-bound ACK before saving the complete EOF (5.001958ms)
✔ agent command and ACK namespaces separate equal command IDs and digests across runs (2.362542ms)
✔ single-use real action ticket binds actual source document, no run/records/slot created (1.643833ms)
✔ new operation durably cancels old; old source result audited and rejected, new result goes only to original host (2.365084ms)
✔ cancel/release are durable before cleanup; duplicate release cannot mutate context (1.599ms)
✔ preview samples at most ten full raw rows using shared plan binding and iterator ACK; no records written (3.54725ms)
✔ placeholder SelectorUI reports MODULE_NOT_INSTALLED, never fabricates selected status (0.763583ms)
✔ production allowlist is empty; unsigned self-reports and unknown keys never become Pro (6.618417ms)
✔ real P256/SHA256 P1363 signature; independent Node crypto oracle and claim hash (3.502125ms)
✔ signed binding rejects tampered tier (0.641375ms)
✔ signed binding rejects tampered issuer (0.47975ms)
✔ signed binding rejects tampered subject (0.49575ms)
✔ signed binding rejects tampered audience (0.753667ms)
✔ signed binding rejects tampered features (1.091584ms)
✔ signed binding rejects tampered issuedAt (0.748917ms)
✔ signed binding rejects tampered expiresAt (0.783834ms)
✔ signed binding rejects tampered keyId (0.594166ms)
✔ signed binding rejects tampered revocationVersion (0.691834ms)
✔ signed binding rejects tampered formatVersion (0.410708ms)
✔ signed but unexpected issuer/subject are rejected; signatures from another key fail (1.431416ms)
✔ reject altered signature bytes, padded/noncanonical base64url, DER and wrong hash algorithm (1.569583ms)
✔ no production private JWK and no mutation of injected allowlist after construction (1.208625ms)
✔ future issuedAt, inverted time interval and expiry at the exact boundary reject new Pro (3.947583ms)
✔ impossible calendar dates and missing timestamp zones are rejected even when signed (0.930792ms)
✔ signed metadata cannot establish trusted verification or extend grace (2.011542ms)
✔ offline 72h inclusive boundary, +1ms fallback and no expiry extension (3.525833ms)
✔ offline reload keeps verification age; explicit trusted refresh reopens new Pro (2.521375ms)
✔ wall rollback freezes Pro across reload; monotonic elapsed time expires a frozen wall (3.859834ms)
✔ submillisecond clock observations preserve elapsed monotonic time (4.254666ms)
✔ monotonic rollback freezes Pro; trusted timestamp must not precede durable high water (1.900709ms)
✔ revocation is signed, bound, monotonic and durable; newer signed license may restore Pro (6.144084ms)
✔ cached claims and signed revocation are reverified; a persisted verification label grants nothing (2.855833ms)
✔ free and Pro limits clamp without changing template; signed features gate capabilities (3.147084ms)
✔ free template admission counts distinct IDs, permits revisions, rejects concurrent second template and allows delete/resave (0.450958ms)
✔ public admitTemplate accepts SaveTemplateRequest and returns the quota for the storage transaction (1.69525ms)
✔ repository revision history consumes no additional quota and survives head deletion (0.930542ms)
✔ Pro admission at 49/50/51 serializes template count and rejects stale or forged snapshots (6.0695ms)
✔ freshness checked inside template transaction after expiry or offline grace ends (2.212125ms)
✔ approved run remains frozen after expiry/revocation; sealed records, exports and retention are untouched (2.855708ms)
✔ frozen byte oracle preserves Chinese, zero, false, empty and null (4.079959ms)
✔ hostile JSON cannot enter hashes or durable protocol (0.333916ms)
✔ strict wire shapes reject unknown keys and unsafe integers (2.194917ms)
✔ ignoring a control revision never ignores epoch/document identity (0.183625ms)
✔ stop commit before dispatch forbids any new external call (8.4665ms)
✔ dispatch commit grants exactly one call even if stop subsequently commits (2.323625ms)
✔ a worker restart freezes a dispatched gap, holds slot and never repeats start (3.3715ms)
✔ actual sender, optional grant and immutable command ID are enforced (2.11525ms)
✔ stop repeats historical ACK; fencing cannot free the target slot by itself (2.088375ms)
✔ schema uses exactly frozen ten stores, explicit-key paths and sparse tagged indexes (3.87ms)
✔ no native IDB in Node is reported as unavailable; storage entry exports factory (0.354417ms)
✔ immutable template save CAS, exact duplicate, hash lookup and name-only CAS (12.117708ms)
✔ template admission hook uses same transaction and cannot overwrite immutable revision (3.532958ms)
✔ beginPage permits preparing run, reserves exact command key and idempotently reACKs (2.61275ms)
✔ stage rejects undispatched reservation and atomically aborts open snapshot (3.857666ms)
✔ three batches: first two durable ACKs, third exact-byte failure hides whole page (8.381292ms)
✔ exact staged duplicate does not add bytes; conflicting valid digest aborts page (4.970958ms)
✔ host/epoch/target mismatch is rejected without aborting rightful open page (2.235667ms)
✔ admission cannot bypass transaction reread of cancellation (2.174542ms)
✔ stage may acknowledge authenticated raw frames before end; seal requires complete end (5.448167ms)
✔ seal recomputes all six rows; prefix-only signature fails (6.294917ms)
✔ batch gap, record key/field mismatch, and raw-end evidence mismatch reject (10.01775ms)
✔ stop wins before seal; seal wins before stop and preserves historic original ACK (13.338042ms)
✔ run revision and authenticated host registration cannot be bypassed (3.197375ms)
✔ reader pins freeze watermark/count, paginate long typed values, and reject other cursors (9.236ms)
✔ zero-batch empty page requires authenticated allowed-empty proof (4.755334ms)
✔ repeated full page signature without end is rejected and left invisible (8.387958ms)
✔ whole-page run limits, two pending ACKs, profile budget and injected disk quota (12.789333ms)
✔ delete refuses active owner/read pin/open job/unknown attempt and tombstones retired data (5.957125ms)
✔ retention defaults seven days, preserves active runs and raw migration duplicates (1.902333ms)
✔ creation dispatch commits before one exact bootstrap create; retries do not create again (6.997083ms)
✔ creation callback gap freezes slot, never infers never-created or blindly retries (1.696417ms)
✔ bootstrap registers real tab/document before at-most-one navigation dispatch; content spoof rejected (2.1415ms)
✔ stop before bootstrap navigation prevents location authorization (2.208791ms)
✔ formal target binds only real same-origin new document after navigation (2.535541ms)
✔ formal run cannot borrow activeTab instead of optional grant (1.153583ms)
✔ retirement remove + separate not-found evidence releases only matching slot once; old replay cannot clear new run (1.572833ms)
✔ cross-session numeric tab id is never queried or removed and slot remains frozen (1.268542ms)
✔ generic tabs.get failure cannot prove absence (0.993875ms)
✔ prepared/submissionCount=0 proves never-created; missing intent never releases (1.585292ms)
✔ bootstrap agent requests registration and navigation before exactly one assign (0.197459ms)
ℹ tests 121
ℹ suites 0
ℹ pass 121
ℹ fail 0
ℹ cancelled 0
ℹ skipped 0
ℹ todo 0
ℹ duration_ms 176.653333
