✔ prepare pins a watermark and persists byte hash; external descriptors satisfy frozen schema (134.183209ms)
✔ partial export requires confirmation; request IDs bind immutable intent (3.269125ms)
✔ host registration mismatch and tombstones reject creation/dispatch (3.921167ms)
✔ double dispatch and reconstructed service invoke Chrome at most once (3.310167ms)
✔ ACK-gap after durable dispatch does not replay and becomes mapping_unknown (1.984084ms)
✔ short dispatch ACK does not wait for callback and cannot be resubmitted (0.9115ms)
✔ onCreated/search deduplicates an ID and started is not delivery complete (2.170208ms)
✔ multiple full-identity candidates conflict and never redownload (1.557542ms)
✔ known callback ID is authoritative; another candidate conflicts rather than replacing it (1.774959ms)
✔ wrong URL/extension/time and missing fields never bind by filename (1.685208ms)
✔ clock rollback cannot bind unique-looking mapping evidence (0.845958ms)
✔ onChanged complete must be confirmed by ID search; interrupted keeps Chrome reason (1.555708ms)
✔ 10-minute timeout is unknown; late complete resolves only its original job (67.830708ms)
✔ retry freezes old prepared submission; duplicate retry returns same new job (25.304375ms)
✔ multi-volume aggregate waits for every volume and releases pin only when all are releasable (3.299292ms)
✔ single abandoned volume causes delivery_failed; late evidence cannot revive it (5.603875ms)
✔ explicit job abandon and run tombstone retain late audit without resurrecting projection (4.669666ms)
✔ lost callback can recover via unique full URL; finite mapping search throttles repeated observations (1.750708ms)
✔ URL revoke waits for complete/interrupted/abandon or deadline and respects local reader pins (1.344166ms)
✔ deadline URL release preserves metadata and completion evidence after host resources disappear (1.317583ms)
✔ attach is idempotent; restart pending reconciliation never dispatches (5.593625ms)
✔ top-level broker handlers work without attach and confirm changed state through search (3.292625ms)
✔ callback-only Chrome API persists authoritative ID and handles runtime.lastError as unknown (2.425958ms)
✔ conflict retains its Blob through deadline; pending audits stop after the deadline bound (5.205708ms)
✔ deletion hook requires retirement proof and releases compatible storage reader pins before tombstone (0.796916ms)
✔ shared repository reads through export pin and deletes descriptor/chunk rows only after fence and abandonment (3.56225ms)
✔ tests/foundation/page-port-fixtures.test.mjs (155.612292ms)
✔ frozen fixture full plan validates; recomputed broader selector/caps hash does not grant authority (90.51925ms)
✔ stop after dispatched commit still permits exactly one fixed Chrome invocation; revised identity never replayed (17.093709ms)
✔ post-dispatch epoch/target/grant fences prevent stale Chrome use (10.792125ms)
✔ script or command callback failure records unknown and cannot be blindly retried (7.387458ms)
✔ raw reception is durable but frame ACK requires matching staged rows, then full end signature is stored (6.321541ms)
✔ duplicate frame does not emit again; conflicting digest durably blocks whole page (6.318583ms)
✔ actual sender document defeats payload identity spoof; stop rejects new raw data (3.243958ms)
✔ raw backpressure refuses a second unacked frame; full signature includes changed sixth row (22.721917ms)
✔ fixed raw DOM reader retains long text, explicit empty string and optional missing attr without transforms (3.183125ms)
✔ packaged DOM agent returns short ACK before stream, awaits explicit frame ACK, then emits complete signature (18.554917ms)
✔ page transport sends its first frame before starting the EOF signature hash (9.128875ms)
✔ run-scoped submit/raw/effect journals preserve both runs and stay outside the unique command index (151.176875ms)
✔ raw frame and ACK never infer a missing run or accept a command with a rewritten revision (12.2355ms)
✔ negative fixed-agent receipt is unknown and its run-scoped submission cannot replay (12.193166ms)
✔ packaged agent and page port exchange a durable run-bound ACK before saving the complete EOF (13.524917ms)
✔ agent command and ACK namespaces separate equal command IDs and digests across runs (11.039416ms)
✔ single-use real action ticket binds actual source document, no run/records/slot created (6.314667ms)
✔ new operation durably cancels old; old source result audited and rejected, new result goes only to original host (6.135416ms)
✔ cancel/release are durable before cleanup; duplicate release cannot mutate context (13.854042ms)
✔ preview samples at most ten full raw rows using shared plan binding and iterator ACK; no records written (8.548542ms)
✔ placeholder SelectorUI reports MODULE_NOT_INSTALLED, never fabricates selected status (2.07825ms)
✔ production allowlist is empty; unsigned self-reports and unknown keys never become Pro (18.257625ms)
✔ real P256/SHA256 P1363 signature; independent Node crypto oracle and claim hash (8.079042ms)
✔ signed binding rejects tampered tier (1.588917ms)
✔ signed binding rejects tampered issuer (3.135916ms)
✔ signed binding rejects tampered subject (1.862ms)
✔ signed binding rejects tampered audience (0.6955ms)
✔ signed binding rejects tampered features (1.847917ms)
✔ signed binding rejects tampered issuedAt (2.391209ms)
✔ signed binding rejects tampered expiresAt (3.335291ms)
✔ signed binding rejects tampered keyId (2.21825ms)
✔ signed binding rejects tampered revocationVersion (1.412208ms)
✔ signed binding rejects tampered formatVersion (1.193375ms)
✔ signed but unexpected issuer/subject are rejected; signatures from another key fail (2.807959ms)
✔ reject altered signature bytes, padded/noncanonical base64url, DER and wrong hash algorithm (3.323833ms)
✔ no production private JWK and no mutation of injected allowlist after construction (130.563208ms)
✔ future issuedAt, inverted time interval and expiry at the exact boundary reject new Pro (15.984875ms)
✔ impossible calendar dates and missing timestamp zones are rejected even when signed (3.631208ms)
✔ signed metadata cannot establish trusted verification or extend grace (9.637208ms)
✔ offline 72h inclusive boundary, +1ms fallback and no expiry extension (11.253458ms)
✔ offline reload keeps verification age; explicit trusted refresh reopens new Pro (9.151583ms)
✔ wall rollback freezes Pro across reload; monotonic elapsed time expires a frozen wall (11.716958ms)
✔ submillisecond clock observations preserve elapsed monotonic time (9.2075ms)
✔ monotonic rollback freezes Pro; trusted timestamp must not precede durable high water (9.629709ms)
✔ revocation is signed, bound, monotonic and durable; newer signed license may restore Pro (18.767333ms)
✔ cached claims and signed revocation are reverified; a persisted verification label grants nothing (6.868958ms)
✔ free and Pro limits clamp without changing template; signed features gate capabilities (9.105333ms)
✔ free template admission counts distinct IDs, permits revisions, rejects concurrent second template and allows delete/resave (0.801417ms)
✔ public admitTemplate accepts SaveTemplateRequest and returns the quota for the storage transaction (4.096708ms)
✔ repository revision history consumes no additional quota and survives head deletion (23.721584ms)
✔ Pro admission at 49/50/51 serializes template count and rejects stale or forged snapshots (36.534667ms)
✔ freshness checked inside template transaction after expiry or offline grace ends (6.327583ms)
✔ approved run remains frozen after expiry/revocation; sealed records, exports and retention are untouched (8.55675ms)
✔ frozen byte oracle preserves Chinese, zero, false, empty and null (10.865167ms)
✔ hostile JSON cannot enter hashes or durable protocol (1.090875ms)
✔ strict wire shapes reject unknown keys and unsafe integers (5.136041ms)
✔ ignoring a control revision never ignores epoch/document identity (0.265125ms)
✔ stop commit before dispatch forbids any new external call (73.263084ms)
✔ dispatch commit grants exactly one call even if stop subsequently commits (10.390208ms)
✔ a worker restart freezes a dispatched gap, holds slot and never repeats start (4.4445ms)
✔ actual sender, optional grant and immutable command ID are enforced (10.361375ms)
✔ stop repeats historical ACK; fencing cannot free the target slot by itself (13.641ms)
✔ schema uses exactly frozen ten stores, explicit-key paths and sparse tagged indexes (7.942291ms)
✔ no native IDB in Node is reported as unavailable; storage entry exports factory (0.510708ms)
✔ immutable template save CAS, exact duplicate, hash lookup and name-only CAS (23.634084ms)
✔ template admission hook uses same transaction and cannot overwrite immutable revision (142.568667ms)
✔ beginPage permits preparing run, reserves exact command key and idempotently reACKs (9.90375ms)
✔ stage rejects undispatched reservation and atomically aborts open snapshot (13.879ms)
✔ three batches: first two durable ACKs, third exact-byte failure hides whole page (23.723459ms)
✔ exact staged duplicate does not add bytes; conflicting valid digest aborts page (14.500916ms)
✔ host/epoch/target mismatch is rejected without aborting rightful open page (6.16875ms)
✔ admission cannot bypass transaction reread of cancellation (3.024459ms)
✔ stage may acknowledge authenticated raw frames before end; seal requires complete end (11.788458ms)
✔ seal recomputes all six rows; prefix-only signature fails (12.485833ms)
✔ batch gap, record key/field mismatch, and raw-end evidence mismatch reject (149.339792ms)
✔ stop wins before seal; seal wins before stop and preserves historic original ACK (44.689709ms)
✔ run revision and authenticated host registration cannot be bypassed (7.377167ms)
✔ reader pins freeze watermark/count, paginate long typed values, and reject other cursors (40.806ms)
✔ zero-batch empty page requires authenticated allowed-empty proof (15.056667ms)
✔ repeated full page signature without end is rejected and left invisible (30.163542ms)
✔ whole-page run limits, two pending ACKs, profile budget and injected disk quota (45.913083ms)
✔ delete refuses active owner/read pin/open job/unknown attempt and tombstones retired data (17.015375ms)
✔ retention defaults seven days, preserves active runs and raw migration duplicates (5.336792ms)
✖ shared authority-issued SDK context interoperates with atomic storage raw receipt and device CAS (0.632375ms)
✔ creation dispatch commits before one exact bootstrap create; retries do not create again (15.878709ms)
✔ creation callback gap freezes slot, never infers never-created or blindly retries (2.305791ms)
✔ bootstrap registers real tab/document before at-most-one navigation dispatch; content spoof rejected (4.201417ms)
✔ stop before bootstrap navigation prevents location authorization (3.324292ms)
✔ formal target binds only real same-origin new document after navigation (3.155042ms)
✔ formal run cannot borrow activeTab instead of optional grant (1.684417ms)
✔ retirement remove + separate not-found evidence releases only matching slot once; old replay cannot clear new run (2.115791ms)
✔ cross-session numeric tab id is never queried or removed and slot remains frozen (1.79975ms)
✔ generic tabs.get failure cannot prove absence (118.257417ms)
✔ prepared/submissionCount=0 proves never-created; missing intent never releases (11.259084ms)
✔ bootstrap agent requests registration and navigation before exactly one assign (0.497792ms)
✔ Chrome JSON hop retains undefined, falsy values, nested presence and business PageBrigeCode (29.397083ms)
✔ outcome protocol separates actual errors from all user business objects (1.664792ms)
✔ encoder rejects unsupported values, cycles and getters without evaluating a getter (2.922084ms)
✔ decoder rejects forged tags, duplicate fields and byte limits; prototype names remain inert data (0.847ms)
✔ typed canonical input is stable across key order and distinguishes missing from undefined (0.389ms)
✔ Base64 string API preserves UTF-8 and rejects malformed Base64 and UTF-8 (0.529292ms)
✔ REGRESSION-R3-host-gone: document loss persists retirement without requiring the old host (91.526708ms)
✔ REGRESSION-R4-control-states: late stop preserves an existing retirement (0.942542ms)
✔ REGRESSION-R4-control-states: session recovery preserves a durable retirement (0.607583ms)
✔ REGRESSION-R5-terminal-fence-gap: every committed terminal has a durable retirement (3.020584ms)
✔ REGRESSION-R6-false-completion: caller naturalEnd cannot complete an unbound run (1.324334ms)
✔ REGRESSION-R8-journal-key-collision: a caller command ID cannot replace host metadata (6.259209ms)
✔ R1: cyclic and malformed local schema references produce bounded typed rejection (1.30425ms)
✔ R1: long acyclic reference chains have a schema traversal depth budget (0.74575ms)
✔ R1: the inherited RulePlan resolves its nested local JSON pointer (28.618375ms)
✔ R2: closed shapes reject names inherited by the schema properties object (4.080625ms)
✔ R7: durable timestamps require an actual calendar date and explicit timezone (0.55475ms)
✔ SDK Hello needs native document/grant and never claims a controller slot (107.450667ms)
✔ SDK grant and request payload cannot carry page authority/namespace/bare args (2.278292ms)
✔ SDK sender/document/lifecycle fences reject before any storage effect (1.04425ms)
✔ 100 same-ID concurrent persistent calls commit one effect and one result (56.205291ms)
✔ same ID with changed args or deadline conflicts and does not overwrite effect (5.725708ms)
✔ native session adapter preserves own undefined/false/0 across Chrome JSON storage (20.383959ms)
✔ durable session duplicate after authority restart does not resubmit native set (5.461708ms)
✔ native session failure records unknown dispatch and will not retry same write (1.574ms)
✔ SW recovery fences dispatched write gap and retains original identity/deadline (2.627042ms)
✔ durable duplicate cannot extend original 15s service deadline (3.904333ms)
✔ native permission remove then regrant cannot revive old request/grant (4.193167ms)
✔ observed navigation invalidates current page Hello and pending admission (0.74625ms)
✔ notification permission removal with empty origins revokes the affected grant (0.444833ms)
✔ notification native receipt and durable undefined survive delivery revocation (3.205667ms)
✔ successful HTTP business envelope remains data and stores native result before delivery (33.635292ms)
✔ SDK backend timer clamps to earlier caller deadline even for hung native callback (70.393125ms)
✔ CMP11-API01/02/03/04: bound constructors, immutable pins and independent owners (3.201208ms)
✔ CMP10-API05/06 and CMP01-API36: raw callbacks and raw execute never dispatch (0.170542ms)
✔ CMP10-API35: typed values and statement ignored args before registration (34.049292ms)
✔ CMP03-API34 and CORE-EVALUATE-EXPRESSION: explicit modes and no extra parameters (0.361625ms)
✔ CMP02-API12/13-LIMIT: Worker DOM snapshots reject; serialized alternatives preserve null/[] (0.304541ms)
✔ NAV01 + ChromeElement: only attested navigation advances root; old element/keyboard sequence stay bound (0.574083ms)
✔ CTRL owner fencing: stop/deadline/host-close settle pending once; stale request never rebinds new ctx (10.138292ms)
✔ Private Worker port: global fake peer, wrong owner, wrong correlation and reply replay cannot settle (103.991375ms)
✔ Host relay rejects cross-owner/old revision/old target before the shared transport (0.434ms)
✔ CMP10-API35: generated function harness awaits and preserves falsy/undefined/business values (10.863291ms)
✔ CMP10-API35-ERR/LIMIT: generated user failures are typed; no lexical closure/native result fallback (4.127041ms)
✔ CMP03-API34 and CORE-EVALUATE-EXPRESSION: correct worlds, async statement, exact values and syntax error (3.873875ms)
✔ CMP03-API26: pending predicates time out and canceled waits clear the real timer/map (30.359709ms)
✔ SVC cookie reads use exact URL; no public-suffix or neighboring-domain expansion (1.932542ms)
✔ SVC cookie batch preserves explicit expiry/default session and Host-prefix rules (29.574042ms)
✔ SVC cookie removal awaits all callbacks and checks each permission (7.961833ms)
✔ SVC Chrome lastError and missing cookie callbacks are typed failures (2.492833ms)
✔ SVC fixed injection requires exact doc and correct resource/world before Chrome call (0.597458ms)
✔ SVC notification click has no page URL, clears once, close/late events do not resettle (0.4275ms)
✔ CMP13 real loopback four HTTP methods, body and serializable projection (96.056917ms)
✔ CMP13 real response false retained (7.581625ms)
✔ CMP13 real response zero retained (3.946667ms)
✔ CMP13 real response null retained (3.36575ms)
✔ HTTP vs network vs bad JSON/UTF8 typed errors and restricted error response (8.99425ms)
✔ denied URL and config have zero real HTTP; native grant rechecked post response (1.697416ms)
✔ private native receipt hook persists HTTP fact before post revocation, not normalized checkServer result (4.76375ms)
✔ manual redirect never follows unauthorized destination (4.758291ms)
✔ actual abort during stalled body/HTTP, size budget and caller cancellation (85.778709ms)
✔ backend 15s budget independent from client timeout and earlier native deadline (2.053334ms)
✔ stalled pre/post native permission validation still obeys driver deadline without replay (42.435916ms)
✔ server checks real observable success/failure and never reports opaque available (25.224375ms)
✔ external IP info disabled default and never calls original external endpoint in tests (0.208334ms)
✔ notification true callback wait, lastError refusal and pre/post authorization (0.861ms)
✔ service HTTP result preserves business object inside response.data rather than outer authority (1.647333ms)
✔ RESOURCE fixed SDK allowlist has exactly two files; source entry consumes migrated modules (4.693791ms)
✔ RESOURCE project MIT notice is byte-identical to frozen original; no copied vendor resource (2.865875ms)
✔ CMP15 callback preserves false (28.76175ms)
✔ CMP15 callback preserves 0 (0.855292ms)
✔ CMP15 callback preserves undefined (0.649583ms)
✔ CMP15 callback preserves null (8.929458ms)
✔ CMP15 callback preserves  (0.378958ms)
✔ CMP15 callback preserves 0 (0.701167ms)
✔ CMP15 callback preserves  (2.729208ms)
✔ CMP15 callback preserves [object Object] (3.49675ms)
✔ CMP15 inner business error business denied remains original rejection (2.442292ms)
✔ CMP15 inner business error [object Object] remains original rejection (6.453084ms)
✔ CMP15 inner business error null remains original rejection (0.526958ms)
✔ CMP15 inner business error undefined remains original rejection (0.664459ms)
✔ CMP15 inner business error false remains original rejection (1.922542ms)
✔ CMP15 inner business error 0 remains original rejection (1.092084ms)
✔ CMP15 malformed Base64 / UTF8 / JSON settle once with typed stage and no pending (2.013333ms)
✔ CMP15 unicode legacy Base64 callback and ACK never settle early (0.59475ms)
✔ CMP15 old ChromeBridgeEvents facade is observable but cannot lose private pending settlement (0.241083ms)
✔ B03 client deadline and document dispose clean original pending once (12.795584ms)
✔ CMP07 AppStorage String semantics and AppLocal typed presence cross codec (0.676667ms)
✔ CMP13 four HTTP facades preserve call shape (0.1495ms)
✔ schema/config/business refusal dispatches nothing (0.401125ms)
✔ CMP14 notifications preserve desc rules with typed null/body errors (0.120583ms)
✔ CMP14 server results use latency order, input ties and all-failed null (0.176333ms)
✔ CMP08 strict compact JSON never runs code; wrapAsync is only source transformation (0.111292ms)
✔ CMP08 DeviceType, UA priority, unsupported native/fingerprint, delegated ID (0.449334ms)
✔ CMP08 UtilInfo stays idle until explicit call and keeps original URL (0.063458ms)
✔ events retain old strings and route lifecycle solely to injected RunHost (0.076584ms)
✔ sleep resolves undefined and abort removes timer (1.165375ms)
✔ SDK install conflicts never overwrite page functions; same installation is idempotent (1.863958ms)
✔ Hello cannot be ready from partial or wrong-version allowlist (3.757167ms)
✔ fixed MAIN to ISOLATED fixture preserves typed args/result, no controller or page authority (1.199959ms)
✔ CMP10/B01 business PageBrigeCode/ok/error fields survive real JSON hop inside data (0.379125ms)
✔ Hello grant subset permits its methods and rejects other calls before native request (0.115458ms)
✔ fixture 100 concurrent original promises once settle; not native B05 evidence (9.454125ms)
✔ relay rejects page claims and raw script without native dispatch (3.042666ms)
✔ native typed authority/transport failure is outer error; business remains inner (0.679ms)
✔ service dispatcher delegates storage and atomic device context without namespace from page (0.184583ms)
✔ K5 fixed SDK/control and resource closure validates actual production package (220.816334ms)
✔ K5 production Worker exception rejects eval/Function aliases and reflective extra constructors (865.216708ms)
✔ K5 fixed SDK/control and resource closure validates actual development package (151.068667ms)
✔ K5 development Worker exception rejects eval/Function aliases and reflective extra constructors (1539.397625ms)
✔ K5 fixed SDK files remain subject to privileged dynamic-execution scanner (1414.280958ms)
✖ K5 privileged and opaque CSP mutations cannot broaden execution (721.565292ms)
✔ K5 every HTML is scanned and Worker cannot become a privileged script entry (2256.985333ms)
✔ K5 required sandbox/Worker/icon/MIT and unknown assets fail closed (1026.837542ms)
✔ K5 remote JS scanner distinguishes data URLs ending json/jsp without accepting scripts (0.507ms)
✔ 72 source identities/hashes and all 48 symbols survive the plan correction (1.730625ms)
✔ each current mapped capability has concrete source, semantics, dependency and cases (0.97025ms)
✔ frozen denominator lists supported and restricted contracts separately from exclusions (6.726833ms)
✔ stage0 gate cannot borrow historical design scores and product flags require their own evidence (2.726916ms)
✔ stage0 manifest hashes cover frozen plan, mapping, differences, cases and inherited contracts (14.803959ms)
ℹ tests 242
ℹ suites 0
ℹ pass 240
ℹ fail 2
ℹ cancelled 0
ℹ skipped 0
ℹ todo 0
ℹ duration_ms 8835.182042

✖ failing tests:

test at tests/foundation/storage.test.mjs:284:1
✖ shared authority-issued SDK context interoperates with atomic storage raw receipt and device CAS (0.632375ms)
  Error [FoundationError]: Unknown or missing argument
      at fail (file:///Users/shopme/Documents/workspace/opendesk-browser/src/framework/sdk/registry.js:12:17)
      at fields (file:///Users/shopme/Documents/workspace/opendesk-browser/src/framework/sdk/registry.js:24:11)
      at Object.grantSdk (file:///Users/shopme/Documents/workspace/opendesk-browser/src/platform/host/sdk-methods.js:50:5)
      at async TestContext.<anonymous> (file:///Users/shopme/Documents/workspace/opendesk-browser/tests/foundation/storage.test.mjs:290:3)
      at async Test.run (node:internal/test_runner/test:1389:7)
      at async Test.processPendingSubtests (node:internal/test_runner/test:960:7) {
    code: 'E_SCHEMA'
  }

test at tests/framework/k5-package.test.mjs:45:1
✖ K5 privileged and opaque CSP mutations cannot broaden execution (721.565292ms)
  AssertionError [ERR_ASSERTION]: The input did not match the regular expression /CSP|sandbox boundary|broad exposure|host permissions/. Input:
  
  'Error: Unexpected manifest entry/exposure'
  
      at async mutate (file:///Users/shopme/Documents/workspace/opendesk-browser/tests/framework/k5-package.test.mjs:11:80)
      at async TestContext.<anonymous> (file:///Users/shopme/Documents/workspace/opendesk-browser/tests/framework/k5-package.test.mjs:53:6)
      at async Test.run (node:internal/test_runner/test:1389:7)
      at async Test.processPendingSubtests (node:internal/test_runner/test:960:7) {
    generatedMessage: true,
    code: 'ERR_ASSERTION',
    actual: Error: Unexpected manifest entry/exposure
        at verifyManifest (file:///Users/shopme/Documents/workspace/opendesk-browser/scripts/verify-package.mjs:59:65)
        at verifyPackage (file:///Users/shopme/Documents/workspace/opendesk-browser/scripts/verify-package.mjs:183:85)
        at async waitForActual (node:assert:615:5)
        at async strict.rejects (node:assert:738:25)
        at async mutate (file:///Users/shopme/Documents/workspace/opendesk-browser/tests/framework/k5-package.test.mjs:11:80)
        at async TestContext.<anonymous> (file:///Users/shopme/Documents/workspace/opendesk-browser/tests/framework/k5-package.test.mjs:53:6)
        at async Test.run (node:internal/test_runner/test:1389:7)
        at async Test.processPendingSubtests (node:internal/test_runner/test:960:7),
    expected: /CSP|sandbox boundary|broad exposure|host permissions/,
    operator: 'rejects',
    diff: 'simple'
  }
