✔ prepare pins a watermark and persists byte hash; external descriptors satisfy frozen schema (17.192209ms)
✔ partial export requires confirmation; request IDs bind immutable intent (6.520083ms)
✔ host registration mismatch and tombstones reject creation/dispatch (7.108125ms)
✔ double dispatch and reconstructed service invoke Chrome at most once (3.28025ms)
✔ ACK-gap after durable dispatch does not replay and becomes mapping_unknown (3.4905ms)
✔ short dispatch ACK does not wait for callback and cannot be resubmitted (2.104666ms)
✔ onCreated/search deduplicates an ID and started is not delivery complete (1.831375ms)
✔ multiple full-identity candidates conflict and never redownload (2.307125ms)
✔ known callback ID is authoritative; another candidate conflicts rather than replacing it (1.737333ms)
✔ wrong URL/extension/time and missing fields never bind by filename (3.054792ms)
✔ clock rollback cannot bind unique-looking mapping evidence (2.418792ms)
✔ onChanged complete must be confirmed by ID search; interrupted keeps Chrome reason (2.2075ms)
✔ 10-minute timeout is unknown; late complete resolves only its original job (3.688459ms)
✔ retry freezes old prepared submission; duplicate retry returns same new job (4.27ms)
✔ multi-volume aggregate waits for every volume and releases pin only when all are releasable (3.597041ms)
✔ single abandoned volume causes delivery_failed; late evidence cannot revive it (5.621ms)
✔ explicit job abandon and run tombstone retain late audit without resurrecting projection (5.789834ms)
✔ lost callback can recover via unique full URL; finite mapping search throttles repeated observations (4.227959ms)
✔ URL revoke waits for complete/interrupted/abandon or deadline and respects local reader pins (1.443917ms)
✔ deadline URL release preserves metadata and completion evidence after host resources disappear (1.347875ms)
✔ attach is idempotent; restart pending reconciliation never dispatches (1.311166ms)
✔ top-level broker handlers work without attach and confirm changed state through search (1.169042ms)
✔ callback-only Chrome API persists authoritative ID and handles runtime.lastError as unknown (2.207041ms)
✔ conflict retains its Blob through deadline; pending audits stop after the deadline bound (2.826834ms)
✔ deletion hook requires retirement proof and releases compatible storage reader pins before tombstone (0.75075ms)
✔ shared repository reads through export pin and deletes descriptor/chunk rows only after fence and abandonment (4.82ms)
✔ tests/foundation/page-port-fixtures.test.mjs (90.137833ms)
✔ frozen fixture full plan validates; recomputed broader selector/caps hash does not grant authority (22.591667ms)
✔ stop after dispatched commit still permits exactly one fixed Chrome invocation; revised identity never replayed (9.038416ms)
✔ post-dispatch epoch/target/grant fences prevent stale Chrome use (7.153ms)
✔ script or command callback failure records unknown and cannot be blindly retried (6.561834ms)
✔ raw reception is durable but frame ACK requires matching staged rows, then full end signature is stored (6.912166ms)
✔ duplicate frame does not emit again; conflicting digest durably blocks whole page (7.46375ms)
✔ actual sender document defeats payload identity spoof; stop rejects new raw data (5.228583ms)
✔ raw backpressure refuses a second unacked frame; full signature includes changed sixth row (19.542125ms)
✔ fixed raw DOM reader retains long text, explicit empty string and optional missing attr without transforms (3.707375ms)
✖ packaged DOM agent returns short ACK before stream, awaits explicit frame ACK, then emits complete signature (11.362542ms)
✔ page transport sends its first frame before starting the EOF signature hash (4.438917ms)
✔ run-scoped submit/raw/effect journals preserve both runs and stay outside the unique command index (15.854417ms)
✔ raw frame and ACK never infer a missing run or accept a command with a rewritten revision (2.847ms)
✔ negative fixed-agent receipt is unknown and its run-scoped submission cannot replay (4.684959ms)
✔ packaged agent and page port exchange a durable run-bound ACK before saving the complete EOF (8.597333ms)
✔ agent command and ACK namespaces separate equal command IDs and digests across runs (3.436959ms)
✔ single-use real action ticket binds actual source document, no run/records/slot created (2.3515ms)
✔ new operation durably cancels old; old source result audited and rejected, new result goes only to original host (4.0815ms)
✔ cancel/release are durable before cleanup; duplicate release cannot mutate context (3.122875ms)
✔ preview samples at most ten full raw rows using shared plan binding and iterator ACK; no records written (7.12025ms)
✔ placeholder SelectorUI reports MODULE_NOT_INSTALLED, never fabricates selected status (0.957667ms)
✔ production allowlist is empty; unsigned self-reports and unknown keys never become Pro (12.605375ms)
✔ real P256/SHA256 P1363 signature; independent Node crypto oracle and claim hash (5.844083ms)
✔ signed binding rejects tampered tier (1.327875ms)
✔ signed binding rejects tampered issuer (0.540417ms)
✔ signed binding rejects tampered subject (0.503125ms)
✔ signed binding rejects tampered audience (1.146958ms)
✔ signed binding rejects tampered features (2.942125ms)
✔ signed binding rejects tampered issuedAt (2.238375ms)
✔ signed binding rejects tampered expiresAt (0.882875ms)
✔ signed binding rejects tampered keyId (2.625792ms)
✔ signed binding rejects tampered revocationVersion (1.154083ms)
✔ signed binding rejects tampered formatVersion (0.876541ms)
✔ signed but unexpected issuer/subject are rejected; signatures from another key fail (1.714334ms)
✔ reject altered signature bytes, padded/noncanonical base64url, DER and wrong hash algorithm (2.089709ms)
✔ no production private JWK and no mutation of injected allowlist after construction (2.924334ms)
✔ future issuedAt, inverted time interval and expiry at the exact boundary reject new Pro (8.838875ms)
✔ impossible calendar dates and missing timestamp zones are rejected even when signed (3.021ms)
✔ signed metadata cannot establish trusted verification or extend grace (3.70325ms)
✔ offline 72h inclusive boundary, +1ms fallback and no expiry extension (10.692ms)
✔ offline reload keeps verification age; explicit trusted refresh reopens new Pro (14.46225ms)
✔ wall rollback freezes Pro across reload; monotonic elapsed time expires a frozen wall (25.42775ms)
✔ submillisecond clock observations preserve elapsed monotonic time (13.885375ms)
✔ monotonic rollback freezes Pro; trusted timestamp must not precede durable high water (3.291916ms)
✔ revocation is signed, bound, monotonic and durable; newer signed license may restore Pro (14.080834ms)
✔ cached claims and signed revocation are reverified; a persisted verification label grants nothing (5.903042ms)
✔ free and Pro limits clamp without changing template; signed features gate capabilities (4.699625ms)
✔ free template admission counts distinct IDs, permits revisions, rejects concurrent second template and allows delete/resave (0.589917ms)
✔ public admitTemplate accepts SaveTemplateRequest and returns the quota for the storage transaction (2.506916ms)
✔ repository revision history consumes no additional quota and survives head deletion (1.282333ms)
✔ Pro admission at 49/50/51 serializes template count and rejects stale or forged snapshots (10.138875ms)
✔ freshness checked inside template transaction after expiry or offline grace ends (3.398917ms)
✔ approved run remains frozen after expiry/revocation; sealed records, exports and retention are untouched (3.723833ms)
✔ frozen byte oracle preserves Chinese, zero, false, empty and null (16.058ms)
✔ hostile JSON cannot enter hashes or durable protocol (0.443ms)
✔ strict wire shapes reject unknown keys and unsafe integers (2.489125ms)
✔ ignoring a control revision never ignores epoch/document identity (0.274291ms)
✔ stop commit before dispatch forbids any new external call (12.605458ms)
✔ dispatch commit grants exactly one call even if stop subsequently commits (2.952542ms)
✔ a worker restart freezes a dispatched gap, holds slot and never repeats start (4.558959ms)
✔ actual sender, optional grant and immutable command ID are enforced (2.935708ms)
✔ stop repeats historical ACK; fencing cannot free the target slot by itself (4.418625ms)
✔ schema uses exactly frozen ten stores, explicit-key paths and sparse tagged indexes (10.129625ms)
✔ no native IDB in Node is reported as unavailable; storage entry exports factory (0.460542ms)
✔ immutable template save CAS, exact duplicate, hash lookup and name-only CAS (22.942959ms)
✔ template admission hook uses same transaction and cannot overwrite immutable revision (15.712917ms)
✔ beginPage permits preparing run, reserves exact command key and idempotently reACKs (6.509625ms)
✔ stage rejects undispatched reservation and atomically aborts open snapshot (13.509291ms)
✔ three batches: first two durable ACKs, third exact-byte failure hides whole page (27.731542ms)
✔ exact staged duplicate does not add bytes; conflicting valid digest aborts page (12.713958ms)
✔ host/epoch/target mismatch is rejected without aborting rightful open page (5.390875ms)
✔ admission cannot bypass transaction reread of cancellation (2.448542ms)
✔ stage may acknowledge authenticated raw frames before end; seal requires complete end (9.731833ms)
✔ seal recomputes all six rows; prefix-only signature fails (10.019917ms)
✔ batch gap, record key/field mismatch, and raw-end evidence mismatch reject (17.510458ms)
✔ stop wins before seal; seal wins before stop and preserves historic original ACK (19.053708ms)
✔ run revision and authenticated host registration cannot be bypassed (8.046792ms)
✔ reader pins freeze watermark/count, paginate long typed values, and reject other cursors (13.524ms)
✔ zero-batch empty page requires authenticated allowed-empty proof (6.57ms)
✔ repeated full page signature without end is rejected and left invisible (11.236834ms)
✔ whole-page run limits, two pending ACKs, profile budget and injected disk quota (19.12925ms)
✔ delete refuses active owner/read pin/open job/unknown attempt and tombstones retired data (7.714458ms)
✔ retention defaults seven days, preserves active runs and raw migration duplicates (2.867833ms)
✖ shared authority-issued SDK context interoperates with atomic storage raw receipt and device CAS (0.514875ms)
✔ creation dispatch commits before one exact bootstrap create; retries do not create again (14.147625ms)
✔ creation callback gap freezes slot, never infers never-created or blindly retries (5.604958ms)
✔ bootstrap registers real tab/document before at-most-one navigation dispatch; content spoof rejected (4.268125ms)
✔ stop before bootstrap navigation prevents location authorization (5.582292ms)
✔ formal target binds only real same-origin new document after navigation (3.603375ms)
✔ formal run cannot borrow activeTab instead of optional grant (3.757875ms)
✔ retirement remove + separate not-found evidence releases only matching slot once; old replay cannot clear new run (3.149584ms)
✔ cross-session numeric tab id is never queried or removed and slot remains frozen (2.243959ms)
✔ generic tabs.get failure cannot prove absence (4.340333ms)
✔ prepared/submissionCount=0 proves never-created; missing intent never releases (8.807875ms)
✔ bootstrap agent requests registration and navigation before exactly one assign (0.692542ms)
✔ Chrome JSON hop retains undefined, falsy values, nested presence and business PageBrigeCode (5.754ms)
✔ outcome protocol separates actual errors from all user business objects (0.480041ms)
✔ encoder rejects unsupported values, cycles and getters without evaluating a getter (0.92125ms)
✔ decoder rejects forged tags, duplicate fields and byte limits; prototype names remain inert data (0.202208ms)
✔ typed canonical input is stable across key order and distinguishes missing from undefined (0.116833ms)
✔ Base64 string API preserves UTF-8 and rejects malformed Base64 and UTF-8 (0.384917ms)
✔ REGRESSION-R3-host-gone: document loss persists retirement without requiring the old host (12.134792ms)
✔ REGRESSION-R4-control-states: late stop preserves an existing retirement (0.663792ms)
✔ REGRESSION-R4-control-states: session recovery preserves a durable retirement (0.474542ms)
✔ REGRESSION-R5-terminal-fence-gap: every committed terminal has a durable retirement (1.588ms)
✔ REGRESSION-R6-false-completion: caller naturalEnd cannot complete an unbound run (0.510708ms)
✔ REGRESSION-R8-journal-key-collision: a caller command ID cannot replace host metadata (7.922792ms)
✔ R1: the inherited RulePlan resolves its nested local JSON pointer (14.297917ms)
✔ R2: closed shapes reject names inherited by the schema properties object (2.910334ms)
✔ R7: durable timestamps require an actual calendar date and explicit timezone (0.514ms)
✔ CMP11-API01/02/03/04: bound constructors, immutable pins and independent owners (3.081917ms)
✔ CMP10-API05/06 and CMP01-API36: raw callbacks and raw execute never dispatch (0.705083ms)
✔ CMP10-API35: typed values and statement ignored args before registration (2.239875ms)
✔ CMP03-API34 and CORE-EVALUATE-EXPRESSION: explicit modes and no extra parameters (0.339292ms)
✔ CMP02-API12/13-LIMIT: Worker DOM snapshots reject; serialized alternatives preserve null/[] (0.297958ms)
✔ NAV01 + ChromeElement: only attested navigation advances root; old element/keyboard sequence stay bound (0.536875ms)
✔ CTRL owner fencing: stop/deadline/host-close settle pending once; stale request never rebinds new ctx (3.12925ms)
✔ Private Worker port: global fake peer, wrong owner, wrong correlation and reply replay cannot settle (42.378958ms)
✔ Host relay rejects cross-owner/old revision/old target before the shared transport (1.779792ms)
✔ CMP10-API35: generated function harness awaits and preserves falsy/undefined/business values (9.92975ms)
✔ CMP10-API35-ERR/LIMIT: generated user failures are typed; no lexical closure/native result fallback (4.305041ms)
✔ CMP03-API34 and CORE-EVALUATE-EXPRESSION: correct worlds, async statement, exact values and syntax error (4.717542ms)
✔ CMP03-API26: pending predicates time out and canceled waits clear the real timer/map (21.493958ms)
✔ SVC cookie reads use exact URL; no public-suffix or neighboring-domain expansion (1.935541ms)
✔ SVC cookie batch preserves explicit expiry/default session and Host-prefix rules (3.457334ms)
✔ SVC cookie removal awaits all callbacks and checks each permission (4.856125ms)
✔ SVC Chrome lastError and missing cookie callbacks are typed failures (0.386666ms)
✔ SVC fixed injection requires exact doc and correct resource/world before Chrome call (0.277667ms)
✔ SVC notification click has no page URL, clears once, close/late events do not resettle (0.390334ms)
✔ CMP13 real loopback four HTTP methods, body and serializable projection (28.403375ms)
✔ CMP13 real response false retained (1.112167ms)
✔ CMP13 real response zero retained (2.080958ms)
✔ CMP13 real response null retained (2.278041ms)
✔ HTTP vs network vs bad JSON/UTF8 typed errors and restricted error response (8.055125ms)
✔ denied URL and config have zero real HTTP; native grant rechecked post response (2.55375ms)
✔ private native receipt hook persists HTTP fact before post revocation, not normalized checkServer result (4.093042ms)
✔ manual redirect never follows unauthorized destination (1.9315ms)
✔ actual abort during stalled body/HTTP, size budget and caller cancellation (77.12875ms)
✔ backend 15s budget independent from client timeout and earlier native deadline (2.702375ms)
✔ stalled pre/post native permission validation still obeys driver deadline without replay (42.54175ms)
✔ server checks real observable success/failure and never reports opaque available (24.643959ms)
✔ external IP info disabled default and never calls original external endpoint in tests (0.173083ms)
✔ notification true callback wait, lastError refusal and pre/post authorization (0.896708ms)
✔ service HTTP result preserves business object inside response.data rather than outer authority (1.407166ms)
✔ RESOURCE fixed SDK allowlist has exactly two files; source entry consumes migrated modules (3.760167ms)
✔ RESOURCE project MIT notice is byte-identical to frozen original; no copied vendor resource (3.309625ms)
✔ CMP15 callback preserves false (7.224291ms)
✔ CMP15 callback preserves 0 (0.322292ms)
✔ CMP15 callback preserves undefined (0.297625ms)
✔ CMP15 callback preserves null (0.265042ms)
✔ CMP15 callback preserves  (0.269041ms)
✔ CMP15 callback preserves 0 (0.26225ms)
✔ CMP15 callback preserves  (0.710792ms)
✔ CMP15 callback preserves [object Object] (0.424833ms)
✔ CMP15 inner business error business denied remains original rejection (0.812ms)
✔ CMP15 inner business error [object Object] remains original rejection (0.460292ms)
✔ CMP15 inner business error null remains original rejection (0.551583ms)
✔ CMP15 inner business error undefined remains original rejection (0.336708ms)
✔ CMP15 inner business error false remains original rejection (0.222125ms)
✔ CMP15 inner business error 0 remains original rejection (0.306083ms)
✔ CMP15 malformed Base64 / UTF8 / JSON settle once with typed stage and no pending (1.332166ms)
✔ CMP15 unicode legacy Base64 callback and ACK never settle early (0.644708ms)
✔ CMP15 old ChromeBridgeEvents facade is observable but cannot lose private pending settlement (0.21325ms)
✔ B03 client deadline and document dispose clean original pending once (11.674917ms)
✔ CMP07 AppStorage String semantics and AppLocal typed presence cross codec (0.670125ms)
✔ CMP13 four HTTP facades preserve call shape (0.1455ms)
✔ schema/config/business refusal dispatches nothing (0.462541ms)
✔ CMP14 notifications preserve desc rules with typed null/body errors (0.132ms)
✔ CMP14 server results use latency order, input ties and all-failed null (0.186292ms)
✔ CMP08 strict compact JSON never runs code; wrapAsync is only source transformation (0.110792ms)
✔ CMP08 DeviceType, UA priority, unsupported native/fingerprint, delegated ID (0.445334ms)
✔ CMP08 UtilInfo stays idle until explicit call and keeps original URL (0.0645ms)
✔ events retain old strings and route lifecycle solely to injected RunHost (0.077959ms)
✔ sleep resolves undefined and abort removes timer (1.248833ms)
✔ SDK install conflicts never overwrite page functions; same installation is idempotent (0.293458ms)
✔ Hello cannot be ready from partial or wrong-version allowlist (4.128042ms)
✔ fixed MAIN to ISOLATED fixture preserves typed args/result, no controller or page authority (1.609334ms)
✔ CMP10/B01 business PageBrigeCode/ok/error fields survive real JSON hop inside data (0.65475ms)
✔ Hello grant subset permits its methods and rejects other calls before native request (0.516542ms)
✔ fixture 100 concurrent original promises once settle; not native B05 evidence (7.084083ms)
✔ relay rejects page claims and raw script without native dispatch (1.754375ms)
✔ native typed authority/transport failure is outer error; business remains inner (0.520667ms)
✔ service dispatcher delegates storage and atomic device context without namespace from page (0.157083ms)
ℹ tests 210
ℹ suites 0
ℹ pass 208
ℹ fail 2
ℹ cancelled 0
ℹ skipped 0
ℹ todo 0
ℹ duration_ms 30223.527917

✖ failing tests:

test at tests/foundation/page-port-service.test.mjs:127:1
✖ packaged DOM agent returns short ACK before stream, awaits explicit frame ACK, then emits complete signature (11.362542ms)
  AssertionError [ERR_ASSERTION]: The expression evaluated to a falsy value:
  
    assert.ok(frame)
  
      at TestContext.<anonymous> (file:///Users/shopme/Documents/workspace/opendesk-browser/tests/foundation/page-port-service.test.mjs:138:77)
      at async Test.run (node:internal/test_runner/test:1389:7)
      at async Test.processPendingSubtests (node:internal/test_runner/test:960:7) {
    generatedMessage: true,
    code: 'ERR_ASSERTION',
    actual: undefined,
    expected: true,
    operator: '==',
    diff: 'simple'
  }

test at tests/foundation/storage.test.mjs:284:1
✖ shared authority-issued SDK context interoperates with atomic storage raw receipt and device CAS (0.514875ms)
  Error [FoundationError]: Unknown or missing argument
      at fail (file:///Users/shopme/Documents/workspace/opendesk-browser/src/framework/sdk/registry.js:12:17)
      at fields (file:///Users/shopme/Documents/workspace/opendesk-browser/src/framework/sdk/registry.js:24:11)
      at Object.grantSdk (file:///Users/shopme/Documents/workspace/opendesk-browser/src/platform/host/sdk-methods.js:49:5)
      at async TestContext.<anonymous> (file:///Users/shopme/Documents/workspace/opendesk-browser/tests/foundation/storage.test.mjs:290:3)
      at async Test.run (node:internal/test_runner/test:1389:7)
      at async Test.processPendingSubtests (node:internal/test_runner/test:960:7) {
    code: 'E_SCHEMA'
  }
