
> opendesk-browser@0.1.0 test
> node --test tests/environment/*.test.mjs

✔ concurrent window requests create once; new worker discovers existing window (13.033375ms)
✔ tool sender rejects foreign id, URL, frame, inactive document and missing document (0.232292ms)
✔ URL policy rejects restricted/file/credentials and preserves exact origin including port (0.27375ms)
✔ health waits for sender readiness and binds Chrome document metadata, not file result (5.081542ms)
✔ revoked permission blocks even previously installed agent (1.09975ms)
✔ reload, cross-origin and closed tab reject bound target without automatic reinjection (4.399583ms)
✔ forged health nonce and fake sender cannot satisfy exact target (1.631959ms)
✔ missing module has no capabilities or runner and can be mounted/disposed (0.219458ms)
✔ focus failure while original exists must not create another tool window (0.126792ms)
✔ window API query failure is not evidence that the existing window disappeared (0.165791ms)
✔ unknown authorization mode is rejected before another injection (0.506292ms)
✔ permission revoke reports permission failure even when Chrome hides tab URL (1.45425ms)
✔ permission revoked during tabs.get is diagnosed before inspecting its hidden URL (1.460792ms)
✔ repeated agent ready preserves optional authorization and cannot bypass revoke (1.509208ms)
✔ same-document concurrent binding resolves all readiness waiters (0.360875ms)
✔ document invalidation and revoke while awaiting reply reject late health success (0.3785ms)
✖ final classic scanner rejects eval alias and function-constructor references (13.513417ms)
✖ final package cannot omit a referenced local asset (4.634292ms)
✖ remote script and unexpected lazy chunk fail final package verification (5.029792ms)
✖ final package requires tool HTML/CSS and manifest worker references (3.916917ms)
ℹ tests 20
ℹ suites 0
ℹ pass 16
ℹ fail 4
ℹ cancelled 0
ℹ skipped 0
ℹ todo 0
ℹ duration_ms 125.177875

✖ failing tests:

test at tests/environment/package.test.mjs:13:1
✖ final classic scanner rejects eval alias and function-constructor references (13.513417ms)
  AssertionError [ERR_ASSERTION]: The input did not match the regular expression /Dynamic execution reference/. Input:
  
  'Error: Expected independently qualified minimum Chrome 138'
  
      at async mutatedPackage (file:///Users/shopme/Documents/workspace/opendesk-browser/tests/environment/package.test.mjs:10:83)
      at async TestContext.<anonymous> (file:///Users/shopme/Documents/workspace/opendesk-browser/tests/environment/package.test.mjs:15:5)
      at async Test.run (node:internal/test_runner/test:1389:7)
      at async startSubtestAfterBootstrap (node:internal/test_runner/harness:387:3) {
    generatedMessage: true,
    code: 'ERR_ASSERTION',
    actual: Error: Expected independently qualified minimum Chrome 138
        at verifyPackage (file:///Users/shopme/Documents/workspace/opendesk-browser/scripts/verify-package.mjs:44:56)
        at async waitForActual (node:assert:615:5)
        at async strict.rejects (node:assert:738:25)
        at async mutatedPackage (file:///Users/shopme/Documents/workspace/opendesk-browser/tests/environment/package.test.mjs:10:83)
        at async TestContext.<anonymous> (file:///Users/shopme/Documents/workspace/opendesk-browser/tests/environment/package.test.mjs:15:5)
        at async Test.run (node:internal/test_runner/test:1389:7)
        at async startSubtestAfterBootstrap (node:internal/test_runner/harness:387:3),
    expected: /Dynamic execution reference/,
    operator: 'rejects',
    diff: 'simple'
  }

test at tests/environment/package.test.mjs:20:1
✖ final package cannot omit a referenced local asset (4.634292ms)
  AssertionError [ERR_ASSERTION]: The input did not match the regular expression /ENOENT|Missing/. Input:
  
  'Error: Expected independently qualified minimum Chrome 138'
  
      at async mutatedPackage (file:///Users/shopme/Documents/workspace/opendesk-browser/tests/environment/package.test.mjs:10:83)
      at async TestContext.<anonymous> (file:///Users/shopme/Documents/workspace/opendesk-browser/tests/environment/package.test.mjs:21:3)
      at async Test.run (node:internal/test_runner/test:1389:7)
      at async Test.processPendingSubtests (node:internal/test_runner/test:960:7) {
    generatedMessage: true,
    code: 'ERR_ASSERTION',
    actual: Error: Expected independently qualified minimum Chrome 138
        at verifyPackage (file:///Users/shopme/Documents/workspace/opendesk-browser/scripts/verify-package.mjs:44:56)
        at async waitForActual (node:assert:615:5)
        at async strict.rejects (node:assert:738:25)
        at async mutatedPackage (file:///Users/shopme/Documents/workspace/opendesk-browser/tests/environment/package.test.mjs:10:83)
        at async TestContext.<anonymous> (file:///Users/shopme/Documents/workspace/opendesk-browser/tests/environment/package.test.mjs:21:3)
        at async Test.run (node:internal/test_runner/test:1389:7)
        at async Test.processPendingSubtests (node:internal/test_runner/test:960:7),
    expected: /ENOENT|Missing/,
    operator: 'rejects',
    diff: 'simple'
  }

test at tests/environment/package.test.mjs:23:1
✖ remote script and unexpected lazy chunk fail final package verification (5.029792ms)
  AssertionError [ERR_ASSERTION]: The input did not match the regular expression /Unsafe HTML/. Input:
  
  'Error: Expected independently qualified minimum Chrome 138'
  
      at async mutatedPackage (file:///Users/shopme/Documents/workspace/opendesk-browser/tests/environment/package.test.mjs:10:83)
      at async TestContext.<anonymous> (file:///Users/shopme/Documents/workspace/opendesk-browser/tests/environment/package.test.mjs:24:3)
      at async Test.run (node:internal/test_runner/test:1389:7)
      at async Test.processPendingSubtests (node:internal/test_runner/test:960:7) {
    generatedMessage: true,
    code: 'ERR_ASSERTION',
    actual: Error: Expected independently qualified minimum Chrome 138
        at verifyPackage (file:///Users/shopme/Documents/workspace/opendesk-browser/scripts/verify-package.mjs:44:56)
        at async waitForActual (node:assert:615:5)
        at async strict.rejects (node:assert:738:25)
        at async mutatedPackage (file:///Users/shopme/Documents/workspace/opendesk-browser/tests/environment/package.test.mjs:10:83)
        at async TestContext.<anonymous> (file:///Users/shopme/Documents/workspace/opendesk-browser/tests/environment/package.test.mjs:24:3)
        at async Test.run (node:internal/test_runner/test:1389:7)
        at async Test.processPendingSubtests (node:internal/test_runner/test:960:7),
    expected: /Unsafe HTML/,
    operator: 'rejects',
    diff: 'simple'
  }

test at tests/environment/package.test.mjs:29:1
✖ final package requires tool HTML/CSS and manifest worker references (3.916917ms)
  AssertionError [ERR_ASSERTION]: The input did not match the regular expression /Missing|required|ENOENT/. Input:
  
  'Error: Expected independently qualified minimum Chrome 138'
  
      at async mutatedPackage (file:///Users/shopme/Documents/workspace/opendesk-browser/tests/environment/package.test.mjs:10:83)
      at async TestContext.<anonymous> (file:///Users/shopme/Documents/workspace/opendesk-browser/tests/environment/package.test.mjs:30:3)
      at async Test.run (node:internal/test_runner/test:1389:7)
      at async Test.processPendingSubtests (node:internal/test_runner/test:960:7) {
    generatedMessage: true,
    code: 'ERR_ASSERTION',
    actual: Error: Expected independently qualified minimum Chrome 138
        at verifyPackage (file:///Users/shopme/Documents/workspace/opendesk-browser/scripts/verify-package.mjs:44:56)
        at async waitForActual (node:assert:615:5)
        at async strict.rejects (node:assert:738:25)
        at async mutatedPackage (file:///Users/shopme/Documents/workspace/opendesk-browser/tests/environment/package.test.mjs:10:83)
        at async TestContext.<anonymous> (file:///Users/shopme/Documents/workspace/opendesk-browser/tests/environment/package.test.mjs:30:3)
        at async Test.run (node:internal/test_runner/test:1389:7)
        at async Test.processPendingSubtests (node:internal/test_runner/test:960:7),
    expected: /Missing|required|ENOENT/,
    operator: 'rejects',
    diff: 'simple'
  }
