✔ reserved mutation never dispatches across disable (15.91975ms)
✔ reserved mutation never dispatches across permission-removed (6.412416ms)
✔ reserved mutation never dispatches across disconnect-reconnect (6.440333ms)
✔ reserved mutation never dispatches across disable-enable (6.390125ms)
✔ reserved mutation never dispatches across dispose (6.715291ms)
✔ Native permission is rechecked immediately before dispatch (6.383417ms)
✔ a late disconnect from an old Native port cannot cancel a new connection request (11.313625ms)
✔ a pending enable permission check cannot overwrite disable (2.569ms)
✔ a pending enable permission check cannot overwrite permission-removed (1.59325ms)
✔ a pending enable storage write cannot persist over a newer disable (1.616666ms)
✔ an old Host ACK cannot match a new connection read with the same external requestId (17.566958ms)
✔ enabled Native handshake sends version and correct extension identity (1.64575ms)
✔ default-off requires a packaged Settings sender and real granted Native permission (0.391209ms)
✔ request hash journal deduplicates after real Host admission; conflicting bytes fail (9.106ms)
✔ dispatched but unanswered calls are never retried, even if same id reappears (8.584875ms)
✔ no live registered Host means no run reservation or Worker execution (1.551625ms)
✔ run.get and run.stop cannot inspect arbitrary Sidebar-owned Run records (1.407084ms)
✔ ACK journal write failure after Host action remains OUTCOME_UNKNOWN and never replays (17.754542ms)
✔ run.get and run.stop remain pinned to the original authenticated Host registration (23.372041ms)
✔ current target is live Sidebar snapshot, not active tab chosen by CLI (2.826292ms)
✔ external draft uses exact RunHost with frozen borrowed target and controller requestId (0.375833ms)
✔ permissions and document id fail before admission (no Chrome prompt) (0.571417ms)
✔ saved requires pinned exact revision and source hash (0.309167ms)
✔ run.get removes unrelated Sidebar run history from Controller snapshot projection (0.236583ms)
ℹ tests 24
ℹ suites 0
ℹ pass 24
ℹ fail 0
ℹ cancelled 0
ℹ skipped 0
ℹ todo 0
ℹ duration_ms 262.529125
