✔ original registered script resource error requires actual Chrome network failure and an absent SDK (8.091042ms)
✔ original style application requires exact packaged/user-script receipts plus direct same-node disposal evidence (4.162833ms)
✔ approved style refusal drivers require unchanged pages and exact errors without operation dispatch (1.520958ms)
✔ approved script refusal driver preserves the immutable recipe and requires zero page dispatch (0.67025ms)
✔ complete original cookie mutation drivers preserve frozen input and exact mutation/default read steps (0.706084ms)
✔ original cookie read driver retains duplicate URL followed by selected-document default and exact original recipe (0.348625ms)
✔ original type input includes the specified literal backslash after recipe compilation (0.41375ms)
✔ complete original click/type success drivers retain exact heterogeneous operands and compiled literal (0.370917ms)
✔ actual runner HTTP fixture branch serves new original input-actions and rejects unknown fixtures (67.016875ms)
✔ original failure capture preserves other page/resource reads before malformed outcome or input validation (0.661709ms)
✔ original cookie oracle rejects duplicate URL reads, truncated values, missing native callbacks and foreign stores (3.792583ms)
✔ original cookie oracle rejects active B defaults, stale documents, incomplete A/B baseline and edited assertion coverage (3.325333ms)
✔ original cookie action oracles require real changed A cookies, isolated B, exact mutation receipts and immutable input assertions (6.071667ms)
✔ actual runner obtains cookie permission via trusted Start and reads baseline only while the original Worker barrier is held (14.655125ms)
✔ failure capture persists pre-cleanup evidence then settles once and keeps the original error despite observer and cleanup errors (0.436708ms)
✔ admitted run recovery requires unique actual source and barrier params and never selects another run (0.22875ms)
✔ actual runner preserves A and B on unresolved retirement and closes both only on confirmed cleanup (13.4325ms)
✔ original input oracles reject partial steps, foreign native completions, input substitutions and changed documents (12.715459ms)
✔ original input oracle rejects extra foreign-request completion (0.679916ms)
✔ original input oracle rejects document checks entirely before completion (0.508875ms)
✔ six immutable selector drivers retain exact recipes, permission groups and value/error oracles (2.819ms)
✔ original click error driver requires actual zero-event observations and exact packaged failure receipts (1.839417ms)
✔ complete original type error case retains all five branches and exactly three actual native failures (1.454959ms)
✔ original constructor cases use the actual ctx factory with four pinned reads or zero invalid-option dispatches (0.688417ms)
✔ selector oracles reject wrong wire values, fake successful null and altered failure codes (3.390042ms)
✔ selector failure oracles reject missing, duplicate, wrong-document and unknown native completions (1.667042ms)
✔ host selector original OK/ERR gaps remain unroutable and cannot be replaced by Worker snapshot bodies (0.365208ms)
✔ original errors preserve exact original name/message and one dispatch per operand (0.881709ms)
✔ original fixed-read plans bind immutable 603 contracts and exact A/B fixtures (0.133833ms)
✔ original lane rejects unimplemented contracts and weakened fixture inputs (0.180583ms)
✔ original oracle rejects missing or stale result-owned revision even with correct run revision (0.212291ms)
✔ original oracle rejects fabricated assertion coverage, wrong A values and changed B (0.32025ms)
✔ original oracle rejects missing dispatch barrier, active A and enabled function permission (0.312583ms)
✔ original oracle fails closed for missing or unreleased resource owners (0.424833ms)
✔ original oracle rejects an HTTP request or read journal belonging to another operation (0.421ms)
✔ original oracle rejects a marker-only B fixture even when it stays unchanged (0.325833ms)
ℹ tests 36
ℹ suites 0
ℹ pass 36
ℹ fail 0
ℹ cancelled 0
ℹ skipped 0
ℹ todo 0
ℹ duration_ms 286.863292
