✔ F3 API48 assertion inventory projects generated reject, cause, eq and files labels (5.545458ms)
✔ F3 API48 generated savedSource records reject artifacts and file assertions (0.643916ms)
✔ F3 API48 null source recipes remain blocked with no required assertions (0.074625ms)
✔ F3 API48 duplicate labels are inventoried once while generated checks still execute (0.859666ms)
✔ F3 API48 assertion inventory fails closed for dynamic labels or causes (0.863ms)
✔ original registered script resource error requires actual Chrome network failure and an absent SDK (8.665583ms)
✔ original style application requires exact packaged/user-script receipts plus direct same-node disposal evidence (3.934791ms)
✔ approved style refusal drivers require unchanged pages and exact errors without operation dispatch (1.591875ms)
✔ approved script refusal driver preserves the immutable recipe and requires zero page dispatch (0.831833ms)
✔ complete original cookie mutation drivers preserve frozen input and exact mutation/default read steps (0.763625ms)
✔ original cookie read driver retains duplicate URL followed by selected-document default and exact original recipe (0.350084ms)
✔ original type input includes the specified literal backslash after recipe compilation (0.337333ms)
✔ complete original click/type success drivers retain exact heterogeneous operands and compiled literal (0.343708ms)
✔ actual runner HTTP fixture branch serves new original input-actions and rejects unknown fixtures (66.285583ms)
✔ original failure capture preserves other page/resource reads before malformed outcome or input validation (0.631917ms)
✔ original cookie oracle rejects duplicate URL reads, truncated values, missing native callbacks and foreign stores (3.831541ms)
✔ original cookie oracle rejects active B defaults, stale documents, incomplete A/B baseline and edited assertion coverage (3.704916ms)
✔ original cookie action oracles require real changed A cookies, isolated B, exact mutation receipts and immutable input assertions (5.839584ms)
✔ actual runner obtains cookie permission via trusted Start and reads baseline only while the original Worker barrier is held (17.070542ms)
✔ failure capture persists pre-cleanup evidence then settles once and keeps the original error despite observer and cleanup errors (0.591ms)
✔ admitted run recovery requires unique actual source and barrier params and never selects another run (0.268792ms)
✔ actual runner preserves A and B on unresolved retirement and closes both only on confirmed cleanup (13.609042ms)
✔ original input oracles reject partial steps, foreign native completions, input substitutions and changed documents (12.92575ms)
✔ original input oracle rejects extra foreign-request completion (0.649083ms)
✔ original input oracle rejects document checks entirely before completion (0.537792ms)
✔ six immutable selector drivers retain exact recipes, permission groups and value/error oracles (2.816375ms)
✔ original click error driver requires actual zero-event observations and exact packaged failure receipts (1.906ms)
✔ complete original type error case retains all five branches and exactly three actual native failures (1.413209ms)
✔ original constructor cases use the actual ctx factory with four pinned reads or zero invalid-option dispatches (0.667542ms)
✔ selector oracles reject wrong wire values, fake successful null and altered failure codes (3.558291ms)
✔ selector failure oracles reject missing, duplicate, wrong-document and unknown native completions (1.61625ms)
✔ host selector original OK/ERR gaps remain unroutable and cannot be replaced by Worker snapshot bodies (0.395875ms)
✔ original errors preserve exact original name/message and one dispatch per operand (1.075542ms)
✔ original fixed-read plans bind immutable 603 contracts and exact A/B fixtures (0.150625ms)
✔ original lane rejects unimplemented contracts and weakened fixture inputs (0.185ms)
✔ original oracle rejects missing or stale result-owned revision even with correct run revision (0.188833ms)
✔ original oracle rejects fabricated assertion coverage, wrong A values and changed B (0.3255ms)
✔ original oracle rejects missing dispatch barrier, active A and enabled function permission (0.311917ms)
✔ original oracle fails closed for missing or unreleased resource owners (0.386333ms)
✔ original oracle rejects an HTTP request or read journal belonging to another operation (0.401125ms)
✔ original oracle rejects a marker-only B fixture even when it stays unchanged (0.302583ms)
✔ plan binds the approved AUTH-API16-FENCE definition without changing the 603 denominator (3.827792ms)
✔ oracle accepts before navigation component evidence but does not report native PASS (1.764208ms)
✔ oracle accepts before revocation component evidence but does not report native PASS (0.265833ms)
✔ oracle accepts before stop component evidence but does not report native PASS (0.235792ms)
✔ oracle accepts before deadline component evidence but does not report native PASS (0.280625ms)
✔ oracle accepts before host-close component evidence but does not report native PASS (0.203625ms)
✔ oracle accepts after navigation component evidence but does not report native PASS (0.312ms)
✔ oracle accepts after revocation component evidence but does not report native PASS (0.213458ms)
✔ oracle accepts after stop component evidence but does not report native PASS (0.222125ms)
✔ oracle accepts after deadline component evidence but does not report native PASS (0.236334ms)
✔ oracle accepts after host-close component evidence but does not report native PASS (0.225666ms)
✔ oracle rejects wrong denominator source (1.639084ms)
✔ oracle rejects successful continuation (0.204875ms)
✔ oracle rejects wrong error (0.175291ms)
✔ oracle rejects unreleased retirement (0.121542ms)
✔ oracle rejects unretired worker (0.627625ms)
✔ oracle rejects stale target (0.202208ms)
✔ oracle rejects missing service barrier (0.136583ms)
✔ oracle rejects B compared to MAIN URL (0.113625ms)
✔ oracle rejects B changed (0.15575ms)
✔ oracle rejects resource leak (0.143208ms)
✔ oracle rejects blind replay (0.17775ms)
✔ oracle rejects wrong page method (0.149583ms)
✔ oracle rejects wrong page content (0.252042ms)
✔ oracle rejects wrong after state (0.194542ms)
✔ oracle rejects unrecorded side effect (0.167792ms)
✔ oracle rejects missing host reopen (0.2ms)
✔ before-stage oracle rejects release before trigger (0.259667ms)
✔ before-stage oracle rejects any page dispatch (0.181125ms)
✔ before deadline waits in Worker after HTTP completes, preserving the original controller deadline (0.180167ms)
✔ before deadline rejects a short-service timeout preceding the controller deadline (0.123833ms)
✔ after deadline accepts actual failed E_TIMEOUT at the admitted deadline with cancelled effect accounting (0.130042ms)
✔ after deadline rejects failed E_TIMEOUT before the admitted deadline (0.118ms)
✔ host closure permits its actual cancelled native operation while preserving E_HOST_CLOSED result (0.25ms)
✔ after-stage oracle requires Worker release before trigger and MAIN barrier before trigger (0.181583ms)
✔ after-stage oracle requires actual MAIN request barrier and proof (0.152542ms)
✔ oracle rejects legacy numeric triggerAt because parent must pass wrapped trigger evidence (0.165625ms)
ℹ tests 78
ℹ suites 0
ℹ pass 78
ℹ fail 0
ℹ cancelled 0
ℹ skipped 0
ℹ todo 0
ℹ duration_ms 291.883208
