✔ original registered script resource error requires actual Chrome network failure and an absent SDK (8.966958ms)
✔ original style application requires exact packaged/user-script receipts plus direct same-node disposal evidence (4.82325ms)
✔ approved style refusal drivers require unchanged pages and exact errors without operation dispatch (1.513625ms)
✔ approved script refusal driver preserves the immutable recipe and requires zero page dispatch (0.696625ms)
✔ complete original cookie mutation drivers preserve frozen input and exact mutation/default read steps (0.684084ms)
✔ original cookie read driver retains duplicate URL followed by selected-document default and exact original recipe (0.330792ms)
✔ original type input includes the specified literal backslash after recipe compilation (0.382792ms)
✔ complete original click/type success drivers retain exact heterogeneous operands and compiled literal (0.366833ms)
✔ actual runner HTTP fixture branch serves new original input-actions and rejects unknown fixtures (71.524833ms)
✔ original failure capture preserves other page/resource reads before malformed outcome or input validation (0.630917ms)
✔ original cookie oracle rejects duplicate URL reads, truncated values, missing native callbacks and foreign stores (4.122583ms)
✔ original cookie oracle rejects active B defaults, stale documents, incomplete A/B baseline and edited assertion coverage (3.77075ms)
✔ original cookie action oracles require real changed A cookies, isolated B, exact mutation receipts and immutable input assertions (6.430209ms)
✔ actual runner obtains cookie permission via trusted Start and reads baseline only while the original Worker barrier is held (15.741125ms)
✔ failure capture persists pre-cleanup evidence then settles once and keeps the original error despite observer and cleanup errors (0.443791ms)
✔ admitted run recovery requires unique actual source and barrier params and never selects another run (0.252042ms)
✔ actual runner preserves A and B on unresolved retirement and closes both only on confirmed cleanup (14.709417ms)
✔ original input oracles reject partial steps, foreign native completions, input substitutions and changed documents (13.868958ms)
✔ original input oracle rejects extra foreign-request completion (0.840333ms)
✔ original input oracle rejects document checks entirely before completion (0.581959ms)
✔ ten immutable selector drivers retain exact recipes, permission groups and value/error oracles (3.869708ms)
✔ host detached selector oracles reject fake live DOM, missing native completions, wrong absent values and page mutation (3.958708ms)
✔ original click error driver requires actual zero-event observations and exact packaged failure receipts (1.919916ms)
✔ complete original type error case retains all five branches and exactly three actual native failures (1.575792ms)
✔ original constructor cases use the actual ctx factory with four pinned reads or zero invalid-option dispatches (0.785208ms)
✔ selector oracles reject wrong wire values, fake successful null and altered failure codes (6.180375ms)
✔ selector failure oracles reject missing, duplicate, wrong-document and unknown native completions (3.183667ms)
✔ original errors preserve exact original name/message and one dispatch per operand (1.213ms)
✔ original fixed-read plans bind immutable 603 contracts and exact A/B fixtures (0.181917ms)
✔ original lane rejects unimplemented contracts and weakened fixture inputs (0.210541ms)
✔ original oracle rejects missing or stale result-owned revision even with correct run revision (0.218459ms)
✔ original oracle rejects fabricated assertion coverage, wrong A values and changed B (0.471625ms)
✔ original oracle rejects missing dispatch barrier, active A and enabled function permission (0.382958ms)
✔ original oracle fails closed for missing or unreleased resource owners (0.441417ms)
✔ original oracle rejects an HTTP request or read journal belonging to another operation (0.475167ms)
✔ original oracle rejects a marker-only B fixture even when it stays unchanged (0.352125ms)
ℹ tests 36
ℹ suites 0
ℹ pass 36
ℹ fail 0
ℹ cancelled 0
ℹ skipped 0
ℹ todo 0
ℹ duration_ms 315.648583
