✔ original registered script resource error requires actual Chrome network failure and an absent SDK (9.351041ms)
✔ original style application requires exact packaged/user-script receipts plus direct same-node disposal evidence (4.900667ms)
✔ approved style refusal drivers require unchanged pages and exact errors without operation dispatch (1.498917ms)
✔ approved script refusal driver preserves the immutable recipe and requires zero page dispatch (0.734667ms)
✔ complete original cookie mutation drivers preserve frozen input and exact mutation/default read steps (0.685833ms)
✔ original cookie read driver retains duplicate URL followed by selected-document default and exact original recipe (0.324ms)
✔ original type input includes the specified literal backslash after recipe compilation (0.398875ms)
✔ complete original click/type success drivers retain exact heterogeneous operands and compiled literal (0.37525ms)
✔ actual runner HTTP fixture branch serves new original input-actions and rejects unknown fixtures (72.065292ms)
✔ original failure capture preserves other page/resource reads before malformed outcome or input validation (0.643375ms)
✔ original cookie oracle rejects duplicate URL reads, truncated values, missing native callbacks and foreign stores (4.119667ms)
✔ original cookie oracle rejects active B defaults, stale documents, incomplete A/B baseline and edited assertion coverage (3.56425ms)
✔ original cookie action oracles require real changed A cookies, isolated B, exact mutation receipts and immutable input assertions (7.146625ms)
✔ actual runner obtains cookie permission via trusted Start and reads baseline only while the original Worker barrier is held (16.844084ms)
✔ failure capture persists pre-cleanup evidence then settles once and keeps the original error despite observer and cleanup errors (0.644875ms)
✔ admitted run recovery requires unique actual source and barrier params and never selects another run (0.308417ms)
✔ actual runner preserves A and B on unresolved retirement and closes both only on confirmed cleanup (14.658542ms)
✔ original input oracles reject partial steps, foreign native completions, input substitutions and changed documents (14.146125ms)
✔ original input oracle rejects extra foreign-request completion (0.735333ms)
✔ original input oracle rejects document checks entirely before completion (0.578541ms)
✔ ten immutable selector drivers retain exact recipes, permission groups and value/error oracles (4.324625ms)
✔ original click error driver requires actual zero-event observations and exact packaged failure receipts (1.99925ms)
✔ complete original type error case retains all five branches and exactly three actual native failures (2.295458ms)
✔ original constructor cases use the actual ctx factory with four pinned reads or zero invalid-option dispatches (1.160958ms)
✔ selector oracles reject wrong wire values, fake successful null and altered failure codes (5.632333ms)
✔ selector failure oracles reject missing, duplicate, wrong-document and unknown native completions (3.414791ms)
✔ original errors preserve exact original name/message and one dispatch per operand (1.427ms)
✔ original fixed-read plans bind immutable 603 contracts and exact A/B fixtures (0.208792ms)
✔ original lane rejects unimplemented contracts and weakened fixture inputs (0.248292ms)
✔ original oracle rejects missing or stale result-owned revision even with correct run revision (0.274708ms)
✔ original oracle rejects fabricated assertion coverage, wrong A values and changed B (0.524375ms)
✔ original oracle rejects missing dispatch barrier, active A and enabled function permission (0.31975ms)
✔ original oracle fails closed for missing or unreleased resource owners (0.399375ms)
✔ original oracle rejects an HTTP request or read journal belonging to another operation (0.413458ms)
✔ original oracle rejects a marker-only B fixture even when it stays unchanged (0.334ms)
ℹ tests 35
ℹ suites 0
ℹ pass 35
ℹ fail 0
ℹ cancelled 0
ℹ skipped 0
ℹ todo 0
ℹ duration_ms 323.160417
