✔ original registered script resource error requires actual Chrome network failure and an absent SDK (9.595958ms)
✔ original style application requires exact packaged/user-script receipts plus direct same-node disposal evidence (4.459333ms)
✔ approved style refusal drivers require unchanged pages and exact errors without operation dispatch (2.009458ms)
✔ approved script refusal driver preserves the immutable recipe and requires zero page dispatch (0.842042ms)
✔ complete original cookie mutation drivers preserve frozen input and exact mutation/default read steps (0.800917ms)
✔ original cookie read driver retains duplicate URL followed by selected-document default and exact original recipe (0.361125ms)
✔ original type input includes the specified literal backslash after recipe compilation (0.496625ms)
✔ complete original click/type success drivers retain exact heterogeneous operands and compiled literal (0.531042ms)
✔ actual runner HTTP fixture branch serves new original input-actions and rejects unknown fixtures (72.361167ms)
✔ original failure capture preserves other page/resource reads before malformed outcome or input validation (0.823ms)
✔ original cookie oracle rejects duplicate URL reads, truncated values, missing native callbacks and foreign stores (4.307ms)
✔ original cookie oracle rejects active B defaults, stale documents, incomplete A/B baseline and edited assertion coverage (4.106333ms)
✔ original cookie action oracles require real changed A cookies, isolated B, exact mutation receipts and immutable input assertions (6.584667ms)
✔ actual runner obtains cookie permission via trusted Start and reads baseline only while the original Worker barrier is held (16.128417ms)
✔ failure capture persists pre-cleanup evidence then settles once and keeps the original error despite observer and cleanup errors (0.443667ms)
✔ admitted run recovery requires unique actual source and barrier params and never selects another run (0.234875ms)
✔ actual runner preserves A and B on unresolved retirement and closes both only on confirmed cleanup (14.285375ms)
✔ original input oracles reject partial steps, foreign native completions, input substitutions and changed documents (14.420916ms)
✔ original input oracle rejects extra foreign-request completion (0.878334ms)
✔ original input oracle rejects document checks entirely before completion (0.636292ms)
✔ six immutable selector drivers retain exact recipes, permission groups and value/error oracles (3.195708ms)
✔ original click error driver requires actual zero-event observations and exact packaged failure receipts (2.05575ms)
✔ complete original type error case retains all five branches and exactly three actual native failures (1.624291ms)
✔ original constructor cases use the actual ctx factory with four pinned reads or zero invalid-option dispatches (0.752667ms)
✔ selector oracles reject wrong wire values, fake successful null and altered failure codes (3.879334ms)
✔ selector failure oracles reject missing, duplicate, wrong-document and unknown native completions (2.003166ms)
✔ original errors preserve exact original name/message and one dispatch per operand (1.197583ms)
✔ original fixed-read plans bind immutable 603 contracts and exact A/B fixtures (0.234416ms)
✔ original lane rejects unimplemented contracts and weakened fixture inputs (0.240209ms)
✔ original oracle rejects missing or stale result-owned revision even with correct run revision (0.215834ms)
✔ original oracle rejects fabricated assertion coverage, wrong A values and changed B (0.349292ms)
✔ original oracle rejects missing dispatch barrier, active A and enabled function permission (0.344333ms)
✔ original oracle fails closed for missing or unreleased resource owners (0.433291ms)
✔ original oracle rejects an HTTP request or read journal belonging to another operation (0.43575ms)
✔ original oracle rejects a marker-only B fixture even when it stays unchanged (0.317791ms)
ℹ tests 35
ℹ suites 0
ℹ pass 35
ℹ fail 0
ℹ cancelled 0
ℹ skipped 0
ℹ todo 0
ℹ duration_ms 316.50975
