✔ F3 API48 assertion inventory projects generated reject, cause, eq and files labels (5.196833ms)
✔ F3 API48 generated savedSource records reject artifacts and file assertions (0.54075ms)
✔ F3 API48 null source recipes remain blocked with no required assertions (0.0685ms)
✔ F3 API48 duplicate labels are inventoried once while generated checks still execute (0.848333ms)
✔ F3 API48 assertion inventory fails closed for dynamic labels or causes (0.745583ms)
✔ original registered script resource error requires actual Chrome network failure and an absent SDK (8.794584ms)
✔ original style application requires exact packaged/user-script receipts plus direct same-node disposal evidence (4.013416ms)
✔ approved style refusal drivers require unchanged pages and exact errors without operation dispatch (1.642542ms)
✔ approved script refusal driver preserves the immutable recipe and requires zero page dispatch (0.814459ms)
✔ complete original cookie mutation drivers preserve frozen input and exact mutation/default read steps (0.675417ms)
✔ original cookie read driver retains duplicate URL followed by selected-document default and exact original recipe (0.361875ms)
✔ original type input includes the specified literal backslash after recipe compilation (0.364958ms)
✔ complete original click/type success drivers retain exact heterogeneous operands and compiled literal (0.355458ms)
✔ actual runner HTTP fixture branch serves new original input-actions and rejects unknown fixtures (65.298958ms)
✔ original failure capture preserves other page/resource reads before malformed outcome or input validation (0.664292ms)
✔ original cookie oracle rejects duplicate URL reads, truncated values, missing native callbacks and foreign stores (3.979125ms)
✔ original cookie oracle rejects active B defaults, stale documents, incomplete A/B baseline and edited assertion coverage (3.34775ms)
✔ original cookie action oracles require real changed A cookies, isolated B, exact mutation receipts and immutable input assertions (6.642459ms)
✔ actual runner obtains cookie permission via trusted Start and reads baseline only while the original Worker barrier is held (15.806333ms)
✔ failure capture persists pre-cleanup evidence then settles once and keeps the original error despite observer and cleanup errors (0.44975ms)
✔ admitted run recovery requires unique actual source and barrier params and never selects another run (0.252875ms)
✔ actual runner preserves A and B on unresolved retirement and closes both only on confirmed cleanup (14.319791ms)
✔ original input oracles reject partial steps, foreign native completions, input substitutions and changed documents (13.441208ms)
✔ original input oracle rejects extra foreign-request completion (0.724833ms)
✔ original input oracle rejects document checks entirely before completion (0.536583ms)
✔ ten immutable selector drivers retain exact recipes, permission groups and value/error oracles (4.197083ms)
✔ host detached selector oracles reject fake live DOM, missing native completions, wrong absent values and page mutation (4.199958ms)
✔ original click error driver requires actual zero-event observations and exact packaged failure receipts (1.936167ms)
✔ complete original type error case retains all five branches and exactly three actual native failures (1.6125ms)
✔ original constructor cases use the actual ctx factory with four pinned reads or zero invalid-option dispatches (0.767875ms)
✔ selector oracles reject wrong wire values, fake successful null and altered failure codes (5.580875ms)
✔ selector failure oracles reject missing, duplicate, wrong-document and unknown native completions (2.862792ms)
✔ original errors preserve exact original name/message and one dispatch per operand (1.067208ms)
✔ original fixed-read plans bind immutable 603 contracts and exact A/B fixtures (0.155708ms)
✔ original lane rejects unimplemented contracts and weakened fixture inputs (0.214666ms)
✔ original oracle rejects missing or stale result-owned revision even with correct run revision (0.193458ms)
✔ original oracle rejects fabricated assertion coverage, wrong A values and changed B (0.340542ms)
✔ original oracle rejects missing dispatch barrier, active A and enabled function permission (0.345125ms)
✔ original oracle fails closed for missing or unreleased resource owners (0.416541ms)
✔ original oracle rejects an HTTP request or read journal belonging to another operation (0.41375ms)
✔ original oracle rejects a marker-only B fixture even when it stays unchanged (0.320625ms)
✔ plan binds the approved AUTH-API16-FENCE definition without changing the 603 denominator (3.710083ms)
✔ oracle accepts before navigation component evidence but does not report native PASS (1.80575ms)
✔ oracle accepts before revocation component evidence but does not report native PASS (0.276083ms)
✔ oracle accepts before stop component evidence but does not report native PASS (0.228583ms)
✔ oracle accepts before deadline component evidence but does not report native PASS (0.435667ms)
✔ oracle accepts before host-close component evidence but does not report native PASS (0.226792ms)
✔ oracle accepts after navigation component evidence but does not report native PASS (0.327292ms)
✔ oracle accepts after revocation component evidence but does not report native PASS (0.203833ms)
✔ oracle accepts after stop component evidence but does not report native PASS (0.221333ms)
✔ oracle accepts after deadline component evidence but does not report native PASS (0.237833ms)
✔ oracle accepts after host-close component evidence but does not report native PASS (0.201875ms)
✔ oracle rejects wrong denominator source (1.534ms)
✔ oracle rejects successful continuation (0.202208ms)
✔ oracle rejects wrong error (0.179375ms)
✔ oracle rejects unreleased retirement (0.126167ms)
✔ oracle rejects unretired worker (0.69425ms)
✔ oracle rejects stale target (0.168875ms)
✔ oracle rejects missing service barrier (0.124042ms)
✔ oracle rejects B compared to MAIN URL (0.118833ms)
✔ oracle rejects B changed (0.166583ms)
✔ oracle rejects resource leak (0.145ms)
✔ oracle rejects blind replay (0.207709ms)
✔ oracle rejects wrong page method (0.143834ms)
✔ oracle rejects wrong page content (0.217ms)
✔ oracle rejects wrong after state (0.164041ms)
✔ oracle rejects unrecorded side effect (0.165208ms)
✔ oracle rejects missing host reopen (0.190417ms)
✔ before-stage oracle rejects release before trigger (0.256667ms)
✔ before-stage oracle rejects any page dispatch (0.146ms)
✔ before deadline waits in Worker after HTTP completes, preserving the original controller deadline (0.1375ms)
✔ before deadline rejects a short-service timeout preceding the controller deadline (0.12375ms)
✔ after deadline accepts actual failed E_TIMEOUT at the admitted deadline with cancelled effect accounting (0.13675ms)
✔ after deadline rejects failed E_TIMEOUT before the admitted deadline (0.128042ms)
✔ host closure permits its actual cancelled native operation while preserving E_HOST_CLOSED result (0.254708ms)
✔ after-stage oracle requires Worker release before trigger and MAIN barrier before trigger (0.18825ms)
✔ after-stage oracle requires actual MAIN request barrier and proof (0.163167ms)
✔ oracle rejects legacy numeric triggerAt because parent must pass wrapped trigger evidence (0.16025ms)
ℹ tests 78
ℹ suites 0
ℹ pass 78
ℹ fail 0
ℹ cancelled 0
ℹ skipped 0
ℹ todo 0
ℹ duration_ms 305.975916
