✔ AI-to-Task sample is a valid immutable Task v1 Candidate with exact checked-in source (9.871083ms)
✔ tampering cannot grant publication state or replace the source hash (2.666375ms)
✔ modern candidate only uses implemented Locator actions with an explicit business-result wait (0.770208ms)
✔ observation draft is bounded, read-only and valid Controller async main (1.036958ms)
✔ AI-to-Task samples target the original HTML fixture rather than inventing a second page (0.497916ms)
✔ RunHost freezes a draft source variant and parameters before awaiting the host connection (2.454167ms)
✔ saved script API retains explicit scriptId/revision/contentHash admission (0.209125ms)
✔ packaged DOM driver accepts a frozen unsaved draft bound to the exact run (2.298542ms)
✔ native driver still requires a genuine saved revision pin (0.33425ms)
✔ a draft cannot spoof another run or pretend to be a saved pin (0.1285ms)
✔ Sidebar captured URL rejects SPA change and pending navigation before creating a run (11.756292ms)
✔ Sidebar URL changing during revision pinning fails durably and releases the slot without executing (2.739625ms)
✔ persistent history presents the latest task by creation time rather than storage key order (7.689875ms)
✔ cookie input rejection settles zero-dispatch failure once and permits the next admitted call (66.424125ms)
✔ corrupted cookie preflight checkpoints stay unknown and never become replayable replies (38.716375ms)
✔ cookie preflight still fences delivery when permission is lost after its checkpoint (3.002625ms)
✔ cookie input rejection still fences delivery after the selected document changes (2.909584ms)
✔ cookie native callback errors or missing success receipts retain effect-unknown fencing (9.193875ms)
✔ observed packaged failures replay once and allow the next admitted call (12.803834ms)
✔ unvalidated packaged wrong request stays unknown and cannot resubmit (5.414125ms)
✔ unvalidated packaged wrong run stays unknown and cannot resubmit (5.037833ms)
✔ unvalidated packaged wrong owner stays unknown and cannot resubmit (3.967417ms)
✔ unvalidated packaged malformed error stays unknown and cannot resubmit (5.39075ms)
✔ unvalidated packaged missing final reply stays unknown and cannot resubmit (4.750125ms)
✔ unvalidated packaged replaced document stays unknown and cannot resubmit (5.056208ms)
✔ packaged final failure still fences delivery after its receipt when permission is lost (4.685666ms)
✔ observed final page failures replay once, preserve cause and allow the next admitted call (28.1135ms)
✔ unvalidated wrong document failure stays unknown and cannot resubmit (4.598708ms)
✔ unvalidated missing final error failure stays unknown and cannot resubmit (4.152958ms)
✔ unvalidated malformed final code failure stays unknown and cannot resubmit (3.854917ms)
✔ observed final failure still fences delivery when permission is lost after its validated receipt (5.766ms)
✔ typed depth 4: params, operation args and immutable result survive wider JSON envelopes (10.228041ms)
✔ typed depth 5: params, operation args and immutable result survive wider JSON envelopes (11.343709ms)
✔ typed depth 6: params, operation args and immutable result survive wider JSON envelopes (11.763209ms)
✔ typed depth 7: params, operation args and immutable result survive wider JSON envelopes (11.999042ms)
✔ typed depth 8: params, operation args and immutable result survive wider JSON envelopes (12.144625ms)
✔ typed depth 9: params, operation args and immutable result survive wider JSON envelopes (14.594792ms)
✔ typed depth 10: params, operation args and immutable result survive wider JSON envelopes (13.267084ms)
✔ typed depth 11: params, operation args and immutable result survive wider JSON envelopes (15.307542ms)
✔ typed depth 12: params, operation args and immutable result survive wider JSON envelopes (14.466834ms)
✔ JSON envelope depth 48 never widens the typed depth-12 admission/result/args budgets (2.670584ms)
✔ controller script deletion is CAS tombstone only; GC waits for terminal, Worker and target retirement (11.844416ms)
✔ deleted or hash-invalid scripts abort controller admission without run, slot or pin (1.17975ms)
✔ each controller lease pin binding is required; forged retired lease cannot authorize GC (4.24025ms)
✔ recovery upgrades old terminal lease bindings without reviving its result, Worker or slot (5.167667ms)
✔ public authority commits exact UTF8/headCAS and pins r1 while head advances to r2 without templates (2.387125ms)
✔ controller script list is a host-authorized head projection filtered by namespace and tombstone (0.70475ms)
✔ borrowed child frame is observed exactly; sibling commits do not fence it; top replacement does (11.762083ms)
✔ worker retirement gates durable result then borrowed release, without closing borrowed tab (4.641916ms)
✔ owned retirement closes only exact created tab after durable terminal commit (2.823959ms)
✔ new registered host reads old namespace result without acquiring its owner or replaying (2.738291ms)
✔ permission removal matches exact origin patterns and remains fenced after regrant (1.586917ms)
✔ user-script lookup failure without native effect fails terminal and retires controller (6.087208ms)
✔ native rejection after submission without receipt stays unknown and cannot replay (6.133625ms)
✔ native receipt survives post-dispatch permission loss; request is never resubmitted (3.929375ms)
✔ public recovery pauses controller, holds slot and never replays committed source (1.472375ms)
✔ host port loss pauses while live context remains, but recovered missing host tab retires once (3.653583ms)
✔ public hostGone interruption retires borrowed target and exact pin once (2.001667ms)
✔ hostGone after completed result preserves the immutable result and finishes pending retirement (1.821625ms)
✔ SDK short persistent service completes while controller owns the same unique slot (4.075417ms)
✔ template-disabled host registers once; forced harnessWorker termination precedes durable result and slot release (27.23925ms)
✔ controller services share run authority and storage adapter without SDK admission or extra slot (7.817291ms)
✔ controller HTTP uses the admitted target origin and repeats only a saved response (28.193375ms)
✔ saved controller result is retained but is not delivered after target permission revocation (1.748ms)
✔ observed HTTP error is durable and never sent twice (2.516917ms)
✔ controller initialization failure plus lost finish response still retires its admitted slot (2.416584ms)
✔ repeating finish after permission revocation cannot bypass result delivery authorization (1.778375ms)
✔ Current Page active switch before admission rejects same URL B without creating run (0.57825ms)
✔ same-URL navigation beginning during admission invalidates the old document before commit (1.251209ms)
✔ Current Page activation during pin fails original run durably and releases slot (1.288541ms)
✔ Current Page activation after last native observation is fenced; admitted target can later be inactive (4.054ms)
✔ native target changes after final candidate query reject admission and release durable slot and pin (4.264708ms)
✔ draft source is bound to one durable run, not saved as a script head, and erased only after retirement (2.0915ms)
✔ controller never trusts draft callers to assert their own saved hash or unrecognized source format (0.304291ms)
✔ Page preview and Controller share one atomic slot across service instances and unknown receipts (2.887458ms)
✔ HTTP first delivery preserves full response cause for 404, 429 and 500 (6.21425ms)
✔ recovery preserves durable HTTP error cause without delivering or redispatching the old request (2.933125ms)
✔ durable HTTP errors still obey permission, document, deadline, stop and host delivery fences (14.26925ms)
✔ HTTP timeout, transport, forged error and malformed JSON without a receipt remain unknown (6.372666ms)
✔ RunHost recovers a durable finish result after the finish response is lost, then retires once (4.627125ms)
✔ RunHost clears currentRun before notifying a released controller terminal state (1.472917ms)
✔ RunHost keeps currentRun during a pending retirement notification (0.418375ms)
✔ RunHost stop immediately stops the local controller before waiting for durable stop (0.513125ms)
✔ RunHost keeps pending settlement after finish failure and retries it without re-executing (0.455625ms)
ℹ tests 84
ℹ suites 0
ℹ pass 84
ℹ fail 0
ℹ cancelled 0
ℹ skipped 0
ℹ todo 0
ℹ duration_ms 679.305584
