✔ existing ChromePage evaluate changes only its exact document through USER_SCRIPT after active-tab changes (7.682083ms)
✔ real packaged errors have an exact correlated final receipt and permit the next call (4.014042ms)
✔ CMP09-API21-ERR: real missing and invalid selectors retain their distinct final errors (2.238875ms)
✔ derived packaged upload failure does not certify the enclosing browser effect (28.367042ms)
✔ dispatch allowlists reject malformed kind/method before any authority or native call (0.594542ms)
✔ packaged exact document injection, correlation and undefined use real registry; no reinjection/global mutation (4.165792ms)
✔ page session accepts trusted extension sender only, rejects spoof/changed replay and settles each execution once (7.402542ms)
✔ each dispatch is preceded by authority; revocation during suspension produces zero subsequent dispatches (0.920375ms)
✔ real current getScripts at dispatch and accept; false/undefined/business values strictly encoded with generator worlds (3.919458ms)
✔ switch observed unavailable is sticky across driver instances and results are retained before failing post permission (0.777958ms)
✔ user-script receipt must attest exact document/frame; malformed and user errors propagate (2.389333ms)
✔ navigation uses admitted pending phase, waits independently of old agent and preserves complete handoff binding (1.702042ms)
✔ navigation ignores another tab and wrong readiness document; timeout cleans every subscription (80.230792ms)
✔ navigation rejects unsupported options before dispatch and unauthorized redirect without handing off (0.982ms)
✔ screenshot rejects fullPage/invisible exact tab and detects active-tab ABA during capture (1.10575ms)
✔ screenshot exact window success and raw receipt survive post-revocation (0.984958ms)
✔ cookie service uses observed store, correct projection/dedup, expires=0 and exact name/path deletion (2.66875ms)
✔ cookie batch preflight denies unauthorized URL and malformed/domain/partition input with no cookie write/read (2.060375ms)
✔ cookie remove native lastError is typed; ambiguous domain or partition observations never remove (1.702917ms)
✔ upload URL omits credentials, manually authorizes redirect and commits real chunks/file bytes (2.49325ms)
✔ upload denies cross-origin/downgrade/too many redirects/oversize/HTTP errors before DOM commit (3.243ms)
✔ stop cancels real packaged waits/staging, late reply cannot deliver; fresh driver cleans original identity epoch (12.595917ms)
✔ result receipt survives forced stop; new-instance retirement removes borrowed registry resources without closing tab (1.732875ms)
✔ fixed packaged resources allow only current SDK entry; unlisted extension or remote code never creates nodes (2.667958ms)
✔ user wait cancellation uses only framework harness; deadline and pending authority failure fence late callbacks (37.187291ms)
✔ pagehide disposes listener, real wait and upload state; unknown operations create no session (7.433ms)
✔ borrowed child frame keeps exact frame/document for registry, evaluation and fresh-instance cancellation (2.650042ms)
✔ borrowed child navigation/capture reject explicitly with zero native effects; wrong-frame result and replaced child are fenced (1.238708ms)
✔ native Controller transparently reads large HTML with exact document authority (11.107291ms)
✔ native HTML stream honors site access revoked between automatic chunks (1.479834ms)
✔ actual worker entry exposes the admitted constructor and readonly revision without private lifecycle (64.615375ms)
✔ worker constructor option rejection dispatches nothing and existing page stays usable (36.834041ms)
✔ actual Worker type errors retain the original codes and never reach its transferred port (35.3945ms)
✔ constructed worker pages keep independent admitted owners and a trusted navigation handoff (104.012ms)
✔ duplicate execute cannot recreate a constructor owner or settle the script twice (34.845167ms)
✔ public constructor retains the disposed private context fence (1.187458ms)
✔ modern Locator construction is immutable, scoped, and does not issue RPC (9.166084ms)
✔ shared role, accessible name, observation and verified locator (2.95975ms)
✔ admitted driver stages replace existing value, re-resolve repaint, click once and return observed result (47.539666ms)
✔ duplicate semantic match fails strictly; no click effects (0.922459ms)
✔ authority revoked after read-only prepare stops before single commit (0.712083ms)
✔ precise document replacement fences existing Locator (0.928625ms)
✔ native input labels, explicit roles, aria-label and aria-labelledby share semantic rules (3.183583ms)
✔ disabled click never commits and does not submit during timeout (100.397667ms)
✔ lost commit callback retains one page effect and an uncertainty receipt; never replays click (101.728875ms)
✔ semantic exact text is case-sensitive; partial text normalizes spaces (0.262458ms)
✔ locator timeout covers stalled prepare RPC, leaves run usable and commits nothing (81.566833ms)
✔ observation verifies a scoped locator with duplicate names and never exposes form values (1.707708ms)
✔ observation limits traversal even when most elements have no semantic role (9.788791ms)
✔ ARIA readonly, disabled, pointer-events and animation prevent a commit (326.819416ms)
✔ subpixel movement across frame checks prevents a locator commit (82.322084ms)
✔ completed read-only requests re-evaluate DOM; duplicate native commit has one effect (10.387583ms)
✔ R13 attribute selectors, scoped indexes and strictness (3.817042ms)
✔ R13 instant reads do not add page effects (2.683667ms)
✔ R13 checkbox and selectOption actions share single-commit stage (7.248958ms)
✔ R13 lost checkbox commit callback never toggles twice (110.123292ms)
✔ R13 indexed locator cannot cross document replacement (0.988208ms)
ℹ tests 57
ℹ suites 0
ℹ pass 57
ℹ fail 0
ℹ cancelled 0
ℹ skipped 0
ℹ todo 0
ℹ duration_ms 1010.705916
