
DevTools listening on ws://127.0.0.1:56094/devtools/browser/ece34d66-93d5-4bae-88ca-3a4dcdde6716
[23979:53787169:1009/002719.155737:ERROR:google_apis/gcm/engine/registration_request.cc:291] Registration response error message: PHONE_REGISTRATION_ERROR
[23979:53787169:1009/002719.156308:ERROR:google_apis/gcm/engine/registration_request.cc:291] Registration response error message: PHONE_REGISTRATION_ERROR
[23979:53787169:1009/002719.156595:ERROR:google_apis/gcm/engine/registration_request.cc:291] Registration response error message: PHONE_REGISTRATION_ERROR
[23979:53787169:1009/002747.472370:ERROR:google_apis/gcm/engine/registration_request.cc:291] Registration response error message: DEPRECATED_ENDPOINT
[23979:53787169:1009/002835.454755:ERROR:google_apis/gcm/engine/registration_request.cc:291] Registration response error message: DEPRECATED_ENDPOINT
2026-10-09 00:30:33.345 Google Chrome for Testing[23979:53786707] error messaging the mach port for IMKCFRunLoopWakeUpReliable
[23979:53787169:1009/003034.982485:ERROR:google_apis/gcm/engine/registration_request.cc:291] Registration response error message: DEPRECATED_ENDPOINT
[23979:53787169:1009/003039.451731:ERROR:google_apis/gcm/engine/connection_factory_impl.cc:474] ConnectionHandler failed with net error: -2
[23979:53787169:1009/003336.073918:ERROR:google_apis/gcm/engine/registration_request.cc:291] Registration response error message: DEPRECATED_ENDPOINT
[23979:53787169:1009/003400.035136:ERROR:google_apis/gcm/engine/connection_factory_impl.cc:474] ConnectionHandler failed with net error: -2
[23979:53787169:1009/003720.535582:ERROR:google_apis/gcm/engine/connection_factory_impl.cc:474] ConnectionHandler failed with net error: -2
[23979:53787169:1009/004041.097333:ERROR:google_apis/gcm/engine/connection_factory_impl.cc:474] ConnectionHandler failed with net error: -2
[23979:53787169:1009/004106.460061:ERROR:google_apis/gcm/engine/registration_request.cc:291] Registration response error message: DEPRECATED_ENDPOINT
[23979:53787169:1009/004401.666007:ERROR:google_apis/gcm/engine/connection_factory_impl.cc:474] ConnectionHandler failed with net error: -2
[23979:53787169:1009/004722.305251:ERROR:google_apis/gcm/engine/connection_factory_impl.cc:474] ConnectionHandler failed with net error: -2
[23979:53787169:1009/005043.280812:ERROR:google_apis/gcm/engine/connection_factory_impl.cc:474] ConnectionHandler failed with net error: -2
[23979:53787169:1009/005404.063711:ERROR:google_apis/gcm/engine/connection_factory_impl.cc:474] ConnectionHandler failed with net error: -2
[23979:53787169:1009/005724.779061:ERROR:google_apis/gcm/engine/connection_factory_impl.cc:474] ConnectionHandler failed with net error: -2
[23979:53787169:1009/010045.351853:ERROR:google_apis/gcm/engine/connection_factory_impl.cc:474] ConnectionHandler failed with net error: -2
[23979:53787169:1009/010405.977404:ERROR:google_apis/gcm/engine/connection_factory_impl.cc:474] ConnectionHandler failed with net error: -2
[23979:53787169:1009/010726.970851:ERROR:google_apis/gcm/engine/connection_factory_impl.cc:474] ConnectionHandler failed with net error: -2
[23979:53787169:1009/011047.686920:ERROR:google_apis/gcm/engine/connection_factory_impl.cc:474] ConnectionHandler failed with net error: -2
[23979:53787169:1009/011408.315750:ERROR:google_apis/gcm/engine/connection_factory_impl.cc:474] ConnectionHandler failed with net error: -2
[23979:53787169:1009/011729.459818:ERROR:google_apis/gcm/engine/connection_factory_impl.cc:474] ConnectionHandler failed with net error: -2
[23979:53787169:1009/012050.053677:ERROR:google_apis/gcm/engine/connection_factory_impl.cc:474] ConnectionHandler failed with net error: -2
[23979:53787169:1009/012410.623143:ERROR:google_apis/gcm/engine/connection_factory_impl.cc:474] ConnectionHandler failed with net error: -2
[23979:53787169:1009/012731.452713:ERROR:google_apis/gcm/engine/connection_factory_impl.cc:474] ConnectionHandler failed with net error: -2
[23979:53787169:1009/013052.006163:ERROR:google_apis/gcm/engine/connection_factory_impl.cc:474] ConnectionHandler failed with net error: -2
[23979:53787169:1009/013413.538827:ERROR:google_apis/gcm/engine/connection_factory_impl.cc:474] ConnectionHandler failed with net error: -2
[23979:53787169:1009/013734.134895:ERROR:google_apis/gcm/engine/connection_factory_impl.cc:474] ConnectionHandler failed with net error: -2
[23979:53787169:1009/014054.693368:ERROR:google_apis/gcm/engine/connection_factory_impl.cc:474] ConnectionHandler failed with net error: -2
[23979:53787169:1009/014415.275635:ERROR:google_apis/gcm/engine/connection_factory_impl.cc:474] ConnectionHandler failed with net error: -2
[23979:53787169:1009/014735.900131:ERROR:google_apis/gcm/engine/connection_factory_impl.cc:474] ConnectionHandler failed with net error: -2
[23979:53787169:1009/015056.426618:ERROR:google_apis/gcm/engine/connection_factory_impl.cc:474] ConnectionHandler failed with net error: -2
[23979:53787169:1009/015416.966164:ERROR:google_apis/gcm/engine/connection_factory_impl.cc:474] ConnectionHandler failed with net error: -2
