✖ editing POST JSON retires the old SDK response before a new send (7.494334ms)
ℹ tests 1
ℹ suites 0
ℹ pass 0
ℹ fail 1
ℹ cancelled 0
ℹ skipped 0
ℹ todo 0
ℹ duration_ms 102.058042

✖ failing tests:

test at ../../../Users/shopme/Documents/workspace/opendesk-browser-r72-resume/tests/environment/basic-browser-page.test.mjs:286:1
✖ editing POST JSON retires the old SDK response before a new send (7.494334ms)
  AssertionError [ERR_ASSERTION]: Expected values to be strictly equal:
  
  'loading' !== 'idle'
  
      at TestContext.<anonymous> (file:///Users/shopme/Documents/workspace/opendesk-browser-r72-resume/tests/environment/basic-browser-page.test.mjs:299:10)
      at async Test.run (node:internal/test_runner/test:1389:7)
      at async startSubtestAfterBootstrap (node:internal/test_runner/harness:387:3) {
    generatedMessage: true,
    code: 'ERR_ASSERTION',
    actual: 'loading',
    expected: 'idle',
    operator: 'strictEqual',
    diff: 'simple'
  }
