✖ SDK complete HTTP errors close the run and replay the same error without another effect (40.536125ms)
✖ SDK HTTP failure facts survive a post-receipt permission fence without disclosing the body (2.442833ms)
✔ SDK errors without a complete trusted HTTP receipt remain unknown and cannot be replayed (5.637916ms)
ℹ tests 3
ℹ suites 0
ℹ pass 1
ℹ fail 2
ℹ cancelled 0
ℹ skipped 0
ℹ todo 0
ℹ duration_ms 158.640875

✖ failing tests:

test at tests/framework/k2-sdk-broker.test.mjs:66:1
✖ SDK complete HTTP errors close the run and replay the same error without another effect (40.536125ms)
  AssertionError [ERR_ASSERTION]: Expected values to be strictly equal:
  + actual - expected
  
  + 'effect_unknown'
  - 'durable'
  
      at TestContext.<anonymous> (file:///Users/shopme/Documents/workspace/opendesk-browser-r72-resume/tests/framework/k2-sdk-broker.test.mjs:85:12)
      at async Test.run (node:internal/test_runner/test:1389:7)
      at async startSubtestAfterBootstrap (node:internal/test_runner/harness:387:3) {
    generatedMessage: true,
    code: 'ERR_ASSERTION',
    actual: 'effect_unknown',
    expected: 'durable',
    operator: 'strictEqual',
    diff: 'simple'
  }

test at tests/framework/k2-sdk-broker.test.mjs:100:1
✖ SDK HTTP failure facts survive a post-receipt permission fence without disclosing the body (2.442833ms)
  AssertionError [ERR_ASSERTION]: Expected values to be strictly equal:
  + actual - expected
  
  + 'E_HTTP'
  - 'E_PERMISSION'
       ^
  
      at Object.<anonymous> (file:///Users/shopme/Documents/workspace/opendesk-browser-r72-resume/tests/framework/k2-sdk-broker.test.mjs:110:12)
      at expectedException (node:assert:547:17)
      at expectsError (node:assert:672:21)
      at strict.rejects (node:assert:738:3)
      at async TestContext.<anonymous> (file:///Users/shopme/Documents/workspace/opendesk-browser-r72-resume/tests/framework/k2-sdk-broker.test.mjs:109:3)
      at async Test.run (node:internal/test_runner/test:1389:7)
      at async Test.processPendingSubtests (node:internal/test_runner/test:960:7) {
    generatedMessage: true,
    code: 'ERR_ASSERTION',
    actual: 'E_HTTP',
    expected: 'E_PERMISSION',
    operator: 'strictEqual',
    diff: 'simple'
  }
