2026-10-08T19:19:15.8346780Z Current runner version: '2.337.0'
2026-10-08T19:19:15.8392140Z ##[group]Runner Image Provisioner
2026-10-08T19:19:15.8395150Z Hosted Compute Agent
2026-10-08T19:19:15.8396700Z Version: 20260819.586
2026-10-08T19:19:15.8398030Z Commit: 3cc4a88dfa507ef76119ad1bb3eccc6378bb2b76
2026-10-08T19:19:15.8400040Z Build Date: 2026-08-18T23:20:18Z
2026-10-08T19:19:15.8402250Z Worker ID: {30ef1f6e-63a8-46e5-bf69-758238f14327}
2026-10-08T19:19:15.8404610Z Azure Region: westus
2026-10-08T19:19:15.8406430Z ##[endgroup]
2026-10-08T19:19:15.8411820Z ##[group]Operating System
2026-10-08T19:19:15.8413820Z macOS
2026-10-08T19:19:15.8415360Z 15.7.9
2026-10-08T19:19:15.8417320Z 24G830
2026-10-08T19:19:15.8420290Z ##[endgroup]
2026-10-08T19:19:15.8421850Z ##[group]Runner Image
2026-10-08T19:19:15.8423370Z Image: macos-15
2026-10-08T19:19:15.8424750Z Version: 20260824.0482.1
2026-10-08T19:19:15.8429380Z Included Software: https://github.com/actions/runner-images/blob/macos-15/20260824.0482/images/macos/macos-15-Readme.md
2026-10-08T19:19:15.8436180Z Image Release: https://github.com/actions/runner-images/releases/tag/macos-15%2F20260824.0482
2026-10-08T19:19:15.8439360Z ##[endgroup]
2026-10-08T19:19:15.8443440Z ##[group]GITHUB_TOKEN Permissions
2026-10-08T19:19:15.8449570Z Contents: read
2026-10-08T19:19:15.8451020Z Metadata: read
2026-10-08T19:19:15.8452470Z ##[endgroup]
2026-10-08T19:19:15.8457020Z Secret source: Actions
2026-10-08T19:19:15.8459870Z Cache mode: write
2026-10-08T19:19:15.8462630Z Prepare workflow directory
2026-10-08T19:19:15.9217100Z Prepare all required actions
2026-10-08T19:19:15.9313400Z Getting action download info
2026-10-08T19:19:16.1768040Z Download action repository 'actions/checkout@v4' (SHA:11d5960a326750d5838078e36cf38b85af677262)
2026-10-08T19:19:16.5325090Z Download action repository 'actions/setup-node@v4' (SHA:49933ea5288caeca8642d1e84afbd3f7d6820020)
2026-10-08T19:19:16.8686540Z Download action repository 'browser-actions/setup-chrome@v2' (SHA:48ad923757ca74d66703209fe939badbdf80f2f4)
2026-10-08T19:19:17.8671280Z Complete job name: macos-native-host-ipc (macos-15-intel)
2026-10-08T19:19:17.9972030Z ##[group]Run actions/checkout@v4
2026-10-08T19:19:17.9973940Z with:
2026-10-08T19:19:17.9974960Z   repository: shopable-ai/opendesk-browser
2026-10-08T19:19:17.9983740Z   token: ***
2026-10-08T19:19:17.9984650Z   ssh-strict: true
2026-10-08T19:19:17.9985580Z   ssh-user: git
2026-10-08T19:19:17.9986590Z   persist-credentials: true
2026-10-08T19:19:17.9987630Z   clean: true
2026-10-08T19:19:17.9988570Z   sparse-checkout-cone-mode: true
2026-10-08T19:19:17.9989670Z   fetch-depth: 1
2026-10-08T19:19:17.9990570Z   fetch-tags: false
2026-10-08T19:19:17.9991510Z   show-progress: true
2026-10-08T19:19:17.9992560Z   lfs: false
2026-10-08T19:19:17.9993460Z   submodules: false
2026-10-08T19:19:17.9994420Z   set-safe-directory: true
2026-10-08T19:19:17.9995480Z   allow-unsafe-pr-checkout: false
2026-10-08T19:19:17.9997320Z ##[endgroup]
2026-10-08T19:19:18.5755360Z Syncing repository: shopable-ai/opendesk-browser
2026-10-08T19:19:18.5759020Z ##[group]Getting Git version info
2026-10-08T19:19:18.5760840Z Working directory is '/Users/runner/work/opendesk-browser/opendesk-browser'
2026-10-08T19:19:18.5763190Z [command]/usr/local/bin/git version
2026-10-08T19:19:18.6199210Z git version 2.55.0
2026-10-08T19:19:18.6240660Z ##[endgroup]
2026-10-08T19:19:18.6260330Z Copying '/Users/runner/.gitconfig' to '/Users/runner/work/_temp/78e2091c-64e7-480e-8820-c1f97280ea47/.gitconfig'
2026-10-08T19:19:18.6283220Z Temporarily overriding HOME='/Users/runner/work/_temp/78e2091c-64e7-480e-8820-c1f97280ea47' before making global git config changes
2026-10-08T19:19:18.6287740Z Adding repository directory to the temporary git global config as a safe directory
2026-10-08T19:19:18.6293740Z [command]/usr/local/bin/git config --global --add safe.directory /Users/runner/work/opendesk-browser/opendesk-browser
2026-10-08T19:19:18.6481000Z Deleting the contents of '/Users/runner/work/opendesk-browser/opendesk-browser'
2026-10-08T19:19:18.6492770Z ##[group]Initializing the repository
2026-10-08T19:19:18.6502680Z [command]/usr/local/bin/git init /Users/runner/work/opendesk-browser/opendesk-browser
2026-10-08T19:19:18.6998850Z hint: Using 'master' as the name for the initial branch. This default branch name
2026-10-08T19:19:18.7002860Z hint: will change to "main" in Git 3.0. To configure the initial branch name
2026-10-08T19:19:18.7005540Z hint: to use in all of your new repositories, which will suppress this warning,
2026-10-08T19:19:18.7007590Z hint: call:
2026-10-08T19:19:18.7008520Z hint:
2026-10-08T19:19:18.7009720Z hint: 	git config --global init.defaultBranch <name>
2026-10-08T19:19:18.7011540Z hint:
2026-10-08T19:19:18.7013090Z hint: Names commonly chosen instead of 'master' are 'main', 'trunk' and
2026-10-08T19:19:18.7015520Z hint: 'development'. The just-created branch can be renamed via this command:
2026-10-08T19:19:18.7017710Z hint:
2026-10-08T19:19:18.7019080Z hint: 	git branch -m <name>
2026-10-08T19:19:18.7020600Z hint:
2026-10-08T19:19:18.7022280Z hint: Disable this message with "git config set advice.defaultBranchName false"
2026-10-08T19:19:18.7025660Z Initialized empty Git repository in /Users/runner/work/opendesk-browser/opendesk-browser/.git/
2026-10-08T19:19:18.7030930Z [command]/usr/local/bin/git remote add origin https://github.com/shopable-ai/opendesk-browser
2026-10-08T19:19:18.7210420Z ##[endgroup]
2026-10-08T19:19:18.7212150Z ##[group]Disabling automatic garbage collection
2026-10-08T19:19:18.7217510Z [command]/usr/local/bin/git config --local gc.auto 0
2026-10-08T19:19:18.7374130Z ##[endgroup]
2026-10-08T19:19:18.7376440Z ##[group]Setting up auth
2026-10-08T19:19:18.7385520Z [command]/usr/local/bin/git config --local --name-only --get-regexp core\.sshCommand
2026-10-08T19:19:18.7550390Z [command]/usr/local/bin/git submodule foreach --recursive sh -c "git config --local --name-only --get-regexp 'core\.sshCommand' && git config --local --unset-all 'core.sshCommand' || :"
2026-10-08T19:19:18.9470850Z [command]/usr/local/bin/git config --local --name-only --get-regexp http\.https\:\/\/github\.com\/\.extraheader
2026-10-08T19:19:18.9644530Z [command]/usr/local/bin/git submodule foreach --recursive sh -c "git config --local --name-only --get-regexp 'http\.https\:\/\/github\.com\/\.extraheader' && git config --local --unset-all 'http.https://github.com/.extraheader' || :"
2026-10-08T19:19:19.1820470Z [command]/usr/local/bin/git config --local --name-only --get-regexp ^includeIf\.gitdir:
2026-10-08T19:19:19.1984090Z [command]/usr/local/bin/git submodule foreach --recursive git config --local --show-origin --name-only --get-regexp remote.origin.url
2026-10-08T19:19:19.4634050Z [command]/usr/local/bin/git config --local http.https://github.com/.extraheader AUTHORIZATION: basic ***
2026-10-08T19:19:19.4642380Z ##[endgroup]
2026-10-08T19:19:19.4645030Z ##[group]Fetching the repository
2026-10-08T19:19:19.4660770Z [command]/usr/local/bin/git -c protocol.version=2 fetch --no-tags --prune --no-recurse-submodules --depth=1 origin +6a47e505563ff7629e2e356a1b5bda7ce47e44bb:refs/remotes/pull/29/merge
2026-10-08T19:19:26.8174900Z From https://github.com/shopable-ai/opendesk-browser
2026-10-08T19:19:26.8180030Z  * [new ref]         6a47e505563ff7629e2e356a1b5bda7ce47e44bb -> pull/29/merge
2026-10-08T19:19:26.8186930Z ##[endgroup]
2026-10-08T19:19:26.8189990Z ##[group]Determining the checkout info
2026-10-08T19:19:26.8193380Z ##[endgroup]
2026-10-08T19:19:26.8203150Z [command]/usr/local/bin/git sparse-checkout disable
2026-10-08T19:19:26.8396960Z [command]/usr/local/bin/git config --local --unset-all extensions.worktreeConfig
2026-10-08T19:19:26.8673910Z ##[group]Checking out the ref
2026-10-08T19:19:26.8679310Z [command]/usr/local/bin/git checkout --progress --force refs/remotes/pull/29/merge
2026-10-08T19:19:28.2979720Z Updating files:   4% (580/13237)
2026-10-08T19:19:28.8248380Z Updating files:   5% (662/13237)
2026-10-08T19:19:29.1748500Z Updating files:   6% (795/13237)
2026-10-08T19:19:30.5359210Z Updating files:   6% (807/13237)
2026-10-08T19:19:30.7893550Z Updating files:   6% (863/13237)
2026-10-08T19:19:30.9214180Z Updating files:   7% (927/13237)
2026-10-08T19:19:31.1677250Z Updating files:   7% (971/13237)
2026-10-08T19:19:31.3790320Z Updating files:   8% (1059/13237)
2026-10-08T19:19:31.8973110Z Updating files:   9% (1192/13237)
2026-10-08T19:19:31.9657640Z Updating files:  10% (1324/13237)
2026-10-08T19:19:32.0437480Z Updating files:  10% (1367/13237)
2026-10-08T19:19:32.2324610Z Updating files:  11% (1457/13237)
2026-10-08T19:19:33.0135350Z Updating files:  12% (1589/13237)
2026-10-08T19:19:33.3715550Z Updating files:  12% (1693/13237)
2026-10-08T19:19:33.6610100Z Updating files:  13% (1721/13237)
2026-10-08T19:19:33.7695850Z Updating files:  14% (1854/13237)
2026-10-08T19:19:33.9404580Z Updating files:  15% (1986/13237)
2026-10-08T19:19:34.2418460Z Updating files:  15% (2009/13237)
2026-10-08T19:19:34.3264210Z Updating files:  16% (2118/13237)
2026-10-08T19:19:34.4766790Z Updating files:  17% (2251/13237)
2026-10-08T19:19:34.5441870Z Updating files:  18% (2383/13237)
2026-10-08T19:19:34.7387590Z Updating files:  19% (2516/13237)
2026-10-08T19:19:34.9146760Z Updating files:  20% (2648/13237)
2026-10-08T19:19:35.4961670Z Updating files:  20% (2673/13237)
2026-10-08T19:19:35.5966340Z Updating files:  21% (2780/13237)
2026-10-08T19:19:35.8991740Z Updating files:  22% (2913/13237)
2026-10-08T19:19:36.0048510Z Updating files:  23% (3045/13237)
2026-10-08T19:19:36.3034570Z Updating files:  23% (3124/13237)
2026-10-08T19:19:36.5435250Z Updating files:  24% (3177/13237)
2026-10-08T19:19:36.9539150Z Updating files:  25% (3310/13237)
2026-10-08T19:19:36.9653450Z Updating files:  25% (3429/13237)
2026-10-08T19:19:37.1168540Z Updating files:  26% (3442/13237)
2026-10-08T19:19:37.2391030Z Updating files:  27% (3574/13237)
2026-10-08T19:19:37.7636530Z Updating files:  28% (3707/13237)
2026-10-08T19:19:37.8985500Z Updating files:  29% (3839/13237)
2026-10-08T19:19:37.9988730Z Updating files:  30% (3972/13237)
2026-10-08T19:19:38.0825180Z Updating files:  30% (3984/13237)
2026-10-08T19:19:38.2971740Z Updating files:  31% (4104/13237)
2026-10-08T19:19:38.4104550Z Updating files:  32% (4236/13237)
2026-10-08T19:19:38.6262470Z Updating files:  33% (4369/13237)
2026-10-08T19:19:38.6985740Z Updating files:  34% (4501/13237)
2026-10-08T19:19:38.7797460Z Updating files:  35% (4633/13237)
2026-10-08T19:19:38.9187780Z Updating files:  36% (4766/13237)
2026-10-08T19:19:38.9296700Z Updating files:  36% (4886/13237)
2026-10-08T19:19:39.0020060Z Updating files:  37% (4898/13237)
2026-10-08T19:19:39.1024870Z Updating files:  38% (5031/13237)
2026-10-08T19:19:39.2826080Z Updating files:  39% (5163/13237)
2026-10-08T19:19:39.7063740Z Updating files:  40% (5295/13237)
2026-10-08T19:19:39.8071020Z Updating files:  41% (5428/13237)
2026-10-08T19:19:40.0470200Z Updating files:  42% (5560/13237)
2026-10-08T19:19:40.0608240Z Updating files:  42% (5663/13237)
2026-10-08T19:19:40.2041910Z Updating files:  43% (5692/13237)
2026-10-08T19:19:40.2286240Z Updating files:  44% (5825/13237)
2026-10-08T19:19:40.6495040Z Updating files:  45% (5957/13237)
2026-10-08T19:19:40.9390410Z Updating files:  46% (6090/13237)
2026-10-08T19:19:41.0026630Z Updating files:  46% (6201/13237)
2026-10-08T19:19:41.0404420Z Updating files:  47% (6222/13237)
2026-10-08T19:19:41.2701540Z Updating files:  48% (6354/13237)
2026-10-08T19:19:41.3613370Z Updating files:  49% (6487/13237)
2026-10-08T19:19:41.4287450Z Updating files:  50% (6619/13237)
2026-10-08T19:19:41.4864880Z Updating files:  51% (6751/13237)
2026-10-08T19:19:41.5653370Z Updating files:  52% (6884/13237)
2026-10-08T19:19:41.6296170Z Updating files:  53% (7016/13237)
2026-10-08T19:19:41.6902660Z Updating files:  54% (7148/13237)
2026-10-08T19:19:41.7761910Z Updating files:  55% (7281/13237)
2026-10-08T19:19:41.8493950Z Updating files:  56% (7413/13237)
2026-10-08T19:19:41.9129020Z Updating files:  57% (7546/13237)
2026-10-08T19:19:41.9198710Z Updating files:  58% (7678/13237)
2026-10-08T19:19:42.2597430Z Updating files:  58% (7680/13237)
2026-10-08T19:19:42.3445430Z Updating files:  59% (7810/13237)
2026-10-08T19:19:42.3982200Z Updating files:  60% (7943/13237)
2026-10-08T19:19:42.4641490Z Updating files:  61% (8075/13237)
2026-10-08T19:19:42.5468580Z Updating files:  62% (8207/13237)
2026-10-08T19:19:42.6115090Z Updating files:  63% (8340/13237)
2026-10-08T19:19:42.6776310Z Updating files:  64% (8472/13237)
2026-10-08T19:19:42.7706730Z Updating files:  65% (8605/13237)
2026-10-08T19:19:43.0558260Z Updating files:  66% (8737/13237)
2026-10-08T19:19:43.3714820Z Updating files:  66% (8810/13237)
2026-10-08T19:19:43.7822860Z Updating files:  67% (8869/13237)
2026-10-08T19:19:44.0745820Z Updating files:  68% (9002/13237)
2026-10-08T19:19:44.2990750Z Updating files:  68% (9075/13237)
2026-10-08T19:19:44.4392710Z Updating files:  69% (9134/13237)
2026-10-08T19:19:44.5250640Z Updating files:  70% (9266/13237)
2026-10-08T19:19:44.5992620Z Updating files:  71% (9399/13237)
2026-10-08T19:19:44.6927990Z Updating files:  72% (9531/13237)
2026-10-08T19:19:44.7559270Z Updating files:  73% (9664/13237)
2026-10-08T19:19:44.8090290Z Updating files:  74% (9796/13237)
2026-10-08T19:19:44.8866910Z Updating files:  75% (9928/13237)
2026-10-08T19:19:44.9153590Z Updating files:  76% (10061/13237)
2026-10-08T19:19:45.0393120Z Updating files:  76% (10121/13237)
2026-10-08T19:19:45.1116160Z Updating files:  77% (10193/13237)
2026-10-08T19:19:45.2424780Z Updating files:  78% (10325/13237)
2026-10-08T19:19:45.3049510Z Updating files:  79% (10458/13237)
2026-10-08T19:19:45.3618130Z Updating files:  80% (10590/13237)
2026-10-08T19:19:45.4331170Z Updating files:  81% (10722/13237)
2026-10-08T19:19:45.4954000Z Updating files:  82% (10855/13237)
2026-10-08T19:19:45.5516420Z Updating files:  83% (10987/13237)
2026-10-08T19:19:45.6021400Z Updating files:  84% (11120/13237)
2026-10-08T19:19:45.6723380Z Updating files:  85% (11252/13237)
2026-10-08T19:19:45.7282860Z Updating files:  86% (11384/13237)
2026-10-08T19:19:45.8621990Z Updating files:  87% (11517/13237)
2026-10-08T19:19:45.9531210Z Updating files:  88% (11649/13237)
2026-10-08T19:19:46.0774690Z Updating files:  88% (11655/13237)
2026-10-08T19:19:46.1807960Z Updating files:  89% (11781/13237)
2026-10-08T19:19:46.2525580Z Updating files:  90% (11914/13237)
2026-10-08T19:19:46.3153510Z Updating files:  91% (12046/13237)
2026-10-08T19:19:46.3792050Z Updating files:  92% (12179/13237)
2026-10-08T19:19:46.4828150Z Updating files:  93% (12311/13237)
2026-10-08T19:19:46.7128050Z Updating files:  94% (12443/13237)
2026-10-08T19:19:46.9466730Z Updating files:  95% (12576/13237)
2026-10-08T19:19:47.0556440Z Updating files:  95% (12589/13237)
2026-10-08T19:19:47.2351560Z Updating files:  96% (12708/13237)
2026-10-08T19:19:47.4341010Z Updating files:  97% (12840/13237)
2026-10-08T19:19:47.6804650Z Updating files:  98% (12973/13237)
2026-10-08T19:19:47.8373120Z Updating files:  99% (13105/13237)
2026-10-08T19:19:47.8375240Z Updating files: 100% (13237/13237)
2026-10-08T19:19:47.8377280Z Updating files: 100% (13237/13237), done.
2026-10-08T19:19:47.8887750Z HEAD is now at 6a47e50 Merge 6fa0ed859661ade021a11486f5ab9e80c921cf16 into bd7c8d1b41197673ad0d5ab0abe53231393a368d
2026-10-08T19:19:47.9030080Z ##[endgroup]
2026-10-08T19:19:47.9250430Z [command]/usr/local/bin/git log -1 --format=%H
2026-10-08T19:19:47.9456560Z 6a47e505563ff7629e2e356a1b5bda7ce47e44bb
2026-10-08T19:19:48.0446740Z ##[group]Run actions/setup-node@v4
2026-10-08T19:19:48.0447410Z with:
2026-10-08T19:19:48.0447950Z   node-version: 22
2026-10-08T19:19:48.0448440Z   always-auth: false
2026-10-08T19:19:48.0451180Z   check-latest: false
2026-10-08T19:19:48.0458150Z   token: ***
2026-10-08T19:19:48.0459100Z ##[endgroup]
2026-10-08T19:19:48.6234980Z (node:8130) [DEP0040] DeprecationWarning: The `punycode` module is deprecated. Please use a userland alternative instead.
2026-10-08T19:19:48.6255370Z (Use `node --trace-deprecation ...` to show where the warning was created)
2026-10-08T19:19:48.6328900Z Found in cache @ /Users/runner/hostedtoolcache/node/22.23.2/x64
2026-10-08T19:19:48.6333140Z ##[group]Environment details
2026-10-08T19:19:49.6307970Z node: v22.23.2
2026-10-08T19:19:49.6366710Z npm: 10.9.8
2026-10-08T19:19:49.6371530Z yarn: 1.22.22
2026-10-08T19:19:49.6386350Z ##[endgroup]
2026-10-08T19:19:49.6719210Z ##[group]Run node --test tests/environment/native-agent-macos-install.test.mjs
2026-10-08T19:19:49.6721490Z [36;1mnode --test tests/environment/native-agent-macos-install.test.mjs[0m
2026-10-08T19:19:49.6856660Z shell: /bin/bash -e {0}
2026-10-08T19:19:49.6859460Z ##[endgroup]
2026-10-08T19:19:49.8701390Z TAP version 13
2026-10-08T19:19:51.3797650Z # Subtest: macOS isolated Native Host install, private socket, real wrapper and authenticated CLI IPC
2026-10-08T19:19:51.3809720Z ok 1 - macOS isolated Native Host install, private socket, real wrapper and authenticated CLI IPC
2026-10-08T19:19:51.3812550Z   ---
2026-10-08T19:19:51.3814480Z   duration_ms: 1023.85052
2026-10-08T19:19:51.3816030Z   type: 'test'
2026-10-08T19:19:51.3816650Z   ...
2026-10-08T19:19:51.9469640Z # Subtest: macOS Chrome for Testing uses its own manifest and cannot replace Google Chrome registration
2026-10-08T19:19:51.9475640Z ok 2 - macOS Chrome for Testing uses its own manifest and cannot replace Google Chrome registration
2026-10-08T19:19:51.9478420Z   ---
2026-10-08T19:19:51.9479430Z   duration_ms: 642.1254
2026-10-08T19:19:51.9481450Z   type: 'test'
2026-10-08T19:19:51.9482320Z   ...
2026-10-08T19:19:52.2293010Z # Subtest: macOS Chrome for Testing manifest is isolated from regular Chrome and launches the real native host
2026-10-08T19:19:52.2326760Z ok 3 - macOS Chrome for Testing manifest is isolated from regular Chrome and launches the real native host
2026-10-08T19:19:52.2334400Z   ---
2026-10-08T19:19:52.2379080Z   duration_ms: 561.615852
2026-10-08T19:19:52.2529510Z   type: 'test'
2026-10-08T19:19:52.2537610Z   ...
2026-10-08T19:19:52.2555950Z 1..3
2026-10-08T19:19:52.2563430Z # tests 3
2026-10-08T19:19:52.2575560Z # suites 0
2026-10-08T19:19:52.2622830Z # pass 3
2026-10-08T19:19:52.2629000Z # fail 0
2026-10-08T19:19:52.2631600Z # cancelled 0
2026-10-08T19:19:52.2640600Z # skipped 0
2026-10-08T19:19:52.2643290Z # todo 0
2026-10-08T19:19:52.2645830Z # duration_ms 2412.163447
2026-10-08T19:19:52.2894690Z ##[group]Run browser-actions/setup-chrome@v2
2026-10-08T19:19:52.2896030Z with:
2026-10-08T19:19:52.2896840Z   chrome-version: stable
2026-10-08T19:19:52.2898060Z   install-dependencies: false
2026-10-08T19:19:52.2899120Z   install-chromedriver: false
2026-10-08T19:19:52.2900140Z   no-sudo: false
2026-10-08T19:19:52.2901560Z ##[endgroup]
2026-10-08T19:19:52.4972550Z Setup chrome stable
2026-10-08T19:19:52.5028070Z Attempting to download chrome stable...
2026-10-08T19:19:52.6101910Z Acquiring chrome stable from https://storage.googleapis.com/chrome-for-testing-public/155.0.8059.39/mac-x64/chrome-mac-x64.zip
2026-10-08T19:19:59.1916320Z Installing chrome...
2026-10-08T19:19:59.1996990Z [command]/usr/bin/unzip -o -q /Users/runner/work/_temp/b769bbc9-de7f-4d94-8525-edc159bf4e4c
2026-10-08T19:20:10.5704820Z Successfully Installed chrome to /Users/runner/hostedtoolcache/setup-chrome/chrome/stable/x64
2026-10-08T19:20:10.5723520Z [command]/Users/runner/hostedtoolcache/setup-chrome/chrome/stable/x64/Contents/MacOS/Google Chrome for Testing --version
2026-10-08T19:20:10.7355660Z Google Chrome for Testing 155.0.8059.39 
2026-10-08T19:20:10.7621600Z Successfully setup chrome 155.0.8059.39
2026-10-08T19:20:10.7864690Z ##[group]Run npm ci --ignore-scripts --no-audit --no-fund
2026-10-08T19:20:10.7866070Z [36;1mnpm ci --ignore-scripts --no-audit --no-fund[0m
2026-10-08T19:20:10.7866950Z [36;1mnpm run build[0m
2026-10-08T19:20:10.7868040Z [36;1mnode --test tests/environment/native-agent-chrome-real.test.mjs[0m
2026-10-08T19:20:10.7981570Z shell: /bin/bash -e {0}
2026-10-08T19:20:10.7982180Z env:
2026-10-08T19:20:10.7983770Z   CHROME_FOR_TESTING_BIN: /Users/runner/hostedtoolcache/setup-chrome/chrome/stable/x64/Contents/MacOS/Google Chrome for Testing
2026-10-08T19:20:10.7985560Z ##[endgroup]
2026-10-08T19:20:22.8097610Z 
2026-10-08T19:20:22.9526250Z added 240 packages in 12s
2026-10-08T19:20:23.5992070Z 
2026-10-08T19:20:23.6888050Z > opendesk-browser@0.1.0 build
2026-10-08T19:20:23.6927240Z > node scripts/build.mjs production
2026-10-08T19:20:23.6994260Z 
2026-10-08T19:20:25.0963890Z [log] 
2026-10-08T19:20:25.1394460Z WXT 0.21.4
2026-10-08T19:20:25.3315600Z [info] Generating types...
2026-10-08T19:20:25.7177460Z [success] Finished in 691 ms
2026-10-08T19:20:26.6514950Z [log] 
2026-10-08T19:20:26.6516110Z WXT 0.21.4
2026-10-08T19:20:26.8571130Z [info] Building chrome-mv3 for production with Vite 7.3.6
2026-10-08T19:20:27.1318550Z [?25l
2026-10-08T19:20:27.1424720Z ⠋ Preparing...[K
2026-10-08T19:20:27.2111500Z ⠋ [1/14] sw[K
2026-10-08T19:20:27.3592900Z ⠙ [1/14] sw[K
2026-10-08T19:20:27.4558540Z ⠹ [1/14] sw[K
2026-10-08T19:20:27.6757410Z ⠸ [1/14] sw[K
2026-10-08T19:20:27.8080120Z ⠼ [1/14] sw[K
2026-10-08T19:20:28.0004390Z ⠴ [1/14] sw[K
2026-10-08T19:20:28.1326610Z ⠦ [1/14] sw[K
2026-10-08T19:20:28.2172770Z ⠧ [1/14] sw[K
2026-10-08T19:20:29.3542100Z ⠇ [1/14] sw[K
2026-10-08T19:20:29.4350880Z ⠏ [1/14] sw[K
2026-10-08T19:20:29.5158080Z ⠋ [1/14] sw[K
2026-10-08T19:20:29.5966780Z ⠙ [1/14] sw[K
2026-10-08T19:20:29.6773380Z ⠹ [1/14] sw[K
2026-10-08T19:20:29.7587430Z ⠸ [1/14] sw[K
2026-10-08T19:20:29.8528240Z ⠼ [1/14] sw[K
2026-10-08T19:20:29.9531950Z ⠴ [1/14] sw[K
2026-10-08T19:20:30.0536660Z ⠦ [1/14] sw[K
2026-10-08T19:20:30.1539850Z ⠧ [1/14] sw[K
2026-10-08T19:20:30.2338440Z ⠇ [1/14] sw[K
2026-10-08T19:20:30.2720410Z ⠏ [1/14] sw[K
2026-10-08T19:20:30.3569310Z ⠋ [1/14] sw[K
2026-10-08T19:20:30.4344300Z ⠙ [1/14] sw[K
2026-10-08T19:20:30.5139630Z ⠹ [1/14] sw[K
2026-10-08T19:20:30.5944160Z ⠸ [1/14] sw[K
2026-10-08T19:20:30.6752570Z ⠼ [1/14] sw[K
2026-10-08T19:20:30.7565660Z ⠴ [1/14] sw[K
2026-10-08T19:20:30.8372840Z ⠦ [1/14] sw[K
2026-10-08T19:20:30.9177220Z ⠧ [1/14] sw[K
2026-10-08T19:20:31.0027550Z ⠇ [1/14] sw[K
2026-10-08T19:20:31.0839380Z ⠏ [1/14] sw[K
2026-10-08T19:20:31.1741630Z ⠋ [1/14] sw[K
2026-10-08T19:20:31.2746810Z ⠙ [1/14] sw[K
2026-10-08T19:20:31.4060910Z ⠹ [1/14] sw[K
2026-10-08T19:20:31.4796530Z ⠸ [1/14] sw[K
2026-10-08T19:20:31.5819090Z ⠼ [1/14] sw[K
2026-10-08T19:20:31.6956910Z ⠴ [1/14] sw[K
2026-10-08T19:20:31.7215920Z ⠦ [1/14] sw[K
2026-10-08T19:20:31.7521340Z ⠧ [1/14] sw[K
2026-10-08T19:20:31.8811800Z ⠇ [1/14] sw[K
2026-10-08T19:20:31.9157150Z ⠏ [1/14] sw[K
2026-10-08T19:20:32.0310770Z ⠋ [1/14] sw[K
2026-10-08T19:20:32.0981960Z ⠙ [1/14] sw[K
2026-10-08T19:20:32.1948680Z ⠹ [1/14] sw[K
2026-10-08T19:20:32.2831910Z ⠸ [1/14] sw[K
2026-10-08T19:20:32.3419080Z ⠼ [1/14] sw[K
2026-10-08T19:20:32.4380000Z ⠴ [1/14] sw[K
2026-10-08T19:20:32.5390320Z ⠦ [1/14] sw[K
2026-10-08T19:20:32.6414150Z ⠧ [1/14] sw[K
2026-10-08T19:20:32.7416030Z ⠇ [1/14] sw[K
2026-10-08T19:20:32.8075470Z ⠏ [1/14] sw[K
2026-10-08T19:20:32.8296500Z ⠋ [1/14] sw[K
2026-10-08T19:20:32.9299590Z ⠙ [1/14] sw[K
2026-10-08T19:20:32.9801660Z ⠹ [1/14] sw[K
2026-10-08T19:20:33.0582480Z ⠸ [1/14] sw[K
2026-10-08T19:20:33.1393510Z ⠼ [1/14] sw[K
2026-10-08T19:20:33.2397970Z ⠴ [1/14] sw[K
2026-10-08T19:20:33.3221540Z ⠦ [1/14] sw[K
2026-10-08T19:20:33.3838570Z ⠧ [1/14] sw[K
2026-10-08T19:20:33.4655670Z ⠇ [1/14] sw[K
2026-10-08T19:20:33.5452460Z ⠏ [1/14] sw[K
2026-10-08T19:20:33.6272960Z ⠋ [1/14] sw[K
2026-10-08T19:20:33.7081380Z ⠙ [1/14] sw[K
2026-10-08T19:20:33.8114670Z ⠹ [1/14] sw[K
2026-10-08T19:20:33.8924850Z ⠸ [1/14] sw[K
2026-10-08T19:20:33.9716640Z ⠼ [1/14] sw[K
2026-10-08T19:20:34.0522350Z ⠴ [1/14] sw[K
2026-10-08T19:20:34.1336080Z ⠦ [1/14] sw[K
2026-10-08T19:20:34.2590850Z ⠧ [1/14] sw[K
2026-10-08T19:20:34.3595300Z ⠇ [1/14] sw[K
2026-10-08T19:20:34.4596760Z ⠏ [1/14] sw[K
2026-10-08T19:20:34.4818640Z ⠋ [1/14] sw[K
2026-10-08T19:20:34.6225050Z ⠙ [1/14] sw[K
2026-10-08T19:20:34.6759040Z ⠹ [1/14] sw[K
2026-10-08T19:20:34.7296350Z ⠸ [1/14] sw[K
2026-10-08T19:20:34.8105350Z ⠼ [1/14] sw[K
2026-10-08T19:20:34.8913880Z ⠴ [1/14] sw[K
2026-10-08T19:20:34.9716990Z ⠦ [1/14] sw[K
2026-10-08T19:20:35.0522580Z ⠧ [1/14] sw[K
2026-10-08T19:20:35.1344780Z ⠇ [1/14] sw[K
2026-10-08T19:20:35.2425170Z ⠏ [1/14] sw[K
2026-10-08T19:20:35.3426490Z ⠋ [1/14] sw[K
2026-10-08T19:20:35.4434410Z ⠙ [1/14] sw[K
2026-10-08T19:20:35.4847910Z ⠹ [1/14] sw[K
2026-10-08T19:20:35.5612390Z ⠸ [1/14] sw[K
2026-10-08T19:20:35.6779790Z ⠼ [1/14] sw[K
2026-10-08T19:20:35.7100930Z ⠴ [1/14] sw[K
2026-10-08T19:20:35.7912860Z ⠦ [1/14] sw[K
2026-10-08T19:20:35.8814980Z ⠧ [1/14] sw[K
2026-10-08T19:20:35.9564170Z ⠇ [1/14] sw[K
2026-10-08T19:20:36.0378990Z ⠏ [1/14] sw[K
2026-10-08T19:20:36.1223630Z ⠋ [1/14] sw[K
2026-10-08T19:20:36.1974780Z ⠙ [1/14] sw[K
2026-10-08T19:20:36.2797840Z ⠹ [1/14] sw[K
2026-10-08T19:20:36.3786620Z ⠸ [1/14] sw[K
2026-10-08T19:20:36.4412630Z ⠼ [1/14] sw[K
2026-10-08T19:20:36.5212690Z ⠴ [1/14] sw[K
2026-10-08T19:20:36.6019380Z ⠦ [1/14] sw[K
2026-10-08T19:20:36.6870220Z ⠧ [1/14] sw[K
2026-10-08T19:20:36.7637570Z ⠇ [1/14] sw[K
2026-10-08T19:20:36.8472270Z ⠏ [1/14] sw[K
2026-10-08T19:20:36.9304140Z ⠋ [1/14] sw[K
2026-10-08T19:20:37.0170560Z ⠙ [1/14] sw[K
2026-10-08T19:20:37.1061950Z ⠹ [1/14] sw[K
2026-10-08T19:20:37.1784710Z ⠸ [1/14] sw[K
2026-10-08T19:20:37.2822320Z ⠼ [1/14] sw[K
2026-10-08T19:20:37.3372730Z ⠴ [1/14] sw[K
2026-10-08T19:20:37.4224140Z ⠦ [1/14] sw[K
2026-10-08T19:20:37.5223440Z ⠧ [1/14] sw[K
2026-10-08T19:20:37.5918600Z ⠇ [1/14] sw[K
2026-10-08T19:20:37.7148890Z ⠏ [1/14] sw[K
2026-10-08T19:20:37.7619070Z ⠋ [1/14] sw[K
2026-10-08T19:20:37.8354380Z ⠙ [1/14] sw[K
2026-10-08T19:20:37.9121720Z ⠹ [1/14] sw[K
2026-10-08T19:20:37.9906970Z ⠸ [1/14] sw[K
2026-10-08T19:20:38.0828440Z ⠼ [1/14] sw[K
2026-10-08T19:20:38.1550180Z ⠴ [1/14] sw[K
2026-10-08T19:20:38.2386200Z ⠦ [1/14] sw[K
2026-10-08T19:20:38.3177710Z ⠧ [1/14] sw[K
2026-10-08T19:20:38.4184470Z ⠇ [1/14] sw[K
2026-10-08T19:20:38.5188270Z ⠏ [1/14] sw[K
2026-10-08T19:20:38.6190760Z ⠋ [1/14] sw[K
2026-10-08T19:20:38.7193190Z ⠙ [1/14] sw[K
2026-10-08T19:20:38.7610330Z ⠹ [1/14] sw[K
2026-10-08T19:20:38.8072460Z ⠸ [1/14] sw[K
2026-10-08T19:20:38.8292740Z ⠼ [1/14] sw[K
2026-10-08T19:20:38.9138950Z ⠼ [2/14] bootstrap[K
2026-10-08T19:20:38.9762760Z ⠴ [2/14] bootstrap[K
2026-10-08T19:20:39.0594540Z ⠦ [2/14] bootstrap[K
2026-10-08T19:20:39.1387400Z ⠧ [2/14] bootstrap[K
2026-10-08T19:20:39.2309280Z ⠇ [2/14] bootstrap[K
2026-10-08T19:20:39.2628660Z ⠏ [2/14] bootstrap[K
2026-10-08T19:20:39.3013150Z ⠏ [3/14] bridge[K
2026-10-08T19:20:39.3835700Z ⠋ [3/14] bridge[K
2026-10-08T19:20:39.4641560Z ⠙ [3/14] bridge[K
2026-10-08T19:20:39.5470510Z ⠹ [3/14] bridge[K
2026-10-08T19:20:39.6308280Z ⠸ [3/14] bridge[K
2026-10-08T19:20:39.6486930Z ⠼ [3/14] bridge[K
2026-10-08T19:20:39.7120590Z ⠼ [4/14] health[K
2026-10-08T19:20:39.7927750Z ⠴ [4/14] health[K
2026-10-08T19:20:39.8830860Z ⠦ [4/14] health[K
2026-10-08T19:20:39.9509450Z ⠧ [4/14] health[K
2026-10-08T19:20:39.9601710Z ⠧ [5/14] page-agent[K
2026-10-08T19:20:40.0748250Z ⠇ [5/14] page-agent[K
2026-10-08T19:20:40.1751020Z ⠏ [5/14] page-agent[K
2026-10-08T19:20:40.2755010Z ⠋ [5/14] page-agent[K
2026-10-08T19:20:40.3757130Z ⠙ [5/14] page-agent[K
2026-10-08T19:20:40.4575630Z ⠹ [5/14] page-agent[K
2026-10-08T19:20:40.4814220Z ⠸ [5/14] page-agent[K
2026-10-08T19:20:40.5816470Z ⠼ [5/14] page-agent[K
2026-10-08T19:20:40.6438900Z ⠴ [5/14] page-agent[K
2026-10-08T19:20:40.7249550Z ⠦ [5/14] page-agent[K
2026-10-08T19:20:40.8066910Z ⠧ [5/14] page-agent[K
2026-10-08T19:20:40.8983270Z ⠇ [5/14] page-agent[K
2026-10-08T19:20:40.9662010Z ⠏ [5/14] page-agent[K
2026-10-08T19:20:40.9752550Z ⠏ [6/14] page-relay[K
2026-10-08T19:20:41.0851750Z ⠋ [6/14] page-relay[K
2026-10-08T19:20:41.1620540Z ⠙ [6/14] page-relay[K
2026-10-08T19:20:41.2486070Z ⠹ [6/14] page-relay[K
2026-10-08T19:20:41.3491160Z ⠸ [6/14] page-relay[K
2026-10-08T19:20:41.4409980Z ⠼ [6/14] page-relay[K
2026-10-08T19:20:41.4861380Z ⠴ [6/14] page-relay[K
2026-10-08T19:20:41.5705290Z ⠦ [6/14] page-relay[K
2026-10-08T19:20:41.6525830Z ⠧ [6/14] page-relay[K
2026-10-08T19:20:41.7368990Z ⠇ [6/14] page-relay[K
2026-10-08T19:20:41.8146810Z ⠏ [6/14] page-relay[K
2026-10-08T19:20:41.9063360Z ⠋ [6/14] page-relay[K
2026-10-08T19:20:41.9758820Z ⠙ [6/14] page-relay[K
2026-10-08T19:20:42.0591520Z ⠹ [6/14] page-relay[K
2026-10-08T19:20:42.1596930Z ⠸ [6/14] page-relay[K
2026-10-08T19:20:42.2600930Z ⠸ [7/14] page-session[K
2026-10-08T19:20:42.3134500Z ⠼ [7/14] page-session[K
2026-10-08T19:20:42.3945110Z ⠴ [7/14] page-session[K
2026-10-08T19:20:42.4747500Z ⠦ [7/14] page-session[K
2026-10-08T19:20:42.5561970Z ⠧ [7/14] page-session[K
2026-10-08T19:20:42.6380840Z ⠇ [7/14] page-session[K
2026-10-08T19:20:42.7197060Z ⠏ [7/14] page-session[K
2026-10-08T19:20:42.8228630Z ⠋ [7/14] page-session[K
2026-10-08T19:20:42.9043080Z ⠙ [7/14] page-session[K
2026-10-08T19:20:42.9875740Z ⠹ [7/14] page-session[K
2026-10-08T19:20:43.0879340Z ⠸ [7/14] page-session[K
2026-10-08T19:20:43.1880680Z ⠼ [7/14] page-session[K
2026-10-08T19:20:43.2760270Z ⠴ [7/14] page-session[K
2026-10-08T19:20:43.3296540Z ⠦ [7/14] page-session[K
2026-10-08T19:20:43.4299920Z ⠧ [7/14] page-session[K
2026-10-08T19:20:43.4775410Z ⠇ [7/14] page-session[K
2026-10-08T19:20:43.5610970Z ⠏ [7/14] page-session[K
2026-10-08T19:20:43.6412210Z ⠋ [7/14] page-session[K
2026-10-08T19:20:43.7239440Z ⠙ [7/14] page-session[K
2026-10-08T19:20:43.8040230Z ⠹ [7/14] page-session[K
2026-10-08T19:20:43.8420850Z ⠸ [7/14] page-session[K
2026-10-08T19:20:43.8842240Z ⠸ [8/14] sandbox[K
2026-10-08T19:20:43.9635840Z ⠼ [8/14] sandbox[K
2026-10-08T19:20:44.0451400Z ⠴ [8/14] sandbox[K
2026-10-08T19:20:44.1274770Z ⠦ [8/14] sandbox[K
2026-10-08T19:20:44.2092380Z ⠧ [8/14] sandbox[K
2026-10-08T19:20:44.3149490Z ⠇ [8/14] sandbox[K
2026-10-08T19:20:44.4153590Z ⠏ [8/14] sandbox[K
2026-10-08T19:20:44.5156940Z ⠋ [8/14] sandbox[K
2026-10-08T19:20:44.6158960Z ⠋ [9/14] sdk-main[K
2026-10-08T19:20:44.7162700Z ⠙ [9/14] sdk-main[K
2026-10-08T19:20:44.7856540Z ⠹ [9/14] sdk-main[K
2026-10-08T19:20:44.8965330Z ⠸ [9/14] sdk-main[K
2026-10-08T19:20:44.9769740Z ⠼ [9/14] sdk-main[K
2026-10-08T19:20:45.0584300Z ⠴ [9/14] sdk-main[K
2026-10-08T19:20:45.1442700Z ⠦ [9/14] sdk-main[K
2026-10-08T19:20:45.2818260Z ⠧ [9/14] sdk-main[K
2026-10-08T19:20:45.3821440Z ⠇ [9/14] sdk-main[K
2026-10-08T19:20:45.3880410Z ⠏ [9/14] sdk-main[K
2026-10-08T19:20:45.5439320Z ⠋ [9/14] sdk-main[K
2026-10-08T19:20:45.5625430Z ⠙ [9/14] sdk-main[K
2026-10-08T19:20:45.6372150Z ⠹ [9/14] sdk-main[K
2026-10-08T19:20:45.7158150Z ⠸ [9/14] sdk-main[K
2026-10-08T19:20:45.7985680Z ⠼ [9/14] sdk-main[K
2026-10-08T19:20:45.8828880Z ⠴ [9/14] sdk-main[K
2026-10-08T19:20:45.9719440Z ⠦ [9/14] sdk-main[K
2026-10-08T19:20:46.0662850Z ⠧ [9/14] sdk-main[K
2026-10-08T19:20:46.1238280Z ⠇ [9/14] sdk-main[K
2026-10-08T19:20:46.2419860Z ⠏ [9/14] sdk-main[K
2026-10-08T19:20:46.3524480Z ⠋ [9/14] sdk-main[K
2026-10-08T19:20:46.3701720Z ⠙ [9/14] sdk-main[K
2026-10-08T19:20:46.4037760Z ⠹ [9/14] sdk-main[K
2026-10-08T19:20:46.4461450Z ⠹ [10/14] selection-entry[K
2026-10-08T19:20:46.5299480Z ⠸ [10/14] selection-entry[K
2026-10-08T19:20:46.6080950Z ⠼ [10/14] selection-entry[K
2026-10-08T19:20:46.6604790Z ⠴ [10/14] selection-entry[K
2026-10-08T19:20:46.6897390Z ⠴ [11/14] settings[K
2026-10-08T19:20:46.7962830Z ⠦ [11/14] settings[K
2026-10-08T19:20:46.8773880Z ⠧ [11/14] settings[K
2026-10-08T19:20:46.9567400Z ⠇ [11/14] settings[K
2026-10-08T19:20:47.0363600Z ⠏ [11/14] settings[K
2026-10-08T19:20:47.1893350Z ⠋ [11/14] settings[K
2026-10-08T19:20:47.2583380Z ⠙ [11/14] settings[K
2026-10-08T19:20:47.2863560Z ⠹ [11/14] settings[K
2026-10-08T19:20:47.2864750Z ⠹ [12/14] tool-shell[K
2026-10-08T19:20:47.3658210Z ⠸ [12/14] tool-shell[K
2026-10-08T19:20:47.5757320Z ⠼ [12/14] tool-shell[K
2026-10-08T19:20:47.6951280Z ⠴ [12/14] tool-shell[K
2026-10-08T19:20:48.3928910Z ⠦ [12/14] tool-shell[K
2026-10-08T19:20:48.4763020Z ⠧ [12/14] tool-shell[K
2026-10-08T19:20:48.5576130Z ⠇ [12/14] tool-shell[K
2026-10-08T19:20:48.6372660Z ⠏ [12/14] tool-shell[K
2026-10-08T19:20:48.7204450Z ⠋ [12/14] tool-shell[K
2026-10-08T19:20:48.8013770Z ⠙ [12/14] tool-shell[K
2026-10-08T19:20:48.8861970Z ⠹ [12/14] tool-shell[K
2026-10-08T19:20:49.0124160Z ⠸ [12/14] tool-shell[K
2026-10-08T19:20:49.0510400Z ⠼ [12/14] tool-shell[K
2026-10-08T19:20:49.1304520Z ⠴ [12/14] tool-shell[K
2026-10-08T19:20:49.2120130Z ⠦ [12/14] tool-shell[K
2026-10-08T19:20:49.2937830Z ⠧ [12/14] tool-shell[K
2026-10-08T19:20:49.3888590Z ⠇ [12/14] tool-shell[K
2026-10-08T19:20:49.4662030Z ⠏ [12/14] tool-shell[K
2026-10-08T19:20:49.5349570Z ⠋ [12/14] tool-shell[K
2026-10-08T19:20:49.6161100Z ⠙ [12/14] tool-shell[K
2026-10-08T19:20:49.7204360Z ⠹ [12/14] tool-shell[K
2026-10-08T19:20:49.8398680Z ⠸ [12/14] tool-shell[K
2026-10-08T19:20:49.8779990Z ⠼ [12/14] tool-shell[K
2026-10-08T19:20:49.9587160Z ⠴ [12/14] tool-shell[K
2026-10-08T19:20:50.0406770Z ⠦ [12/14] tool-shell[K
2026-10-08T19:20:50.1329840Z ⠧ [12/14] tool-shell[K
2026-10-08T19:20:50.2025770Z ⠇ [12/14] tool-shell[K
2026-10-08T19:20:50.2843140Z ⠏ [12/14] tool-shell[K
2026-10-08T19:20:50.3649020Z ⠋ [12/14] tool-shell[K
2026-10-08T19:20:50.4472800Z ⠙ [12/14] tool-shell[K
2026-10-08T19:20:50.5358700Z ⠹ [12/14] tool-shell[K
2026-10-08T19:20:50.6605190Z ⠸ [12/14] tool-shell[K
2026-10-08T19:20:50.6919630Z ⠼ [12/14] tool-shell[K
2026-10-08T19:20:50.7930130Z ⠴ [12/14] tool-shell[K
2026-10-08T19:20:50.8738570Z ⠦ [12/14] tool-shell[K
2026-10-08T19:20:50.9356820Z ⠧ [12/14] tool-shell[K
2026-10-08T19:20:51.0167760Z ⠇ [12/14] tool-shell[K
2026-10-08T19:20:51.0966390Z ⠏ [12/14] tool-shell[K
2026-10-08T19:20:51.1800900Z ⠋ [12/14] tool-shell[K
2026-10-08T19:20:51.2617020Z ⠙ [12/14] tool-shell[K
2026-10-08T19:20:51.3429030Z ⠹ [12/14] tool-shell[K
2026-10-08T19:20:51.4226060Z ⠸ [12/14] tool-shell[K
2026-10-08T19:20:51.5036870Z ⠼ [12/14] tool-shell[K
2026-10-08T19:20:51.5858300Z ⠴ [12/14] tool-shell[K
2026-10-08T19:20:51.6683160Z ⠦ [12/14] tool-shell[K
2026-10-08T19:20:51.8093060Z ⠧ [12/14] tool-shell[K
2026-10-08T19:20:51.9106430Z ⠇ [12/14] tool-shell[K
2026-10-08T19:20:51.9580780Z ⠏ [12/14] tool-shell[K
2026-10-08T19:20:52.0074690Z ⠋ [12/14] tool-shell[K
2026-10-08T19:20:52.0788030Z ⠙ [12/14] tool-shell[K
2026-10-08T19:20:52.1615190Z ⠹ [12/14] tool-shell[K
2026-10-08T19:20:52.2404670Z ⠸ [12/14] tool-shell[K
2026-10-08T19:20:52.3266610Z ⠼ [12/14] tool-shell[K
2026-10-08T19:20:52.4055910Z ⠴ [12/14] tool-shell[K
2026-10-08T19:20:52.4891910Z ⠦ [12/14] tool-shell[K
2026-10-08T19:20:52.5692230Z ⠧ [12/14] tool-shell[K
2026-10-08T19:20:52.6490210Z ⠇ [12/14] tool-shell[K
2026-10-08T19:20:52.7295760Z ⠏ [12/14] tool-shell[K
2026-10-08T19:20:52.8139990Z ⠋ [12/14] tool-shell[K
2026-10-08T19:20:52.8927590Z ⠙ [12/14] tool-shell[K
2026-10-08T19:20:52.9247980Z ⠹ [12/14] tool-shell[K
2026-10-08T19:20:52.9953140Z ⠹ [13/14] transport[K
2026-10-08T19:20:53.0759980Z ⠸ [13/14] transport[K
2026-10-08T19:20:53.1647590Z ⠼ [13/14] transport[K
2026-10-08T19:20:53.2912470Z ⠴ [13/14] transport[K
2026-10-08T19:20:53.3918800Z ⠦ [13/14] transport[K
2026-10-08T19:20:53.4855700Z ⠧ [13/14] transport[K
2026-10-08T19:20:53.5859600Z ⠇ [13/14] transport[K
2026-10-08T19:20:53.6504060Z ⠏ [13/14] transport[K
2026-10-08T19:20:53.6954530Z ⠋ [13/14] transport[K
2026-10-08T19:20:53.7772180Z ⠙ [13/14] transport[K
2026-10-08T19:20:53.8548210Z ⠹ [13/14] transport[K
2026-10-08T19:20:53.9364470Z ⠸ [13/14] transport[K
2026-10-08T19:20:54.0177660Z ⠼ [13/14] transport[K
2026-10-08T19:20:54.0997950Z ⠴ [13/14] transport[K
2026-10-08T19:20:54.1807190Z ⠦ [13/14] transport[K
2026-10-08T19:20:54.2619870Z ⠧ [13/14] transport[K
2026-10-08T19:20:54.2796200Z ⠇ [13/14] transport[K
2026-10-08T19:20:54.3467000Z ⠇ [14/14] worker-runtime[K
2026-10-08T19:20:54.5480160Z ⠏ [14/14] worker-runtime[K
2026-10-08T19:20:54.6548180Z ⠋ [14/14] worker-runtime[K
2026-10-08T19:20:54.7593820Z ⠙ [14/14] worker-runtime[K
2026-10-08T19:20:54.8491290Z ⠹ [14/14] worker-runtime[K
2026-10-08T19:20:54.9149950Z ⠸ [14/14] worker-runtime[K
2026-10-08T19:20:54.9805520Z ⠼ [14/14] worker-runtime[K
2026-10-08T19:20:55.0941180Z ⠴ [14/14] worker-runtime[K
2026-10-08T19:20:55.1948710Z ⠦ [14/14] worker-runtime[K
2026-10-08T19:20:55.2247500Z ⠧ [14/14] worker-runtime[K
2026-10-08T19:20:55.3184710Z ⠇ [14/14] worker-runtime[K
2026-10-08T19:20:55.4622700Z ⠏ [14/14] worker-runtime[K
2026-10-08T19:20:55.4737390Z ⠋ [14/14] worker-runtime[K
2026-10-08T19:20:55.5847490Z ⠙ [14/14] worker-runtime[K
2026-10-08T19:20:55.6713600Z ⠹ [14/14] worker-runtime[K
2026-10-08T19:20:55.7562330Z ⠸ [14/14] worker-runtime[K
2026-10-08T19:20:55.8187210Z ⠼ [14/14] worker-runtime[K
2026-10-08T19:20:55.9893580Z ⠴ [14/14] worker-runtime[K
2026-10-08T19:20:56.0893610Z ⠦ [14/14] worker-runtime[K
2026-10-08T19:20:56.1821990Z ⠧ [14/14] worker-runtime[K
2026-10-08T19:20:56.2180070Z ⠇ [14/14] worker-runtime[K
2026-10-08T19:20:56.2245190Z ⠏ [14/14] worker-runtime[K
2026-10-08T19:20:56.3322960Z ⠋ [14/14] worker-runtime[K
2026-10-08T19:20:56.3898720Z ⠙ [14/14] worker-runtime[K
2026-10-08T19:20:56.4702560Z ⠹ [14/14] worker-runtime[K
2026-10-08T19:20:56.5703770Z ⠸ [14/14] worker-runtime[K
2026-10-08T19:20:56.6306540Z ⠼ [14/14] worker-runtime[K
2026-10-08T19:20:56.7243620Z ⠴ [14/14] worker-runtime[K
2026-10-08T19:20:56.7890600Z ⠦ [14/14] worker-runtime[K
2026-10-08T19:20:56.8696680Z ⠧ [14/14] worker-runtime[K
2026-10-08T19:20:56.9509080Z ⠇ [14/14] worker-runtime[K
2026-10-08T19:20:57.0324230Z ⠏ [14/14] worker-runtime[K
2026-10-08T19:20:57.0932690Z ⠋ [14/14] worker-runtime[K
2026-10-08T19:20:57.0934460Z [K[?25h
2026-10-08T19:20:57.1081790Z [K[?25h[success] Built extension in 30.2 s
2026-10-08T19:20:57.1084930Z   ├─ dist/production/manifest.json                        1.26 kB  
2026-10-08T19:20:57.1087870Z   ├─ dist/production/native-agent/settings.html           1.83 kB  
2026-10-08T19:20:57.1091370Z   ├─ dist/production/scripting/sandbox/sandbox.html       385 B    
2026-10-08T19:20:57.1094240Z   ├─ dist/production/sidebar-tools/sandbox.html           560 B    
2026-10-08T19:20:57.1097590Z   ├─ dist/production/ui/target-bootstrap.html             200 B    
2026-10-08T19:20:57.1100880Z   ├─ dist/production/ui/tool.html                         22.54 kB 
2026-10-08T19:20:57.1105000Z   ├─ dist/production/agents/bootstrap.js                  21.47 kB 
2026-10-08T19:20:57.1108370Z   ├─ dist/production/agents/health.js                     828 B    
2026-10-08T19:20:57.1110770Z   ├─ dist/production/agents/page-agent.js                 34.35 kB 
2026-10-08T19:20:57.1112560Z   ├─ dist/production/agents/page-relay.js                 35.28 kB 
2026-10-08T19:20:57.1114340Z   ├─ dist/production/agents/selection-entry.js            383 B    
2026-10-08T19:20:57.1116360Z   ├─ dist/production/framework/sdk-main.js                49.54 kB 
2026-10-08T19:20:57.1118230Z   ├─ dist/production/native-agent/settings.js             22.16 kB 
2026-10-08T19:20:57.1120240Z   ├─ dist/production/native-agent/transport.js            29.30 kB 
2026-10-08T19:20:57.1122760Z   ├─ dist/production/scripting/packaged/page-session.js   55.08 kB 
2026-10-08T19:20:57.1124480Z   ├─ dist/production/scripting/sandbox/sandbox.js         4.01 kB  
2026-10-08T19:20:57.1125930Z   ├─ dist/production/scripting/sandbox/worker-runtime.js  49.68 kB 
2026-10-08T19:20:57.1127320Z   ├─ dist/production/sidebar-tools/bridge.js              2.60 kB  
2026-10-08T19:20:57.1128960Z   ├─ dist/production/sw.js                                324.98 kB
2026-10-08T19:20:57.1130450Z   ├─ dist/production/ui/tool-shell.js                     186.55 kB
2026-10-08T19:20:57.1132680Z   ├─ dist/production/vendor/jquery-3.7.1.min.js           87.53 kB 
2026-10-08T19:20:57.1134320Z   ├─ dist/production/ui/tool-shell.css                    21.21 kB 
2026-10-08T19:20:57.1135740Z   ├─ dist/production/icons/notification.png               595 B    
2026-10-08T19:20:57.1137860Z   ├─ dist/production/licenses/jquery-MIT.txt              1.10 kB  
2026-10-08T19:20:57.1139850Z   └─ dist/production/licenses/todo-user-vue-MIT.txt       1.10 kB  
2026-10-08T19:20:57.1141720Z Σ Total size: 954.50 kB                                 
2026-10-08T19:20:57.1142900Z [success] Finished in 30.4 s
2026-10-08T19:20:58.3942530Z {"mode":"production","builder":"wxt","status":"passed","packageHash":"3c28d6e97c43a017db388be0ebf32bbcdf6d681c0780774d3b8cdc14505d89f2","assets":26}
2026-10-08T19:20:58.5589160Z TAP version 13
2026-10-08T19:21:03.1553960Z # REAL_CHROME_CDP_CONNECTED=ws://127.0.0.1:49187/devtools/page/27A8622F82E96D56710EEDBB676943E0
2026-10-08T19:21:03.2562350Z # REAL_CHROME_CDP_FRAME={"id":1,"result":{"protocolVersion":"1.3","product":"Chrome/155.0.8059.39","revision":"@3ff7ac5a9224be9156d7f8703a06e22890aafd34","userAgent":"Mozilla/5.0 (Macintosh; Intel Mac OS X 10_15_7) AppleWebKit/537.36 (KHTML, like Gecko) HeadlessChrome/155.0.0.0 Safari/537.36","jsVersion
2026-10-08T19:21:13.3307130Z # REAL_CHROME_UNEXTENDED_RENDERER=FAIL {"code":"E_CDP_BASELINE","message":"CDP Runtime.evaluate timeout","stderr":"d?)\\n[10038:32082:1008/192113.108113:ERROR:base/apple/mach_port_rendezvous_mac.cc:256] bootstrap_look_up com.google.chrome.for.testing.MachPortRendezvousServer.9459: Permission denied (1100)\\n[10038:32082:1008/192113.108680:ERROR:base/memory/shared_memory_switch.cc:261] No rendezvous client, terminating process (parent died?)\\n[9459:30245:1008/192113.113378:ERROR:content/browser/network_service_instance_impl.cc:653] Network service crashed or was terminated, restarting service.\\n[10039:32090:1008/192113.181589:ERROR:base/apple/mach_port_rendezvous_mac.cc:256] bootstrap_look_up com.google.chrome.for.testing.MachPortRendezvousServer.9459: Permission denied (1100)\\n[10039:32090:1008/192113.182177:ERROR:base/memory/shared_memory_switch.cc:261] No rendezvous client, terminating process (parent died?)\\n[10040:32091:1008/192113.190988:ERROR:base/apple/mach_port_rendezvous_mac.cc:256] bootstrap_look_up com.google.chrome.for.testing.MachPortRendezvousServer.9459: Permission denied (1100)\\n[10040:32091:1008/192113.191583:ERROR:base/memory/shared_memory_switch.cc:261] No rendezvous client, terminating process (parent died?)\\n[10041:32094:1008/192113.227938:ERROR:base/apple/mach_port_rendezvous_mac.cc:256] bootstrap_look_up com.google.chrome.for.testing.MachPortRendezvousServer.9459: Permission denied (1100)\\n[10041:32094:1008/192113.228359:ERROR:base/memory/shared_memory_switch.cc:261] No rendezvous client, terminating process (parent died?)\\n[9459:30245:1008/192113.232443:ERROR:content/browser/network_service_instance_impl.cc:653] Network service crashed or was terminated, restarting service.\\n"}
2026-10-08T19:21:13.4901310Z # REAL_CHROME_BINARY=cft VERSION=Google Chrome for Testing 155.0.8059.39
2026-10-08T19:21:13.5101900Z # Subtest: real macOS Chrome: bare renderer/CDP control without extensions
2026-10-08T19:21:13.5267930Z not ok 1 - real macOS Chrome: bare renderer/CDP control without extensions
2026-10-08T19:21:13.5312370Z   ---
2026-10-08T19:21:13.5351780Z   duration_ms: 14653.243143
2026-10-08T19:21:13.5748400Z   type: 'test'
2026-10-08T19:21:13.5812620Z   location: '/Users/runner/work/opendesk-browser/opendesk-browser/tests/environment/native-agent-chrome-real.test.mjs:89:1'
2026-10-08T19:21:13.5856580Z   failureType: 'testCodeFailure'
2026-10-08T19:21:13.5928590Z   error: 'CDP Runtime.evaluate timeout'
2026-10-08T19:21:13.5979150Z   code: 'ERR_TEST_FAILURE'
2026-10-08T19:21:13.6030330Z   stack: |-
2026-10-08T19:21:13.6175350Z     Timeout._onTimeout (file:///Users/runner/work/opendesk-browser/opendesk-browser/tests/environment/native-agent-chrome-real.test.mjs:75:67)
2026-10-08T19:21:13.6242400Z     listOnTimeout (node:internal/timers:585:17)
2026-10-08T19:21:13.6272590Z     process.processTimers (node:internal/timers:521:7)
2026-10-08T19:21:13.6304180Z   ...
2026-10-08T19:21:13.6361250Z # REAL_CHROME_CDP_CLOSED={"code":1006,"reason":"","pending":0}
2026-10-08T19:21:15.8148550Z # REAL_CHROME_EXTENSION_LOADED=PASS id=pnhiokdnhhpbidgojhbjknpldipijdfa
2026-10-08T19:21:16.3207800Z # MACOS_NATIVE_MANIFEST_INSTALLED=PASS browser=cft
2026-10-08T19:21:16.5332980Z # REAL_CHROME_OPTIONS_TARGET={"id":"07104752C430DA5620CDD9781AE9A806","type":"page","url":"about:blank","ws":"ws://127.0.0.1:49190/devtools/page/07104752C430DA5620CDD9781AE9A806"}
2026-10-08T19:21:16.6340190Z # REAL_CHROME_CDP_CONNECTED=ws://127.0.0.1:49190/devtools/page/07104752C430DA5620CDD9781AE9A806
2026-10-08T19:21:16.6524380Z # REAL_CHROME_CDP_FRAME={"id":1,"result":{"protocolVersion":"1.3","product":"Chrome/155.0.8059.39","revision":"@3ff7ac5a9224be9156d7f8703a06e22890aafd34","userAgent":"Mozilla/5.0 (Macintosh; Intel Mac OS X 10_15_7) AppleWebKit/537.36 (KHTML, like Gecko) HeadlessChrome/155.0.0.0 Safari/537.36","jsVersion
2026-10-08T19:21:16.6651340Z # REAL_CHROME_CDP_BROWSER_VERSION={"protocolVersion":"1.3","product":"Chrome/155.0.8059.39","revision":"@3ff7ac5a9224be9156d7f8703a06e22890aafd34","userAgent":"Mozilla/5.0 (Macintosh; Intel Mac OS X 10_15_7) AppleWebKit/537.36 (KHTML, like Gecko) HeadlessChrome/155.0.0.0 Safari/537.36","jsVersion":"15.5.35.20"}
2026-10-08T19:21:16.7163300Z # REAL_CHROME_CDP_FRAME={"method":"Inspector.detached","params":{"reason":"Render process gone."}}
2026-10-08T19:21:16.7240690Z # REAL_CHROME_CDP_OPTIONS_ERROR=CDP Inspector.detached: Render process gone. stderr=_switch.cc:261] No rendezvous client, terminating process (parent died?)
2026-10-08T19:21:16.7272630Z # [10270:32737:1008/192116.328774:ERROR:base/apple/mach_port_rendezvous_mac.cc:256] bootstrap_look_up com.google.chrome.for.testing.MachPortRendezvousServer.10046: Unknown service name (1102)
2026-10-08T19:21:16.7318680Z # [10270:32737:1008/192116.424880:ERROR:base/memory/shared_memory_switch.cc:261] No rendezvous client, terminating process (parent died?)
2026-10-08T19:21:16.7366380Z # [10272:32739:1008/192116.433016:ERROR:base/apple/mach_port_rendezvous_mac.cc:256] bootstrap_look_up com.google.chrome.for.testing.MachPortRendezvousServer.10046: Permission denied (1100)
2026-10-08T19:21:16.7482310Z # [10272:32739:1008/192116.434672:ERROR:base/memory/shared_memory_switch.cc:261] No rendezvous client, terminating process (parent died?)
2026-10-08T19:21:16.7560390Z # [10046:32146:1008/192116.454336:ERROR:content/browser/network_service_instance_impl.cc:653] Network service crashed or was terminated, restarting service.
2026-10-08T19:21:16.7614560Z # [10300:32799:1008/192116.499160:ERROR:base/apple/mach_port_rendezvous_mac.cc:256] bootstrap_look_up com.google.chrome.for.testing.MachPortRendezvousServer.10046: Permission denied (1100)
2026-10-08T19:21:16.7663600Z # [10300:32799:1008/192116.499697:ERROR:base/memory/shared_memory_switch.cc:261] No rendezvous client, terminating process (parent died?)
2026-10-08T19:21:16.7770720Z # Subtest: real macOS Chrome: packaged extension, trusted Options click and Native CLI handshake
2026-10-08T19:21:16.7852100Z not ok 2 - real macOS Chrome: packaged extension, trusted Options click and Native CLI handshake
2026-10-08T19:21:16.7874790Z   ---
2026-10-08T19:21:16.7892840Z   duration_ms: 3348.215435
2026-10-08T19:21:16.7925030Z   type: 'test'
2026-10-08T19:21:16.7990700Z   location: '/Users/runner/work/opendesk-browser/opendesk-browser/tests/environment/native-agent-chrome-real.test.mjs:146:1'
2026-10-08T19:21:16.8020750Z   failureType: 'testCodeFailure'
2026-10-08T19:21:16.8049700Z   error: 'CDP Inspector.detached: Render process gone.'
2026-10-08T19:21:16.8094300Z   code: 'ERR_TEST_FAILURE'
2026-10-08T19:21:16.8129270Z   stack: |-
2026-10-08T19:21:16.8151120Z     WebSocket.<anonymous> (file:///Users/runner/work/opendesk-browser/opendesk-browser/tests/environment/native-agent-chrome-real.test.mjs:52:58)
2026-10-08T19:21:16.8236830Z     [nodejs.internal.kHybridDispatch] (node:internal/event_target:843:20)
2026-10-08T19:21:16.8276850Z     WebSocket.dispatchEvent (node:internal/event_target:776:26)
2026-10-08T19:21:16.8293760Z     fireEvent (node:internal/deps/undici/undici:12006:14)
2026-10-08T19:21:16.8316810Z     websocketMessageReceived (node:internal/deps/undici/undici:12028:7)
2026-10-08T19:21:16.8331700Z     node:internal/deps/undici/undici:12745:21
2026-10-08T19:21:16.8337020Z     node:internal/deps/undici/undici:12515:11
2026-10-08T19:21:16.8342080Z     afterWrite (node:internal/streams/writable:710:5)
2026-10-08T19:21:16.8345290Z     onwrite (node:internal/streams/writable:688:7)
2026-10-08T19:21:16.8369000Z     Zlib.cb (node:internal/streams/transform:191:7)
2026-10-08T19:21:16.8376160Z   ...
2026-10-08T19:21:16.8425110Z # REAL_CHROME_PROCESS_EXIT={"code":null,"signal":"SIGKILL","stderr":"_memory_switch.cc:261] No rendezvous client, terminating process (parent died?)\\n[10272:32739:1008/192116.433016:ERROR:base/apple/mach_port_rendezvous_mac.cc:256] bootstrap_look_up com.google.chrome.for.testing.MachPortRendezvousServer.10046: Permission denied (1100)\\n[10272:32739:1008/192116.434672:ERROR:base/memory/shared_memory_switch.cc:261] No rendezvous client, terminating process (parent died?)\\n[10046:32146:1008/192116.454336:ERROR:content/browser/network_service_instance_impl.cc:653] Network service crashed or was terminated, restarting service.\\n[10300:32799:1008/192116.499160:ERROR:base/apple/mach_port_rendezvous_mac.cc:256] bootstrap_look_up com.google.chrome.for.testing.MachPortRendezvousServer.10046: Permission denied (1100)\\n[10300:32799:1008/192116.499697:ERROR:base/memory/shared_memory_switch.cc:261] No rendezvous client, terminating process (parent died?)\\n[10293:32785:1008/192116.627121:ERROR:base/apple/mach_port_rendezvous_mac.cc:256] bootstrap_look_up com.google.chrome.for.testing.MachPortRendezvousServer.1: Permission denied (1100)\\n[10293:32785:1008/192116.628792:ERROR:base/memory/shared_memory_switch.cc:261] No rendezvous client, terminating process (parent died?)\\n"}
2026-10-08T19:21:16.8445150Z # REAL_CHROME_CDP_CLOSED={"code":1000,"reason":"","pending":0}
2026-10-08T19:21:16.8459550Z 1..2
2026-10-08T19:21:16.8478680Z # tests 2
2026-10-08T19:21:16.8490890Z # suites 0
2026-10-08T19:21:16.8495220Z # pass 0
2026-10-08T19:21:16.8503240Z # fail 2
2026-10-08T19:21:16.8507190Z # cancelled 0
2026-10-08T19:21:16.8511840Z # skipped 0
2026-10-08T19:21:16.8520750Z # todo 0
2026-10-08T19:21:16.8531940Z # duration_ms 18192.796876
2026-10-08T19:21:16.8569110Z ##[error]Process completed with exit code 1.
2026-10-08T19:21:16.8916500Z Post job cleanup.
2026-10-08T19:21:17.1109920Z [command]/usr/local/bin/git version
2026-10-08T19:21:17.1278040Z git version 2.55.0
2026-10-08T19:21:17.1332490Z Copying '/Users/runner/.gitconfig' to '/Users/runner/work/_temp/7f9e90a1-c233-43e3-97e1-f2a2c49ff776/.gitconfig'
2026-10-08T19:21:17.1357710Z Temporarily overriding HOME='/Users/runner/work/_temp/7f9e90a1-c233-43e3-97e1-f2a2c49ff776' before making global git config changes
2026-10-08T19:21:17.1361380Z Adding repository directory to the temporary git global config as a safe directory
2026-10-08T19:21:17.1371140Z [command]/usr/local/bin/git config --global --add safe.directory /Users/runner/work/opendesk-browser/opendesk-browser
2026-10-08T19:21:17.1539760Z [command]/usr/local/bin/git config --local --name-only --get-regexp core\.sshCommand
2026-10-08T19:21:17.1689750Z [command]/usr/local/bin/git submodule foreach --recursive sh -c "git config --local --name-only --get-regexp 'core\.sshCommand' && git config --local --unset-all 'core.sshCommand' || :"
2026-10-08T19:21:17.3494530Z [command]/usr/local/bin/git config --local --name-only --get-regexp http\.https\:\/\/github\.com\/\.extraheader
2026-10-08T19:21:17.3630070Z http.https://github.com/.extraheader
2026-10-08T19:21:17.3653090Z [command]/usr/local/bin/git config --local --unset-all http.https://github.com/.extraheader
2026-10-08T19:21:17.3803260Z [command]/usr/local/bin/git submodule foreach --recursive sh -c "git config --local --name-only --get-regexp 'http\.https\:\/\/github\.com\/\.extraheader' && git config --local --unset-all 'http.https://github.com/.extraheader' || :"
2026-10-08T19:21:17.7000800Z [command]/usr/local/bin/git config --local --name-only --get-regexp ^includeIf\.gitdir:
2026-10-08T19:21:17.7014360Z [command]/usr/local/bin/git submodule foreach --recursive git config --local --show-origin --name-only --get-regexp remote.origin.url
2026-10-08T19:21:17.9044280Z Cleaning up orphan processes
2026-10-08T19:21:18.2098330Z ##[warning]Node.js 20 is deprecated. The following actions target Node.js 20 but are being forced to run on Node.js 24: actions/checkout@v4, actions/setup-node@v4. For more information see: https://github.blog/changelog/2025-09-19-deprecation-of-node-20-on-github-actions-runners/

