2026-10-08T18:47:20.1835520Z Current runner version: '2.337.0'
2026-10-08T18:47:20.1865190Z ##[group]Runner Image Provisioner
2026-10-08T18:47:20.1866160Z Hosted Compute Agent
2026-10-08T18:47:20.1866850Z Version: 20260819.586
2026-10-08T18:47:20.1867600Z Commit: 3cc4a88dfa507ef76119ad1bb3eccc6378bb2b76
2026-10-08T18:47:20.1868780Z Build Date: 2026-08-18T23:20:18Z
2026-10-08T18:47:20.1869620Z Worker ID: {0773774c-a3f1-43f0-b824-c2099ed3addf}
2026-10-08T18:47:20.1870480Z Azure Region: westus
2026-10-08T18:47:20.1871130Z ##[endgroup]
2026-10-08T18:47:20.1873940Z ##[group]Operating System
2026-10-08T18:47:20.1874970Z macOS
2026-10-08T18:47:20.1875590Z 15.7.9
2026-10-08T18:47:20.1876190Z 24G830
2026-10-08T18:47:20.1876800Z ##[endgroup]
2026-10-08T18:47:20.1877470Z ##[group]Runner Image
2026-10-08T18:47:20.1878450Z Image: macos-15
2026-10-08T18:47:20.1879130Z Version: 20260824.0482.1
2026-10-08T18:47:20.1880780Z Included Software: https://github.com/actions/runner-images/blob/macos-15/20260824.0482/images/macos/macos-15-Readme.md
2026-10-08T18:47:20.1883120Z Image Release: https://github.com/actions/runner-images/releases/tag/macos-15%2F20260824.0482
2026-10-08T18:47:20.1884540Z ##[endgroup]
2026-10-08T18:47:20.1886040Z ##[group]GITHUB_TOKEN Permissions
2026-10-08T18:47:20.1888870Z Contents: read
2026-10-08T18:47:20.1889580Z Metadata: read
2026-10-08T18:47:20.1890270Z ##[endgroup]
2026-10-08T18:47:20.1893910Z Secret source: Actions
2026-10-08T18:47:20.1895050Z Cache mode: write
2026-10-08T18:47:20.1896870Z Prepare workflow directory
2026-10-08T18:47:20.2314140Z Prepare all required actions
2026-10-08T18:47:20.2378160Z Getting action download info
2026-10-08T18:47:20.3953900Z Download action repository 'actions/checkout@v4' (SHA:11d5960a326750d5838078e36cf38b85af677262)
2026-10-08T18:47:20.6939600Z Download action repository 'actions/setup-node@v4' (SHA:49933ea5288caeca8642d1e84afbd3f7d6820020)
2026-10-08T18:47:20.9197080Z Download action repository 'browser-actions/setup-chrome@v2' (SHA:48ad923757ca74d66703209fe939badbdf80f2f4)
2026-10-08T18:47:21.7682810Z Complete job name: macos-native-host-ipc (macos-15-intel)
2026-10-08T18:47:21.8545100Z ##[group]Run actions/checkout@v4
2026-10-08T18:47:21.8546460Z with:
2026-10-08T18:47:21.8547180Z   repository: shopable-ai/opendesk-browser
2026-10-08T18:47:21.8553500Z   token: ***
2026-10-08T18:47:21.8554140Z   ssh-strict: true
2026-10-08T18:47:21.8554810Z   ssh-user: git
2026-10-08T18:47:21.8555500Z   persist-credentials: true
2026-10-08T18:47:21.8556250Z   clean: true
2026-10-08T18:47:21.8556920Z   sparse-checkout-cone-mode: true
2026-10-08T18:47:21.8557720Z   fetch-depth: 1
2026-10-08T18:47:21.8558380Z   fetch-tags: false
2026-10-08T18:47:21.8559070Z   show-progress: true
2026-10-08T18:47:21.8559760Z   lfs: false
2026-10-08T18:47:21.8560390Z   submodules: false
2026-10-08T18:47:21.8561080Z   set-safe-directory: true
2026-10-08T18:47:21.8561870Z   allow-unsafe-pr-checkout: false
2026-10-08T18:47:21.8563120Z ##[endgroup]
2026-10-08T18:47:22.1247760Z Syncing repository: shopable-ai/opendesk-browser
2026-10-08T18:47:22.1250420Z ##[group]Getting Git version info
2026-10-08T18:47:22.1252160Z Working directory is '/Users/runner/work/opendesk-browser/opendesk-browser'
2026-10-08T18:47:22.1253880Z [command]/usr/local/bin/git version
2026-10-08T18:47:22.1496630Z git version 2.55.0
2026-10-08T18:47:22.1517700Z ##[endgroup]
2026-10-08T18:47:22.1529430Z Copying '/Users/runner/.gitconfig' to '/Users/runner/work/_temp/4bbab91e-296c-44fe-a593-f166812d7af3/.gitconfig'
2026-10-08T18:47:22.1548710Z Temporarily overriding HOME='/Users/runner/work/_temp/4bbab91e-296c-44fe-a593-f166812d7af3' before making global git config changes
2026-10-08T18:47:22.1550860Z Adding repository directory to the temporary git global config as a safe directory
2026-10-08T18:47:22.1552890Z [command]/usr/local/bin/git config --global --add safe.directory /Users/runner/work/opendesk-browser/opendesk-browser
2026-10-08T18:47:22.1670780Z Deleting the contents of '/Users/runner/work/opendesk-browser/opendesk-browser'
2026-10-08T18:47:22.1676210Z ##[group]Initializing the repository
2026-10-08T18:47:22.1681630Z [command]/usr/local/bin/git init /Users/runner/work/opendesk-browser/opendesk-browser
2026-10-08T18:47:22.1971720Z hint: Using 'master' as the name for the initial branch. This default branch name
2026-10-08T18:47:22.1977400Z hint: will change to "main" in Git 3.0. To configure the initial branch name
2026-10-08T18:47:22.1982550Z hint: to use in all of your new repositories, which will suppress this warning,
2026-10-08T18:47:22.1985490Z hint: call:
2026-10-08T18:47:22.1988220Z hint:
2026-10-08T18:47:22.1991590Z hint: 	git config --global init.defaultBranch <name>
2026-10-08T18:47:22.1993560Z hint:
2026-10-08T18:47:22.1995080Z hint: Names commonly chosen instead of 'master' are 'main', 'trunk' and
2026-10-08T18:47:22.1997470Z hint: 'development'. The just-created branch can be renamed via this command:
2026-10-08T18:47:22.1999650Z hint:
2026-10-08T18:47:22.2001100Z hint: 	git branch -m <name>
2026-10-08T18:47:22.2002100Z hint:
2026-10-08T18:47:22.2003130Z hint: Disable this message with "git config set advice.defaultBranchName false"
2026-10-08T18:47:22.2004920Z Initialized empty Git repository in /Users/runner/work/opendesk-browser/opendesk-browser/.git/
2026-10-08T18:47:22.2008400Z [command]/usr/local/bin/git remote add origin https://github.com/shopable-ai/opendesk-browser
2026-10-08T18:47:22.2101490Z ##[endgroup]
2026-10-08T18:47:22.2102710Z ##[group]Disabling automatic garbage collection
2026-10-08T18:47:22.2106060Z [command]/usr/local/bin/git config --local gc.auto 0
2026-10-08T18:47:22.2198660Z ##[endgroup]
2026-10-08T18:47:22.2199860Z ##[group]Setting up auth
2026-10-08T18:47:22.2204990Z [command]/usr/local/bin/git config --local --name-only --get-regexp core\.sshCommand
2026-10-08T18:47:22.2299810Z [command]/usr/local/bin/git submodule foreach --recursive sh -c "git config --local --name-only --get-regexp 'core\.sshCommand' && git config --local --unset-all 'core.sshCommand' || :"
2026-10-08T18:47:22.3671510Z [command]/usr/local/bin/git config --local --name-only --get-regexp http\.https\:\/\/github\.com\/\.extraheader
2026-10-08T18:47:22.3847510Z [command]/usr/local/bin/git submodule foreach --recursive sh -c "git config --local --name-only --get-regexp 'http\.https\:\/\/github\.com\/\.extraheader' && git config --local --unset-all 'http.https://github.com/.extraheader' || :"
2026-10-08T18:47:22.5022730Z [command]/usr/local/bin/git config --local --name-only --get-regexp ^includeIf\.gitdir:
2026-10-08T18:47:22.5116190Z [command]/usr/local/bin/git submodule foreach --recursive git config --local --show-origin --name-only --get-regexp remote.origin.url
2026-10-08T18:47:22.7021450Z [command]/usr/local/bin/git config --local http.https://github.com/.extraheader AUTHORIZATION: basic ***
2026-10-08T18:47:22.7027570Z ##[endgroup]
2026-10-08T18:47:22.7032900Z ##[group]Fetching the repository
2026-10-08T18:47:22.7036600Z [command]/usr/local/bin/git -c protocol.version=2 fetch --no-tags --prune --no-recurse-submodules --depth=1 origin +bd7c8d1b41197673ad0d5ab0abe53231393a368d:refs/remotes/origin/main
2026-10-08T18:47:27.8629750Z From https://github.com/shopable-ai/opendesk-browser
2026-10-08T18:47:27.8632010Z  * [new ref]         bd7c8d1b41197673ad0d5ab0abe53231393a368d -> origin/main
2026-10-08T18:47:27.8636140Z ##[endgroup]
2026-10-08T18:47:27.8637990Z ##[group]Determining the checkout info
2026-10-08T18:47:27.8640040Z ##[endgroup]
2026-10-08T18:47:27.8642970Z [command]/usr/local/bin/git sparse-checkout disable
2026-10-08T18:47:27.8765810Z [command]/usr/local/bin/git config --local --unset-all extensions.worktreeConfig
2026-10-08T18:47:27.8856720Z ##[group]Checking out the ref
2026-10-08T18:47:27.8860180Z [command]/usr/local/bin/git checkout --progress --force -B main refs/remotes/origin/main
2026-10-08T18:47:29.0650290Z Updating files:  13% (1819/13070)
2026-10-08T18:47:29.1032640Z Updating files:  14% (1830/13070)
2026-10-08T18:47:29.1422120Z Updating files:  15% (1961/13070)
2026-10-08T18:47:29.1756120Z Updating files:  16% (2092/13070)
2026-10-08T18:47:29.2081810Z Updating files:  17% (2222/13070)
2026-10-08T18:47:29.2422850Z Updating files:  18% (2353/13070)
2026-10-08T18:47:29.2764070Z Updating files:  19% (2484/13070)
2026-10-08T18:47:29.3441430Z Updating files:  20% (2614/13070)
2026-10-08T18:47:29.5617930Z Updating files:  21% (2745/13070)
2026-10-08T18:47:29.5931280Z Updating files:  22% (2876/13070)
2026-10-08T18:47:29.6323120Z Updating files:  23% (3007/13070)
2026-10-08T18:47:29.6923150Z Updating files:  24% (3137/13070)
2026-10-08T18:47:29.7713620Z Updating files:  25% (3268/13070)
2026-10-08T18:47:29.8266770Z Updating files:  26% (3399/13070)
2026-10-08T18:47:29.8747590Z Updating files:  27% (3529/13070)
2026-10-08T18:47:29.9136780Z Updating files:  28% (3660/13070)
2026-10-08T18:47:29.9184420Z Updating files:  29% (3791/13070)
2026-10-08T18:47:29.9582820Z Updating files:  29% (3806/13070)
2026-10-08T18:47:29.9937000Z Updating files:  30% (3921/13070)
2026-10-08T18:47:30.0241440Z Updating files:  31% (4052/13070)
2026-10-08T18:47:30.1963930Z Updating files:  32% (4183/13070)
2026-10-08T18:47:30.2365070Z Updating files:  33% (4314/13070)
2026-10-08T18:47:30.2766180Z Updating files:  34% (4444/13070)
2026-10-08T18:47:30.3486200Z Updating files:  35% (4575/13070)
2026-10-08T18:47:30.3734180Z Updating files:  36% (4706/13070)
2026-10-08T18:47:30.4106740Z Updating files:  37% (4836/13070)
2026-10-08T18:47:30.4601870Z Updating files:  38% (4967/13070)
2026-10-08T18:47:30.4994150Z Updating files:  39% (5098/13070)
2026-10-08T18:47:30.5621550Z Updating files:  40% (5228/13070)
2026-10-08T18:47:30.6625130Z Updating files:  41% (5359/13070)
2026-10-08T18:47:30.6829370Z Updating files:  42% (5490/13070)
2026-10-08T18:47:30.6851930Z Updating files:  43% (5621/13070)
2026-10-08T18:47:30.7646130Z Updating files:  44% (5751/13070)
2026-10-08T18:47:30.8887300Z Updating files:  45% (5882/13070)
2026-10-08T18:47:30.9027850Z Updating files:  46% (6013/13070)
2026-10-08T18:47:30.9293540Z Updating files:  47% (6143/13070)
2026-10-08T18:47:30.9623380Z Updating files:  48% (6274/13070)
2026-10-08T18:47:30.9655140Z Updating files:  48% (6355/13070)
2026-10-08T18:47:30.9847730Z Updating files:  49% (6405/13070)
2026-10-08T18:47:31.0847550Z Updating files:  50% (6535/13070)
2026-10-08T18:47:31.1722340Z Updating files:  51% (6666/13070)
2026-10-08T18:47:31.1925490Z Updating files:  52% (6797/13070)
2026-10-08T18:47:31.2479450Z Updating files:  53% (6928/13070)
2026-10-08T18:47:31.2741580Z Updating files:  54% (7058/13070)
2026-10-08T18:47:31.3183310Z Updating files:  55% (7189/13070)
2026-10-08T18:47:31.3544250Z Updating files:  56% (7320/13070)
2026-10-08T18:47:31.4708580Z Updating files:  57% (7450/13070)
2026-10-08T18:47:31.5142860Z Updating files:  58% (7581/13070)
2026-10-08T18:47:31.5507280Z Updating files:  59% (7712/13070)
2026-10-08T18:47:31.6142630Z Updating files:  60% (7842/13070)
2026-10-08T18:47:31.6307770Z Updating files:  61% (7973/13070)
2026-10-08T18:47:31.6721480Z Updating files:  62% (8104/13070)
2026-10-08T18:47:31.7115810Z Updating files:  63% (8235/13070)
2026-10-08T18:47:31.7838320Z Updating files:  64% (8365/13070)
2026-10-08T18:47:31.8851930Z Updating files:  65% (8496/13070)
2026-10-08T18:47:31.9431030Z Updating files:  66% (8627/13070)
2026-10-08T18:47:31.9433400Z Updating files:  67% (8757/13070)
2026-10-08T18:47:31.9435280Z Updating files:  68% (8888/13070)
2026-10-08T18:47:32.0454450Z Updating files:  68% (8930/13070)
2026-10-08T18:47:32.1457730Z Updating files:  69% (9019/13070)
2026-10-08T18:47:32.2085200Z Updating files:  70% (9149/13070)
2026-10-08T18:47:32.3228090Z Updating files:  71% (9280/13070)
2026-10-08T18:47:32.3367980Z Updating files:  72% (9411/13070)
2026-10-08T18:47:32.3486620Z Updating files:  73% (9542/13070)
2026-10-08T18:47:32.3543320Z Updating files:  74% (9672/13070)
2026-10-08T18:47:32.4179940Z Updating files:  75% (9803/13070)
2026-10-08T18:47:32.4477610Z Updating files:  76% (9934/13070)
2026-10-08T18:47:32.4865600Z Updating files:  77% (10064/13070)
2026-10-08T18:47:32.5880600Z Updating files:  78% (10195/13070)
2026-10-08T18:47:32.7050020Z Updating files:  79% (10326/13070)
2026-10-08T18:47:32.7820670Z Updating files:  80% (10456/13070)
2026-10-08T18:47:32.8127780Z Updating files:  81% (10587/13070)
2026-10-08T18:47:32.8834370Z Updating files:  82% (10718/13070)
2026-10-08T18:47:32.9490900Z Updating files:  83% (10849/13070)
2026-10-08T18:47:33.0494050Z Updating files:  84% (10979/13070)
2026-10-08T18:47:33.1496980Z Updating files:  84% (11101/13070)
2026-10-08T18:47:33.2518440Z Updating files:  85% (11110/13070)
2026-10-08T18:47:33.2980020Z Updating files:  86% (11241/13070)
2026-10-08T18:47:33.3522620Z Updating files:  87% (11371/13070)
2026-10-08T18:47:33.4601160Z Updating files:  88% (11502/13070)
2026-10-08T18:47:33.6074280Z Updating files:  89% (11633/13070)
2026-10-08T18:47:33.6505000Z Updating files:  90% (11763/13070)
2026-10-08T18:47:33.6911690Z Updating files:  91% (11894/13070)
2026-10-08T18:47:33.7308380Z Updating files:  92% (12025/13070)
2026-10-08T18:47:33.8145500Z Updating files:  93% (12156/13070)
2026-10-08T18:47:33.9327880Z Updating files:  94% (12286/13070)
2026-10-08T18:47:34.1045540Z Updating files:  94% (12376/13070)
2026-10-08T18:47:34.2354950Z Updating files:  95% (12417/13070)
2026-10-08T18:47:34.3774070Z Updating files:  96% (12548/13070)
2026-10-08T18:47:34.5586140Z Updating files:  97% (12678/13070)
2026-10-08T18:47:34.9212770Z Updating files:  98% (12809/13070)
2026-10-08T18:47:34.9316110Z Updating files:  98% (12925/13070)
2026-10-08T18:47:35.1283790Z Updating files:  99% (12940/13070)
2026-10-08T18:47:35.1307630Z Updating files: 100% (13070/13070)
2026-10-08T18:47:35.1309400Z Updating files: 100% (13070/13070), done.
2026-10-08T18:47:35.1635070Z Switched to a new branch 'main'
2026-10-08T18:47:35.1648670Z branch 'main' set up to track 'origin/main'.
2026-10-08T18:47:35.1762900Z ##[endgroup]
2026-10-08T18:47:35.1908560Z [command]/usr/local/bin/git log -1 --format=%H
2026-10-08T18:47:35.2027740Z bd7c8d1b41197673ad0d5ab0abe53231393a368d
2026-10-08T18:47:35.2444280Z ##[group]Run actions/setup-node@v4
2026-10-08T18:47:35.2444880Z with:
2026-10-08T18:47:35.2445250Z   node-version: 22
2026-10-08T18:47:35.2445680Z   always-auth: false
2026-10-08T18:47:35.2446110Z   check-latest: false
2026-10-08T18:47:35.2451590Z   token: ***
2026-10-08T18:47:35.2451970Z ##[endgroup]
2026-10-08T18:47:35.4977210Z Found in cache @ /Users/runner/hostedtoolcache/node/22.23.2/x64
2026-10-08T18:47:35.4979710Z (node:3857) [DEP0040] DeprecationWarning: The `punycode` module is deprecated. Please use a userland alternative instead.
2026-10-08T18:47:35.4983890Z (Use `node --trace-deprecation ...` to show where the warning was created)
2026-10-08T18:47:35.4985460Z ##[group]Environment details
2026-10-08T18:47:36.2966150Z node: v22.23.2
2026-10-08T18:47:36.2969530Z npm: 10.9.8
2026-10-08T18:47:36.2971840Z yarn: 1.22.22
2026-10-08T18:47:36.3020050Z ##[endgroup]
2026-10-08T18:47:36.3196070Z ##[group]Run node --test tests/environment/native-agent-macos-install.test.mjs
2026-10-08T18:47:36.3197520Z [36;1mnode --test tests/environment/native-agent-macos-install.test.mjs[0m
2026-10-08T18:47:36.3275860Z shell: /bin/bash -e {0}
2026-10-08T18:47:36.3276430Z ##[endgroup]
2026-10-08T18:47:36.4438290Z TAP version 13
2026-10-08T18:47:37.6181990Z # Subtest: macOS isolated Native Host install, private socket, real wrapper and authenticated CLI IPC
2026-10-08T18:47:37.6358480Z ok 1 - macOS isolated Native Host install, private socket, real wrapper and authenticated CLI IPC
2026-10-08T18:47:37.6894930Z   ---
2026-10-08T18:47:37.6896210Z   duration_ms: 820.492628
2026-10-08T18:47:37.6897220Z   type: 'test'
2026-10-08T18:47:37.6909990Z   ...
2026-10-08T18:47:38.0214350Z # Subtest: macOS Chrome for Testing uses its own manifest and cannot replace Google Chrome registration
2026-10-08T18:47:38.0220080Z ok 2 - macOS Chrome for Testing uses its own manifest and cannot replace Google Chrome registration
2026-10-08T18:47:38.0221920Z   ---
2026-10-08T18:47:38.0223300Z   duration_ms: 484.330912
2026-10-08T18:47:38.0225030Z   type: 'test'
2026-10-08T18:47:38.0227780Z   ...
2026-10-08T18:47:38.2110980Z # Subtest: macOS Chrome for Testing manifest is isolated from regular Chrome and launches the real native host
2026-10-08T18:47:38.2113430Z ok 3 - macOS Chrome for Testing manifest is isolated from regular Chrome and launches the real native host
2026-10-08T18:47:38.2128650Z   ---
2026-10-08T18:47:38.2131830Z   duration_ms: 380.859238
2026-10-08T18:47:38.2145620Z   type: 'test'
2026-10-08T18:47:38.2177250Z   ...
2026-10-08T18:47:38.2210840Z 1..3
2026-10-08T18:47:38.2212270Z # tests 3
2026-10-08T18:47:38.2213600Z # suites 0
2026-10-08T18:47:38.2214890Z # pass 3
2026-10-08T18:47:38.2216110Z # fail 0
2026-10-08T18:47:38.2217360Z # cancelled 0
2026-10-08T18:47:38.2218700Z # skipped 0
2026-10-08T18:47:38.2220340Z # todo 0
2026-10-08T18:47:38.2232750Z # duration_ms 1792.838132
2026-10-08T18:47:38.2402320Z ##[group]Run browser-actions/setup-chrome@v2
2026-10-08T18:47:38.2403040Z with:
2026-10-08T18:47:38.2403460Z   chrome-version: stable
2026-10-08T18:47:38.2404020Z   install-dependencies: false
2026-10-08T18:47:38.2404590Z   install-chromedriver: false
2026-10-08T18:47:38.2405130Z   no-sudo: false
2026-10-08T18:47:38.2405570Z ##[endgroup]
2026-10-08T18:47:38.4703570Z Setup chrome stable
2026-10-08T18:47:38.6716010Z Attempting to download chrome stable...
2026-10-08T18:47:38.7479200Z Acquiring chrome stable from https://storage.googleapis.com/chrome-for-testing-public/155.0.8059.39/mac-x64/chrome-mac-x64.zip
2026-10-08T18:47:44.8140230Z Installing chrome...
2026-10-08T18:47:44.8404700Z [command]/usr/bin/unzip -o -q /Users/runner/work/_temp/603fa52e-20fd-4fd1-91cc-2f780eaa2370
2026-10-08T18:47:53.1602250Z Successfully Installed chrome to /Users/runner/hostedtoolcache/setup-chrome/chrome/stable/x64
2026-10-08T18:47:53.1612050Z [command]/Users/runner/hostedtoolcache/setup-chrome/chrome/stable/x64/Contents/MacOS/Google Chrome for Testing --version
2026-10-08T18:47:53.2289620Z Google Chrome for Testing 155.0.8059.39 
2026-10-08T18:47:53.2368160Z Successfully setup chrome 155.0.8059.39
2026-10-08T18:47:53.2555450Z ##[group]Run npm ci --ignore-scripts --no-audit --no-fund
2026-10-08T18:47:53.2556610Z [36;1mnpm ci --ignore-scripts --no-audit --no-fund[0m
2026-10-08T18:47:53.2557340Z [36;1mnpm run build[0m
2026-10-08T18:47:53.2558100Z [36;1mnode --test tests/environment/native-agent-chrome-real.test.mjs[0m
2026-10-08T18:47:53.2631760Z shell: /bin/bash -e {0}
2026-10-08T18:47:53.2632290Z env:
2026-10-08T18:47:53.2633650Z   CHROME_FOR_TESTING_BIN: /Users/runner/hostedtoolcache/setup-chrome/chrome/stable/x64/Contents/MacOS/Google Chrome for Testing
2026-10-08T18:47:53.2635070Z ##[endgroup]
2026-10-08T18:47:58.6689980Z 
2026-10-08T18:47:58.7027320Z added 240 packages in 5s
2026-10-08T18:47:59.1246580Z 
2026-10-08T18:47:59.1248810Z > opendesk-browser@0.1.0 build
2026-10-08T18:47:59.1250170Z > node scripts/build.mjs production
2026-10-08T18:47:59.1250640Z 
2026-10-08T18:48:00.0603800Z [log] 
2026-10-08T18:48:00.1606460Z WXT 0.21.4
2026-10-08T18:48:00.2125900Z [info] Generating types...
2026-10-08T18:48:00.4524960Z [success] Finished in 431 ms
2026-10-08T18:48:01.0677210Z [log] 
2026-10-08T18:48:01.0678430Z WXT 0.21.4
2026-10-08T18:48:01.2807090Z [info] Building chrome-mv3 for production with Vite 7.3.6
2026-10-08T18:48:01.4383290Z [?25l
2026-10-08T18:48:01.4463590Z ⠋ Preparing...[K
2026-10-08T18:48:01.5180130Z ⠋ [1/14] sw[K
2026-10-08T18:48:01.6120490Z ⠙ [1/14] sw[K
2026-10-08T18:48:01.7901320Z ⠹ [1/14] sw[K
2026-10-08T18:48:01.9277750Z ⠸ [1/14] sw[K
2026-10-08T18:48:02.0281020Z ⠼ [1/14] sw[K
2026-10-08T18:48:02.0897450Z ⠴ [1/14] sw[K
2026-10-08T18:48:02.7769010Z ⠦ [1/14] sw[K
2026-10-08T18:48:02.9563420Z ⠧ [1/14] sw[K
2026-10-08T18:48:02.9790420Z ⠇ [1/14] sw[K
2026-10-08T18:48:03.0842790Z ⠏ [1/14] sw[K
2026-10-08T18:48:03.1036640Z ⠋ [1/14] sw[K
2026-10-08T18:48:03.1913770Z ⠙ [1/14] sw[K
2026-10-08T18:48:03.2633220Z ⠹ [1/14] sw[K
2026-10-08T18:48:03.3440420Z ⠸ [1/14] sw[K
2026-10-08T18:48:03.4258700Z ⠼ [1/14] sw[K
2026-10-08T18:48:03.5070050Z ⠴ [1/14] sw[K
2026-10-08T18:48:03.5879620Z ⠦ [1/14] sw[K
2026-10-08T18:48:03.7074670Z ⠧ [1/14] sw[K
2026-10-08T18:48:03.8077510Z ⠇ [1/14] sw[K
2026-10-08T18:48:03.8905990Z ⠏ [1/14] sw[K
2026-10-08T18:48:03.9334910Z ⠋ [1/14] sw[K
2026-10-08T18:48:03.9958870Z ⠙ [1/14] sw[K
2026-10-08T18:48:04.0770330Z ⠹ [1/14] sw[K
2026-10-08T18:48:04.1575260Z ⠸ [1/14] sw[K
2026-10-08T18:48:04.2387920Z ⠼ [1/14] sw[K
2026-10-08T18:48:04.3205180Z ⠴ [1/14] sw[K
2026-10-08T18:48:04.4020270Z ⠦ [1/14] sw[K
2026-10-08T18:48:04.4813540Z ⠧ [1/14] sw[K
2026-10-08T18:48:04.5627150Z ⠇ [1/14] sw[K
2026-10-08T18:48:04.6680670Z ⠏ [1/14] sw[K
2026-10-08T18:48:04.7683840Z ⠋ [1/14] sw[K
2026-10-08T18:48:04.8686950Z ⠙ [1/14] sw[K
2026-10-08T18:48:04.9152100Z ⠹ [1/14] sw[K
2026-10-08T18:48:04.9897940Z ⠸ [1/14] sw[K
2026-10-08T18:48:05.0714770Z ⠼ [1/14] sw[K
2026-10-08T18:48:05.1519220Z ⠴ [1/14] sw[K
2026-10-08T18:48:05.2295400Z ⠦ [1/14] sw[K
2026-10-08T18:48:05.3111900Z ⠧ [1/14] sw[K
2026-10-08T18:48:05.3927350Z ⠇ [1/14] sw[K
2026-10-08T18:48:05.4748440Z ⠏ [1/14] sw[K
2026-10-08T18:48:05.5560180Z ⠋ [1/14] sw[K
2026-10-08T18:48:05.6373980Z ⠙ [1/14] sw[K
2026-10-08T18:48:05.7192630Z ⠹ [1/14] sw[K
2026-10-08T18:48:05.8094980Z ⠸ [1/14] sw[K
2026-10-08T18:48:05.8816640Z ⠼ [1/14] sw[K
2026-10-08T18:48:05.9612270Z ⠴ [1/14] sw[K
2026-10-08T18:48:06.0616320Z ⠦ [1/14] sw[K
2026-10-08T18:48:06.1231930Z ⠧ [1/14] sw[K
2026-10-08T18:48:06.2120930Z ⠇ [1/14] sw[K
2026-10-08T18:48:06.2833760Z ⠏ [1/14] sw[K
2026-10-08T18:48:06.3640830Z ⠋ [1/14] sw[K
2026-10-08T18:48:06.4461050Z ⠙ [1/14] sw[K
2026-10-08T18:48:06.6035750Z ⠹ [1/14] sw[K
2026-10-08T18:48:06.6490740Z ⠸ [1/14] sw[K
2026-10-08T18:48:06.6903060Z ⠼ [1/14] sw[K
2026-10-08T18:48:06.8584840Z ⠴ [1/14] sw[K
2026-10-08T18:48:06.8953180Z ⠦ [1/14] sw[K
2026-10-08T18:48:06.9324470Z ⠧ [1/14] sw[K
2026-10-08T18:48:07.0104490Z ⠇ [1/14] sw[K
2026-10-08T18:48:07.0922470Z ⠏ [1/14] sw[K
2026-10-08T18:48:07.1717980Z ⠋ [1/14] sw[K
2026-10-08T18:48:07.2525000Z ⠙ [1/14] sw[K
2026-10-08T18:48:07.3367510Z ⠹ [1/14] sw[K
2026-10-08T18:48:07.4141730Z ⠸ [1/14] sw[K
2026-10-08T18:48:07.4439540Z ⠼ [1/14] sw[K
2026-10-08T18:48:07.4976430Z ⠼ [2/14] bootstrap[K
2026-10-08T18:48:07.5833780Z ⠴ [2/14] bootstrap[K
2026-10-08T18:48:07.6636900Z ⠦ [2/14] bootstrap[K
2026-10-08T18:48:07.7630880Z ⠧ [2/14] bootstrap[K
2026-10-08T18:48:07.7661380Z ⠧ [3/14] bridge[K
2026-10-08T18:48:07.8206560Z ⠇ [3/14] bridge[K
2026-10-08T18:48:07.9003500Z ⠏ [3/14] bridge[K
2026-10-08T18:48:07.9814590Z ⠋ [3/14] bridge[K
2026-10-08T18:48:07.9865310Z ⠙ [3/14] bridge[K
2026-10-08T18:48:08.0630090Z ⠙ [4/14] health[K
2026-10-08T18:48:08.1434300Z ⠹ [4/14] health[K
2026-10-08T18:48:08.1855870Z ⠸ [4/14] health[K
2026-10-08T18:48:08.2345580Z ⠸ [5/14] page-agent[K
2026-10-08T18:48:08.3348790Z ⠼ [5/14] page-agent[K
2026-10-08T18:48:08.4134620Z ⠴ [5/14] page-agent[K
2026-10-08T18:48:08.5119700Z ⠦ [5/14] page-agent[K
2026-10-08T18:48:08.5568860Z ⠧ [5/14] page-agent[K
2026-10-08T18:48:08.6361910Z ⠇ [5/14] page-agent[K
2026-10-08T18:48:08.7431100Z ⠏ [5/14] page-agent[K
2026-10-08T18:48:08.8218020Z ⠋ [5/14] page-agent[K
2026-10-08T18:48:08.8888360Z ⠙ [5/14] page-agent[K
2026-10-08T18:48:08.9973530Z ⠹ [5/14] page-agent[K
2026-10-08T18:48:09.0516190Z ⠸ [5/14] page-agent[K
2026-10-08T18:48:09.0608720Z ⠸ [6/14] page-relay[K
2026-10-08T18:48:09.1305860Z ⠼ [6/14] page-relay[K
2026-10-08T18:48:09.2333060Z ⠴ [6/14] page-relay[K
2026-10-08T18:48:09.3680880Z ⠦ [6/14] page-relay[K
2026-10-08T18:48:09.4683000Z ⠧ [6/14] page-relay[K
2026-10-08T18:48:09.5684890Z ⠇ [6/14] page-relay[K
2026-10-08T18:48:09.6007980Z ⠏ [6/14] page-relay[K
2026-10-08T18:48:09.6044440Z ⠋ [6/14] page-relay[K
2026-10-08T18:48:09.6872680Z ⠋ [7/14] page-session[K
2026-10-08T18:48:09.7747960Z ⠙ [7/14] page-session[K
2026-10-08T18:48:09.8751620Z ⠹ [7/14] page-session[K
2026-10-08T18:48:09.9339470Z ⠸ [7/14] page-session[K
2026-10-08T18:48:10.0145430Z ⠼ [7/14] page-session[K
2026-10-08T18:48:10.1070350Z ⠴ [7/14] page-session[K
2026-10-08T18:48:10.1782490Z ⠦ [7/14] page-session[K
2026-10-08T18:48:10.2786310Z ⠧ [7/14] page-session[K
2026-10-08T18:48:10.3788270Z ⠇ [7/14] page-session[K
2026-10-08T18:48:10.4776750Z ⠏ [7/14] page-session[K
2026-10-08T18:48:10.5779410Z ⠋ [7/14] page-session[K
2026-10-08T18:48:10.6560700Z ⠙ [7/14] page-session[K
2026-10-08T18:48:10.6678760Z ⠹ [7/14] page-session[K
2026-10-08T18:48:10.7449410Z ⠸ [7/14] page-session[K
2026-10-08T18:48:10.8239760Z ⠼ [7/14] page-session[K
2026-10-08T18:48:10.9044480Z ⠴ [7/14] page-session[K
2026-10-08T18:48:11.0135420Z ⠦ [7/14] page-session[K
2026-10-08T18:48:11.0473700Z ⠧ [7/14] page-session[K
2026-10-08T18:48:11.0699820Z ⠧ [8/14] sandbox[K
2026-10-08T18:48:11.1517650Z ⠇ [8/14] sandbox[K
2026-10-08T18:48:11.2520870Z ⠏ [8/14] sandbox[K
2026-10-08T18:48:11.3524250Z ⠋ [8/14] sandbox[K
2026-10-08T18:48:11.4526500Z ⠙ [8/14] sandbox[K
2026-10-08T18:48:11.5334580Z ⠹ [8/14] sandbox[K
2026-10-08T18:48:11.6337110Z ⠸ [8/14] sandbox[K
2026-10-08T18:48:11.6527690Z ⠼ [8/14] sandbox[K
2026-10-08T18:48:11.6974600Z ⠼ [9/14] sdk-main[K
2026-10-08T18:48:11.7977210Z ⠴ [9/14] sdk-main[K
2026-10-08T18:48:11.8578190Z ⠦ [9/14] sdk-main[K
2026-10-08T18:48:11.9384680Z ⠧ [9/14] sdk-main[K
2026-10-08T18:48:12.1050110Z ⠇ [9/14] sdk-main[K
2026-10-08T18:48:12.1921430Z ⠏ [9/14] sdk-main[K
2026-10-08T18:48:12.2030130Z ⠋ [9/14] sdk-main[K
2026-10-08T18:48:12.3048240Z ⠙ [9/14] sdk-main[K
2026-10-08T18:48:12.4080080Z ⠹ [9/14] sdk-main[K
2026-10-08T18:48:12.4881260Z ⠸ [9/14] sdk-main[K
2026-10-08T18:48:12.5223260Z ⠼ [9/14] sdk-main[K
2026-10-08T18:48:12.5902380Z ⠴ [9/14] sdk-main[K
2026-10-08T18:48:12.7379590Z ⠦ [9/14] sdk-main[K
2026-10-08T18:48:12.7482220Z ⠧ [9/14] sdk-main[K
2026-10-08T18:48:12.8331950Z ⠇ [9/14] sdk-main[K
2026-10-08T18:48:12.9334780Z ⠏ [9/14] sdk-main[K
2026-10-08T18:48:13.0337590Z ⠋ [9/14] sdk-main[K
2026-10-08T18:48:13.1340290Z ⠋ [10/14] selection-entry[K
2026-10-08T18:48:13.2343430Z ⠙ [10/14] selection-entry[K
2026-10-08T18:48:13.2539530Z ⠹ [10/14] selection-entry[K
2026-10-08T18:48:13.2640850Z ⠸ [10/14] selection-entry[K
2026-10-08T18:48:13.2727550Z ⠸ [11/14] settings[K
2026-10-08T18:48:13.3743290Z ⠼ [11/14] settings[K
2026-10-08T18:48:13.4033960Z ⠴ [11/14] settings[K
2026-10-08T18:48:13.5378720Z ⠦ [11/14] settings[K
2026-10-08T18:48:13.6381540Z ⠧ [11/14] settings[K
2026-10-08T18:48:13.7383370Z ⠇ [11/14] settings[K
2026-10-08T18:48:13.8373550Z ⠇ [12/14] tool-shell[K
2026-10-08T18:48:13.8745230Z ⠏ [12/14] tool-shell[K
2026-10-08T18:48:14.1060750Z ⠋ [12/14] tool-shell[K
2026-10-08T18:48:14.1877700Z ⠙ [12/14] tool-shell[K
2026-10-08T18:48:14.2689000Z ⠹ [12/14] tool-shell[K
2026-10-08T18:48:14.4287680Z ⠸ [12/14] tool-shell[K
2026-10-08T18:48:14.5294980Z ⠼ [12/14] tool-shell[K
2026-10-08T18:48:14.6298400Z ⠴ [12/14] tool-shell[K
2026-10-08T18:48:14.6426620Z ⠦ [12/14] tool-shell[K
2026-10-08T18:48:14.7598000Z ⠧ [12/14] tool-shell[K
2026-10-08T18:48:14.8032200Z ⠇ [12/14] tool-shell[K
2026-10-08T18:48:14.9037140Z ⠏ [12/14] tool-shell[K
2026-10-08T18:48:14.9611100Z ⠋ [12/14] tool-shell[K
2026-10-08T18:48:15.0381670Z ⠙ [12/14] tool-shell[K
2026-10-08T18:48:15.1475290Z ⠹ [12/14] tool-shell[K
2026-10-08T18:48:15.1991270Z ⠸ [12/14] tool-shell[K
2026-10-08T18:48:15.2921700Z ⠼ [12/14] tool-shell[K
2026-10-08T18:48:15.3608570Z ⠴ [12/14] tool-shell[K
2026-10-08T18:48:15.4415210Z ⠦ [12/14] tool-shell[K
2026-10-08T18:48:15.5417890Z ⠧ [12/14] tool-shell[K
2026-10-08T18:48:15.6418990Z ⠇ [12/14] tool-shell[K
2026-10-08T18:48:15.7114970Z ⠏ [12/14] tool-shell[K
2026-10-08T18:48:15.7854750Z ⠋ [12/14] tool-shell[K
2026-10-08T18:48:15.8481980Z ⠙ [12/14] tool-shell[K
2026-10-08T18:48:15.9343160Z ⠹ [12/14] tool-shell[K
2026-10-08T18:48:16.0076050Z ⠸ [12/14] tool-shell[K
2026-10-08T18:48:16.1079360Z ⠼ [12/14] tool-shell[K
2026-10-08T18:48:16.2084200Z ⠴ [12/14] tool-shell[K
2026-10-08T18:48:16.2716800Z ⠦ [12/14] tool-shell[K
2026-10-08T18:48:16.4192390Z ⠧ [12/14] tool-shell[K
2026-10-08T18:48:16.4854690Z ⠇ [12/14] tool-shell[K
2026-10-08T18:48:16.5857460Z ⠏ [12/14] tool-shell[K
2026-10-08T18:48:16.6385910Z ⠋ [12/14] tool-shell[K
2026-10-08T18:48:16.6797140Z ⠙ [12/14] tool-shell[K
2026-10-08T18:48:16.7361590Z ⠹ [12/14] tool-shell[K
2026-10-08T18:48:16.8169790Z ⠸ [12/14] tool-shell[K
2026-10-08T18:48:16.8984900Z ⠼ [12/14] tool-shell[K
2026-10-08T18:48:16.9809370Z ⠴ [12/14] tool-shell[K
2026-10-08T18:48:17.0616790Z ⠦ [12/14] tool-shell[K
2026-10-08T18:48:17.1619150Z ⠧ [12/14] tool-shell[K
2026-10-08T18:48:17.2247590Z ⠇ [12/14] tool-shell[K
2026-10-08T18:48:17.3051710Z ⠏ [12/14] tool-shell[K
2026-10-08T18:48:17.4367950Z ⠋ [12/14] tool-shell[K
2026-10-08T18:48:17.4666340Z ⠙ [12/14] tool-shell[K
2026-10-08T18:48:17.5200800Z ⠹ [12/14] tool-shell[K
2026-10-08T18:48:17.5558700Z ⠹ [13/14] transport[K
2026-10-08T18:48:17.6379640Z ⠸ [13/14] transport[K
2026-10-08T18:48:17.7197170Z ⠼ [13/14] transport[K
2026-10-08T18:48:17.8002220Z ⠴ [13/14] transport[K
2026-10-08T18:48:17.8817110Z ⠦ [13/14] transport[K
2026-10-08T18:48:17.9617120Z ⠧ [13/14] transport[K
2026-10-08T18:48:17.9964580Z ⠇ [13/14] transport[K
2026-10-08T18:48:18.0519170Z ⠇ [14/14] worker-runtime[K
2026-10-08T18:48:18.1333160Z ⠏ [14/14] worker-runtime[K
2026-10-08T18:48:18.2149320Z ⠋ [14/14] worker-runtime[K
2026-10-08T18:48:18.2957340Z ⠙ [14/14] worker-runtime[K
2026-10-08T18:48:18.3790620Z ⠹ [14/14] worker-runtime[K
2026-10-08T18:48:18.4611000Z ⠸ [14/14] worker-runtime[K
2026-10-08T18:48:18.5412830Z ⠼ [14/14] worker-runtime[K
2026-10-08T18:48:18.6229850Z ⠴ [14/14] worker-runtime[K
2026-10-08T18:48:18.7151410Z ⠦ [14/14] worker-runtime[K
2026-10-08T18:48:18.8034240Z ⠧ [14/14] worker-runtime[K
2026-10-08T18:48:18.8762220Z ⠇ [14/14] worker-runtime[K
2026-10-08T18:48:18.9409610Z ⠏ [14/14] worker-runtime[K
2026-10-08T18:48:18.9485950Z [K[?25h
2026-10-08T18:48:18.9490910Z [K[?25h[success] Built extension in 17.7 s
2026-10-08T18:48:18.9498470Z   ├─ dist/production/manifest.json                        1.26 kB  
2026-10-08T18:48:18.9503180Z   ├─ dist/production/native-agent/settings.html           1.83 kB  
2026-10-08T18:48:18.9512740Z   ├─ dist/production/scripting/sandbox/sandbox.html       385 B    
2026-10-08T18:48:18.9518180Z   ├─ dist/production/sidebar-tools/sandbox.html           560 B    
2026-10-08T18:48:18.9659420Z   ├─ dist/production/ui/target-bootstrap.html             200 B    
2026-10-08T18:48:18.9665560Z   ├─ dist/production/ui/tool.html                         22.54 kB 
2026-10-08T18:48:18.9674470Z   ├─ dist/production/agents/bootstrap.js                  21.47 kB 
2026-10-08T18:48:18.9679290Z   ├─ dist/production/agents/health.js                     828 B    
2026-10-08T18:48:18.9686230Z   ├─ dist/production/agents/page-agent.js                 34.35 kB 
2026-10-08T18:48:18.9692510Z   ├─ dist/production/agents/page-relay.js                 35.28 kB 
2026-10-08T18:48:18.9766680Z   ├─ dist/production/agents/selection-entry.js            383 B    
2026-10-08T18:48:18.9769610Z   ├─ dist/production/framework/sdk-main.js                49.54 kB 
2026-10-08T18:48:18.9771820Z   ├─ dist/production/native-agent/settings.js             22.16 kB 
2026-10-08T18:48:18.9778740Z   ├─ dist/production/native-agent/transport.js            29.30 kB 
2026-10-08T18:48:18.9780840Z   ├─ dist/production/scripting/packaged/page-session.js   55.08 kB 
2026-10-08T18:48:18.9782840Z   ├─ dist/production/scripting/sandbox/sandbox.js         4.01 kB  
2026-10-08T18:48:18.9784820Z   ├─ dist/production/scripting/sandbox/worker-runtime.js  49.68 kB 
2026-10-08T18:48:18.9786830Z   ├─ dist/production/sidebar-tools/bridge.js              2.60 kB  
2026-10-08T18:48:18.9791000Z   ├─ dist/production/sw.js                                324.98 kB
2026-10-08T18:48:18.9793020Z   ├─ dist/production/ui/tool-shell.js                     186.50 kB
2026-10-08T18:48:18.9795480Z   ├─ dist/production/vendor/jquery-3.7.1.min.js           87.53 kB 
2026-10-08T18:48:18.9798440Z   ├─ dist/production/ui/tool-shell.css                    21.21 kB 
2026-10-08T18:48:18.9801350Z   ├─ dist/production/icons/notification.png               595 B    
2026-10-08T18:48:18.9808000Z   ├─ dist/production/licenses/jquery-MIT.txt              1.10 kB  
2026-10-08T18:48:18.9811210Z   └─ dist/production/licenses/todo-user-vue-MIT.txt       1.10 kB  
2026-10-08T18:48:18.9814600Z Σ Total size: 954.45 kB                                 
2026-10-08T18:48:18.9816090Z [success] Finished in 17.9 s
2026-10-08T18:48:19.8981230Z {"mode":"production","builder":"wxt","status":"passed","packageHash":"75dd897fee5a906dbe5de00b30c98d8c5b3d0ea8a5a7cca756e17660d478e73f","assets":26}
2026-10-08T18:48:20.0189880Z TAP version 13
2026-10-08T18:48:21.7876640Z # REAL_CHROME_CDP_CONNECTED=ws://127.0.0.1:49184/devtools/page/A66A8820EC20E0CEDF8E7FE672B24024
2026-10-08T18:48:21.8891930Z # REAL_CHROME_CDP_FRAME={"id":1,"result":{"protocolVersion":"1.3","product":"Chrome/155.0.8059.39","revision":"@3ff7ac5a9224be9156d7f8703a06e22890aafd34","userAgent":"Mozilla/5.0 (Macintosh; Intel Mac OS X 10_15_7) AppleWebKit/537.36 (KHTML, like Gecko) HeadlessChrome/155.0.0.0 Safari/537.36","jsVersion
2026-10-08T18:48:31.8813810Z # REAL_CHROME_UNEXTENDED_RENDERER=FAIL {"code":"E_CDP_BASELINE","message":"CDP Runtime.evaluate timeout","stderr":"4771: Permission denied (1100)\\n[5382:20571:1008/184831.685852:ERROR:base/memory/shared_memory_switch.cc:261] No rendezvous client, terminating process (parent died?)\\n[5383:20575:1008/184831.712846:ERROR:base/apple/mach_port_rendezvous_mac.cc:256] bootstrap_look_up com.google.chrome.for.testing.MachPortRendezvousServer.4771: Permission denied (1100)\\n[5383:20575:1008/184831.713075:ERROR:base/memory/shared_memory_switch.cc:261] No rendezvous client, terminating process (parent died?)\\n[5384:20578:1008/184831.757300:ERROR:base/apple/mach_port_rendezvous_mac.cc:256] bootstrap_look_up com.google.chrome.for.testing.MachPortRendezvousServer.4771: Permission denied (1100)\\n[5384:20578:1008/184831.757671:ERROR:base/memory/shared_memory_switch.cc:261] No rendezvous client, terminating process (parent died?)\\n[4771:18500:1008/184831.761092:ERROR:content/browser/network_service_instance_impl.cc:653] Network service crashed or was terminated, restarting service.\\n[5385:20583:1008/184831.778494:ERROR:base/apple/mach_port_rendezvous_mac.cc:256] bootstrap_look_up com.google.chrome.for.testing.MachPortRendezvousServer.4771: Permission denied (1100)\\n[5385:20583:1008/184831.778877:ERROR:base/memory/shared_memory_switch.cc:261] No rendezvous client, terminating process (parent died?)\\n[5386:20587:1008/184831.785485:ERROR:base/apple/mach_port_rendezvous_mac.cc:256] bootstrap_look_up com.google.chrome.for.testing.MachPortRendezvousServer.4771: Permission denied (1100)\\n[5386:20587:1008/184831.785692:ERROR:base/memory/shared_memory_switch.cc:261] No rendezvous client, terminating process (parent died?)\\n"}
2026-10-08T18:48:31.9214750Z # REAL_CHROME_BINARY=cft VERSION=Google Chrome for Testing 155.0.8059.39
2026-10-08T18:48:31.9297360Z # Subtest: real macOS Chrome: bare renderer/CDP control without extensions
2026-10-08T18:48:31.9370880Z not ok 1 - real macOS Chrome: bare renderer/CDP control without extensions
2026-10-08T18:48:31.9439840Z   ---
2026-10-08T18:48:31.9468300Z   duration_ms: 11747.333395
2026-10-08T18:48:31.9495780Z   type: 'test'
2026-10-08T18:48:31.9530190Z   location: '/Users/runner/work/opendesk-browser/opendesk-browser/tests/environment/native-agent-chrome-real.test.mjs:89:1'
2026-10-08T18:48:31.9594120Z   failureType: 'testCodeFailure'
2026-10-08T18:48:31.9640720Z   error: 'CDP Runtime.evaluate timeout'
2026-10-08T18:48:31.9672230Z   code: 'ERR_TEST_FAILURE'
2026-10-08T18:48:32.0675330Z   stack: |-
2026-10-08T18:48:32.0701020Z     Timeout._onTimeout (file:///Users/runner/work/opendesk-browser/opendesk-browser/tests/environment/native-agent-chrome-real.test.mjs:75:67)
2026-10-08T18:48:32.0703450Z     listOnTimeout (node:internal/timers:585:17)
2026-10-08T18:48:32.0707770Z     process.processTimers (node:internal/timers:521:7)
2026-10-08T18:48:32.0756200Z   ...
2026-10-08T18:48:33.2676930Z # REAL_CHROME_CDP_CLOSED={"code":1006,"reason":"","pending":0}
2026-10-08T18:48:33.3680220Z # REAL_CHROME_EXTENSION_LOADED=PASS id=pnhiokdnhhpbidgojhbjknpldipijdfa
2026-10-08T18:48:33.4699780Z # MACOS_NATIVE_MANIFEST_INSTALLED=PASS browser=cft
2026-10-08T18:48:33.5704100Z # REAL_CHROME_OPTIONS_TARGET={"id":"95745686B26B9A1D76C2D66272D0E177","type":"page","url":"about:blank","ws":"ws://127.0.0.1:49187/devtools/page/95745686B26B9A1D76C2D66272D0E177"}
2026-10-08T18:48:33.5736790Z # REAL_CHROME_CDP_CONNECTED=ws://127.0.0.1:49187/devtools/page/95745686B26B9A1D76C2D66272D0E177
2026-10-08T18:48:33.5740830Z # REAL_CHROME_CDP_FRAME={"method":"Inspector.detached","params":{"reason":"Render process gone."}}
2026-10-08T18:48:33.5745030Z # REAL_CHROME_CDP_OPTIONS_ERROR=CDP Inspector.detached: Render process gone. stderr=shared_memory_switch.cc:261] No rendezvous client, terminating process (parent died?)
2026-10-08T18:48:33.5750710Z # [5422:20805:1008/184833.466513:ERROR:base/apple/mach_port_rendezvous_mac.cc:256] bootstrap_look_up com.google.chrome.for.testing.MachPortRendezvousServer.5391: Permission denied (1100)
2026-10-08T18:48:33.5756410Z # [5422:20805:1008/184833.466989:ERROR:base/memory/shared_memory_switch.cc:261] No rendezvous client, terminating process (parent died?)
2026-10-08T18:48:33.5761860Z # [5391:20637:1008/184833.471482:ERROR:content/browser/network_service_instance_impl.cc:653] Network service crashed or was terminated, restarting service.
2026-10-08T18:48:33.5770330Z # [5423:20812:1008/184833.511613:ERROR:base/apple/mach_port_rendezvous_mac.cc:256] bootstrap_look_up com.google.chrome.for.testing.MachPortRendezvousServer.5391: Permission denied (1100)
2026-10-08T18:48:33.5775420Z # [5423:20812:1008/184833.511820:ERROR:base/memory/shared_memory_switch.cc:261] No rendezvous client, terminating process (parent died?)
2026-10-08T18:48:33.5783780Z # [5424:20813:1008/184833.516950:ERROR:base/apple/mach_port_rendezvous_mac.cc:256] bootstrap_look_up com.google.chrome.for.testing.MachPortRendezvousServer.5391: Permission denied (1100)
2026-10-08T18:48:33.5797340Z # [5424:20813:1008/184833.517733:ERROR:base/memory/shared_memory_switch.cc:261] No rendezvous client, terminating process (parent died?)
2026-10-08T18:48:33.6407590Z # Subtest: real macOS Chrome: packaged extension, trusted Options click and Native CLI handshake
2026-10-08T18:48:33.6416550Z not ok 2 - real macOS Chrome: packaged extension, trusted Options click and Native CLI handshake
2026-10-08T18:48:33.6417620Z   ---
2026-10-08T18:48:33.6417990Z   duration_ms: 1783.420882
2026-10-08T18:48:33.6418450Z   type: 'test'
2026-10-08T18:48:33.6419830Z   location: '/Users/runner/work/opendesk-browser/opendesk-browser/tests/environment/native-agent-chrome-real.test.mjs:146:1'
2026-10-08T18:48:33.6421280Z   failureType: 'testCodeFailure'
2026-10-08T18:48:33.6422030Z   error: 'CDP Inspector.detached: Render process gone.'
2026-10-08T18:48:33.6422710Z   code: 'ERR_TEST_FAILURE'
2026-10-08T18:48:33.6423160Z   stack: |-
2026-10-08T18:48:33.6424780Z     WebSocket.<anonymous> (file:///Users/runner/work/opendesk-browser/opendesk-browser/tests/environment/native-agent-chrome-real.test.mjs:52:58)
2026-10-08T18:48:33.6427150Z     [nodejs.internal.kHybridDispatch] (node:internal/event_target:843:20)
2026-10-08T18:48:33.6428330Z     WebSocket.dispatchEvent (node:internal/event_target:776:26)
2026-10-08T18:48:33.6429300Z     fireEvent (node:internal/deps/undici/undici:12006:14)
2026-10-08T18:48:33.6430390Z     websocketMessageReceived (node:internal/deps/undici/undici:12028:7)
2026-10-08T18:48:33.6431370Z     node:internal/deps/undici/undici:12745:21
2026-10-08T18:48:33.6432100Z     node:internal/deps/undici/undici:12515:11
2026-10-08T18:48:33.6432890Z     afterWrite (node:internal/streams/writable:710:5)
2026-10-08T18:48:33.6433710Z     onwrite (node:internal/streams/writable:688:7)
2026-10-08T18:48:33.6434520Z     Zlib.cb (node:internal/streams/transform:191:7)
2026-10-08T18:48:33.6435140Z   ...
2026-10-08T18:48:33.6452860Z # REAL_CHROME_PROCESS_EXIT={"code":null,"signal":"SIGKILL","stderr":"c:256] bootstrap_look_up com.google.chrome.for.testing.MachPortRendezvousServer.5391: Permission denied (1100)\\n[5423:20812:1008/184833.511820:ERROR:base/memory/shared_memory_switch.cc:261] No rendezvous client, terminating process (parent died?)\\n[5424:20813:1008/184833.516950:ERROR:base/apple/mach_port_rendezvous_mac.cc:256] bootstrap_look_up com.google.chrome.for.testing.MachPortRendezvousServer.5391: Permission denied (1100)\\n[5424:20813:1008/184833.517733:ERROR:base/memory/shared_memory_switch.cc:261] No rendezvous client, terminating process (parent died?)\\n[5425:20820:1008/184833.565609:ERROR:base/apple/mach_port_rendezvous_mac.cc:256] bootstrap_look_up com.google.chrome.for.testing.MachPortRendezvousServer.1: Permission denied (1100)\\n[5425:20820:1008/184833.565979:ERROR:base/memory/shared_memory_switch.cc:261] No rendezvous client, terminating process (parent died?)\\n[5426:20821:1008/184833.566725:ERROR:base/apple/mach_port_rendezvous_mac.cc:256] bootstrap_look_up com.google.chrome.for.testing.MachPortRendezvousServer.1: Permission denied (1100)\\n[5426:20821:1008/184833.567044:ERROR:base/memory/shared_memory_switch.cc:261] No rendezvous client, terminating process (parent died?)\\n"}
2026-10-08T18:48:33.6466150Z # REAL_CHROME_CDP_CLOSED={"code":1006,"reason":"","pending":0}
2026-10-08T18:48:33.6585110Z 1..2
2026-10-08T18:48:33.6585500Z # tests 2
2026-10-08T18:48:33.6585900Z # suites 0
2026-10-08T18:48:33.6586590Z # pass 0
2026-10-08T18:48:33.6586960Z # fail 2
2026-10-08T18:48:33.6587310Z # cancelled 0
2026-10-08T18:48:33.6587690Z # skipped 0
2026-10-08T18:48:33.6588430Z # todo 0
2026-10-08T18:48:33.6588910Z # duration_ms 13648.62398
2026-10-08T18:48:33.6667830Z ##[error]Process completed with exit code 1.
2026-10-08T18:48:33.6909190Z Post job cleanup.
2026-10-08T18:48:33.8397690Z [command]/usr/local/bin/git version
2026-10-08T18:48:33.8501630Z git version 2.55.0
2026-10-08T18:48:33.8648090Z Copying '/Users/runner/.gitconfig' to '/Users/runner/work/_temp/b88d5306-a4f7-41d5-b9e1-7f9ed309baf7/.gitconfig'
2026-10-08T18:48:33.8651360Z Temporarily overriding HOME='/Users/runner/work/_temp/b88d5306-a4f7-41d5-b9e1-7f9ed309baf7' before making global git config changes
2026-10-08T18:48:33.8655130Z Adding repository directory to the temporary git global config as a safe directory
2026-10-08T18:48:33.8659590Z [command]/usr/local/bin/git config --global --add safe.directory /Users/runner/work/opendesk-browser/opendesk-browser
2026-10-08T18:48:33.8692320Z [command]/usr/local/bin/git config --local --name-only --get-regexp core\.sshCommand
2026-10-08T18:48:33.8813490Z [command]/usr/local/bin/git submodule foreach --recursive sh -c "git config --local --name-only --get-regexp 'core\.sshCommand' && git config --local --unset-all 'core.sshCommand' || :"
2026-10-08T18:48:34.0226130Z [command]/usr/local/bin/git config --local --name-only --get-regexp http\.https\:\/\/github\.com\/\.extraheader
2026-10-08T18:48:34.0318500Z http.https://github.com/.extraheader
2026-10-08T18:48:34.0335220Z [command]/usr/local/bin/git config --local --unset-all http.https://github.com/.extraheader
2026-10-08T18:48:34.0447970Z [command]/usr/local/bin/git submodule foreach --recursive sh -c "git config --local --name-only --get-regexp 'http\.https\:\/\/github\.com\/\.extraheader' && git config --local --unset-all 'http.https://github.com/.extraheader' || :"
2026-10-08T18:48:34.2089170Z [command]/usr/local/bin/git config --local --name-only --get-regexp ^includeIf\.gitdir:
2026-10-08T18:48:34.2195780Z [command]/usr/local/bin/git submodule foreach --recursive git config --local --show-origin --name-only --get-regexp remote.origin.url
2026-10-08T18:48:34.3759330Z Cleaning up orphan processes
2026-10-08T18:48:34.8548830Z ##[warning]Node.js 20 is deprecated. The following actions target Node.js 20 but are being forced to run on Node.js 24: actions/checkout@v4, actions/setup-node@v4. For more information see: https://github.blog/changelog/2025-09-19-deprecation-of-node-20-on-github-actions-runners/

