✔ same-id replacement disposes old listener, keeps a different instance (1.301875ms)
✔ assets, timer/observer/ObjectURL and pagehide cleanup remain scoped (1.586ms)
✔ CSS url() points to embedded image, with JSON and hashes; no runtime dev server (415.61275ms)
✔ reject CSS network/import/undeclared URLs and spoofed image bytes (6.390666ms)
✔ CSS comments and URL-like string content retain their literal meaning (2.739709ms)
✔ reject CSS escaped tokens and unsupported string image URLs (9.253458ms)
✔ malformed CSS strings cannot hide runtime URL tokens (7.894625ms)
✔ Controller resource declarations fail before packaging (3.413667ms)
✔ invalid JSON, UTF-8 and per-file/aggregate resource budgets fail closed (6.372708ms)
✔ original JavaScript-only program keeps its output without adding base CSS (73.709375ms)
✔ three-file ESM Page project becomes one locally hashed JS consumed by existing USER_SCRIPT compiler (365.8785ms)
✔ Controller ESM project produces the existing genuine Task v1 Candidate import format, not an Available claim (64.827834ms)
✔ development mode emits readable program JS, draft metadata and a separate local source map only (22.316333ms)
✔ development source map maps final generated throw position back to local authoring module (11.169833ms)
✔ a declared Page stylesheet enters the immutable program artifact rather than failing closed (56.327625ms)
✔ webpack dependency failures report project, phase and importing source location (50.795916ms)
✔ untrusted remote and dynamic ESM imports are rejected before Webpack (2.749709ms)
✔ a frozen output directory rejects replacement without quietly publishing new bytes (104.708875ms)
✔ UTF-8 BOM in an authoring module survives build and draft import (299.819167ms)
✔ package metadata BOM fails at validation with the fixed Webpack boundary (4.378708ms)
✔ Page prerelease version matches the project and draft schema at import (69.053125ms)
✔ builder applies envelope budget to the bytes actually written for file import (123.245542ms)
✔ multi-file ESM authoring project is a source contract, not an installed program (19.394083ms)
✔ imports cannot escape project or load remote modules at browser runtime (8.901334ms)
✔ entry diagnostics distinguish missing and non-function defaults with source location (5.30425ms)
✔ dynamic import is not quietly kept as an unlocked runtime dependency (3.22725ms)
✔ npm imports require declared dependencies and a committed matching npm lock (5.941291ms)
✔ Page/Controller source contracts remain discriminated without changing Task v1 (3.066167ms)
✔ assets can be listed and hashed but never silently injected (4.728834ms)
✔ source snapshots and executable hashes are independently checked before import (15.95575ms)
✔ project file selection only changes the read-only viewer; execution uses exact frozen build (2.302709ms)
✔ importing a JS draft leaves saved versions and running source independent (17.740917ms)
✔ draft import rejects empty/oversized sources and active saves without overwriting the editor (5.206541ms)
✔ catalog draft import updates dependency review from the new source without saving or running (6.241625ms)
✔ Save persists revision/hash without requesting permission, creating a Run, or executing code (5.210916ms)
✔ reopened editor lists saved scripts without running and loads the selected latest head explicitly (3.748459ms)
✔ loading a historical revision does not turn it into the latest Save CAS head (5.162917ms)
✔ Delete tombstones the latest head and refreshes the saved-script selector (5.745208ms)
✔ saved A stays immutable; Run freezes unsaved B/params/page A; editing C and Save do not replace B (8.924916ms)
✔ a brand-new unsaved draft runs with an empty script ID and never creates a saved revision (4.9795ms)
✔ permission preparation rejects a switched page; closing the editor during permission never admits a run (12.805709ms)
✔ Stop uses the formal RunHost abort/retirement path and persists stopped with the original pin (6.472667ms)
✔ pagehide invokes RunHost host-close; reopened editor only reads the durable interrupted Result (5.650625ms)
✔ late Save/Load replies do not overwrite another script selection or edits made during loading (7.046208ms)
✔ late saved-script selector load cannot overwrite edits made during loading (5.872125ms)
✔ an older snapshot reply cannot disable Run after a newer durable observation (7.396292ms)
✔ an older snapshot error cannot overwrite a newer successful durable view (7.825459ms)
✔ the permission request remains synchronous in the click fixture; denied permission and invalid params execute nothing (6.075125ms)
✔ DOM preview binds frozen source, dependency choice and exact current document from trusted click (3.27925ms)
✔ DOM preview refuses to inject when the active document changes while permission is pending (5.18175ms)
✔ Developer Stop cannot cancel the formal Task or another view using the shared RunHost (4.634083ms)
✔ project import displays source while Save and Run freeze compiled bytes and the original hash (7.880375ms)
✔ invalid project envelope leaves the previous editor source and no execution or saved revision (2.154792ms)
✔ same-window catalog hands off exact source without invoking a runner (1.491ms)
✔ draft handoff refuses other windows, senders, content pages, private tabs and catalog recipients (0.134291ms)
✔ editor rejection is returned explicitly without claiming import success (0.084083ms)
✔ three project folders: genuine ESM graphs and fixed CSS/JSON/PNG byte hashes (28.145583ms)
✔ Page ESM bundles into USER_SCRIPT and repeated execution creates only one visible marker (271.7405ms)
✔ Controller ESM emits a Task v1 Candidate and invokes only approved Locator methods (69.853ms)
✔ declared CSS/JSON/PNG are frozen into Page USER_SCRIPT without becoming installed (60.469792ms)
✔ entering Sidebar task views reads external installations without executing and preserves unchanged form inputs (18.492542ms)
✔ installed tasks default page, render schema form and freeze the exact saved version/params/target (21.023667ms)
✔ installed task can be explicitly forked into an independent unsaved editor draft (5.695083ms)
✔ task Stop cannot cancel another view's in-flight draft; parameter form never navigates (6.237209ms)
✔ installed task refuses stale target after async installed-version lookup (8.792333ms)
✔ task cards retain readable selection and do not surface raw IDs as the main UI (3.027458ms)
✔ Sidebar Discover searches installed tasks only and selects a task without running or opening the catalog (8.851584ms)
✔ Discover filter controls are real view filters and cannot start another run (10.420625ms)
✔ opening the separate full-size catalog preserves its import and management view (1.848584ms)
✔ full-size catalog keeps its own reader after real install and re-reads the single Task Catalog state (6.08425ms)
✔ idle Discover has no fixed footer and inline import still opens the authenticated catalog (14.213875ms)
✔ R5 result/history stay out of sight until a task has runs (8.877958ms)
✔ card view retains original action identities, history and parameter form across tab changes (9.829959ms)
✔ switching between two installed tasks preserves each independent unsaved parameter input (2.409584ms)
✔ R6 accessible roving tabs support Arrow and Home/End (3.027334ms)
✔ R6 task card refresh, keyboard selection and Discover handoff restore focus (5.820959ms)
✔ R6 late run start/result cannot become the newly selected task status (13.357083ms)
✔ R6 previous-version notices and results do not leak after installed upgrade (9.701959ms)
✔ two extension documents share only a refresh hint and re-read authoritative installed state (33.841584ms)
✔ catalog installation stays in the complete directory and directs running back to Sidebar (4.508625ms)
✔ catalog JS import hands source to Sidebar and never enters a view with a hidden runner (2.761ms)
✔ missing Sidebar refuses import with an actionable message, without losing the directory (3.106584ms)
✔ catalog draft transport errors retain their cause instead of claiming Sidebar is missing (5.591958ms)
✔ receiving a source-only import selects Sidebar Developer without creating a run (2.986ms)
✔ R6.1 task-owned Stop is the sole cross-view action and names the launching task (16.341458ms)
✔ R6.1 a draft-owned run exposes only its Stop when viewing Tasks or Discover (3.1365ms)
✔ R6.1 stop-only footer CSS hides all non-owner actions without hiding Stop (0.315542ms)
✔ catalog project JSON import validates snapshots and hands frozen bytes to Sidebar without running (5.3235ms)
✔ catalog rejects a changed project snapshot before handoff and permits reselecting the file (3.541333ms)
ℹ tests 89
ℹ suites 0
ℹ pass 89
ℹ fail 0
ℹ cancelled 0
ℹ skipped 0
ℹ todo 0
ℹ duration_ms 805.739334
