✔ concurrent window requests create once; new worker discovers existing window (12.379875ms)
✔ tool sender rejects foreign id, URL, frame, inactive document and missing document (0.3025ms)
✔ URL policy rejects restricted/file/credentials and preserves exact origin including port (0.245083ms)
✔ health waits for sender readiness and binds Chrome document metadata, not file result (4.030792ms)
✔ revoked permission blocks even previously installed agent (2.844791ms)
✔ reload, cross-origin and closed tab reject bound target without automatic reinjection (9.163916ms)
✔ forged health nonce and fake sender cannot satisfy exact target (2.233708ms)
✔ missing module has no capabilities or runner and can be mounted/disposed (0.273584ms)
✔ focus failure while original exists must not create another tool window (0.132958ms)
✔ window API query failure is not evidence that the existing window disappeared (0.170667ms)
✔ unknown authorization mode is rejected before another injection (4.959625ms)
✔ permission revoke reports permission failure even when Chrome hides tab URL (1.516833ms)
✔ permission revoked during tabs.get is diagnosed before inspecting its hidden URL (1.875667ms)
✔ repeated agent ready preserves optional authorization and cannot bypass revoke (1.663666ms)
✔ same-document concurrent binding resolves all readiness waiters (2.966208ms)
✔ document invalidation and revoke while awaiting reply reject late health success (0.418541ms)
{"kind":"historical-package-mutation","expectedPattern":"Dynamic execution reference","actualError":"Dynamic execution reference in agents/health.js: eval"}
{"kind":"historical-package-mutation","expectedPattern":"Dynamic execution reference","actualError":"Dynamic execution reference in agents/health.js: Function"}
✔ final classic scanner rejects eval alias and function-constructor references (1191.027083ms)
{"kind":"historical-package-mutation","expectedPattern":"ENOENT|Missing","actualError":"Missing required resource: ui/tool-shell.css"}
✔ final package cannot omit a referenced local asset (225.361459ms)
{"kind":"historical-package-mutation","expectedPattern":"Unsafe HTML","actualError":"Unsafe HTML resources in ui/tool.html"}
{"kind":"historical-package-mutation","expectedPattern":"Unexpected JS","actualError":"Unexpected JS/chunks: agents/bootstrap.js,agents/health.js,agents/page-agent.js,agents/page-relay.js,agents/selection-entry.js,chunk.js,framework/sdk-main.js,scripting/packaged/page-session.js,scripting/sandbox/sandbox.js,scripting/sandbox/worker-runtime.js,sw.js,ui/tool-shell.js"}
✔ remote script and unexpected lazy chunk fail final package verification (565.621584ms)
{"kind":"historical-package-mutation","expectedPattern":"Missing|required|ENOENT","actualError":"Missing required resource: ui/tool.html"}
{"kind":"historical-package-mutation","expectedPattern":"worker|entry|Missing","actualError":"Unexpected or missing worker entry"}
✔ final package requires tool HTML/CSS and manifest worker references (314.682ms)
✔ prepare pins a watermark and persists byte hash; external descriptors satisfy frozen schema (11.605458ms)
✔ partial export requires confirmation; request IDs bind immutable intent (1.99075ms)
✔ host registration mismatch and tombstones reject creation/dispatch (2.043584ms)
✔ double dispatch and reconstructed service invoke Chrome at most once (5.015792ms)
✔ ACK-gap after durable dispatch does not replay and becomes mapping_unknown (3.220166ms)
✔ short dispatch ACK does not wait for callback and cannot be resubmitted (3.277125ms)
✔ onCreated/search deduplicates an ID and started is not delivery complete (3.689125ms)
✔ multiple full-identity candidates conflict and never redownload (1.210333ms)
✔ known callback ID is authoritative; another candidate conflicts rather than replacing it (7.274541ms)
✔ wrong URL/extension/time and missing fields never bind by filename (2.302375ms)
✔ clock rollback cannot bind unique-looking mapping evidence (4.217625ms)
✔ onChanged complete must be confirmed by ID search; interrupted keeps Chrome reason (5.875291ms)
✔ 10-minute timeout is unknown; late complete resolves only its original job (3.601708ms)
✔ retry freezes old prepared submission; duplicate retry returns same new job (2.578959ms)
✔ multi-volume aggregate waits for every volume and releases pin only when all are releasable (4.27025ms)
✔ single abandoned volume causes delivery_failed; late evidence cannot revive it (1.906792ms)
✔ explicit job abandon and run tombstone retain late audit without resurrecting projection (4.314875ms)
✔ lost callback can recover via unique full URL; finite mapping search throttles repeated observations (3.069208ms)
✔ URL revoke waits for complete/interrupted/abandon or deadline and respects local reader pins (2.820375ms)
✔ deadline URL release preserves metadata and completion evidence after host resources disappear (1.943417ms)
✔ attach is idempotent; restart pending reconciliation never dispatches (1.415792ms)
✔ top-level broker handlers work without attach and confirm changed state through search (1.980208ms)
✔ callback-only Chrome API persists authoritative ID and handles runtime.lastError as unknown (2.465541ms)
✔ conflict retains its Blob through deadline; pending audits stop after the deadline bound (5.224333ms)
✔ deletion hook requires retirement proof and releases compatible storage reader pins before tombstone (2.2925ms)
✔ shared repository reads through export pin and deletes descriptor/chunk rows only after fence and abandonment (4.968291ms)
✔ tests/foundation/page-port-fixtures.test.mjs (68.27575ms)
✔ frozen fixture full plan validates; recomputed broader selector/caps hash does not grant authority (39.577708ms)
✔ stop after dispatched commit still permits exactly one fixed Chrome invocation; revised identity never replayed (17.178833ms)
✔ post-dispatch epoch/target/grant fences prevent stale Chrome use (10.188083ms)
✔ script or command callback failure records unknown and cannot be blindly retried (9.112167ms)
✔ raw reception is durable but frame ACK requires matching staged rows, then full end signature is stored (10.997625ms)
✔ duplicate frame does not emit again; conflicting digest durably blocks whole page (7.389084ms)
✔ actual sender document defeats payload identity spoof; stop rejects new raw data (3.341834ms)
✔ raw backpressure refuses a second unacked frame; full signature includes changed sixth row (14.027666ms)
✔ fixed raw DOM reader retains long text, explicit empty string and optional missing attr without transforms (8.06175ms)
✔ packaged DOM agent returns short ACK before stream, awaits explicit frame ACK, then emits complete signature (4.35925ms)
✔ page transport sends its first frame before starting the EOF signature hash (4.903334ms)
✔ run-scoped submit/raw/effect journals preserve both runs and stay outside the unique command index (66.554208ms)
✔ raw frame and ACK never infer a missing run or accept a command with a rewritten revision (19.694542ms)
✔ negative fixed-agent receipt is unknown and its run-scoped submission cannot replay (12.569208ms)
✔ packaged agent and page port exchange a durable run-bound ACK before saving the complete EOF (36.815917ms)
✔ agent command and ACK namespaces separate equal command IDs and digests across runs (7.788ms)
✔ single-use real action ticket binds actual source document, no run/records/slot created (10.108917ms)
✔ new operation durably cancels old; old source result audited and rejected, new result goes only to original host (17.878375ms)
✔ cancel/release are durable before cleanup; duplicate release cannot mutate context (18.284208ms)
✔ preview samples at most ten full raw rows using shared plan binding and iterator ACK; no records written (16.783625ms)
✔ placeholder SelectorUI reports MODULE_NOT_INSTALLED, never fabricates selected status (1.788416ms)
✔ production allowlist is empty; unsigned self-reports and unknown keys never become Pro (11.433875ms)
✔ real P256/SHA256 P1363 signature; independent Node crypto oracle and claim hash (16.296333ms)
✔ signed binding rejects tampered tier (1.304084ms)
✔ signed binding rejects tampered issuer (5.759167ms)
✔ signed binding rejects tampered subject (4.503458ms)
✔ signed binding rejects tampered audience (2.411709ms)
✔ signed binding rejects tampered features (4.089083ms)
✔ signed binding rejects tampered issuedAt (1.520958ms)
✔ signed binding rejects tampered expiresAt (2.138458ms)
✔ signed binding rejects tampered keyId (1.487625ms)
✔ signed binding rejects tampered revocationVersion (2.769375ms)
✔ signed binding rejects tampered formatVersion (0.608334ms)
✔ signed but unexpected issuer/subject are rejected; signatures from another key fail (3.716ms)
✔ reject altered signature bytes, padded/noncanonical base64url, DER and wrong hash algorithm (1.979542ms)
✔ no production private JWK and no mutation of injected allowlist after construction (2.582958ms)
✔ future issuedAt, inverted time interval and expiry at the exact boundary reject new Pro (8.888333ms)
✔ impossible calendar dates and missing timestamp zones are rejected even when signed (3.899208ms)
✔ signed metadata cannot establish trusted verification or extend grace (8.946958ms)
✔ offline 72h inclusive boundary, +1ms fallback and no expiry extension (11.3575ms)
✔ offline reload keeps verification age; explicit trusted refresh reopens new Pro (12.6955ms)
✔ wall rollback freezes Pro across reload; monotonic elapsed time expires a frozen wall (15.784375ms)
✔ submillisecond clock observations preserve elapsed monotonic time (55.539125ms)
✔ monotonic rollback freezes Pro; trusted timestamp must not precede durable high water (20.651583ms)
✔ revocation is signed, bound, monotonic and durable; newer signed license may restore Pro (55.614625ms)
✔ cached claims and signed revocation are reverified; a persisted verification label grants nothing (14.440125ms)
✔ free and Pro limits clamp without changing template; signed features gate capabilities (21.884792ms)
✔ free template admission counts distinct IDs, permits revisions, rejects concurrent second template and allows delete/resave (0.500584ms)
✔ public admitTemplate accepts SaveTemplateRequest and returns the quota for the storage transaction (4.189708ms)
✔ repository revision history consumes no additional quota and survives head deletion (3.876375ms)
✔ Pro admission at 49/50/51 serializes template count and rejects stale or forged snapshots (21.047291ms)
✔ freshness checked inside template transaction after expiry or offline grace ends (11.285209ms)
✔ approved run remains frozen after expiry/revocation; sealed records, exports and retention are untouched (10.221958ms)
✔ frozen byte oracle preserves Chinese, zero, false, empty and null (6.846791ms)
✔ hostile JSON cannot enter hashes or durable protocol (0.348709ms)
✔ strict wire shapes reject unknown keys and unsafe integers (5.350084ms)
✔ ignoring a control revision never ignores epoch/document identity (0.20125ms)
✔ stop commit before dispatch forbids any new external call (19.84975ms)
✔ dispatch commit grants exactly one call even if stop subsequently commits (10.952ms)
✔ a worker restart freezes a dispatched gap, holds slot and never repeats start (15.162292ms)
✔ actual sender, optional grant and immutable command ID are enforced (8.165583ms)
✔ stop repeats historical ACK; fencing cannot free the target slot by itself (5.661417ms)
✔ schema uses exactly frozen ten stores, explicit-key paths and sparse tagged indexes (11.124125ms)
✔ no native IDB in Node is reported as unavailable; storage entry exports factory (0.406833ms)
✔ immutable template save CAS, exact duplicate, hash lookup and name-only CAS (41.816791ms)
✔ template admission hook uses same transaction and cannot overwrite immutable revision (9.444084ms)
✔ beginPage permits preparing run, reserves exact command key and idempotently reACKs (5.368833ms)
✔ stage rejects undispatched reservation and atomically aborts open snapshot (7.032125ms)
✔ three batches: first two durable ACKs, third exact-byte failure hides whole page (21.118167ms)
✔ exact staged duplicate does not add bytes; conflicting valid digest aborts page (12.056541ms)
✔ host/epoch/target mismatch is rejected without aborting rightful open page (6.110084ms)
✔ admission cannot bypass transaction reread of cancellation (7.951667ms)
✔ stage may acknowledge authenticated raw frames before end; seal requires complete end (15.136333ms)
✔ seal recomputes all six rows; prefix-only signature fails (75.531792ms)
✔ batch gap, record key/field mismatch, and raw-end evidence mismatch reject (69.314375ms)
✔ stop wins before seal; seal wins before stop and preserves historic original ACK (52.828292ms)
✔ run revision and authenticated host registration cannot be bypassed (7.761166ms)
✔ reader pins freeze watermark/count, paginate long typed values, and reject other cursors (60.815708ms)
✔ zero-batch empty page requires authenticated allowed-empty proof (70.584166ms)
✔ repeated full page signature without end is rejected and left invisible (42.576208ms)
✔ whole-page run limits, two pending ACKs, profile budget and injected disk quota (101.709083ms)
✔ delete refuses active owner/read pin/open job/unknown attempt and tombstones retired data (29.841125ms)
✔ retention defaults seven days, preserves active runs and raw migration duplicates (7.0415ms)
✔ shared authority-issued SDK context interoperates with atomic storage raw receipt and device CAS (26.568417ms)
✔ creation dispatch commits before one exact bootstrap create; retries do not create again (26.62075ms)
✔ creation callback gap freezes slot, never infers never-created or blindly retries (13.982834ms)
✔ bootstrap registers real tab/document before at-most-one navigation dispatch; content spoof rejected (5.579834ms)
✔ stop before bootstrap navigation prevents location authorization (32.993875ms)
✔ formal target binds only real same-origin new document after navigation (30.968083ms)
✔ formal run cannot borrow activeTab instead of optional grant (8.06725ms)
✔ retirement remove + separate not-found evidence releases only matching slot once; old replay cannot clear new run (21.233708ms)
✔ cross-session numeric tab id is never queried or removed and slot remains frozen (2.702792ms)
✔ generic tabs.get failure cannot prove absence (3.049333ms)
✔ prepared/submissionCount=0 proves never-created; missing intent never releases (4.464083ms)
✔ bootstrap agent requests registration and navigation before exactly one assign (0.240125ms)
✔ complete synthetic checker fixture passes, including false/0 values; not a product test (55.558375ms)
✔ missing original case and missing explicit additional case cannot be hidden (110.747625ms)
✔ dropping or replacing the original ledger denominator rejects (152.39175ms)
✔ component/prototype pass and a foreign package cannot count as native acceptance (47.605291ms)
✔ source/package drift and changed per-case expected contract reject (209.809042ms)
✔ accepted marker alone, skipped result and missing raw evidence reject (70.400833ms)
✔ missing or duplicate environment observation and unbound browser binary reject (64.06375ms)
✔ each cleanup counter must return to an explicit resource baseline (45.078875ms)
✔ 1000 unique mixed rounds, all five outcomes, reconnects and disabled plugins are required (189.466958ms)
✔ B05 requires 100 calls with one admission/run/op/HTTP write and no controller (44.8215ms)
✔ all four crash points preserve identity; unknown effects cannot be replayed (47.088416ms)
✔ download accepted is insufficient without complete and an actual disk hash reference (61.953458ms)
✔ Worker termination evidence must meet approved3s and preserve borrowed pages (66.424083ms)
✔ historical failures remain open without case evidence; self-review or reversed review order rejects (82.743583ms)
✔ current real ledger readiness preserves original603 and every current explicit additional case without changing gate state (66.37175ms)
✔ read-only filesystem check rejects actual raw evidence and declared source tampering (113.216166ms)
✔ read-only filesystem check rejects tampering with the approved603 specification (26.207375ms)
✔ each successful campaign observation must satisfy its predicate; one good result cannot hide failure (81.919625ms)
✔ renaming records cannot duplicate one physical campaign occurrence (42.362459ms)
✔ supplemental contracts are required and original/additional IDs cannot overlap (57.385083ms)
✔ reviews bind the entire evidence snapshot, predecessor report and normalized identity with one role each (96.443583ms)
✔ artifact payload/descriptor and disk hashes, lengths and run identity must agree (66.263875ms)
✔ malformed nullable references, observations, environments and reviews yield structured rejection (120.1505ms)
✔ parsed review reports cannot hide missing nested evidence references (38.049ms)
✔ actual WXT AST exposes exact CP1/CP2/CP4/storage and native KV observation ranges (593.72325ms)
✔ CP1 selector derives the same runs-put callee property across source layout changes (569.679833ms)
✔ exact native breakpoint selector refuses wrong type, relocation, script and ambiguity (56.578834ms)
✔ worker context selector permits reused numeric IDs only with a fresh native unique ID (0.204417ms)
✔ storage cut rejects missing or ambiguous immutable source anchors (138.781167ms)
✔ native KV submission selector refuses a changed or duplicate native put (274.531ms)
✔ unknown must expose only the original public request reference (1.130583ms)
✔ bounded slices add prerequisites while retaining the full required case list (0.281958ms)
✔ preparation retains the frozen denominator and binds its actual helper bytes (31.238208ms)
✔ fresh owned process observation permits fallback cleanup (0.517167ms)
✔ fallback refuses reusedPid (0.101458ms)
✔ fallback refuses foreignParent (0.054958ms)
✔ fallback refuses foreignExecutable (0.047042ms)
✔ fallback refuses foreignProfile (0.055958ms)
✔ fallback refuses absent process and missing mock keychain (0.055833ms)
✔ Chrome JSON hop retains undefined, falsy values, nested presence and business PageBrigeCode (1.389292ms)
✔ outcome protocol separates actual errors from all user business objects (0.487167ms)
✔ encoder rejects unsupported values, cycles and getters without evaluating a getter (0.211416ms)
✔ decoder rejects forged tags, duplicate fields and byte limits; prototype names remain inert data (0.169417ms)
✔ typed canonical input is stable across key order and distinguishes missing from undefined (0.104792ms)
✔ Base64 string API preserves UTF-8 and rejects malformed Base64 and UTF-8 (1.022958ms)
✔ REGRESSION-R3-host-gone: document loss persists retirement without requiring the old host (4.78275ms)
✔ REGRESSION-R4-control-states: late stop preserves an existing retirement (0.68175ms)
✔ REGRESSION-R4-control-states: session recovery preserves a durable retirement (0.698709ms)
✔ REGRESSION-R5-terminal-fence-gap: every committed terminal has a durable retirement (0.549958ms)
✔ REGRESSION-R6-false-completion: caller naturalEnd cannot complete an unbound run (10.479458ms)
✔ REGRESSION-R8-journal-key-collision: a caller command ID cannot replace host metadata (28.61725ms)
✔ generic APIs prepare committed typed values without templates, Blob creation or native dispatch (148.853ms)
✔ generic host reads artifact, creates Blob, dispatches once and settles via real callback/listeners/search lifecycle (32.207042ms)
✔ generic preparation rejects forged namespace, wrong result/principal/current host session and actual sender before writing (17.117791ms)
✔ generic prepare transaction rechecks durable host revocation/result replacement/tombstone and rolls back all writes (22.461583ms)
✔ generic data uses canonical explicit blocks with exact 8MiB/64 limits and independent integrity checks (1084.515791ms)
✔ generic attempt request dedupes, prevents simultaneous retries and reused/foreign Blob URLs (10.177875ms)
✔ generic dispatch ACK gap never replays; native mapping unknown and deadline release keep disk hash unverified (6.781583ms)
✔ generic current-document registration is rechecked inside attempt, read and dispatch transactions (18.155333ms)
✔ generic tombstone/abandon uses existing lifecycle and reader pin gates existing repository deletion (3.161084ms)
✔ generic missing issued namespace/principal fails closed and never derives authority from payload (3.828458ms)
✔ generic unsuccessful/missing wire results and legacy template entry points cannot manufacture artifacts (22.577917ms)
✔ generic immutable result and artifact chunks are rechecked before attempt transaction commits (13.524208ms)
✔ generic onCreated is not completion; wrong native identity and callback/search conflicts cannot certify delivery (21.958167ms)
✔ generic native interruption/runtime.lastError use shared failure/unknown states and never resubmit (10.718333ms)
✔ generic explicit fresh retry shares job/artifact; late evidence cannot release the new active reader pin (6.668792ms)
✔ generic later registered document exports stable namespace history without acquiring the old run owner (4.257125ms)
✔ generic abandonRun fences timed-out retry history so shared repository deletion does not strand old attempts (6.158375ms)
✔ generic public reconcile uses actual sender; internal Chrome callback reconciliation survives owning host revocation (8.573375ms)
✔ generic completed immutable history exports after real new-session registration without replaying or adopting old download intents (11.013959ms)
✔ generic cross-session history rejects foreign namespaces, tampered principals, nonterminal runs and current-host session loss (27.056834ms)
✔ typed wire wrapper depth does not shorten the declared value depth budget (3.9675ms)
✔ R1: cyclic and malformed local schema references produce bounded typed rejection (0.527041ms)
✔ R1: long acyclic reference chains have a schema traversal depth budget (1.658208ms)
✔ R1: the inherited RulePlan resolves its nested local JSON pointer (8.220375ms)
✔ R2: closed shapes reject names inherited by the schema properties object (2.511333ms)
✔ R7: durable timestamps require an actual calendar date and explicit timezone (1.267833ms)
✔ SDK explicit regrant restores coherent epochs after SW restart without reviving old IDs (34.731125ms)
✔ SDK recovery reconciles atomic storage durable result before broker receipt and never replays it (3.783375ms)
✔ SDK restart at dispatched cut pauses its run with original unknown effect and no replacement (2.188291ms)
✔ B05 broker unknown error retains the original admission reference without replay or new writes (15.917541ms)
✔ SDK Hello needs native document/grant and never claims a controller slot (0.590125ms)
✔ SDK grant and request payload cannot carry page authority/namespace/bare args (0.453708ms)
✔ SDK sender/document/lifecycle fences reject before any storage effect (0.435166ms)
✔ 100 same-ID concurrent persistent calls commit one effect and one result (72.778875ms)
✔ same ID with changed args or deadline conflicts and does not overwrite effect (8.647583ms)
✔ native session adapter preserves own undefined/false/0 across Chrome JSON storage (13.455541ms)
✔ durable session duplicate after authority restart does not resubmit native set (14.525042ms)
✔ native session failure records unknown dispatch and will not retry same write (6.116958ms)
✔ SW recovery fences dispatched write gap and retains original identity/deadline (7.596417ms)
✔ durable duplicate cannot extend original 15s service deadline (4.062708ms)
✔ native permission remove then regrant cannot revive old request/grant (9.788125ms)
✔ observed navigation invalidates current page Hello and pending admission (2.889083ms)
✔ notification permission removal with empty origins revokes the affected grant (0.588708ms)
✔ notification native receipt and durable undefined survive delivery revocation (2.017958ms)
✔ successful HTTP business envelope remains data and stores native result before delivery (18.328041ms)
✔ SDK backend timer clamps to earlier caller deadline even for hung native callback (11.400583ms)
✔ legacy log uses shared dispatched journal before one safe sink; duplicate gets own-undefined receipt (9.037167ms)
✔ legacy log unknown sink outcome is retained across recovery and is never submitted again (1.84ms)
✔ same-ID changed args/method/original deadline reaches broker and explicitly delivers conflict (6.041625ms)
✔ timeout plus reused ID: old success or rejection cannot finish/delete replacement (1.397ms)
✔ 100 same-ID same-digest real relay dispatches all reach product broker admission: serial oracle, not native B05 (64.443709ms)
✔ deadline, canonical codec and legitimate request ID hello remain exact at native boundary (0.263375ms)
✔ bad page fields/ACK errors never consume another entry; dispose clears timers and late callbacks (0.246333ms)
✔ one self-contained factory exposes explicit frozen wire profiles in a fresh realm (2.726958ms)
✔ host, fixed Worker runtime and generated harness preserve the same literal values (36.004458ms)
✔ semantic violations are refused in every entry, without executing accessors (53.964667ms)
✔ profile decoder errors retain their codes and reject getters, Symbols and invalid strings (0.294792ms)
✔ foreign-realm tagged wires preserve original decode behavior and the Chrome JSON hop (1.156209ms)
✔ UTF-8 byte boundaries and inclusive depth 12 remain identical across generated and Worker paths (10.841292ms)
✔ generated harness embeds the shared factory, with no imports or host constructors (1.0315ms)
✔ a factory captures serialization intrinsics before user global patches (0.613416ms)
✔ CMP11-API01/02/03/04: bound constructors, immutable pins and independent owners (2.275042ms)
✔ CMP10-API05/06 and CMP01-API36: raw callbacks and raw execute never dispatch (0.520042ms)
✔ CMP10-API35: typed values and statement ignored args before registration (2.476459ms)
✔ CMP03-API34 and CORE-EVALUATE-EXPRESSION: explicit modes and no extra parameters (0.364875ms)
✔ CMP02-API12/13-LIMIT: Worker DOM snapshots reject; serialized alternatives preserve null/[] (0.323083ms)
✔ NAV01 + ChromeElement: only attested navigation advances root; old element/keyboard sequence stay bound (0.681958ms)
✔ CTRL owner fencing: stop/deadline/host-close settle pending once; stale request never rebinds new ctx (1.577667ms)
✔ Private Worker port: global fake peer, wrong owner, wrong correlation and reply replay cannot settle (32.710917ms)
✔ Host relay rejects cross-owner/old revision/old target before the shared transport (0.416166ms)
✔ typed depth 4: params, operation args and immutable result survive wider JSON envelopes (35.648875ms)
✔ typed depth 5: params, operation args and immutable result survive wider JSON envelopes (19.988333ms)
✔ typed depth 6: params, operation args and immutable result survive wider JSON envelopes (16.242ms)
✔ typed depth 7: params, operation args and immutable result survive wider JSON envelopes (28.379417ms)
✔ typed depth 8: params, operation args and immutable result survive wider JSON envelopes (29.376167ms)
✔ typed depth 9: params, operation args and immutable result survive wider JSON envelopes (51.75325ms)
✔ typed depth 10: params, operation args and immutable result survive wider JSON envelopes (19.327666ms)
✔ typed depth 11: params, operation args and immutable result survive wider JSON envelopes (20.152083ms)
✔ typed depth 12: params, operation args and immutable result survive wider JSON envelopes (21.565625ms)
✔ JSON envelope depth 48 never widens the typed depth-12 admission/result/args budgets (6.039583ms)
✔ controller script deletion is CAS tombstone only; GC waits for terminal, Worker and target retirement (32.883333ms)
✔ deleted or hash-invalid scripts abort controller admission without run, slot or pin (3.3005ms)
✔ each controller lease pin binding is required; forged retired lease cannot authorize GC (17.411458ms)
✔ recovery upgrades old terminal lease bindings without reviving its result, Worker or slot (18.361041ms)
✔ public authority commits exact UTF8/headCAS and pins r1 while head advances to r2 without templates (16.9705ms)
✔ borrowed child frame is observed exactly; sibling commits do not fence it; top replacement does (29.336958ms)
✔ worker retirement gates durable result then borrowed release, without closing borrowed tab (26.608709ms)
✔ owned retirement closes only exact created tab after durable terminal commit (38.766791ms)
✔ new registered host reads old namespace result without acquiring its owner or replaying (15.697ms)
✔ permission removal matches exact origin patterns and remains fenced after regrant (10.612083ms)
✔ user-script lookup failure without native effect fails terminal and retires controller (13.91825ms)
✔ native rejection after submission without receipt stays unknown and cannot replay (4.593041ms)
✔ native receipt survives post-dispatch permission loss; request is never resubmitted (7.08725ms)
✔ public recovery pauses controller, holds slot and never replays committed source (2.024541ms)
✔ host port loss pauses while live context remains, but recovered missing host tab retires once (25.470292ms)
✔ public hostGone interruption retires borrowed target and exact pin once (7.280208ms)
✔ hostGone after completed result preserves the immutable result and finishes pending retirement (3.926542ms)
✔ SDK short persistent service completes while controller owns the same unique slot (7.981584ms)
✔ template-disabled host registers once; forced harnessWorker termination precedes durable result and slot release (47.873041ms)
✔ dispatch allowlists reject malformed kind/method before any authority or native call (3.618875ms)
✔ packaged exact document injection, correlation and undefined use real registry; no reinjection/global mutation (9.9505ms)
✔ page session accepts trusted extension sender only, rejects spoof/changed replay and settles each execution once (10.03475ms)
✔ each dispatch is preceded by authority; revocation during suspension produces zero subsequent dispatches (1.148916ms)
✔ real current getScripts at dispatch and accept; false/undefined/business values strictly encoded with generator worlds (9.635709ms)
✔ switch observed unavailable is sticky across driver instances and results are retained before failing post permission (2.353792ms)
✔ user-script receipt must attest exact document/frame; malformed and user errors propagate (5.329ms)
✔ navigation uses admitted pending phase, waits independently of old agent and preserves complete handoff binding (1.895792ms)
✔ navigation ignores another tab and wrong readiness document; timeout cleans every subscription (89.41025ms)
✔ navigation rejects unsupported options before dispatch and unauthorized redirect without handing off (6.42ms)
✔ screenshot rejects fullPage/invisible exact tab and detects active-tab ABA during capture (1.053125ms)
✔ screenshot exact window success and raw receipt survive post-revocation (2.130625ms)
✔ cookie service uses observed store, correct projection/dedup, expires=0 and exact name/path deletion (7.746208ms)
✔ cookie batch preflight denies unauthorized URL and malformed/domain/partition input with no cookie write/read (1.940292ms)
✔ cookie remove native lastError is typed; ambiguous domain or partition observations never remove (1.591458ms)
✔ upload URL omits credentials, manually authorizes redirect and commits real chunks/file bytes (20.033291ms)
✔ upload denies cross-origin/downgrade/too many redirects/oversize/HTTP errors before DOM commit (11.815209ms)
✔ stop cancels real packaged waits/staging, late reply cannot deliver; fresh driver cleans original identity epoch (23.01425ms)
✔ result receipt survives forced stop; new-instance retirement removes borrowed registry resources without closing tab (2.38925ms)
✔ fixed packaged resources allow only current SDK entry; unlisted extension or remote code never creates nodes (1.387458ms)
✔ user wait cancellation uses only framework harness; deadline and pending authority failure fence late callbacks (38.658917ms)
✔ pagehide disposes listener, real wait and upload state; unknown operations create no session (9.49275ms)
✔ borrowed child frame keeps exact frame/document for registry, evaluation and fresh-instance cancellation (2.881125ms)
✔ borrowed child navigation/capture reject explicitly with zero native effects; wrong-frame result and replaced child are fenced (1.274875ms)
✔ CMP10-API35: generated function harness awaits and preserves falsy/undefined/business values (10.563916ms)
✔ CMP10-API35-ERR/LIMIT: generated user failures are typed; no lexical closure/native result fallback (10.466417ms)
✔ CMP03-API34 and CORE-EVALUATE-EXPRESSION: correct worlds, async statement, exact values and syntax error (6.592375ms)
✔ CMP03-API26: pending predicates time out and canceled waits clear the real timer/map (26.33525ms)
✔ four services extend the original eighteen; malicious/oversized arguments cannot reach a sink (1.245959ms)
✔ trusted zero clock, runtime root and log own-undefined survive effect receipt before delivery (0.802667ms)
✔ only two fixed bytes/SHA resources and seven aliases are readable; hostile paths issue zero fetch (32.571167ms)
✔ old bridge consumers keep exactly their data layer and original Promise; reinjection refreshes the same facade (6.020584ms)
✔ the old frozen service ABI is rejected instead of being silently reused (0.315542ms)
✔ SVC cookie reads use exact URL; no public-suffix or neighboring-domain expansion (3.387333ms)
✔ SVC cookie batch preserves explicit expiry/default session and Host-prefix rules (3.959125ms)
✔ SVC cookie removal awaits all callbacks and checks each permission (6.854541ms)
✔ SVC Chrome lastError and missing cookie callbacks are typed failures (0.332125ms)
✔ SVC fixed injection requires exact doc and correct resource/world before Chrome call (0.251708ms)
✔ SVC notification click has no page URL, clears once, close/late events do not resettle (0.388583ms)
✔ CMP13 real loopback four HTTP methods, body and serializable projection (34.034625ms)
✔ CMP13 real response false retained (6.269167ms)
✔ CMP13 real response zero retained (1.183625ms)
✔ CMP13 real response null retained (0.768333ms)
✔ HTTP vs network vs bad JSON/UTF8 typed errors and restricted error response (8.23675ms)
✔ denied URL and config have zero real HTTP; native grant rechecked post response (2.117ms)
✔ private native receipt hook persists HTTP fact before post revocation, not normalized checkServer result (3.091791ms)
✔ manual redirect never follows unauthorized destination (1.639333ms)
✔ actual abort during stalled body/HTTP, size budget and caller cancellation (82.830083ms)
✔ backend 15s budget independent from client timeout and earlier native deadline (3.346667ms)
✔ stalled pre/post native permission validation still obeys driver deadline without replay (42.770083ms)
✔ server checks real observable success/failure and never reports opaque available (26.327417ms)
✔ external IP info disabled default and never calls original external endpoint in tests (0.155917ms)
✔ notification true callback wait, lastError refusal and pre/post authorization (2.59275ms)
✔ service HTTP result preserves business object inside response.data rather than outer authority (3.7505ms)
✔ RESOURCE fixed SDK allowlist has exactly two files; source entry consumes migrated modules (5.280833ms)
✔ RESOURCE project MIT notice is byte-identical to frozen original; no copied vendor resource (1.438209ms)
✔ production actual fixed MAIN bundle reevaluates intact own globals and refreshes Hello (21.853625ms)
✔ development actual fixed MAIN bundle reevaluates intact own globals and refreshes Hello (21.508375ms)
✔ typed error projection preserves original reference and existing details without leaking internal fields (0.985334ms)
✔ window transport rejects original promise once with the wire reference and releases its pending timer (0.844208ms)
✔ Hello incarnation: relay-timeout cannot replace fresh success (7.318958ms)
✔ Hello incarnation: relay-timeout cannot replace fresh denial (1.385417ms)
✔ Hello incarnation: late-success cannot replace fresh success (1.55425ms)
✔ Hello incarnation: late-success cannot replace fresh denial (2.978208ms)
✔ Hello incarnation: late-failure cannot replace fresh success (1.87275ms)
✔ Hello incarnation: late-failure cannot replace fresh denial (1.292958ms)
✔ a request ID named hello uses the final-result channel, never Hello readiness (2.777708ms)
✔ uncorrelated Ready events do not settle a current Hello; pagehide is terminal (0.188291ms)
✔ production exact fixed MAIN/ISOLATED bundles correlate every reinjected Hello (43.138ms)
✔ development exact fixed MAIN/ISOLATED bundles correlate every reinjected Hello (44.114375ms)
✔ exact review reproducer: two fresh evaluations reuse frozen globals and perform new Hello (18.431ms)
✔ fresh native Hello updates expanded/shrunken grant subset and refuses failed regrant (14.632333ms)
✔ reinjection preserves old pending legacy callback and stable ChromeBridgeEvents (12.033625ms)
✔ overlapping reinjections serialize fixed Hello so late old callback cannot supply fresh grant (19.9275ms)
✔ hostile immutable public fake brand, slot, aliases and accessor conflicts fail closed (0.447792ms)
✔ dispose and pagehide are terminal: fresh evaluation cannot resurrect immutable installation (8.506292ms)
✔ borrowed lifecycle and forged function toString cannot impersonate ownership of a different global (0.315625ms)
✔ CMP15 callback preserves false (8.94975ms)
✔ CMP15 callback preserves 0 (1.546625ms)
✔ CMP15 callback preserves undefined (3.031708ms)
✔ CMP15 callback preserves null (0.498583ms)
✔ CMP15 callback preserves  (0.425625ms)
✔ CMP15 callback preserves 0 (0.328667ms)
✔ CMP15 callback preserves  (0.361708ms)
✔ CMP15 callback preserves [object Object] (1.224125ms)
✔ CMP15 inner business error business denied remains original rejection (2.077125ms)
✔ CMP15 inner business error [object Object] remains original rejection (2.284958ms)
✔ CMP15 inner business error null remains original rejection (4.254167ms)
✔ CMP15 inner business error undefined remains original rejection (3.9225ms)
✔ CMP15 inner business error false remains original rejection (2.45ms)
✔ CMP15 inner business error 0 remains original rejection (2.196125ms)
✔ CMP15 malformed Base64 / UTF8 / JSON settle once with typed stage and no pending (5.857ms)
✔ CMP15 unicode legacy Base64 callback and ACK never settle early (2.760625ms)
✔ CMP15 old ChromeBridgeEvents facade is observable but cannot lose private pending settlement (1.416667ms)
✔ B03 client deadline and document dispose clean original pending once (14.636833ms)
✔ CMP07 AppStorage String semantics and AppLocal typed presence cross codec (0.762042ms)
✔ CMP13 four HTTP facades preserve call shape (0.140458ms)
✔ schema/config/business refusal dispatches nothing (0.363125ms)
✔ CMP14 notifications preserve desc rules with typed null/body errors (0.106542ms)
✔ CMP14 server results use latency order, input ties and all-failed null (0.737583ms)
✔ CMP08 strict compact JSON never runs code; wrapAsync is only source transformation (0.42275ms)
✔ CMP08 DeviceType, UA priority, unsupported native/fingerprint, delegated ID (1.261625ms)
✔ CMP08 UtilInfo stays idle until explicit call and keeps original URL (0.097875ms)
✔ events retain old strings and route lifecycle solely to injected RunHost (0.102583ms)
✔ sleep resolves undefined and abort removes timer (2.252958ms)
✔ SDK install conflicts never overwrite page functions; same installation is idempotent (0.603542ms)
✔ Hello cannot be ready from partial or wrong-version allowlist (1.274834ms)
✔ fixed MAIN to ISOLATED fixture preserves typed args/result, no controller or page authority (5.445542ms)
✔ CMP10/B01 business PageBrigeCode/ok/error fields survive real JSON hop inside data (0.892875ms)
✔ Hello grant subset permits its methods and rejects other calls before native request (0.136208ms)
✔ fixture 100 concurrent original promises once settle; not native B05 evidence (17.333416ms)
✔ relay rejects page claims and raw script without native dispatch (2.398958ms)
✔ native typed authority/transport failure is outer error; business remains inner (1.8425ms)
✔ service dispatcher delegates storage and atomic device context without namespace from page (0.595834ms)
✔ FOUR_SERVICE_RESOURCE shared frozen contract has two paths and exactly seven MAIN aliases (0.786042ms)
✔ FOUR_SERVICE_RESOURCE generation records exact output bytes and SHA256 in contract order (35.434292ms)
✔ FOUR_SERVICE_RESOURCE valid schema accepts object field order without accepting extra fields (16.178417ms)
▶ FOUR_SERVICE_RESOURCE rejects unknown/missing schema fields and nonfixed resource sets
  ✔ null (7.637333ms)
  ✔ array (6.1465ms)
  ✔ extra root key (9.282583ms)
  ✔ missing version (7.426458ms)
  ✔ wrong version (13.096042ms)
  ✔ string version (6.568042ms)
  ✔ missing resources (11.592917ms)
  ✔ null resources (21.797ms)
  ✔ empty resources (9.994625ms)
  ✔ one resource (26.64575ms)
  ✔ third resource (22.532167ms)
  ✔ reordered resources (25.088667ms)
  ✔ duplicate resource (10.291959ms)
  ✔ null entry (20.429083ms)
  ✔ array entry (7.875334ms)
  ✔ extra entry key (12.168375ms)
✔ FOUR_SERVICE_RESOURCE rejects unknown/missing schema fields and nonfixed resource sets (222.324916ms)
▶ FOUR_SERVICE_RESOURCE enforces path, bytes, hash types, bounds and exact entry fields
  ✔ missing path (11.186584ms)
  ✔ missing bytes (8.363375ms)
  ✔ missing sha256 (11.680875ms)
  ✔ path sw.js (15.464542ms)
  ✔ path ../framework/sdk-main.js (8.501ms)
  ✔ path framework/sdk-main.js?x (19.168125ms)
  ✔ path framework/%73dk-main.js (12.753125ms)
  ✔ path https://example.com/sdk-main.js (11.804041ms)
  ✔ path assets/js/core/brige.js (9.479166ms)
  ✔ path scripting/sandbox/worker-runtime.js (8.36725ms)
  ✔ bytes 1 (13.901167ms)
  ✔ bytes 0 (8.313209ms)
  ✔ bytes -1 (12.759625ms)
  ✔ bytes 1.5 (6.574166ms)
  ✔ bytes null (11.014292ms)
  ✔ bytes 9007199254740992 (12.619417ms)
  ✔ bytes 262145 (14.753666ms)
  ✔ hash 0 (13.7145ms)
  ✔ hash 1 (8.692333ms)
  ✔ hash 2 (13.944833ms)
  ✔ hash 3 (5.044ms)
  ✔ hash 4 (12.1185ms)
  ✔ hash 5 (7.216292ms)
  ✔ hash 6 (7.679ms)
✔ FOUR_SERVICE_RESOURCE enforces path, bytes, hash types, bounds and exact entry fields (270.038459ms)
✔ FOUR_SERVICE_RESOURCE rejects malformed JSON and invalid UTF8 manifest bytes (21.81425ms)
✔ FOUR_SERVICE_RESOURCE recomputes hash even for equal length output changes (33.334292ms)
✔ FOUR_SERVICE_RESOURCE rejects claimed byte/hash mismatches and missing manifest/output files (29.909375ms)
✔ FOUR_SERVICE_RESOURCE production synthetic package requires and fingerprints the one new JSON asset (87.791709ms)
✔ FOUR_SERVICE_RESOURCE development synthetic package requires and fingerprints the one new JSON asset (114.806583ms)
✔ FOUR_SERVICE_RESOURCE package closure rejects unknown JSON, alias output, stale hashes and symlinks (63.984167ms)
✔ FOUR_SERVICE_RESOURCE manifest stays within the trusted resource reader limit (11.5175ms)
✔ FOUR_SERVICE_RESOURCE added manifest preserves strict permissions, CSP, WAR and dynamic execution checks (49.238542ms)
✔ K5 fixed SDK/control and resource closure validates actual production package (372.432125ms)
✔ K5 production Worker exception rejects eval/Function aliases and reflective extra constructors (1201.152792ms)
✔ K5 fixed SDK/control and resource closure validates actual development package (138.413166ms)
✔ K5 development Worker exception rejects eval/Function aliases and reflective extra constructors (939.683917ms)
✔ K5 fixed SDK files remain subject to privileged dynamic-execution scanner (2042.058375ms)
✔ K5 privileged and opaque CSP mutations cannot broaden execution (656.581875ms)
✔ K5 manifest exposes only SDK MAIN as an exact web accessible resource (899.841541ms)
✔ K5 every HTML is scanned and Worker cannot become a privileged script entry (2924.209ms)
✔ K5 required sandbox/Worker/icon/MIT and unknown assets fail closed (1765.006834ms)
✔ K5 remote JS scanner distinguishes data URLs ending json/jsp without accepting scripts (0.478583ms)
✔ K5 WXT shell regressions still reject ESM and lazy chunk loading (0.339417ms)
✔ K5 additional manifest resources, CSS script consumers and remote maps are rejected (613.483333ms)
✔ 72 source identities/hashes and all 48 symbols survive the plan correction (1.173375ms)
✔ each current mapped capability has concrete source, semantics, dependency and cases (1.683459ms)
✔ frozen denominator lists supported and restricted contracts separately from exclusions (3.772584ms)
✔ stage0 gate cannot borrow historical design scores and product flags require their own evidence (3.201792ms)
✔ stage0 manifest hashes cover frozen plan, mapping, differences, cases and inherited contracts (14.235084ms)
ℹ tests 476
ℹ suites 0
ℹ pass 476
ℹ fail 0
ℹ cancelled 0
ℹ skipped 0
ℹ todo 0
ℹ duration_ms 12437.288792
