✔ inspection only parses and lists download permissions; explicit actions and post-download hash review are separate (31.739126ms)
✔ packaged jQuery and a second ordinary library use ordered generic assets; source provenance is explicit (10.744742ms)
✔ approved locks run offline after a new manager instance and draft edits; source/mode changes require a new lock (5.987667ms)
✔ duplicate declarations preserve execution order, shared bytes do not share another namespace approval (9.726963ms)
✔ a local file adapter preserves declared URL and original file bytes without claiming a network download (4.741472ms)
✔ same URL updates produce new immutable locks; selecting approved old bytes stays offline and deterministic (11.174565ms)
✔ SRI validates original bytes with SHA-256/384/512 and does not silently approve a mismatch (25.654963ms)
✔ downloader rejects redirects, HTML/JSON, malformed UTF-8, private IPs and excess streaming bytes (4.963399ms)
✔ permission revocation and stale host during network/hash work never commit an approvable review or lock (15.280081ms)
✔ asset, review provenance and lock tampering fail closed; quota failure atomically rolls back prepared assets (10.954752ms)
✔ ordinary JS and metadata-looking strings remain source; real BOM/blank-prefixed CRLF header is preserved (2.9058ms)
✔ leading copyright comments do not hide real dependencies or privileges; malformed markers fail closed (2.239678ms)
✔ standard unpinned @require is importable and reviewable, including duplicate execution order (0.541177ms)
✔ TM hex/Base64, SRI tokens, percent-encoded fragments and multiple strong hashes canonicalize without losing plus signs (6.499791ms)
✔ malformed or conflicting integrity is preserved for diagnosis and cannot be admitted (1.401965ms)
✔ weak integrity does not masquerade as verified SRI; mixed declarations keep strong requirements (0.722824ms)
✔ relative dependencies use actual importer provenance, never a page URL or @downloadURL (0.712789ms)
✔ unsupported grants/resources/directives do not prevent import or hide later dependencies (0.61097ms)
✔ entry modes remain explicit and native match/frame/timing mappings are inspectable (2.517637ms)
✔ large valid headers no longer fail at 64 lines or 8 dependencies; real bounds fail closed with import diagnostics (3.885421ms)
✔ pasting @require only inspects; trusted acquisition requests permission synchronously and full-hash approval unlocks unsaved edits (42.937508ms)
✔ changing declarations clears an old lock and a late old review cannot replace the current source or become approvable (6.638916ms)
✔ approved cached bytes can be locked for explicitly selected classic mode without a CDN permission prompt (5.062184ms)
✔ permission refusal stops acquisition and local files preserve their original bytes without a CDN request (6.776103ms)
✔ add dependency edits only the true metadata block, leaves examples intact and refuses to hide an incomplete header (8.632401ms)
✔ closing or changing source while permission/file reading is pending cancels acquisition and old approval handlers (12.95394ms)
✔ review freezes dependency source selectors and lock status does not claim cache verification (1.683169ms)
✔ a late dependency inspection cannot replace the admission of current metadata with the old source policy (7.179567ms)
✔ repairing metadata during inspection uses current admission and retains a dependency-only lock (10.028407ms)
✔ a newly unsupported policy cancels acquisition after the permission await even when dependencies are unchanged (2.529856ms)
✔ approval revalidates current source even when an importer did not dispatch an input event (3.570959ms)
✔ declared antifeatures remain visible as untrusted plain text through inspection and source edits (1.255078ms)
✔ explicit legacy adapter preserves R3 frozen USER_SCRIPT descriptors (13.339864ms)
✔ new pinned revision obtains different world and old revision unchanged (3.064773ms)
✔ fails closed without existing broker Available+install grant or with altered script hash (4.206514ms)
✔ dependency version/sha/world lock enforced, library failure blocks injection (6.670973ms)
✔ D1 Page contract consumes actual manager locks and preserves generic classic globals without a wrapper (32.436014ms)
✔ async-main Page revisions share immutable dependencies while registration identities remain isolated (35.77167ms)
✔ full Page authority proof binds kind, entry, revision, dependency identity and every rule, not only matches (31.695397ms)
✔ Page source/metadata/asset tampering is blocked and old Controller/R3 formats require an explicit path (14.87964ms)
✔ named async main() evaluates in exact USER_SCRIPT main document without durable Task or registration (14.412297ms)
✔ no injection after document change, permission revoke, Controller slot, invalid sender or API opt-in (6.826012ms)
✔ incorrect browser document receipt and native script errors cannot claim success (11.386121ms)
✔ source, site and requested execution world cannot be forged through preview protocol (2.069773ms)
✔ verified pinned jQuery bytes precede preview main, without Service Worker evaluation (10.475496ms)
✔ importing a JS draft leaves saved versions and running source independent (22.955423ms)
✔ draft import rejects empty/oversized sources and active saves without overwriting the editor (6.667678ms)
✔ catalog draft import updates dependency review from the new source without saving or running (6.628571ms)
✔ Save persists revision/hash without requesting permission, creating a Run, or executing code (4.152174ms)
✔ reopened editor lists saved scripts without running and loads the selected latest head explicitly (5.919576ms)
✔ loading a historical revision does not turn it into the latest Save CAS head (6.639131ms)
✔ Delete tombstones the latest head and refreshes the saved-script selector (5.05587ms)
✔ saved A stays immutable; Run freezes unsaved B/params/page A; editing C and Save do not replace B (10.903026ms)
✔ a brand-new unsaved draft runs with an empty script ID and never creates a saved revision (5.509774ms)
✔ permission preparation rejects a switched page; closing the editor during permission never admits a run (15.563748ms)
✔ Stop uses the formal RunHost abort/retirement path and persists stopped with the original pin (7.167435ms)
✔ pagehide invokes RunHost host-close; reopened editor only reads the durable interrupted Result (6.495996ms)
✔ late Save/Load replies do not overwrite another script selection or edits made during loading (7.525292ms)
✔ late saved-script selector load cannot overwrite edits made during loading (6.196455ms)
✔ an older snapshot reply cannot disable Run after a newer durable observation (6.782989ms)
✔ an older snapshot error cannot overwrite a newer successful durable view (5.804187ms)
✔ the permission request remains synchronous in the click fixture; denied permission and invalid params execute nothing (6.984109ms)
✔ DOM preview binds frozen source, dependency choice and exact current document from trusted click (3.669038ms)
✔ DOM preview refuses to inject when the active document changes while permission is pending (5.79252ms)
✔ Developer Stop cannot cancel the formal Task or another view using the shared RunHost (4.018337ms)
✔ real manager → approval → preview executes two ordered sources, reuses draft locks offline, and rechecks new GM grants (52.886858ms)
✔ classic top-level const runs repeatedly in fresh worlds; trailing comments and ASI do not consume the next source (22.521074ms)
✔ a synchronous dependency failure prevents later libraries and the consumer from executing (31.498993ms)
✔ an absent user main cannot fall back to a dependency global main or an async-main-looking comment (8.847449ms)
✔ simulated Chromium named-world exhaustion falls back to default, fails the isolation probe, and injects no user code (9.863184ms)
✔ document budget survives service restart and navigation cleanup; closing a tab releases the ledger even when the API is disabled (33.758365ms)
ℹ tests 71
ℹ suites 0
ℹ pass 71
ℹ fail 0
ℹ cancelled 0
ℹ skipped 0
ℹ todo 0
ℹ duration_ms 296.851836
