✔ real loopback HTTP server serves static JSON, HTML and true 404/non-JSON (55.458761ms)
✔ real loopback HTTP server emits status/POST body and delayed responses (194.296422ms)
✔ one ordinary HTML page exposes unique, stable automation targets (19.572266ms)
✔ the unchanged signed v1 task still targets #name → #submit → #done (4.965251ms)
✔ modern search retains an initially filled field and deliberately replaces its submit button (2.648429ms)
✔ async scene sends only local fetches and distinguishes loading, 404, abort and timeout (3.350673ms)
✔ explicit HTTP GET controls expose safe semantics and preserve offline-first operation (2.631914ms)
✔ the single canonical page exposes seven navigable groups and honest Locator fixtures (8.148367ms)
✔ Locator fixture actions, late insertion, and reset mutate only observable DOM (1531.309062ms)
✔ HTTP panel sends no request until click and shows real status/content without HTML injection (8.856018ms)
✔ the actual HTTP Page draft drives the canonical fetch handler and reports 200 honestly (33.508814ms)
✔ the actual HTTP Page draft drives the canonical fetch handler and reports 503 honestly (11.971656ms)
✔ HTTP panel preserves actual 404 and abort/reset cannot resurrect late replies (5.490344ms)
✔ minimal HTTP UI rejects invalid URLs without sending requests (2.257173ms)
✔ inline JavaScript parses without a third-party runtime or external resources (1.159818ms)
✔ manual browser testing has exactly one canonical HTML and no obsolete advertised URL (1.870344ms)
✔ pasting @require only inspects; trusted acquisition requests permission synchronously and full-hash approval unlocks unsaved edits (45.100702ms)
✔ changing declarations clears an old lock and a late old review cannot replace the current source or become approvable (7.162396ms)
✔ approved cached bytes can be locked for explicitly selected classic mode without a CDN permission prompt (4.726919ms)
✔ permission refusal stops acquisition and local files preserve their original bytes without a CDN request (11.291965ms)
✔ add dependency edits only the true metadata block, leaves examples intact and refuses to hide an incomplete header (6.14006ms)
✔ closing or changing source while permission/file reading is pending cancels acquisition and old approval handlers (12.851331ms)
✔ review freezes dependency source selectors and lock status does not claim cache verification (3.164188ms)
✔ a late dependency inspection cannot replace the admission of current metadata with the old source policy (12.669633ms)
✔ repairing metadata during inspection uses current admission and retains a dependency-only lock (2.841794ms)
✔ a newly unsupported policy cancels acquisition after the permission await even when dependencies are unchanged (2.810618ms)
✔ approval revalidates current source even when an importer did not dispatch an input event (5.929635ms)
✔ declared antifeatures remain visible as untrusted plain text through inspection and source edits (1.708125ms)
✔ same-id replacement disposes old listener, keeps a different instance (2.942663ms)
✔ assets, timer/observer/ObjectURL and pagehide cleanup remain scoped (3.122878ms)
✔ CSS url() points to embedded image, with JSON and hashes; no runtime dev server (1057.448398ms)
✔ reject CSS network/import/undeclared URLs and spoofed image bytes (16.248533ms)
✔ original JavaScript-only program keeps its output without adding base CSS (241.971979ms)
✔ three-file ESM Page project becomes one locally hashed JS consumed by existing USER_SCRIPT compiler (938.317392ms)
✔ Controller ESM project produces the existing genuine Task v1 Candidate import format, not an Available claim (241.273566ms)
✔ development mode emits readable program JS, draft metadata and a separate local source map only (71.938996ms)
✔ development source map maps final generated throw position back to local authoring module (34.889608ms)
✔ a declared Page stylesheet enters the immutable program artifact rather than failing closed (160.543887ms)
✔ webpack dependency failures report project, phase and importing source location (136.390267ms)
✔ untrusted remote and dynamic ESM imports are rejected before Webpack (5.54264ms)
✔ a frozen output directory rejects replacement without quietly publishing new bytes (328.884802ms)
✔ R8 catalog has 188 single-owner capabilities, 40 complete tasks and an acyclic phased plan (6.28969ms)
✔ omitted deferred capability, duplicate primary ownership and invented capability fail the coverage gate (9.814069ms)
✔ invalid prerequisite, circular work ordering and duplicate catalog identity are rejected (20.367798ms)
✔ three project folders: genuine ESM graphs and fixed CSS/JSON/PNG byte hashes (70.799608ms)
✔ Page ESM bundles into USER_SCRIPT and repeated execution creates only one visible marker (665.720268ms)
✔ Controller ESM emits a Task v1 Candidate and invokes only approved Locator methods (297.846318ms)
✔ declared CSS/JSON/PNG are frozen into Page USER_SCRIPT without becoming installed (201.681061ms)
✔ trusted tool host installs only by explicit click, scopes messages and removes storage (32.759755ms)
ℹ tests 49
ℹ suites 0
ℹ pass 49
ℹ fail 0
ℹ cancelled 0
ℹ skipped 0
ℹ todo 0
ℹ duration_ms 2139.302357
