2026-10-08T17:59:57.4010890Z Current runner version: '2.337.0'
2026-10-08T17:59:57.4027910Z ##[group]Runner Image Provisioner
2026-10-08T17:59:57.4028450Z Hosted Compute Agent
2026-10-08T17:59:57.4028820Z Version: 20260828.587
2026-10-08T17:59:57.4029220Z Commit: abac92662cab4cc7352de4f9f9d2e2419aad9c29
2026-10-08T17:59:57.4029690Z Build Date: 2026-08-28T16:44:25Z
2026-10-08T17:59:57.4030130Z Worker ID: {e06fa831-b8cd-4f69-8bfa-a655bd09a5a3}
2026-10-08T17:59:57.4030590Z Azure Region: westus
2026-10-08T17:59:57.4030960Z ##[endgroup]
2026-10-08T17:59:57.4031850Z ##[group]Operating System
2026-10-08T17:59:57.4032230Z macOS
2026-10-08T17:59:57.4032550Z 15.7.9
2026-10-08T17:59:57.4032880Z 24G830
2026-10-08T17:59:57.4033200Z ##[endgroup]
2026-10-08T17:59:57.4033550Z ##[group]Runner Image
2026-10-08T17:59:57.4033920Z Image: macos-15-arm64
2026-10-08T17:59:57.4034290Z Version: 20260907.0337.1
2026-10-08T17:59:57.4035100Z Included Software: https://github.com/actions/runner-images/blob/macos-15-arm64/20260907.0337/images/macos/macos-15-arm64-Readme.md
2026-10-08T17:59:57.4036140Z Image Release: https://github.com/actions/runner-images/releases/tag/macos-15-arm64%2F20260907.0337
2026-10-08T17:59:57.4036810Z ##[endgroup]
2026-10-08T17:59:57.4037540Z ##[group]GITHUB_TOKEN Permissions
2026-10-08T17:59:57.4038630Z Contents: read
2026-10-08T17:59:57.4039000Z Metadata: read
2026-10-08T17:59:57.4039370Z ##[endgroup]
2026-10-08T17:59:57.4040740Z Secret source: Actions
2026-10-08T17:59:57.4041300Z Cache mode: write
2026-10-08T17:59:57.4041770Z Prepare workflow directory
2026-10-08T17:59:57.4344470Z Prepare all required actions
2026-10-08T17:59:57.4379640Z Getting action download info
2026-10-08T17:59:57.7115610Z Download action repository 'actions/checkout@v4' (SHA:11d5960a326750d5838078e36cf38b85af677262)
2026-10-08T17:59:58.0954440Z Download action repository 'actions/setup-node@v4' (SHA:49933ea5288caeca8642d1e84afbd3f7d6820020)
2026-10-08T17:59:58.2149630Z Download action repository 'browser-actions/setup-chrome@v2' (SHA:48ad923757ca74d66703209fe939badbdf80f2f4)
2026-10-08T17:59:58.8974790Z Complete job name: macos-native-host-ipc (macos-15)
2026-10-08T17:59:58.9633060Z ##[group]Run actions/checkout@v4
2026-10-08T17:59:58.9633720Z with:
2026-10-08T17:59:58.9634140Z   repository: shopable-ai/opendesk-browser
2026-10-08T17:59:58.9637520Z   token: ***
2026-10-08T17:59:58.9637900Z   ssh-strict: true
2026-10-08T17:59:58.9638320Z   ssh-user: git
2026-10-08T17:59:58.9638700Z   persist-credentials: true
2026-10-08T17:59:58.9639120Z   clean: true
2026-10-08T17:59:58.9639510Z   sparse-checkout-cone-mode: true
2026-10-08T17:59:58.9639970Z   fetch-depth: 1
2026-10-08T17:59:58.9640350Z   fetch-tags: false
2026-10-08T17:59:58.9640730Z   show-progress: true
2026-10-08T17:59:58.9641120Z   lfs: false
2026-10-08T17:59:58.9641490Z   submodules: false
2026-10-08T17:59:58.9641890Z   set-safe-directory: true
2026-10-08T17:59:58.9642330Z   allow-unsafe-pr-checkout: false
2026-10-08T17:59:58.9643050Z ##[endgroup]
2026-10-08T17:59:59.4712440Z Syncing repository: shopable-ai/opendesk-browser
2026-10-08T17:59:59.4714620Z ##[group]Getting Git version info
2026-10-08T17:59:59.4715850Z Working directory is '/Users/runner/work/opendesk-browser/opendesk-browser'
2026-10-08T17:59:59.4718270Z [command]/opt/homebrew/bin/git version
2026-10-08T17:59:59.5374190Z git version 2.55.0
2026-10-08T17:59:59.5396450Z ##[endgroup]
2026-10-08T17:59:59.5413740Z Copying '/Users/runner/.gitconfig' to '/Users/runner/work/_temp/9183699b-387b-42fe-8886-d43328e98ad7/.gitconfig'
2026-10-08T17:59:59.5417140Z Temporarily overriding HOME='/Users/runner/work/_temp/9183699b-387b-42fe-8886-d43328e98ad7' before making global git config changes
2026-10-08T17:59:59.5420220Z Adding repository directory to the temporary git global config as a safe directory
2026-10-08T17:59:59.5423130Z [command]/opt/homebrew/bin/git config --global --add safe.directory /Users/runner/work/opendesk-browser/opendesk-browser
2026-10-08T17:59:59.5646100Z Deleting the contents of '/Users/runner/work/opendesk-browser/opendesk-browser'
2026-10-08T17:59:59.5650530Z ##[group]Initializing the repository
2026-10-08T17:59:59.5653290Z [command]/opt/homebrew/bin/git init /Users/runner/work/opendesk-browser/opendesk-browser
2026-10-08T17:59:59.5837060Z hint: Using 'master' as the name for the initial branch. This default branch name
2026-10-08T17:59:59.5839480Z hint: will change to "main" in Git 3.0. To configure the initial branch name
2026-10-08T17:59:59.5841710Z hint: to use in all of your new repositories, which will suppress this warning,
2026-10-08T17:59:59.5843240Z hint: call:
2026-10-08T17:59:59.5845730Z hint:
2026-10-08T17:59:59.5847120Z hint: 	git config --global init.defaultBranch <name>
2026-10-08T17:59:59.5848310Z hint:
2026-10-08T17:59:59.5849530Z hint: Names commonly chosen instead of 'master' are 'main', 'trunk' and
2026-10-08T17:59:59.5851280Z hint: 'development'. The just-created branch can be renamed via this command:
2026-10-08T17:59:59.5852690Z hint:
2026-10-08T17:59:59.5853960Z hint: 	git branch -m <name>
2026-10-08T17:59:59.5855130Z hint:
2026-10-08T17:59:59.5856450Z hint: Disable this message with "git config set advice.defaultBranchName false"
2026-10-08T17:59:59.5858600Z Initialized empty Git repository in /Users/runner/work/opendesk-browser/opendesk-browser/.git/
2026-10-08T17:59:59.5868690Z [command]/opt/homebrew/bin/git remote add origin https://github.com/shopable-ai/opendesk-browser
2026-10-08T17:59:59.5953700Z ##[endgroup]
2026-10-08T17:59:59.5955110Z ##[group]Disabling automatic garbage collection
2026-10-08T17:59:59.5956520Z [command]/opt/homebrew/bin/git config --local gc.auto 0
2026-10-08T17:59:59.6046340Z ##[endgroup]
2026-10-08T17:59:59.6159450Z ##[group]Setting up auth
2026-10-08T17:59:59.6288440Z [command]/opt/homebrew/bin/git config --local --name-only --get-regexp core\.sshCommand
2026-10-08T17:59:59.6593480Z [command]/opt/homebrew/bin/git submodule foreach --recursive sh -c "git config --local --name-only --get-regexp 'core\.sshCommand' && git config --local --unset-all 'core.sshCommand' || :"
2026-10-08T17:59:59.7520080Z [command]/opt/homebrew/bin/git config --local --name-only --get-regexp http\.https\:\/\/github\.com\/\.extraheader
2026-10-08T17:59:59.7585060Z [command]/opt/homebrew/bin/git submodule foreach --recursive sh -c "git config --local --name-only --get-regexp 'http\.https\:\/\/github\.com\/\.extraheader' && git config --local --unset-all 'http.https://github.com/.extraheader' || :"
2026-10-08T17:59:59.8461800Z [command]/opt/homebrew/bin/git config --local --name-only --get-regexp ^includeIf\.gitdir:
2026-10-08T17:59:59.8527330Z [command]/opt/homebrew/bin/git submodule foreach --recursive git config --local --show-origin --name-only --get-regexp remote.origin.url
2026-10-08T17:59:59.9915970Z [command]/opt/homebrew/bin/git config --local http.https://github.com/.extraheader AUTHORIZATION: basic ***
2026-10-08T17:59:59.9990300Z ##[endgroup]
2026-10-08T17:59:59.9993340Z ##[group]Fetching the repository
2026-10-08T17:59:59.9999070Z [command]/opt/homebrew/bin/git -c protocol.version=2 fetch --no-tags --prune --no-recurse-submodules --depth=1 origin +bd47d40c9cf88af6942fe35c7468a92c3042c2d1:refs/remotes/origin/main
2026-10-08T18:00:03.7977400Z From https://github.com/shopable-ai/opendesk-browser
2026-10-08T18:00:03.7979040Z  * [new ref]         bd47d40c9cf88af6942fe35c7468a92c3042c2d1 -> origin/main
2026-10-08T18:00:03.7986210Z ##[endgroup]
2026-10-08T18:00:03.7986830Z ##[group]Determining the checkout info
2026-10-08T18:00:03.7990800Z ##[endgroup]
2026-10-08T18:00:03.8006850Z [command]/opt/homebrew/bin/git sparse-checkout disable
2026-10-08T18:00:03.8116320Z [command]/opt/homebrew/bin/git config --local --unset-all extensions.worktreeConfig
2026-10-08T18:00:03.8198880Z ##[group]Checking out the ref
2026-10-08T18:00:03.8207940Z [command]/opt/homebrew/bin/git checkout --progress --force -B main refs/remotes/origin/main
2026-10-08T18:00:04.9126340Z Updating files:  27% (3633/12981)
2026-10-08T18:00:04.9539120Z Updating files:  28% (3635/12981)
2026-10-08T18:00:04.9754480Z Updating files:  29% (3765/12981)
2026-10-08T18:00:05.0028720Z Updating files:  30% (3895/12981)
2026-10-08T18:00:05.0176920Z Updating files:  31% (4025/12981)
2026-10-08T18:00:05.0493630Z Updating files:  32% (4154/12981)
2026-10-08T18:00:05.0664410Z Updating files:  33% (4284/12981)
2026-10-08T18:00:05.0861900Z Updating files:  34% (4414/12981)
2026-10-08T18:00:05.1169230Z Updating files:  35% (4544/12981)
2026-10-08T18:00:05.1363770Z Updating files:  36% (4674/12981)
2026-10-08T18:00:05.1528750Z Updating files:  37% (4803/12981)
2026-10-08T18:00:05.1688400Z Updating files:  38% (4933/12981)
2026-10-08T18:00:05.1917490Z Updating files:  39% (5063/12981)
2026-10-08T18:00:05.2084710Z Updating files:  40% (5193/12981)
2026-10-08T18:00:05.2216130Z Updating files:  41% (5323/12981)
2026-10-08T18:00:05.2468580Z Updating files:  42% (5453/12981)
2026-10-08T18:00:05.2742160Z Updating files:  43% (5582/12981)
2026-10-08T18:00:05.2900520Z Updating files:  44% (5712/12981)
2026-10-08T18:00:05.3142500Z Updating files:  45% (5842/12981)
2026-10-08T18:00:05.3394890Z Updating files:  46% (5972/12981)
2026-10-08T18:00:05.3551730Z Updating files:  47% (6102/12981)
2026-10-08T18:00:05.3846950Z Updating files:  48% (6231/12981)
2026-10-08T18:00:05.4055600Z Updating files:  49% (6361/12981)
2026-10-08T18:00:05.4720760Z Updating files:  50% (6491/12981)
2026-10-08T18:00:05.4895700Z Updating files:  51% (6621/12981)
2026-10-08T18:00:05.5114010Z Updating files:  52% (6751/12981)
2026-10-08T18:00:05.5424530Z Updating files:  53% (6880/12981)
2026-10-08T18:00:05.5543730Z Updating files:  54% (7010/12981)
2026-10-08T18:00:05.5860160Z Updating files:  55% (7140/12981)
2026-10-08T18:00:05.6073890Z Updating files:  56% (7270/12981)
2026-10-08T18:00:05.6245080Z Updating files:  57% (7400/12981)
2026-10-08T18:00:05.6485970Z Updating files:  58% (7529/12981)
2026-10-08T18:00:05.6740130Z Updating files:  59% (7659/12981)
2026-10-08T18:00:05.6932240Z Updating files:  60% (7789/12981)
2026-10-08T18:00:05.7161010Z Updating files:  61% (7919/12981)
2026-10-08T18:00:05.7366610Z Updating files:  62% (8049/12981)
2026-10-08T18:00:05.7530940Z Updating files:  63% (8179/12981)
2026-10-08T18:00:05.7694530Z Updating files:  64% (8308/12981)
2026-10-08T18:00:05.7894630Z Updating files:  65% (8438/12981)
2026-10-08T18:00:05.8092290Z Updating files:  66% (8568/12981)
2026-10-08T18:00:05.8257830Z Updating files:  67% (8698/12981)
2026-10-08T18:00:05.8479400Z Updating files:  68% (8828/12981)
2026-10-08T18:00:05.8494790Z Updating files:  68% (8939/12981)
2026-10-08T18:00:05.8682620Z Updating files:  69% (8957/12981)
2026-10-08T18:00:05.8857200Z Updating files:  70% (9087/12981)
2026-10-08T18:00:05.9055850Z Updating files:  71% (9217/12981)
2026-10-08T18:00:05.9267930Z Updating files:  72% (9347/12981)
2026-10-08T18:00:05.9478650Z Updating files:  73% (9477/12981)
2026-10-08T18:00:05.9657200Z Updating files:  74% (9606/12981)
2026-10-08T18:00:05.9914730Z Updating files:  75% (9736/12981)
2026-10-08T18:00:06.0077390Z Updating files:  76% (9866/12981)
2026-10-08T18:00:06.0284710Z Updating files:  77% (9996/12981)
2026-10-08T18:00:06.0470290Z Updating files:  78% (10126/12981)
2026-10-08T18:00:06.0688410Z Updating files:  79% (10255/12981)
2026-10-08T18:00:06.0868040Z Updating files:  80% (10385/12981)
2026-10-08T18:00:06.1096610Z Updating files:  81% (10515/12981)
2026-10-08T18:00:06.1491620Z Updating files:  82% (10645/12981)
2026-10-08T18:00:06.1663180Z Updating files:  83% (10775/12981)
2026-10-08T18:00:06.1775300Z Updating files:  84% (10905/12981)
2026-10-08T18:00:06.2108300Z Updating files:  85% (11034/12981)
2026-10-08T18:00:06.2306220Z Updating files:  86% (11164/12981)
2026-10-08T18:00:06.2638950Z Updating files:  87% (11294/12981)
2026-10-08T18:00:06.3261370Z Updating files:  88% (11424/12981)
2026-10-08T18:00:06.3845120Z Updating files:  89% (11554/12981)
2026-10-08T18:00:06.4179620Z Updating files:  90% (11683/12981)
2026-10-08T18:00:06.4345690Z Updating files:  91% (11813/12981)
2026-10-08T18:00:06.4567650Z Updating files:  92% (11943/12981)
2026-10-08T18:00:06.5014270Z Updating files:  93% (12073/12981)
2026-10-08T18:00:06.6338900Z Updating files:  94% (12203/12981)
2026-10-08T18:00:06.6960600Z Updating files:  95% (12332/12981)
2026-10-08T18:00:06.7871960Z Updating files:  96% (12462/12981)
2026-10-08T18:00:06.8470950Z Updating files:  97% (12592/12981)
2026-10-08T18:00:06.8828280Z Updating files:  97% (12672/12981)
2026-10-08T18:00:07.0190960Z Updating files:  98% (12722/12981)
2026-10-08T18:00:07.1067080Z Updating files:  99% (12852/12981)
2026-10-08T18:00:07.1068240Z Updating files: 100% (12981/12981)
2026-10-08T18:00:07.1069030Z Updating files: 100% (12981/12981), done.
2026-10-08T18:00:07.1394750Z Switched to a new branch 'main'
2026-10-08T18:00:07.1423790Z branch 'main' set up to track 'origin/main'.
2026-10-08T18:00:07.1560570Z ##[endgroup]
2026-10-08T18:00:07.1854880Z [command]/opt/homebrew/bin/git log -1 --format=%H
2026-10-08T18:00:07.1924860Z bd47d40c9cf88af6942fe35c7468a92c3042c2d1
2026-10-08T18:00:07.2533360Z ##[group]Run actions/setup-node@v4
2026-10-08T18:00:07.2534380Z with:
2026-10-08T18:00:07.2535130Z   node-version: 22
2026-10-08T18:00:07.2535680Z   always-auth: false
2026-10-08T18:00:07.2536240Z   check-latest: false
2026-10-08T18:00:07.2542690Z   token: ***
2026-10-08T18:00:07.2543270Z ##[endgroup]
2026-10-08T18:00:07.4751220Z Found in cache @ /Users/runner/hostedtoolcache/node/22.23.2/arm64
2026-10-08T18:00:07.4753430Z (node:1586) [DEP0040] DeprecationWarning: The `punycode` module is deprecated. Please use a userland alternative instead.
2026-10-08T18:00:07.4755380Z (Use `node --trace-deprecation ...` to show where the warning was created)
2026-10-08T18:00:07.4756910Z ##[group]Environment details
2026-10-08T18:00:08.0499570Z node: v22.23.2
2026-10-08T18:00:08.0500360Z npm: 10.9.8
2026-10-08T18:00:08.0500690Z yarn: 1.22.22
2026-10-08T18:00:08.0501480Z ##[endgroup]
2026-10-08T18:00:08.0605080Z ##[group]Run node --test tests/environment/native-agent-macos-install.test.mjs
2026-10-08T18:00:08.0605770Z [36;1mnode --test tests/environment/native-agent-macos-install.test.mjs[0m
2026-10-08T18:00:08.0702020Z shell: /bin/bash -e {0}
2026-10-08T18:00:08.0702680Z ##[endgroup]
2026-10-08T18:00:08.1530970Z TAP version 13
2026-10-08T18:00:08.8476160Z # Subtest: macOS isolated Native Host install, private socket, real wrapper and authenticated CLI IPC
2026-10-08T18:00:08.8480910Z ok 1 - macOS isolated Native Host install, private socket, real wrapper and authenticated CLI IPC
2026-10-08T18:00:08.8481560Z   ---
2026-10-08T18:00:08.8481910Z   duration_ms: 534.178417
2026-10-08T18:00:08.8482640Z   type: 'test'
2026-10-08T18:00:08.8482860Z   ...
2026-10-08T18:00:09.0394900Z # Subtest: macOS Chrome for Testing uses its own manifest and cannot replace Google Chrome registration
2026-10-08T18:00:09.0426360Z ok 2 - macOS Chrome for Testing uses its own manifest and cannot replace Google Chrome registration
2026-10-08T18:00:09.0427600Z   ---
2026-10-08T18:00:09.0428060Z   duration_ms: 224.299084
2026-10-08T18:00:09.0429090Z   type: 'test'
2026-10-08T18:00:09.0429530Z   ...
2026-10-08T18:00:09.1416240Z # Subtest: macOS Chrome for Testing manifest is isolated from regular Chrome and launches the real native host
2026-10-08T18:00:09.1515400Z ok 3 - macOS Chrome for Testing manifest is isolated from regular Chrome and launches the real native host
2026-10-08T18:00:09.1616040Z   ---
2026-10-08T18:00:09.1716440Z   duration_ms: 191.782208
2026-10-08T18:00:09.1752590Z   type: 'test'
2026-10-08T18:00:09.1755340Z   ...
2026-10-08T18:00:09.1756050Z 1..3
2026-10-08T18:00:09.1756330Z # tests 3
2026-10-08T18:00:09.1756620Z # suites 0
2026-10-08T18:00:09.1756890Z # pass 3
2026-10-08T18:00:09.1757140Z # fail 0
2026-10-08T18:00:09.1758260Z # cancelled 0
2026-10-08T18:00:09.1759810Z # skipped 0
2026-10-08T18:00:09.1760600Z # todo 0
2026-10-08T18:00:09.1761230Z # duration_ms 1005.302292
2026-10-08T18:00:09.1846460Z ##[group]Run browser-actions/setup-chrome@v2
2026-10-08T18:00:09.1846920Z with:
2026-10-08T18:00:09.1847140Z   chrome-version: stable
2026-10-08T18:00:09.1847430Z   install-dependencies: false
2026-10-08T18:00:09.1847730Z   install-chromedriver: false
2026-10-08T18:00:09.1848270Z   no-sudo: false
2026-10-08T18:00:09.1848460Z ##[endgroup]
2026-10-08T18:00:09.2713540Z Setup chrome stable
2026-10-08T18:00:09.2716250Z Attempting to download chrome stable...
2026-10-08T18:00:09.3626510Z Acquiring chrome stable from https://storage.googleapis.com/chrome-for-testing-public/155.0.8059.39/mac-arm64/chrome-mac-arm64.zip
2026-10-08T18:00:10.9705990Z Installing chrome...
2026-10-08T18:00:10.9753710Z [command]/usr/bin/unzip -o -q /Users/runner/work/_temp/42597395-4f0f-4aaf-bff2-deb535a03bbc
2026-10-08T18:00:20.2697930Z Successfully Installed chrome to /Users/runner/hostedtoolcache/setup-chrome/chrome/stable/arm64
2026-10-08T18:00:20.2707650Z [command]/Users/runner/hostedtoolcache/setup-chrome/chrome/stable/arm64/Contents/MacOS/Google Chrome for Testing --version
2026-10-08T18:00:20.4433680Z Google Chrome for Testing 155.0.8059.39 
2026-10-08T18:00:20.4493120Z Successfully setup chrome 155.0.8059.39
2026-10-08T18:00:20.5410920Z ##[group]Run npm ci --ignore-scripts --no-audit --no-fund
2026-10-08T18:00:20.5412450Z [36;1mnpm ci --ignore-scripts --no-audit --no-fund[0m
2026-10-08T18:00:20.5413000Z [36;1mnpm run build[0m
2026-10-08T18:00:20.5414050Z [36;1mnode --test tests/environment/native-agent-chrome-real.test.mjs[0m
2026-10-08T18:00:20.5512820Z shell: /bin/bash -e {0}
2026-10-08T18:00:20.5513130Z env:
2026-10-08T18:00:20.5513750Z   CHROME_FOR_TESTING_BIN: /Users/runner/hostedtoolcache/setup-chrome/chrome/stable/arm64/Contents/MacOS/Google Chrome for Testing
2026-10-08T18:00:20.5514320Z ##[endgroup]
2026-10-08T18:00:24.8353340Z 
2026-10-08T18:00:24.8355610Z added 240 packages in 4s
2026-10-08T18:00:25.2189990Z 
2026-10-08T18:00:25.2191510Z > opendesk-browser@0.1.0 build
2026-10-08T18:00:25.2192780Z > node scripts/build.mjs production
2026-10-08T18:00:25.2193280Z 
2026-10-08T18:00:25.7326240Z [log] 
2026-10-08T18:00:25.7345190Z WXT 0.21.4
2026-10-08T18:00:25.8783260Z [info] Generating types...
2026-10-08T18:00:25.9881760Z [success] Finished in 257 ms
2026-10-08T18:00:26.3702000Z [log] 
2026-10-08T18:00:26.3702740Z WXT 0.21.4
2026-10-08T18:00:26.4905710Z [info] Building chrome-mv3 for production with Vite 7.3.6
2026-10-08T18:00:26.6528950Z [?25l
2026-10-08T18:00:26.6610890Z ⠋ Preparing...[K
2026-10-08T18:00:26.7283370Z ⠋ [1/13] sw[K
2026-10-08T18:00:26.8980440Z ⠙ [1/13] sw[K
2026-10-08T18:00:27.0796700Z ⠹ [1/13] sw[K
2026-10-08T18:00:27.1651670Z ⠸ [1/13] sw[K
2026-10-08T18:00:27.7553550Z ⠼ [1/13] sw[K
2026-10-08T18:00:27.8280430Z ⠴ [1/13] sw[K
2026-10-08T18:00:27.9095360Z ⠦ [1/13] sw[K
2026-10-08T18:00:27.9913100Z ⠧ [1/13] sw[K
2026-10-08T18:00:28.0735690Z ⠇ [1/13] sw[K
2026-10-08T18:00:28.1539940Z ⠏ [1/13] sw[K
2026-10-08T18:00:28.2341500Z ⠋ [1/13] sw[K
2026-10-08T18:00:28.3165580Z ⠙ [1/13] sw[K
2026-10-08T18:00:28.4044860Z ⠹ [1/13] sw[K
2026-10-08T18:00:28.4818390Z ⠸ [1/13] sw[K
2026-10-08T18:00:28.5696730Z ⠼ [1/13] sw[K
2026-10-08T18:00:28.6457330Z ⠴ [1/13] sw[K
2026-10-08T18:00:28.7259260Z ⠦ [1/13] sw[K
2026-10-08T18:00:28.8087210Z ⠧ [1/13] sw[K
2026-10-08T18:00:28.8914560Z ⠇ [1/13] sw[K
2026-10-08T18:00:28.9756380Z ⠏ [1/13] sw[K
2026-10-08T18:00:29.0581050Z ⠋ [1/13] sw[K
2026-10-08T18:00:29.1388560Z ⠙ [1/13] sw[K
2026-10-08T18:00:29.2225130Z ⠹ [1/13] sw[K
2026-10-08T18:00:29.3029580Z ⠸ [1/13] sw[K
2026-10-08T18:00:29.3743210Z ⠼ [1/13] sw[K
2026-10-08T18:00:29.4545210Z ⠴ [1/13] sw[K
2026-10-08T18:00:29.5474000Z ⠦ [1/13] sw[K
2026-10-08T18:00:29.6171950Z ⠧ [1/13] sw[K
2026-10-08T18:00:29.7025950Z ⠇ [1/13] sw[K
2026-10-08T18:00:29.7877790Z ⠏ [1/13] sw[K
2026-10-08T18:00:29.8614250Z ⠋ [1/13] sw[K
2026-10-08T18:00:29.9426950Z ⠙ [1/13] sw[K
2026-10-08T18:00:30.0269040Z ⠹ [1/13] sw[K
2026-10-08T18:00:30.1073970Z ⠸ [1/13] sw[K
2026-10-08T18:00:30.1904870Z ⠼ [1/13] sw[K
2026-10-08T18:00:30.2840870Z ⠴ [1/13] sw[K
2026-10-08T18:00:30.3552590Z ⠦ [1/13] sw[K
2026-10-08T18:00:30.4406560Z ⠧ [1/13] sw[K
2026-10-08T18:00:30.5149450Z ⠇ [1/13] sw[K
2026-10-08T18:00:30.5971400Z ⠏ [1/13] sw[K
2026-10-08T18:00:30.6864510Z ⠋ [1/13] sw[K
2026-10-08T18:00:30.7744350Z ⠙ [1/13] sw[K
2026-10-08T18:00:30.8550360Z ⠹ [1/13] sw[K
2026-10-08T18:00:30.9256970Z ⠸ [1/13] sw[K
2026-10-08T18:00:31.0100960Z ⠼ [1/13] sw[K
2026-10-08T18:00:31.0881290Z ⠴ [1/13] sw[K
2026-10-08T18:00:31.1800990Z ⠦ [1/13] sw[K
2026-10-08T18:00:31.2549190Z ⠧ [1/13] sw[K
2026-10-08T18:00:31.3352890Z ⠇ [1/13] sw[K
2026-10-08T18:00:31.4220390Z ⠏ [1/13] sw[K
2026-10-08T18:00:31.5044070Z ⠋ [1/13] sw[K
2026-10-08T18:00:31.5245580Z ⠙ [1/13] sw[K
2026-10-08T18:00:31.5850460Z ⠙ [2/13] bootstrap[K
2026-10-08T18:00:31.6585290Z ⠹ [2/13] bootstrap[K
2026-10-08T18:00:31.7197660Z ⠸ [2/13] bootstrap[K
2026-10-08T18:00:31.7404130Z ⠸ [3/13] health[K
2026-10-08T18:00:31.8250630Z ⠼ [3/13] health[K
2026-10-08T18:00:31.8829330Z ⠴ [3/13] health[K
2026-10-08T18:00:31.9050620Z ⠴ [4/13] page-agent[K
2026-10-08T18:00:31.9864010Z ⠦ [4/13] page-agent[K
2026-10-08T18:00:32.0651020Z ⠧ [4/13] page-agent[K
2026-10-08T18:00:32.1505490Z ⠇ [4/13] page-agent[K
2026-10-08T18:00:32.2307030Z ⠏ [4/13] page-agent[K
2026-10-08T18:00:32.3111820Z ⠋ [4/13] page-agent[K
2026-10-08T18:00:32.3918640Z ⠙ [4/13] page-agent[K
2026-10-08T18:00:32.4722680Z ⠹ [4/13] page-agent[K
2026-10-08T18:00:32.5025940Z ⠸ [4/13] page-agent[K
2026-10-08T18:00:32.5628890Z ⠸ [5/13] page-relay[K
2026-10-08T18:00:32.6397320Z ⠼ [5/13] page-relay[K
2026-10-08T18:00:32.7279730Z ⠴ [5/13] page-relay[K
2026-10-08T18:00:32.8089840Z ⠦ [5/13] page-relay[K
2026-10-08T18:00:32.8895240Z ⠧ [5/13] page-relay[K
2026-10-08T18:00:32.9707230Z ⠇ [5/13] page-relay[K
2026-10-08T18:00:33.0511530Z ⠏ [5/13] page-relay[K
2026-10-08T18:00:33.1222270Z ⠋ [5/13] page-relay[K
2026-10-08T18:00:33.1281230Z ⠋ [6/13] page-session[K
2026-10-08T18:00:33.2401410Z ⠙ [6/13] page-session[K
2026-10-08T18:00:33.3208880Z ⠹ [6/13] page-session[K
2026-10-08T18:00:33.4120370Z ⠸ [6/13] page-session[K
2026-10-08T18:00:33.4881260Z ⠼ [6/13] page-session[K
2026-10-08T18:00:33.5694510Z ⠴ [6/13] page-session[K
2026-10-08T18:00:33.6512690Z ⠦ [6/13] page-session[K
2026-10-08T18:00:33.7409910Z ⠧ [6/13] page-session[K
2026-10-08T18:00:33.8160510Z ⠇ [6/13] page-session[K
2026-10-08T18:00:33.9092060Z ⠏ [6/13] page-session[K
2026-10-08T18:00:33.9786080Z ⠋ [6/13] page-session[K
2026-10-08T18:00:34.0672820Z ⠙ [6/13] page-session[K
2026-10-08T18:00:34.0874820Z ⠹ [6/13] page-session[K
2026-10-08T18:00:34.1415290Z ⠹ [7/13] sandbox[K
2026-10-08T18:00:34.2247320Z ⠸ [7/13] sandbox[K
2026-10-08T18:00:34.3072700Z ⠼ [7/13] sandbox[K
2026-10-08T18:00:34.3398490Z ⠴ [7/13] sandbox[K
2026-10-08T18:00:34.3993690Z ⠴ [8/13] sdk-main[K
2026-10-08T18:00:34.4810280Z ⠦ [8/13] sdk-main[K
2026-10-08T18:00:34.5726010Z ⠧ [8/13] sdk-main[K
2026-10-08T18:00:34.6437180Z ⠇ [8/13] sdk-main[K
2026-10-08T18:00:34.7330900Z ⠏ [8/13] sdk-main[K
2026-10-08T18:00:34.8119240Z ⠋ [8/13] sdk-main[K
2026-10-08T18:00:34.8977300Z ⠙ [8/13] sdk-main[K
2026-10-08T18:00:34.9684860Z ⠹ [8/13] sdk-main[K
2026-10-08T18:00:35.0496370Z ⠸ [8/13] sdk-main[K
2026-10-08T18:00:35.1074350Z ⠼ [8/13] sdk-main[K
2026-10-08T18:00:35.1309450Z ⠼ [9/13] selection-entry[K
2026-10-08T18:00:35.2128780Z ⠴ [9/13] selection-entry[K
2026-10-08T18:00:35.2200280Z ⠦ [9/13] selection-entry[K
2026-10-08T18:00:35.2928000Z ⠦ [10/13] settings[K
2026-10-08T18:00:35.3858970Z ⠧ [10/13] settings[K
2026-10-08T18:00:35.4571690Z ⠇ [10/13] settings[K
2026-10-08T18:00:35.4858060Z ⠏ [10/13] settings[K
2026-10-08T18:00:35.5407340Z ⠏ [11/13] tool-shell[K
2026-10-08T18:00:35.6205500Z ⠋ [11/13] tool-shell[K
2026-10-08T18:00:35.7955090Z ⠙ [11/13] tool-shell[K
2026-10-08T18:00:35.8696570Z ⠹ [11/13] tool-shell[K
2026-10-08T18:00:35.9500700Z ⠸ [11/13] tool-shell[K
2026-10-08T18:00:36.0317120Z ⠼ [11/13] tool-shell[K
2026-10-08T18:00:36.1165350Z ⠴ [11/13] tool-shell[K
2026-10-08T18:00:36.2042140Z ⠦ [11/13] tool-shell[K
2026-10-08T18:00:36.2768130Z ⠧ [11/13] tool-shell[K
2026-10-08T18:00:36.3563030Z ⠇ [11/13] tool-shell[K
2026-10-08T18:00:36.4408060Z ⠏ [11/13] tool-shell[K
2026-10-08T18:00:36.5192910Z ⠋ [11/13] tool-shell[K
2026-10-08T18:00:36.6000040Z ⠙ [11/13] tool-shell[K
2026-10-08T18:00:36.6853550Z ⠹ [11/13] tool-shell[K
2026-10-08T18:00:36.7645430Z ⠸ [11/13] tool-shell[K
2026-10-08T18:00:36.8453020Z ⠼ [11/13] tool-shell[K
2026-10-08T18:00:36.9262880Z ⠴ [11/13] tool-shell[K
2026-10-08T18:00:37.0221670Z ⠦ [11/13] tool-shell[K
2026-10-08T18:00:37.1045800Z ⠧ [11/13] tool-shell[K
2026-10-08T18:00:37.1859500Z ⠇ [11/13] tool-shell[K
2026-10-08T18:00:37.2678980Z ⠏ [11/13] tool-shell[K
2026-10-08T18:00:37.3656210Z ⠋ [11/13] tool-shell[K
2026-10-08T18:00:37.4306530Z ⠙ [11/13] tool-shell[K
2026-10-08T18:00:37.5107190Z ⠹ [11/13] tool-shell[K
2026-10-08T18:00:37.5977700Z ⠸ [11/13] tool-shell[K
2026-10-08T18:00:37.6754630Z ⠼ [11/13] tool-shell[K
2026-10-08T18:00:37.7567420Z ⠴ [11/13] tool-shell[K
2026-10-08T18:00:37.8472950Z ⠦ [11/13] tool-shell[K
2026-10-08T18:00:37.9177050Z ⠧ [11/13] tool-shell[K
2026-10-08T18:00:37.9279420Z ⠧ [12/13] transport[K
2026-10-08T18:00:38.0046380Z ⠇ [12/13] transport[K
2026-10-08T18:00:38.0812290Z ⠏ [12/13] transport[K
2026-10-08T18:00:38.1673130Z ⠋ [12/13] transport[K
2026-10-08T18:00:38.2554450Z ⠙ [12/13] transport[K
2026-10-08T18:00:38.3310210Z ⠹ [12/13] transport[K
2026-10-08T18:00:38.3827320Z ⠸ [12/13] transport[K
2026-10-08T18:00:38.4160100Z ⠸ [13/13] worker-runtime[K
2026-10-08T18:00:38.4953570Z ⠼ [13/13] worker-runtime[K
2026-10-08T18:00:38.5768440Z ⠴ [13/13] worker-runtime[K
2026-10-08T18:00:38.6588470Z ⠦ [13/13] worker-runtime[K
2026-10-08T18:00:38.7455660Z ⠧ [13/13] worker-runtime[K
2026-10-08T18:00:38.8266580Z ⠇ [13/13] worker-runtime[K
2026-10-08T18:00:38.9103740Z ⠏ [13/13] worker-runtime[K
2026-10-08T18:00:38.9907510Z ⠋ [13/13] worker-runtime[K
2026-10-08T18:00:39.0746360Z ⠙ [13/13] worker-runtime[K
2026-10-08T18:00:39.1546140Z ⠹ [13/13] worker-runtime[K
2026-10-08T18:00:39.2282380Z ⠸ [13/13] worker-runtime[K
2026-10-08T18:00:39.2283760Z [K[?25h
2026-10-08T18:00:39.2309030Z [K[?25h[success] Built extension in 12.7 s
2026-10-08T18:00:39.2311050Z   ├─ dist/production/manifest.json                        1.20 kB  
2026-10-08T18:00:39.2312800Z   ├─ dist/production/native-agent/settings.html           1.83 kB  
2026-10-08T18:00:39.2314450Z   ├─ dist/production/scripting/sandbox/sandbox.html       385 B    
2026-10-08T18:00:39.2316330Z   ├─ dist/production/ui/target-bootstrap.html             200 B    
2026-10-08T18:00:39.2317820Z   ├─ dist/production/ui/tool.html                         21.23 kB 
2026-10-08T18:00:39.2319260Z   ├─ dist/production/agents/bootstrap.js                  21.47 kB 
2026-10-08T18:00:39.2319820Z   ├─ dist/production/agents/health.js                     828 B    
2026-10-08T18:00:39.2320510Z   ├─ dist/production/agents/page-agent.js                 34.35 kB 
2026-10-08T18:00:39.2321080Z   ├─ dist/production/agents/page-relay.js                 35.28 kB 
2026-10-08T18:00:39.2321560Z   ├─ dist/production/agents/selection-entry.js            383 B    
2026-10-08T18:00:39.2322090Z   ├─ dist/production/framework/sdk-main.js                49.54 kB 
2026-10-08T18:00:39.2322640Z   ├─ dist/production/native-agent/settings.js             22.16 kB 
2026-10-08T18:00:39.2323160Z   ├─ dist/production/native-agent/transport.js            29.30 kB 
2026-10-08T18:00:39.2323660Z   ├─ dist/production/scripting/packaged/page-session.js   55.08 kB 
2026-10-08T18:00:39.2324230Z   ├─ dist/production/scripting/sandbox/sandbox.js         4.01 kB  
2026-10-08T18:00:39.2324700Z   ├─ dist/production/scripting/sandbox/worker-runtime.js  49.68 kB 
2026-10-08T18:00:39.2325230Z   ├─ dist/production/sw.js                                324.98 kB
2026-10-08T18:00:39.2325720Z   ├─ dist/production/ui/tool-shell.js                     177.72 kB
2026-10-08T18:00:39.2326190Z   ├─ dist/production/vendor/jquery-3.7.1.min.js           87.53 kB 
2026-10-08T18:00:39.2326710Z   ├─ dist/production/ui/tool-shell.css                    19.09 kB 
2026-10-08T18:00:39.2327180Z   ├─ dist/production/icons/notification.png               595 B    
2026-10-08T18:00:39.2327700Z   ├─ dist/production/licenses/jquery-MIT.txt              1.10 kB  
2026-10-08T18:00:39.2328930Z   └─ dist/production/licenses/todo-user-vue-MIT.txt       1.10 kB  
2026-10-08T18:00:39.2329520Z Σ Total size: 939.02 kB                                 
2026-10-08T18:00:39.2330070Z [success] Finished in 12.9 s
2026-10-08T18:00:39.8971590Z {"mode":"production","builder":"wxt","status":"passed","packageHash":"3972c99cbd4367a6e5b1bdb653741c892612408da8bde7aac72d75a25130f3de","assets":24}
2026-10-08T18:00:39.9641930Z TAP version 13
2026-10-08T18:00:43.7146370Z # REAL_CHROME_CDP_CONNECTED=ws://127.0.0.1:49182/devtools/page/D801AFB414EEC38D6EF747297EC71E53
2026-10-08T18:00:43.8732180Z # REAL_CHROME_CDP_FRAME={"id":1,"result":{"protocolVersion":"1.3","product":"Chrome/155.0.8059.39","revision":"@3ff7ac5a9224be9156d7f8703a06e22890aafd34","userAgent":"Mozilla/5.0 (Macintosh; Intel Mac OS X 10_15_7) AppleWebKit/537.36 (KHTML, like Gecko) HeadlessChrome/155.0.0.0 Safari/537.36","jsVersion
2026-10-08T18:00:53.8858610Z # REAL_CHROME_UNEXTENDED_RENDERER=FAIL {"code":"E_CDP_BASELINE","message":"CDP Runtime.evaluate timeout","stderr":"80053.812033:ERROR:base/apple/mach_port_rendezvous_mac.cc:256] bootstrap_look_up com.google.chrome.for.testing.MachPortRendezvousServer.2007: Permission denied (1100)\\n[2791:12400:1008/180053.812266:ERROR:base/memory/shared_memory_switch.cc:261] No rendezvous client, terminating process (parent died?)\\n[2007:9760:1008/180053.813400:ERROR:content/browser/network_service_instance_impl.cc:653] Network service crashed or was terminated, restarting service.\\n[2792:12401:1008/180053.816495:ERROR:base/apple/mach_port_rendezvous_mac.cc:256] bootstrap_look_up com.google.chrome.for.testing.MachPortRendezvousServer.2007: Permission denied (1100)\\n[2792:12401:1008/180053.816763:ERROR:base/memory/shared_memory_switch.cc:261] No rendezvous client, terminating process (parent died?)\\n[2793:12406:1008/180053.842527:ERROR:base/apple/mach_port_rendezvous_mac.cc:256] bootstrap_look_up com.google.chrome.for.testing.MachPortRendezvousServer.2007: Permission denied (1100)\\n[2793:12406:1008/180053.842766:ERROR:base/memory/shared_memory_switch.cc:261] No rendezvous client, terminating process (parent died?)\\n[2795:12413:1008/180053.853757:ERROR:base/apple/mach_port_rendezvous_mac.cc:256] bootstrap_look_up com.google.chrome.for.testing.MachPortRendezvousServer.2007: Permission denied (1100)\\n[2795:12413:1008/180053.853875:ERROR:base/memory/shared_memory_switch.cc:261] No rendezvous client, terminating process (parent died?)\\n[2794:12411:1008/180053.865466:ERROR:base/apple/mach_port_rendezvous_mac.cc:256] bootstrap_look_up com.google.chrome.for.testing.MachPortRendezvousServer.2007: Permission denied (1100)\\n"}
2026-10-08T18:00:53.9640660Z # REAL_CHROME_BINARY=cft VERSION=Google Chrome for Testing 155.0.8059.39
2026-10-08T18:00:53.9659940Z # Subtest: real macOS Chrome: bare renderer/CDP control without extensions
2026-10-08T18:00:53.9669560Z not ok 1 - real macOS Chrome: bare renderer/CDP control without extensions
2026-10-08T18:00:53.9673210Z   ---
2026-10-08T18:00:53.9674010Z   duration_ms: 13917.176041
2026-10-08T18:00:53.9674770Z   type: 'test'
2026-10-08T18:00:53.9676330Z   location: '/Users/runner/work/opendesk-browser/opendesk-browser/tests/environment/native-agent-chrome-real.test.mjs:89:1'
2026-10-08T18:00:53.9678240Z   failureType: 'testCodeFailure'
2026-10-08T18:00:53.9679030Z   error: 'CDP Runtime.evaluate timeout'
2026-10-08T18:00:53.9679680Z   code: 'ERR_TEST_FAILURE'
2026-10-08T18:00:53.9680440Z   stack: |-
2026-10-08T18:00:53.9681970Z     Timeout._onTimeout (file:///Users/runner/work/opendesk-browser/opendesk-browser/tests/environment/native-agent-chrome-real.test.mjs:75:67)
2026-10-08T18:00:53.9683650Z     listOnTimeout (node:internal/timers:585:17)
2026-10-08T18:00:53.9684660Z     process.processTimers (node:internal/timers:521:7)
2026-10-08T18:00:53.9685380Z   ...
2026-10-08T18:00:54.7967310Z # REAL_CHROME_CDP_CLOSED={"code":1006,"reason":"","pending":0}
2026-10-08T18:00:54.8076620Z # REAL_CHROME_EXTENSION_LOADED=PASS id=pnhiokdnhhpbidgojhbjknpldipijdfa
2026-10-08T18:00:55.1006250Z # MACOS_NATIVE_MANIFEST_INSTALLED=PASS browser=cft
2026-10-08T18:00:55.1740120Z # REAL_CHROME_OPTIONS_TARGET={"id":"0C0D0679B4CD3A0610CCA2315FC65E84","type":"page","url":"about:blank","ws":"ws://127.0.0.1:49185/devtools/page/0C0D0679B4CD3A0610CCA2315FC65E84"}
2026-10-08T18:00:55.1842020Z # REAL_CHROME_CDP_CONNECTED=ws://127.0.0.1:49185/devtools/page/0C0D0679B4CD3A0610CCA2315FC65E84
2026-10-08T18:00:55.1944840Z # REAL_CHROME_CDP_FRAME={"id":1,"result":{"protocolVersion":"1.3","product":"Chrome/155.0.8059.39","revision":"@3ff7ac5a9224be9156d7f8703a06e22890aafd34","userAgent":"Mozilla/5.0 (Macintosh; Intel Mac OS X 10_15_7) AppleWebKit/537.36 (KHTML, like Gecko) HeadlessChrome/155.0.0.0 Safari/537.36","jsVersion
2026-10-08T18:00:55.2048810Z # REAL_CHROME_CDP_BROWSER_VERSION={"protocolVersion":"1.3","product":"Chrome/155.0.8059.39","revision":"@3ff7ac5a9224be9156d7f8703a06e22890aafd34","userAgent":"Mozilla/5.0 (Macintosh; Intel Mac OS X 10_15_7) AppleWebKit/537.36 (KHTML, like Gecko) HeadlessChrome/155.0.0.0 Safari/537.36","jsVersion":"15.5.35.20"}
2026-10-08T18:01:05.2040150Z # REAL_CHROME_CDP_OPTIONS_ERROR=CDP Runtime.evaluate timeout stderr=_instance_impl.cc:653] Network service crashed or was terminated, restarting service.
2026-10-08T18:01:05.2061730Z # [3548:14988:1008/180105.150225:ERROR:base/apple/mach_port_rendezvous_mac.cc:256] bootstrap_look_up com.google.chrome.for.testing.MachPortRendezvousServer.2799: Permission denied (1100)
2026-10-08T18:01:05.2170040Z # [3548:14988:1008/180105.150542:ERROR:base/memory/shared_memory_switch.cc:261] No rendezvous client, terminating process (parent died?)
2026-10-08T18:01:05.2272850Z # [3547:14987:1008/180105.160312:ERROR:base/apple/mach_port_rendezvous_mac.cc:256] bootstrap_look_up com.google.chrome.for.testing.MachPortRendezvousServer.2799: Permission denied (1100)
2026-10-08T18:01:05.2375420Z # [3547:14987:1008/180105.160837:ERROR:base/memory/shared_memory_switch.cc:261] No rendezvous client, terminating process (parent died?)
2026-10-08T18:01:05.2477980Z # [3549:14990:1008/180105.166249:ERROR:base/apple/mach_port_rendezvous_mac.cc:256] bootstrap_look_up com.google.chrome.for.testing.MachPortRendezvousServer.2799: Permission denied (1100)
2026-10-08T18:01:05.2580530Z # [3549:14990:1008/180105.166612:ERROR:base/memory/shared_memory_switch.cc:261] No rendezvous client, terminating process (parent died?)
2026-10-08T18:01:05.2682950Z # [2799:12448:1008/180105.167846:ERROR:content/browser/network_service_instance_impl.cc:653] Network service crashed or was terminated, restarting service.
2026-10-08T18:01:05.2948030Z # Subtest: real macOS Chrome: packaged extension, trusted Options click and Native CLI handshake
2026-10-08T18:01:05.2973620Z not ok 2 - real macOS Chrome: packaged extension, trusted Options click and Native CLI handshake
2026-10-08T18:01:05.2983610Z   ---
2026-10-08T18:01:05.2984500Z   duration_ms: 11364.535375
2026-10-08T18:01:05.2984940Z   type: 'test'
2026-10-08T18:01:05.2985830Z   location: '/Users/runner/work/opendesk-browser/opendesk-browser/tests/environment/native-agent-chrome-real.test.mjs:146:1'
2026-10-08T18:01:05.2986710Z   failureType: 'testCodeFailure'
2026-10-08T18:01:05.2987180Z   error: 'CDP Runtime.evaluate timeout'
2026-10-08T18:01:05.2987740Z   code: 'ERR_TEST_FAILURE'
2026-10-08T18:01:05.2988120Z   stack: |-
2026-10-08T18:01:05.2989030Z     Timeout._onTimeout (file:///Users/runner/work/opendesk-browser/opendesk-browser/tests/environment/native-agent-chrome-real.test.mjs:75:67)
2026-10-08T18:01:05.2990010Z     listOnTimeout (node:internal/timers:585:17)
2026-10-08T18:01:05.2990590Z     process.processTimers (node:internal/timers:521:7)
2026-10-08T18:01:05.2991090Z   ...
2026-10-08T18:01:05.2997820Z # REAL_CHROME_PROCESS_EXIT={"code":null,"signal":"SIGKILL","stderr":"e/memory/shared_memory_switch.cc:261] No rendezvous client, terminating process (parent died?)\\n[2799:12448:1008/180105.167846:ERROR:content/browser/network_service_instance_impl.cc:653] Network service crashed or was terminated, restarting service.\\n[3550:14997:1008/180105.222125:ERROR:base/apple/mach_port_rendezvous_mac.cc:256] bootstrap_look_up com.google.chrome.for.testing.MachPortRendezvousServer.1: Permission denied (1100)\\n[3550:14997:1008/180105.222231:ERROR:base/memory/shared_memory_switch.cc:261] No rendezvous client, terminating process (parent died?)\\n[3552:15002:1008/180105.233216:ERROR:base/apple/mach_port_rendezvous_mac.cc:256] bootstrap_look_up com.google.chrome.for.testing.MachPortRendezvousServer.1: Permission denied (1100)\\n[3552:15002:1008/180105.233803:ERROR:base/memory/shared_memory_switch.cc:261] No rendezvous client, terminating process (parent died?)\\n[3551:15000:1008/180105.242202:ERROR:base/apple/mach_port_rendezvous_mac.cc:256] bootstrap_look_up com.google.chrome.for.testing.MachPortRendezvousServer.1: Permission denied (1100)\\n[3551:15000:1008/180105.242848:ERROR:base/memory/shared_memory_switch.cc:261] No rendezvous client, terminating process (parent died?)\\n"}
2026-10-08T18:01:05.3008310Z # REAL_CHROME_CDP_CLOSED={"code":1006,"reason":"","pending":0}
2026-10-08T18:01:05.3055690Z 1..2
2026-10-08T18:01:05.3056640Z # tests 2
2026-10-08T18:01:05.3058250Z # suites 0
2026-10-08T18:01:05.3058730Z # pass 0
2026-10-08T18:01:05.3059130Z # fail 2
2026-10-08T18:01:05.3059450Z # cancelled 0
2026-10-08T18:01:05.3059700Z # skipped 0
2026-10-08T18:01:05.3059950Z # todo 0
2026-10-08T18:01:05.3060140Z # duration_ms 25349.348666
2026-10-08T18:01:05.3208240Z ##[error]Process completed with exit code 1.
2026-10-08T18:01:05.3391140Z Post job cleanup.
2026-10-08T18:01:05.5096540Z [command]/opt/homebrew/bin/git version
2026-10-08T18:01:05.5382780Z git version 2.55.0
2026-10-08T18:01:05.5402810Z Copying '/Users/runner/.gitconfig' to '/Users/runner/work/_temp/408d2994-5fdb-4a8d-af4e-5e8eef9e563a/.gitconfig'
2026-10-08T18:01:05.5410800Z Temporarily overriding HOME='/Users/runner/work/_temp/408d2994-5fdb-4a8d-af4e-5e8eef9e563a' before making global git config changes
2026-10-08T18:01:05.5411870Z Adding repository directory to the temporary git global config as a safe directory
2026-10-08T18:01:05.5414460Z [command]/opt/homebrew/bin/git config --global --add safe.directory /Users/runner/work/opendesk-browser/opendesk-browser
2026-10-08T18:01:05.5551320Z [command]/opt/homebrew/bin/git config --local --name-only --get-regexp core\.sshCommand
2026-10-08T18:01:05.5663610Z [command]/opt/homebrew/bin/git submodule foreach --recursive sh -c "git config --local --name-only --get-regexp 'core\.sshCommand' && git config --local --unset-all 'core.sshCommand' || :"
2026-10-08T18:01:05.7126280Z [command]/opt/homebrew/bin/git config --local --name-only --get-regexp http\.https\:\/\/github\.com\/\.extraheader
2026-10-08T18:01:05.7216980Z http.https://github.com/.extraheader
2026-10-08T18:01:05.7225310Z [command]/opt/homebrew/bin/git config --local --unset-all http.https://github.com/.extraheader
2026-10-08T18:01:05.7366920Z [command]/opt/homebrew/bin/git submodule foreach --recursive sh -c "git config --local --name-only --get-regexp 'http\.https\:\/\/github\.com\/\.extraheader' && git config --local --unset-all 'http.https://github.com/.extraheader' || :"
2026-10-08T18:01:05.8508090Z [command]/opt/homebrew/bin/git config --local --name-only --get-regexp ^includeIf\.gitdir:
2026-10-08T18:01:05.8571760Z [command]/opt/homebrew/bin/git submodule foreach --recursive git config --local --show-origin --name-only --get-regexp remote.origin.url
2026-10-08T18:01:06.0036030Z Cleaning up orphan processes
2026-10-08T18:01:06.6437320Z ##[warning]Node.js 20 is deprecated. The following actions target Node.js 20 but are being forced to run on Node.js 24: actions/checkout@v4, actions/setup-node@v4. For more information see: https://github.blog/changelog/2025-09-19-deprecation-of-node-20-on-github-actions-runners/
