2026-10-08T17:05:13.4264970Z Current runner version: '2.337.0'
2026-10-08T17:05:13.4463390Z ##[group]Runner Image Provisioner
2026-10-08T17:05:13.4464320Z Hosted Compute Agent
2026-10-08T17:05:13.4464840Z Version: 20260828.587
2026-10-08T17:05:13.4465320Z Commit: abac92662cab4cc7352de4f9f9d2e2419aad9c29
2026-10-08T17:05:13.4465880Z Build Date: 2026-08-28T16:44:25Z
2026-10-08T17:05:13.4466350Z Worker ID: {bca391eb-7226-4efa-8167-27d627824008}
2026-10-08T17:05:13.4467150Z Azure Region: westus
2026-10-08T17:05:13.4467680Z ##[endgroup]
2026-10-08T17:05:13.4469100Z ##[group]Operating System
2026-10-08T17:05:13.4469540Z macOS
2026-10-08T17:05:13.4470090Z 15.7.9
2026-10-08T17:05:13.4470530Z 24G830
2026-10-08T17:05:13.4471010Z ##[endgroup]
2026-10-08T17:05:13.4471400Z ##[group]Runner Image
2026-10-08T17:05:13.4472010Z Image: macos-15-arm64
2026-10-08T17:05:13.4472480Z Version: 20260907.0337.1
2026-10-08T17:05:13.4473640Z Included Software: https://github.com/actions/runner-images/blob/macos-15-arm64/20260907.0337/images/macos/macos-15-arm64-Readme.md
2026-10-08T17:05:13.4474780Z Image Release: https://github.com/actions/runner-images/releases/tag/macos-15-arm64%2F20260907.0337
2026-10-08T17:05:13.4475640Z ##[endgroup]
2026-10-08T17:05:13.4476540Z ##[group]GITHUB_TOKEN Permissions
2026-10-08T17:05:13.4478550Z Contents: read
2026-10-08T17:05:13.4478940Z Metadata: read
2026-10-08T17:05:13.4479410Z ##[endgroup]
2026-10-08T17:05:13.4481450Z Secret source: Actions
2026-10-08T17:05:13.4482450Z Cache mode: write
2026-10-08T17:05:13.4483210Z Prepare workflow directory
2026-10-08T17:05:13.4953690Z Prepare all required actions
2026-10-08T17:05:13.5093390Z Getting action download info
2026-10-08T17:05:14.1986360Z Download action repository 'actions/checkout@v4' (SHA:11d5960a326750d5838078e36cf38b85af677262)
2026-10-08T17:05:14.6649530Z Download action repository 'actions/setup-node@v4' (SHA:49933ea5288caeca8642d1e84afbd3f7d6820020)
2026-10-08T17:05:14.8319620Z Download action repository 'browser-actions/setup-chrome@v2' (SHA:48ad923757ca74d66703209fe939badbdf80f2f4)
2026-10-08T17:05:15.3760780Z Complete job name: macos-native-host-ipc
2026-10-08T17:05:15.4483260Z ##[group]Run actions/checkout@v4
2026-10-08T17:05:15.4486860Z with:
2026-10-08T17:05:15.4488220Z   repository: shopable-ai/opendesk-browser
2026-10-08T17:05:15.4494660Z   token: ***
2026-10-08T17:05:15.4495110Z   ssh-strict: true
2026-10-08T17:05:15.4495560Z   ssh-user: git
2026-10-08T17:05:15.4495980Z   persist-credentials: true
2026-10-08T17:05:15.4496500Z   clean: true
2026-10-08T17:05:15.4496870Z   sparse-checkout-cone-mode: true
2026-10-08T17:05:15.4497280Z   fetch-depth: 1
2026-10-08T17:05:15.4497630Z   fetch-tags: false
2026-10-08T17:05:15.4497990Z   show-progress: true
2026-10-08T17:05:15.4498350Z   lfs: false
2026-10-08T17:05:15.4498710Z   submodules: false
2026-10-08T17:05:15.4499100Z   set-safe-directory: true
2026-10-08T17:05:15.4499520Z   allow-unsafe-pr-checkout: false
2026-10-08T17:05:15.4501380Z ##[endgroup]
2026-10-08T17:05:15.9921140Z Syncing repository: shopable-ai/opendesk-browser
2026-10-08T17:05:15.9924330Z ##[group]Getting Git version info
2026-10-08T17:05:15.9925410Z Working directory is '/Users/runner/work/opendesk-browser/opendesk-browser'
2026-10-08T17:05:15.9930240Z [command]/opt/homebrew/bin/git version
2026-10-08T17:05:16.0507860Z git version 2.55.0
2026-10-08T17:05:16.0648960Z ##[endgroup]
2026-10-08T17:05:16.0658810Z Copying '/Users/runner/.gitconfig' to '/Users/runner/work/_temp/cb5aa642-a036-4cc5-84c5-ad80b225efe4/.gitconfig'
2026-10-08T17:05:16.0663950Z Temporarily overriding HOME='/Users/runner/work/_temp/cb5aa642-a036-4cc5-84c5-ad80b225efe4' before making global git config changes
2026-10-08T17:05:16.0669400Z Adding repository directory to the temporary git global config as a safe directory
2026-10-08T17:05:16.0671780Z [command]/opt/homebrew/bin/git config --global --add safe.directory /Users/runner/work/opendesk-browser/opendesk-browser
2026-10-08T17:05:16.0778070Z Deleting the contents of '/Users/runner/work/opendesk-browser/opendesk-browser'
2026-10-08T17:05:16.0786330Z ##[group]Initializing the repository
2026-10-08T17:05:16.0794390Z [command]/opt/homebrew/bin/git init /Users/runner/work/opendesk-browser/opendesk-browser
2026-10-08T17:05:16.1066230Z hint: Using 'master' as the name for the initial branch. This default branch name
2026-10-08T17:05:16.1068880Z hint: will change to "main" in Git 3.0. To configure the initial branch name
2026-10-08T17:05:16.1072610Z hint: to use in all of your new repositories, which will suppress this warning,
2026-10-08T17:05:16.1075200Z hint: call:
2026-10-08T17:05:16.1076260Z hint:
2026-10-08T17:05:16.1077610Z hint: 	git config --global init.defaultBranch <name>
2026-10-08T17:05:16.1079280Z hint:
2026-10-08T17:05:16.1080720Z hint: Names commonly chosen instead of 'master' are 'main', 'trunk' and
2026-10-08T17:05:16.1083210Z hint: 'development'. The just-created branch can be renamed via this command:
2026-10-08T17:05:16.1085230Z hint:
2026-10-08T17:05:16.1086430Z hint: 	git branch -m <name>
2026-10-08T17:05:16.1087930Z hint:
2026-10-08T17:05:16.1089580Z hint: Disable this message with "git config set advice.defaultBranchName false"
2026-10-08T17:05:16.1100650Z Initialized empty Git repository in /Users/runner/work/opendesk-browser/opendesk-browser/.git/
2026-10-08T17:05:16.1127250Z [command]/opt/homebrew/bin/git remote add origin https://github.com/shopable-ai/opendesk-browser
2026-10-08T17:05:16.1252470Z ##[endgroup]
2026-10-08T17:05:16.1255920Z ##[group]Disabling automatic garbage collection
2026-10-08T17:05:16.1258970Z [command]/opt/homebrew/bin/git config --local gc.auto 0
2026-10-08T17:05:16.1321630Z ##[endgroup]
2026-10-08T17:05:16.1323010Z ##[group]Setting up auth
2026-10-08T17:05:16.1337400Z [command]/opt/homebrew/bin/git config --local --name-only --get-regexp core\.sshCommand
2026-10-08T17:05:16.1420810Z [command]/opt/homebrew/bin/git submodule foreach --recursive sh -c "git config --local --name-only --get-regexp 'core\.sshCommand' && git config --local --unset-all 'core.sshCommand' || :"
2026-10-08T17:05:16.2842120Z [command]/opt/homebrew/bin/git config --local --name-only --get-regexp http\.https\:\/\/github\.com\/\.extraheader
2026-10-08T17:05:16.2918110Z [command]/opt/homebrew/bin/git submodule foreach --recursive sh -c "git config --local --name-only --get-regexp 'http\.https\:\/\/github\.com\/\.extraheader' && git config --local --unset-all 'http.https://github.com/.extraheader' || :"
2026-10-08T17:05:16.4374560Z [command]/opt/homebrew/bin/git config --local --name-only --get-regexp ^includeIf\.gitdir:
2026-10-08T17:05:16.4427720Z [command]/opt/homebrew/bin/git submodule foreach --recursive git config --local --show-origin --name-only --get-regexp remote.origin.url
2026-10-08T17:05:16.5754470Z [command]/opt/homebrew/bin/git config --local http.https://github.com/.extraheader AUTHORIZATION: basic ***
2026-10-08T17:05:16.5896420Z ##[endgroup]
2026-10-08T17:05:16.5897730Z ##[group]Fetching the repository
2026-10-08T17:05:16.5918490Z [command]/opt/homebrew/bin/git -c protocol.version=2 fetch --no-tags --prune --no-recurse-submodules --depth=1 origin +33a551a6f1d308e7c9593bfa5ee8b1baf5fad2fd:refs/remotes/origin/agent/native-agent-bridge-r1-20261008
2026-10-08T17:05:19.5956800Z From https://github.com/shopable-ai/opendesk-browser
2026-10-08T17:05:19.5966620Z  * [new ref]         33a551a6f1d308e7c9593bfa5ee8b1baf5fad2fd -> origin/agent/native-agent-bridge-r1-20261008
2026-10-08T17:05:19.6052350Z ##[endgroup]
2026-10-08T17:05:19.6053850Z ##[group]Determining the checkout info
2026-10-08T17:05:19.6055370Z ##[endgroup]
2026-10-08T17:05:19.6065060Z [command]/opt/homebrew/bin/git sparse-checkout disable
2026-10-08T17:05:19.6207830Z [command]/opt/homebrew/bin/git config --local --unset-all extensions.worktreeConfig
2026-10-08T17:05:19.6357610Z ##[group]Checking out the ref
2026-10-08T17:05:19.6360670Z [command]/opt/homebrew/bin/git checkout --progress --force -B agent/native-agent-bridge-r1-20261008 refs/remotes/origin/agent/native-agent-bridge-r1-20261008
2026-10-08T17:05:20.7473880Z Updating files:  23% (3041/12896)
2026-10-08T17:05:20.8014160Z Updating files:  24% (3096/12896)
2026-10-08T17:05:20.8670550Z Updating files:  25% (3224/12896)
2026-10-08T17:05:20.9392480Z Updating files:  26% (3353/12896)
2026-10-08T17:05:20.9795400Z Updating files:  27% (3482/12896)
2026-10-08T17:05:21.0264750Z Updating files:  28% (3611/12896)
2026-10-08T17:05:21.0606370Z Updating files:  29% (3740/12896)
2026-10-08T17:05:21.0942820Z Updating files:  30% (3869/12896)
2026-10-08T17:05:21.1215370Z Updating files:  31% (3998/12896)
2026-10-08T17:05:21.1602940Z Updating files:  32% (4127/12896)
2026-10-08T17:05:21.1876740Z Updating files:  33% (4256/12896)
2026-10-08T17:05:21.2078190Z Updating files:  34% (4385/12896)
2026-10-08T17:05:21.2491780Z Updating files:  35% (4514/12896)
2026-10-08T17:05:21.2831920Z Updating files:  36% (4643/12896)
2026-10-08T17:05:21.3004080Z Updating files:  37% (4772/12896)
2026-10-08T17:05:21.3197360Z Updating files:  38% (4901/12896)
2026-10-08T17:05:21.3652880Z Updating files:  39% (5030/12896)
2026-10-08T17:05:21.3982900Z Updating files:  40% (5159/12896)
2026-10-08T17:05:21.4124160Z Updating files:  41% (5288/12896)
2026-10-08T17:05:21.4425070Z Updating files:  42% (5417/12896)
2026-10-08T17:05:21.4699390Z Updating files:  43% (5546/12896)
2026-10-08T17:05:21.4990700Z Updating files:  44% (5675/12896)
2026-10-08T17:05:21.5457870Z Updating files:  45% (5804/12896)
2026-10-08T17:05:21.6156240Z Updating files:  46% (5933/12896)
2026-10-08T17:05:21.6360620Z Updating files:  47% (6062/12896)
2026-10-08T17:05:21.6618490Z Updating files:  48% (6191/12896)
2026-10-08T17:05:21.6713930Z Updating files:  48% (6293/12896)
2026-10-08T17:05:21.7032520Z Updating files:  49% (6320/12896)
2026-10-08T17:05:21.7289470Z Updating files:  50% (6448/12896)
2026-10-08T17:05:21.9071410Z Updating files:  51% (6577/12896)
2026-10-08T17:05:21.9440400Z Updating files:  52% (6706/12896)
2026-10-08T17:05:21.9742080Z Updating files:  53% (6835/12896)
2026-10-08T17:05:21.9866550Z Updating files:  54% (6964/12896)
2026-10-08T17:05:22.0162570Z Updating files:  55% (7093/12896)
2026-10-08T17:05:22.0373650Z Updating files:  56% (7222/12896)
2026-10-08T17:05:22.0543280Z Updating files:  57% (7351/12896)
2026-10-08T17:05:22.0814840Z Updating files:  58% (7480/12896)
2026-10-08T17:05:22.1152080Z Updating files:  59% (7609/12896)
2026-10-08T17:05:22.1412030Z Updating files:  60% (7738/12896)
2026-10-08T17:05:22.1671640Z Updating files:  61% (7867/12896)
2026-10-08T17:05:22.2026680Z Updating files:  62% (7996/12896)
2026-10-08T17:05:22.2299460Z Updating files:  63% (8125/12896)
2026-10-08T17:05:22.2563590Z Updating files:  64% (8254/12896)
2026-10-08T17:05:22.2888030Z Updating files:  65% (8383/12896)
2026-10-08T17:05:22.3185360Z Updating files:  66% (8512/12896)
2026-10-08T17:05:22.3609070Z Updating files:  67% (8641/12896)
2026-10-08T17:05:22.3781650Z Updating files:  68% (8770/12896)
2026-10-08T17:05:22.4164150Z Updating files:  69% (8899/12896)
2026-10-08T17:05:22.4498560Z Updating files:  70% (9028/12896)
2026-10-08T17:05:22.5394130Z Updating files:  71% (9157/12896)
2026-10-08T17:05:22.5739850Z Updating files:  72% (9286/12896)
2026-10-08T17:05:22.6007930Z Updating files:  73% (9415/12896)
2026-10-08T17:05:22.6277050Z Updating files:  74% (9544/12896)
2026-10-08T17:05:22.6620850Z Updating files:  75% (9672/12896)
2026-10-08T17:05:22.6722920Z Updating files:  75% (9777/12896)
2026-10-08T17:05:22.7074240Z Updating files:  76% (9801/12896)
2026-10-08T17:05:22.7367830Z Updating files:  77% (9930/12896)
2026-10-08T17:05:22.7680810Z Updating files:  78% (10059/12896)
2026-10-08T17:05:22.8143010Z Updating files:  79% (10188/12896)
2026-10-08T17:05:22.8385920Z Updating files:  80% (10317/12896)
2026-10-08T17:05:22.8596080Z Updating files:  81% (10446/12896)
2026-10-08T17:05:22.8997300Z Updating files:  82% (10575/12896)
2026-10-08T17:05:22.9476410Z Updating files:  83% (10704/12896)
2026-10-08T17:05:22.9760450Z Updating files:  84% (10833/12896)
2026-10-08T17:05:23.0092740Z Updating files:  85% (10962/12896)
2026-10-08T17:05:23.0550700Z Updating files:  86% (11091/12896)
2026-10-08T17:05:23.0930220Z Updating files:  87% (11220/12896)
2026-10-08T17:05:23.1571290Z Updating files:  88% (11349/12896)
2026-10-08T17:05:23.2512630Z Updating files:  89% (11478/12896)
2026-10-08T17:05:23.3214920Z Updating files:  90% (11607/12896)
2026-10-08T17:05:23.3431190Z Updating files:  91% (11736/12896)
2026-10-08T17:05:23.3733830Z Updating files:  92% (11865/12896)
2026-10-08T17:05:23.4230700Z Updating files:  93% (11994/12896)
2026-10-08T17:05:23.6544560Z Updating files:  94% (12123/12896)
2026-10-08T17:05:23.6644510Z Updating files:  95% (12252/12896)
2026-10-08T17:05:23.7273840Z Updating files:  95% (12281/12896)
2026-10-08T17:05:23.9283080Z Updating files:  96% (12381/12896)
2026-10-08T17:05:24.1139620Z Updating files:  97% (12510/12896)
2026-10-08T17:05:24.5056040Z Updating files:  98% (12639/12896)
2026-10-08T17:05:24.6149670Z Updating files:  99% (12768/12896)
2026-10-08T17:05:24.6151080Z Updating files: 100% (12896/12896)
2026-10-08T17:05:24.6151520Z Updating files: 100% (12896/12896), done.
2026-10-08T17:05:24.6549560Z Switched to a new branch 'agent/native-agent-bridge-r1-20261008'
2026-10-08T17:05:24.6577390Z branch 'agent/native-agent-bridge-r1-20261008' set up to track 'origin/agent/native-agent-bridge-r1-20261008'.
2026-10-08T17:05:24.6801420Z ##[endgroup]
2026-10-08T17:05:24.7027670Z [command]/opt/homebrew/bin/git log -1 --format=%H
2026-10-08T17:05:24.7117660Z 33a551a6f1d308e7c9593bfa5ee8b1baf5fad2fd
2026-10-08T17:05:24.7925520Z ##[group]Run actions/setup-node@v4
2026-10-08T17:05:24.7925860Z with:
2026-10-08T17:05:24.7926070Z   node-version: 22
2026-10-08T17:05:24.7926350Z   always-auth: false
2026-10-08T17:05:24.7926550Z   check-latest: false
2026-10-08T17:05:24.7928710Z   token: ***
2026-10-08T17:05:24.7928950Z ##[endgroup]
2026-10-08T17:05:25.1431840Z (node:1168) [DEP0040] DeprecationWarning: The `punycode` module is deprecated. Please use a userland alternative instead.
2026-10-08T17:05:25.1482370Z (Use `node --trace-deprecation ...` to show where the warning was created)
2026-10-08T17:05:25.1502450Z Found in cache @ /Users/runner/hostedtoolcache/node/22.23.2/arm64
2026-10-08T17:05:25.1518200Z ##[group]Environment details
2026-10-08T17:05:25.9964760Z node: v22.23.2
2026-10-08T17:05:26.0023520Z npm: 10.9.8
2026-10-08T17:05:26.0028640Z yarn: 1.22.22
2026-10-08T17:05:26.0030610Z ##[endgroup]
2026-10-08T17:05:26.0270700Z ##[group]Run node --test tests/environment/native-agent-macos-install.test.mjs
2026-10-08T17:05:26.0272290Z [36;1mnode --test tests/environment/native-agent-macos-install.test.mjs[0m
2026-10-08T17:05:26.0357180Z shell: /bin/bash -e {0}
2026-10-08T17:05:26.0357900Z ##[endgroup]
2026-10-08T17:05:26.1531790Z TAP version 13
2026-10-08T17:05:26.9367330Z # Subtest: macOS isolated Native Host install, private socket, real wrapper and authenticated CLI IPC
2026-10-08T17:05:26.9470580Z ok 1 - macOS isolated Native Host install, private socket, real wrapper and authenticated CLI IPC
2026-10-08T17:05:26.9596650Z   ---
2026-10-08T17:05:26.9705050Z   duration_ms: 575.051542
2026-10-08T17:05:26.9756720Z   type: 'test'
2026-10-08T17:05:26.9757770Z   ...
2026-10-08T17:05:27.1838980Z # Subtest: macOS Chrome for Testing uses its own manifest and cannot replace Google Chrome registration
2026-10-08T17:05:27.1877010Z ok 2 - macOS Chrome for Testing uses its own manifest and cannot replace Google Chrome registration
2026-10-08T17:05:27.1882940Z   ---
2026-10-08T17:05:27.1883800Z   duration_ms: 299.570417
2026-10-08T17:05:27.1884180Z   type: 'test'
2026-10-08T17:05:27.1884470Z   ...
2026-10-08T17:05:27.3132750Z # Subtest: macOS Chrome for Testing manifest is isolated from regular Chrome and launches the real native host
2026-10-08T17:05:27.3136010Z ok 3 - macOS Chrome for Testing manifest is isolated from regular Chrome and launches the real native host
2026-10-08T17:05:27.3137670Z   ---
2026-10-08T17:05:27.3138630Z   duration_ms: 241.48875
2026-10-08T17:05:27.3139500Z   type: 'test'
2026-10-08T17:05:27.3140380Z   ...
2026-10-08T17:05:27.3244540Z 1..3
2026-10-08T17:05:27.3293460Z # tests 3
2026-10-08T17:05:27.3300460Z # suites 0
2026-10-08T17:05:27.3301240Z # pass 3
2026-10-08T17:05:27.3301960Z # fail 0
2026-10-08T17:05:27.3302690Z # cancelled 0
2026-10-08T17:05:27.3303490Z # skipped 0
2026-10-08T17:05:27.3304330Z # todo 0
2026-10-08T17:05:27.3305230Z # duration_ms 1181.553084
2026-10-08T17:05:27.3408500Z ##[group]Run browser-actions/setup-chrome@v2
2026-10-08T17:05:27.3409260Z with:
2026-10-08T17:05:27.3409730Z   chrome-version: stable
2026-10-08T17:05:27.3410350Z   install-dependencies: false
2026-10-08T17:05:27.3410900Z   install-chromedriver: false
2026-10-08T17:05:27.3411450Z   no-sudo: false
2026-10-08T17:05:27.3411890Z ##[endgroup]
2026-10-08T17:05:27.4583000Z Setup chrome stable
2026-10-08T17:05:27.4593340Z Attempting to download chrome stable...
2026-10-08T17:05:27.5463200Z Acquiring chrome stable from https://storage.googleapis.com/chrome-for-testing-public/155.0.8059.39/mac-arm64/chrome-mac-arm64.zip
2026-10-08T17:05:29.4301190Z Installing chrome...
2026-10-08T17:05:29.4360110Z [command]/usr/bin/unzip -o -q /Users/runner/work/_temp/67202661-d68a-4118-bc6c-552aa0452ec7
2026-10-08T17:05:36.0034160Z Successfully Installed chrome to /Users/runner/hostedtoolcache/setup-chrome/chrome/stable/arm64
2026-10-08T17:05:36.0037850Z [command]/Users/runner/hostedtoolcache/setup-chrome/chrome/stable/arm64/Contents/MacOS/Google Chrome for Testing --version
2026-10-08T17:05:36.1690680Z Google Chrome for Testing 155.0.8059.39 
2026-10-08T17:05:36.1756200Z Successfully setup chrome 155.0.8059.39
2026-10-08T17:05:36.2187280Z ##[group]Run npm ci --ignore-scripts --no-audit --no-fund
2026-10-08T17:05:36.2187820Z [36;1mnpm ci --ignore-scripts --no-audit --no-fund[0m
2026-10-08T17:05:36.2188170Z [36;1mnpm run build[0m
2026-10-08T17:05:36.2188640Z [36;1mnode --test tests/environment/native-agent-chrome-real.test.mjs[0m
2026-10-08T17:05:36.2238940Z shell: /bin/bash -e {0}
2026-10-08T17:05:36.2239130Z env:
2026-10-08T17:05:36.2239650Z   CHROME_FOR_TESTING_BIN: /Users/runner/hostedtoolcache/setup-chrome/chrome/stable/arm64/Contents/MacOS/Google Chrome for Testing
2026-10-08T17:05:36.2240360Z ##[endgroup]
2026-10-08T17:05:42.1266310Z 
2026-10-08T17:05:42.1376050Z added 240 packages in 6s
2026-10-08T17:05:42.5835100Z 
2026-10-08T17:05:42.5920470Z > opendesk-browser@0.1.0 build
2026-10-08T17:05:42.5971920Z > node scripts/build.mjs production
2026-10-08T17:05:42.6022730Z 
2026-10-08T17:05:43.2529220Z [log] 
2026-10-08T17:05:43.2529890Z WXT 0.21.4
2026-10-08T17:05:43.4232320Z [info] Generating types...
2026-10-08T17:05:43.5594010Z [success] Finished in 308 ms
2026-10-08T17:05:44.0760360Z [log] 
2026-10-08T17:05:44.0892610Z WXT 0.21.4
2026-10-08T17:05:44.2227380Z [info] Building chrome-mv3 for production with Vite 7.3.6
2026-10-08T17:05:44.3389550Z [?25l
2026-10-08T17:05:44.3423530Z ⠋ Preparing...[K
2026-10-08T17:05:44.5600500Z ⠋ [1/13] sw[K
2026-10-08T17:05:44.6526000Z ⠙ [1/13] sw[K
2026-10-08T17:05:44.8606270Z ⠹ [1/13] sw[K
2026-10-08T17:05:44.9266080Z ⠸ [1/13] sw[K
2026-10-08T17:05:45.0777410Z ⠼ [1/13] sw[K
2026-10-08T17:05:45.1593850Z ⠴ [1/13] sw[K
2026-10-08T17:05:45.8004160Z ⠦ [1/13] sw[K
2026-10-08T17:05:45.8790150Z ⠧ [1/13] sw[K
2026-10-08T17:05:45.9593320Z ⠇ [1/13] sw[K
2026-10-08T17:05:46.0443790Z ⠏ [1/13] sw[K
2026-10-08T17:05:46.1292000Z ⠋ [1/13] sw[K
2026-10-08T17:05:46.2097250Z ⠙ [1/13] sw[K
2026-10-08T17:05:46.2981570Z ⠹ [1/13] sw[K
2026-10-08T17:05:46.3782630Z ⠸ [1/13] sw[K
2026-10-08T17:05:46.4613770Z ⠼ [1/13] sw[K
2026-10-08T17:05:46.5388160Z ⠴ [1/13] sw[K
2026-10-08T17:05:46.6196600Z ⠦ [1/13] sw[K
2026-10-08T17:05:46.7084500Z ⠧ [1/13] sw[K
2026-10-08T17:05:46.7859020Z ⠇ [1/13] sw[K
2026-10-08T17:05:46.8666350Z ⠏ [1/13] sw[K
2026-10-08T17:05:46.9581310Z ⠋ [1/13] sw[K
2026-10-08T17:05:47.0330170Z ⠙ [1/13] sw[K
2026-10-08T17:05:47.1174560Z ⠹ [1/13] sw[K
2026-10-08T17:05:47.1956330Z ⠸ [1/13] sw[K
2026-10-08T17:05:47.2777620Z ⠼ [1/13] sw[K
2026-10-08T17:05:47.3598890Z ⠴ [1/13] sw[K
2026-10-08T17:05:47.4406900Z ⠦ [1/13] sw[K
2026-10-08T17:05:47.5211560Z ⠧ [1/13] sw[K
2026-10-08T17:05:47.6018900Z ⠇ [1/13] sw[K
2026-10-08T17:05:47.6929960Z ⠏ [1/13] sw[K
2026-10-08T17:05:47.7702400Z ⠋ [1/13] sw[K
2026-10-08T17:05:47.8617430Z ⠙ [1/13] sw[K
2026-10-08T17:05:47.9367820Z ⠹ [1/13] sw[K
2026-10-08T17:05:48.0159110Z ⠸ [1/13] sw[K
2026-10-08T17:05:48.0978440Z ⠼ [1/13] sw[K
2026-10-08T17:05:48.1797850Z ⠴ [1/13] sw[K
2026-10-08T17:05:48.2603740Z ⠦ [1/13] sw[K
2026-10-08T17:05:48.3440060Z ⠧ [1/13] sw[K
2026-10-08T17:05:48.4307810Z ⠇ [1/13] sw[K
2026-10-08T17:05:48.5093980Z ⠏ [1/13] sw[K
2026-10-08T17:05:48.5905810Z ⠋ [1/13] sw[K
2026-10-08T17:05:48.6861970Z ⠙ [1/13] sw[K
2026-10-08T17:05:48.7719160Z ⠹ [1/13] sw[K
2026-10-08T17:05:48.8430960Z ⠸ [1/13] sw[K
2026-10-08T17:05:48.9343220Z ⠼ [1/13] sw[K
2026-10-08T17:05:49.0137440Z ⠴ [1/13] sw[K
2026-10-08T17:05:49.0956960Z ⠦ [1/13] sw[K
2026-10-08T17:05:49.1748350Z ⠧ [1/13] sw[K
2026-10-08T17:05:49.2551930Z ⠇ [1/13] sw[K
2026-10-08T17:05:49.3364430Z ⠏ [1/13] sw[K
2026-10-08T17:05:49.4206420Z ⠋ [1/13] sw[K
2026-10-08T17:05:49.5034980Z ⠙ [1/13] sw[K
2026-10-08T17:05:49.5835240Z ⠹ [1/13] sw[K
2026-10-08T17:05:49.6646320Z ⠸ [1/13] sw[K
2026-10-08T17:05:49.7462380Z ⠼ [1/13] sw[K
2026-10-08T17:05:49.8262980Z ⠴ [1/13] sw[K
2026-10-08T17:05:49.9088370Z ⠦ [1/13] sw[K
2026-10-08T17:05:49.9886310Z ⠧ [1/13] sw[K
2026-10-08T17:05:50.0127710Z ⠇ [1/13] sw[K
2026-10-08T17:05:50.0998390Z ⠇ [2/13] bootstrap[K
2026-10-08T17:05:50.1813450Z ⠏ [2/13] bootstrap[K
2026-10-08T17:05:50.2643120Z ⠋ [2/13] bootstrap[K
2026-10-08T17:05:50.3008000Z ⠙ [2/13] bootstrap[K
2026-10-08T17:05:50.3426020Z ⠙ [3/13] health[K
2026-10-08T17:05:50.4243960Z ⠹ [3/13] health[K
2026-10-08T17:05:50.4630700Z ⠸ [3/13] health[K
2026-10-08T17:05:50.5196700Z ⠸ [4/13] page-agent[K
2026-10-08T17:05:50.5997330Z ⠼ [4/13] page-agent[K
2026-10-08T17:05:50.6799250Z ⠴ [4/13] page-agent[K
2026-10-08T17:05:50.7684490Z ⠦ [4/13] page-agent[K
2026-10-08T17:05:50.8437440Z ⠧ [4/13] page-agent[K
2026-10-08T17:05:50.9239370Z ⠇ [4/13] page-agent[K
2026-10-08T17:05:51.0052030Z ⠏ [4/13] page-agent[K
2026-10-08T17:05:51.0936190Z ⠋ [4/13] page-agent[K
2026-10-08T17:05:51.1341700Z ⠙ [4/13] page-agent[K
2026-10-08T17:05:51.1905770Z ⠙ [5/13] page-relay[K
2026-10-08T17:05:51.2709520Z ⠹ [5/13] page-relay[K
2026-10-08T17:05:51.3552770Z ⠸ [5/13] page-relay[K
2026-10-08T17:05:51.4403200Z ⠼ [5/13] page-relay[K
2026-10-08T17:05:51.5324220Z ⠴ [5/13] page-relay[K
2026-10-08T17:05:51.6062750Z ⠦ [5/13] page-relay[K
2026-10-08T17:05:51.6975060Z ⠧ [5/13] page-relay[K
2026-10-08T17:05:51.7782040Z ⠇ [5/13] page-relay[K
2026-10-08T17:05:51.8237950Z ⠏ [5/13] page-relay[K
2026-10-08T17:05:51.8541520Z ⠏ [6/13] page-session[K
2026-10-08T17:05:51.9604750Z ⠋ [6/13] page-session[K
2026-10-08T17:05:52.0387230Z ⠙ [6/13] page-session[K
2026-10-08T17:05:52.1198650Z ⠹ [6/13] page-session[K
2026-10-08T17:05:52.2013940Z ⠸ [6/13] page-session[K
2026-10-08T17:05:52.2815330Z ⠼ [6/13] page-session[K
2026-10-08T17:05:52.3628240Z ⠴ [6/13] page-session[K
2026-10-08T17:05:52.4452070Z ⠦ [6/13] page-session[K
2026-10-08T17:05:52.5313440Z ⠧ [6/13] page-session[K
2026-10-08T17:05:52.6084730Z ⠇ [6/13] page-session[K
2026-10-08T17:05:52.6889160Z ⠏ [6/13] page-session[K
2026-10-08T17:05:52.7702770Z ⠋ [6/13] page-session[K
2026-10-08T17:05:52.8507180Z ⠙ [6/13] page-session[K
2026-10-08T17:05:52.9309750Z ⠹ [6/13] page-session[K
2026-10-08T17:05:52.9574540Z ⠸ [6/13] page-session[K
2026-10-08T17:05:53.0141180Z ⠸ [7/13] sandbox[K
2026-10-08T17:05:53.0958000Z ⠼ [7/13] sandbox[K
2026-10-08T17:05:53.1822480Z ⠴ [7/13] sandbox[K
2026-10-08T17:05:53.2662330Z ⠦ [7/13] sandbox[K
2026-10-08T17:05:53.2836840Z ⠧ [7/13] sandbox[K
2026-10-08T17:05:53.3637430Z ⠧ [8/13] sdk-main[K
2026-10-08T17:05:53.4454560Z ⠇ [8/13] sdk-main[K
2026-10-08T17:05:53.5332530Z ⠏ [8/13] sdk-main[K
2026-10-08T17:05:53.6115630Z ⠋ [8/13] sdk-main[K
2026-10-08T17:05:53.6937330Z ⠙ [8/13] sdk-main[K
2026-10-08T17:05:53.7820340Z ⠹ [8/13] sdk-main[K
2026-10-08T17:05:53.8627460Z ⠸ [8/13] sdk-main[K
2026-10-08T17:05:53.9467540Z ⠼ [8/13] sdk-main[K
2026-10-08T17:05:54.0326980Z ⠴ [8/13] sdk-main[K
2026-10-08T17:05:54.1088720Z ⠦ [8/13] sdk-main[K
2026-10-08T17:05:54.1896140Z ⠧ [8/13] sdk-main[K
2026-10-08T17:05:54.1932220Z ⠇ [8/13] sdk-main[K
2026-10-08T17:05:54.2712700Z ⠇ [9/13] selection-entry[K
2026-10-08T17:05:54.3194830Z ⠏ [9/13] selection-entry[K
2026-10-08T17:05:54.3523730Z ⠏ [10/13] settings[K
2026-10-08T17:05:54.4340380Z ⠋ [10/13] settings[K
2026-10-08T17:05:54.5159890Z ⠙ [10/13] settings[K
2026-10-08T17:05:54.5580090Z ⠹ [10/13] settings[K
2026-10-08T17:05:54.6136070Z ⠹ [11/13] tool-shell[K
2026-10-08T17:05:54.6952500Z ⠸ [11/13] tool-shell[K
2026-10-08T17:05:54.8631590Z ⠼ [11/13] tool-shell[K
2026-10-08T17:05:54.9447210Z ⠴ [11/13] tool-shell[K
2026-10-08T17:05:55.0363390Z ⠦ [11/13] tool-shell[K
2026-10-08T17:05:55.1115360Z ⠧ [11/13] tool-shell[K
2026-10-08T17:05:55.1993070Z ⠇ [11/13] tool-shell[K
2026-10-08T17:05:55.2798900Z ⠏ [11/13] tool-shell[K
2026-10-08T17:05:55.3595140Z ⠋ [11/13] tool-shell[K
2026-10-08T17:05:55.4446770Z ⠙ [11/13] tool-shell[K
2026-10-08T17:05:55.5302570Z ⠹ [11/13] tool-shell[K
2026-10-08T17:05:55.6144030Z ⠸ [11/13] tool-shell[K
2026-10-08T17:05:55.6909250Z ⠼ [11/13] tool-shell[K
2026-10-08T17:05:55.7771500Z ⠴ [11/13] tool-shell[K
2026-10-08T17:05:55.8539520Z ⠦ [11/13] tool-shell[K
2026-10-08T17:05:55.9371040Z ⠧ [11/13] tool-shell[K
2026-10-08T17:05:56.0173490Z ⠇ [11/13] tool-shell[K
2026-10-08T17:05:56.1006470Z ⠏ [11/13] tool-shell[K
2026-10-08T17:05:56.1889120Z ⠋ [11/13] tool-shell[K
2026-10-08T17:05:56.2640810Z ⠙ [11/13] tool-shell[K
2026-10-08T17:05:56.3455880Z ⠹ [11/13] tool-shell[K
2026-10-08T17:05:56.4257820Z ⠸ [11/13] tool-shell[K
2026-10-08T17:05:56.5089620Z ⠼ [11/13] tool-shell[K
2026-10-08T17:05:56.5895960Z ⠴ [11/13] tool-shell[K
2026-10-08T17:05:56.6699700Z ⠦ [11/13] tool-shell[K
2026-10-08T17:05:56.7522440Z ⠧ [11/13] tool-shell[K
2026-10-08T17:05:56.8326360Z ⠇ [11/13] tool-shell[K
2026-10-08T17:05:56.9138190Z ⠏ [11/13] tool-shell[K
2026-10-08T17:05:56.9401450Z ⠋ [11/13] tool-shell[K
2026-10-08T17:05:57.0136870Z ⠋ [12/13] transport[K
2026-10-08T17:05:57.1023840Z ⠙ [12/13] transport[K
2026-10-08T17:05:57.1768180Z ⠹ [12/13] transport[K
2026-10-08T17:05:57.2702810Z ⠸ [12/13] transport[K
2026-10-08T17:05:57.3472660Z ⠼ [12/13] transport[K
2026-10-08T17:05:57.4285200Z ⠴ [12/13] transport[K
2026-10-08T17:05:57.4460190Z ⠦ [12/13] transport[K
2026-10-08T17:05:57.5581080Z ⠦ [13/13] worker-runtime[K
2026-10-08T17:05:57.6397590Z ⠧ [13/13] worker-runtime[K
2026-10-08T17:05:57.7201960Z ⠇ [13/13] worker-runtime[K
2026-10-08T17:05:57.8017600Z ⠏ [13/13] worker-runtime[K
2026-10-08T17:05:57.8911550Z ⠋ [13/13] worker-runtime[K
2026-10-08T17:05:57.9649930Z ⠙ [13/13] worker-runtime[K
2026-10-08T17:05:58.0462940Z ⠹ [13/13] worker-runtime[K
2026-10-08T17:05:58.1276850Z ⠸ [13/13] worker-runtime[K
2026-10-08T17:05:58.2121280Z ⠼ [13/13] worker-runtime[K
2026-10-08T17:05:58.2920010Z ⠴ [13/13] worker-runtime[K
2026-10-08T17:05:58.3722790Z ⠦ [13/13] worker-runtime[K
2026-10-08T17:05:58.4036830Z ⠧ [13/13] worker-runtime[K
2026-10-08T17:05:58.4038290Z [K[?25h
2026-10-08T17:05:58.4058850Z [K[?25h[success] Built extension in 14.2 s
2026-10-08T17:05:58.4059500Z   ├─ dist/production/manifest.json                        1.20 kB  
2026-10-08T17:05:58.4060190Z   ├─ dist/production/native-agent/settings.html           1.83 kB  
2026-10-08T17:05:58.4060810Z   ├─ dist/production/scripting/sandbox/sandbox.html       385 B    
2026-10-08T17:05:58.4061570Z   ├─ dist/production/ui/target-bootstrap.html             200 B    
2026-10-08T17:05:58.4062060Z   ├─ dist/production/ui/tool.html                         20.78 kB 
2026-10-08T17:05:58.4062620Z   ├─ dist/production/agents/bootstrap.js                  21.47 kB 
2026-10-08T17:05:58.4063150Z   ├─ dist/production/agents/health.js                     828 B    
2026-10-08T17:05:58.4063640Z   ├─ dist/production/agents/page-agent.js                 34.35 kB 
2026-10-08T17:05:58.4064220Z   ├─ dist/production/agents/page-relay.js                 35.28 kB 
2026-10-08T17:05:58.4064870Z   ├─ dist/production/agents/selection-entry.js            383 B    
2026-10-08T17:05:58.4074060Z   ├─ dist/production/framework/sdk-main.js                49.54 kB 
2026-10-08T17:05:58.4074610Z   ├─ dist/production/native-agent/settings.js             22.16 kB 
2026-10-08T17:05:58.4075170Z   ├─ dist/production/native-agent/transport.js            29.30 kB 
2026-10-08T17:05:58.4075680Z   ├─ dist/production/scripting/packaged/page-session.js   55.08 kB 
2026-10-08T17:05:58.4078000Z   ├─ dist/production/scripting/sandbox/sandbox.js         4.01 kB  
2026-10-08T17:05:58.4079400Z   ├─ dist/production/scripting/sandbox/worker-runtime.js  49.62 kB 
2026-10-08T17:05:58.4080890Z   ├─ dist/production/sw.js                                324.76 kB
2026-10-08T17:05:58.4082220Z   ├─ dist/production/ui/tool-shell.js                     172.21 kB
2026-10-08T17:05:58.4083650Z   ├─ dist/production/vendor/jquery-3.7.1.min.js           87.53 kB 
2026-10-08T17:05:58.4084460Z   ├─ dist/production/ui/tool-shell.css                    18.83 kB 
2026-10-08T17:05:58.4085040Z   ├─ dist/production/icons/notification.png               595 B    
2026-10-08T17:05:58.4085570Z   ├─ dist/production/licenses/jquery-MIT.txt              1.10 kB  
2026-10-08T17:05:58.4086210Z   └─ dist/production/licenses/todo-user-vue-MIT.txt       1.10 kB  
2026-10-08T17:05:58.4086860Z Σ Total size: 932.51 kB                                 
2026-10-08T17:05:58.4087400Z [success] Finished in 14.3 s
2026-10-08T17:05:59.0873960Z {"mode":"production","builder":"wxt","status":"passed","packageHash":"729c2bfe9b572e1d58d5e1f147e8d99d7f6118bbe6e3fdd7009429b5e05b12b7","assets":24}
2026-10-08T17:05:59.1822240Z TAP version 13
2026-10-08T17:05:59.6555650Z # REAL_CHROME_BINARY=cft VERSION=Google Chrome for Testing 155.0.8059.39
2026-10-08T17:06:03.4035230Z # REAL_CHROME_EXTENSION_LOADED=PASS id=pnhiokdnhhpbidgojhbjknpldipijdfa
2026-10-08T17:06:03.6776240Z # MACOS_NATIVE_MANIFEST_INSTALLED=PASS browser=cft
2026-10-08T17:06:03.7654860Z # REAL_CHROME_OPTIONS_TARGET={"id":"D9F06B8F0FB81F763779D35ED4F77159","type":"page","url":"about:blank","ws":"ws://127.0.0.1:49182/devtools/page/D9F06B8F0FB81F763779D35ED4F77159"}
2026-10-08T17:06:03.7765850Z # REAL_CHROME_CDP_CONNECTED=ws://127.0.0.1:49182/devtools/page/D9F06B8F0FB81F763779D35ED4F77159
2026-10-08T17:06:03.7927720Z # REAL_CHROME_CDP_FRAME={"id":1,"result":{"protocolVersion":"1.3","product":"Chrome/155.0.8059.39","revision":"@3ff7ac5a9224be9156d7f8703a06e22890aafd34","userAgent":"Mozilla/5.0 (Macintosh; Intel Mac OS X 10_15_7) AppleWebKit/537.36 (KHTML, like Gecko) HeadlessChrome/155.0.0.0 Safari/537.36","jsVersion
2026-10-08T17:06:03.8036910Z # REAL_CHROME_CDP_BROWSER_VERSION={"protocolVersion":"1.3","product":"Chrome/155.0.8059.39","revision":"@3ff7ac5a9224be9156d7f8703a06e22890aafd34","userAgent":"Mozilla/5.0 (Macintosh; Intel Mac OS X 10_15_7) AppleWebKit/537.36 (KHTML, like Gecko) HeadlessChrome/155.0.0.0 Safari/537.36","jsVersion":"15.5.35.20"}
2026-10-08T17:06:03.8653250Z # REAL_CHROME_CDP_FRAME={"method":"Inspector.detached","params":{"reason":"Render process gone."}}
2026-10-08T17:06:13.8672520Z # REAL_CHROME_CDP_OPTIONS_ERROR=CDP Runtime.evaluate timeout stderr=e_impl.cc:653] Network service crashed or was terminated, restarting service.
2026-10-08T17:06:13.8776880Z # [2165:10101:1008/170613.746660:ERROR:base/apple/mach_port_rendezvous_mac.cc:256] bootstrap_look_up com.google.chrome.for.testing.MachPortRendezvousServer.1487: Unknown service name (1102)
2026-10-08T17:06:13.8895830Z # [2165:10101:1008/170613.747049:ERROR:base/memory/shared_memory_switch.cc:261] No rendezvous client, terminating process (parent died?)
2026-10-08T17:06:13.9008960Z # [2166:10102:1008/170613.749860:ERROR:base/apple/mach_port_rendezvous_mac.cc:256] bootstrap_look_up com.google.chrome.for.testing.MachPortRendezvousServer.1487: Unknown service name (1102)
2026-10-08T17:06:13.9112980Z # [2166:10102:1008/170613.750396:ERROR:base/memory/shared_memory_switch.cc:261] No rendezvous client, terminating process (parent died?)
2026-10-08T17:06:13.9220620Z # [2167:10105:1008/170613.753670:ERROR:base/apple/mach_port_rendezvous_mac.cc:256] bootstrap_look_up com.google.chrome.for.testing.MachPortRendezvousServer.1487: Unknown service name (1102)
2026-10-08T17:06:13.9307060Z # [2167:10105:1008/170613.753826:ERROR:base/memory/shared_memory_switch.cc:261] No rendezvous client, terminating process (parent died?)
2026-10-08T17:06:13.9310940Z # [1487:7542:1008/170613.756876:ERROR:content/browser/network_service_instance_impl.cc:653] Network service crashed or was terminated, restarting service.
2026-10-08T17:06:14.0211310Z # Subtest: real macOS Chrome: packaged extension, trusted Options click and Native CLI handshake
2026-10-08T17:06:14.0238710Z not ok 1 - real macOS Chrome: packaged extension, trusted Options click and Native CLI handshake
2026-10-08T17:06:14.0239870Z   ---
2026-10-08T17:06:14.0240300Z   duration_ms: 14790.233042
2026-10-08T17:06:14.0240700Z   type: 'test'
2026-10-08T17:06:14.0241510Z   location: '/Users/runner/work/opendesk-browser/opendesk-browser/tests/environment/native-agent-chrome-real.test.mjs:79:1'
2026-10-08T17:06:14.0246550Z   failureType: 'testCodeFailure'
2026-10-08T17:06:14.0247480Z   error: 'CDP Runtime.evaluate timeout'
2026-10-08T17:06:14.0250920Z   code: 'ERR_TEST_FAILURE'
2026-10-08T17:06:14.0252100Z   stack: |-
2026-10-08T17:06:14.0254860Z     Timeout._onTimeout (file:///Users/runner/work/opendesk-browser/opendesk-browser/tests/environment/native-agent-chrome-real.test.mjs:67:67)
2026-10-08T17:06:14.0268680Z     listOnTimeout (node:internal/timers:585:17)
2026-10-08T17:06:14.0273030Z     process.processTimers (node:internal/timers:521:7)
2026-10-08T17:06:14.0273750Z   ...
2026-10-08T17:06:14.0279840Z # REAL_CHROME_CDP_CLOSED={"code":1006,"reason":"","pending":0}
2026-10-08T17:06:14.0427430Z 1..1
2026-10-08T17:06:14.0428560Z # tests 1
2026-10-08T17:06:14.0429320Z # suites 0
2026-10-08T17:06:14.0429880Z # pass 0
2026-10-08T17:06:14.0430370Z # fail 1
2026-10-08T17:06:14.0432690Z # cancelled 0
2026-10-08T17:06:14.0433220Z # skipped 0
2026-10-08T17:06:14.0433870Z # todo 0
2026-10-08T17:06:14.0434680Z # duration_ms 14861.060667
2026-10-08T17:06:14.0551500Z ##[error]Process completed with exit code 1.
2026-10-08T17:06:14.0824770Z Post job cleanup.
2026-10-08T17:06:14.3719210Z (node:2174) [DEP0040] DeprecationWarning: The `punycode` module is deprecated. Please use a userland alternative instead.
2026-10-08T17:06:14.3721100Z (Use `node --trace-deprecation ...` to show where the warning was created)
2026-10-08T17:06:14.3851060Z Post job cleanup.
2026-10-08T17:06:14.5160140Z [command]/opt/homebrew/bin/git version
2026-10-08T17:06:14.5393950Z git version 2.55.0
2026-10-08T17:06:14.5415180Z Copying '/Users/runner/.gitconfig' to '/Users/runner/work/_temp/6d144a35-e43e-4520-a9fd-5b305af4a4bc/.gitconfig'
2026-10-08T17:06:14.5421660Z Temporarily overriding HOME='/Users/runner/work/_temp/6d144a35-e43e-4520-a9fd-5b305af4a4bc' before making global git config changes
2026-10-08T17:06:14.5422550Z Adding repository directory to the temporary git global config as a safe directory
2026-10-08T17:06:14.5424620Z [command]/opt/homebrew/bin/git config --global --add safe.directory /Users/runner/work/opendesk-browser/opendesk-browser
2026-10-08T17:06:14.5574750Z [command]/opt/homebrew/bin/git config --local --name-only --get-regexp core\.sshCommand
2026-10-08T17:06:14.5688880Z [command]/opt/homebrew/bin/git submodule foreach --recursive sh -c "git config --local --name-only --get-regexp 'core\.sshCommand' && git config --local --unset-all 'core.sshCommand' || :"
2026-10-08T17:06:14.7550910Z [command]/opt/homebrew/bin/git config --local --name-only --get-regexp http\.https\:\/\/github\.com\/\.extraheader
2026-10-08T17:06:14.7651920Z http.https://github.com/.extraheader
2026-10-08T17:06:14.7665930Z [command]/opt/homebrew/bin/git config --local --unset-all http.https://github.com/.extraheader
2026-10-08T17:06:14.7788500Z [command]/opt/homebrew/bin/git submodule foreach --recursive sh -c "git config --local --name-only --get-regexp 'http\.https\:\/\/github\.com\/\.extraheader' && git config --local --unset-all 'http.https://github.com/.extraheader' || :"
2026-10-08T17:06:14.9649450Z [command]/opt/homebrew/bin/git config --local --name-only --get-regexp ^includeIf\.gitdir:
2026-10-08T17:06:14.9686670Z [command]/opt/homebrew/bin/git submodule foreach --recursive git config --local --show-origin --name-only --get-regexp remote.origin.url
2026-10-08T17:06:15.1237330Z Cleaning up orphan processes
2026-10-08T17:06:15.4319860Z ##[warning]Node.js 20 is deprecated. The following actions target Node.js 20 but are being forced to run on Node.js 24: actions/checkout@v4, actions/setup-node@v4. For more information see: https://github.blog/changelog/2025-09-19-deprecation-of-node-20-on-github-actions-runners/

