2026-10-08T17:38:31.8611010Z Current runner version: '2.337.0'
2026-10-08T17:38:31.8633490Z ##[group]Runner Image Provisioner
2026-10-08T17:38:31.8634100Z Hosted Compute Agent
2026-10-08T17:38:31.8634490Z Version: 20260828.587
2026-10-08T17:38:31.8634890Z Commit: abac92662cab4cc7352de4f9f9d2e2419aad9c29
2026-10-08T17:38:31.8635540Z Build Date: 2026-08-28T16:44:25Z
2026-10-08T17:38:31.8635990Z Worker ID: {016b282a-f10b-4e47-a281-1dd7dccd55b9}
2026-10-08T17:38:31.8636440Z Azure Region: westus
2026-10-08T17:38:31.8636790Z ##[endgroup]
2026-10-08T17:38:31.8637730Z ##[group]Operating System
2026-10-08T17:38:31.8638110Z macOS
2026-10-08T17:38:31.8638420Z 15.7.9
2026-10-08T17:38:31.8638740Z 24G830
2026-10-08T17:38:31.8639100Z ##[endgroup]
2026-10-08T17:38:31.8639460Z ##[group]Runner Image
2026-10-08T17:38:31.8639830Z Image: macos-15-arm64
2026-10-08T17:38:31.8640190Z Version: 20260907.0337.1
2026-10-08T17:38:31.8641040Z Included Software: https://github.com/actions/runner-images/blob/macos-15-arm64/20260907.0337/images/macos/macos-15-arm64-Readme.md
2026-10-08T17:38:31.8642060Z Image Release: https://github.com/actions/runner-images/releases/tag/macos-15-arm64%2F20260907.0337
2026-10-08T17:38:31.8642720Z ##[endgroup]
2026-10-08T17:38:31.8643450Z ##[group]GITHUB_TOKEN Permissions
2026-10-08T17:38:31.8644740Z Contents: read
2026-10-08T17:38:31.8645110Z Metadata: read
2026-10-08T17:38:31.8645470Z ##[endgroup]
2026-10-08T17:38:31.8646920Z Secret source: Actions
2026-10-08T17:38:31.8647490Z Cache mode: write
2026-10-08T17:38:31.8648000Z Prepare workflow directory
2026-10-08T17:38:31.8916950Z Prepare all required actions
2026-10-08T17:38:31.8980150Z Getting action download info
2026-10-08T17:38:32.0925700Z Download action repository 'actions/checkout@v4' (SHA:11d5960a326750d5838078e36cf38b85af677262)
2026-10-08T17:38:32.4031730Z Download action repository 'actions/setup-node@v4' (SHA:49933ea5288caeca8642d1e84afbd3f7d6820020)
2026-10-08T17:38:32.5258410Z Download action repository 'browser-actions/setup-chrome@v2' (SHA:48ad923757ca74d66703209fe939badbdf80f2f4)
2026-10-08T17:38:33.7299700Z Complete job name: macos-native-host-ipc
2026-10-08T17:38:33.8660190Z ##[group]Run actions/checkout@v4
2026-10-08T17:38:33.8661240Z with:
2026-10-08T17:38:33.8689690Z   repository: shopable-ai/opendesk-browser
2026-10-08T17:38:33.8711460Z   token: ***
2026-10-08T17:38:33.8713510Z   ssh-strict: true
2026-10-08T17:38:33.8715070Z   ssh-user: git
2026-10-08T17:38:33.8716610Z   persist-credentials: true
2026-10-08T17:38:33.8718390Z   clean: true
2026-10-08T17:38:33.8719980Z   sparse-checkout-cone-mode: true
2026-10-08T17:38:33.8721810Z   fetch-depth: 1
2026-10-08T17:38:33.8723390Z   fetch-tags: false
2026-10-08T17:38:33.8725020Z   show-progress: true
2026-10-08T17:38:33.8726680Z   lfs: false
2026-10-08T17:38:33.8728150Z   submodules: false
2026-10-08T17:38:33.8729740Z   set-safe-directory: true
2026-10-08T17:38:33.8731510Z   allow-unsafe-pr-checkout: false
2026-10-08T17:38:33.8735900Z ##[endgroup]
2026-10-08T17:38:35.8795800Z Syncing repository: shopable-ai/opendesk-browser
2026-10-08T17:38:35.8799440Z ##[group]Getting Git version info
2026-10-08T17:38:35.8800530Z Working directory is '/Users/runner/work/opendesk-browser/opendesk-browser'
2026-10-08T17:38:35.8804700Z [command]/opt/homebrew/bin/git version
2026-10-08T17:38:36.3950030Z git version 2.55.0
2026-10-08T17:38:36.4011170Z ##[endgroup]
2026-10-08T17:38:36.4039340Z Copying '/Users/runner/.gitconfig' to '/Users/runner/work/_temp/bfe2fdec-a307-4581-9688-8771095e4a4b/.gitconfig'
2026-10-08T17:38:36.4057290Z Temporarily overriding HOME='/Users/runner/work/_temp/bfe2fdec-a307-4581-9688-8771095e4a4b' before making global git config changes
2026-10-08T17:38:36.4059800Z Adding repository directory to the temporary git global config as a safe directory
2026-10-08T17:38:36.4061990Z [command]/opt/homebrew/bin/git config --global --add safe.directory /Users/runner/work/opendesk-browser/opendesk-browser
2026-10-08T17:38:36.4177790Z Deleting the contents of '/Users/runner/work/opendesk-browser/opendesk-browser'
2026-10-08T17:38:36.4182310Z ##[group]Initializing the repository
2026-10-08T17:38:36.4185840Z [command]/opt/homebrew/bin/git init /Users/runner/work/opendesk-browser/opendesk-browser
2026-10-08T17:38:36.5620030Z hint: Using 'master' as the name for the initial branch. This default branch name
2026-10-08T17:38:36.5620940Z hint: will change to "main" in Git 3.0. To configure the initial branch name
2026-10-08T17:38:36.5621850Z hint: to use in all of your new repositories, which will suppress this warning,
2026-10-08T17:38:36.5622410Z hint: call:
2026-10-08T17:38:36.5622710Z hint:
2026-10-08T17:38:36.5623070Z hint: 	git config --global init.defaultBranch <name>
2026-10-08T17:38:36.5623420Z hint:
2026-10-08T17:38:36.5623760Z hint: Names commonly chosen instead of 'master' are 'main', 'trunk' and
2026-10-08T17:38:36.5624390Z hint: 'development'. The just-created branch can be renamed via this command:
2026-10-08T17:38:36.5624860Z hint:
2026-10-08T17:38:36.5625090Z hint: 	git branch -m <name>
2026-10-08T17:38:36.5625450Z hint:
2026-10-08T17:38:36.5625850Z hint: Disable this message with "git config set advice.defaultBranchName false"
2026-10-08T17:38:36.5626520Z Initialized empty Git repository in /Users/runner/work/opendesk-browser/opendesk-browser/.git/
2026-10-08T17:38:36.5634500Z [command]/opt/homebrew/bin/git remote add origin https://github.com/shopable-ai/opendesk-browser
2026-10-08T17:38:36.5739720Z ##[endgroup]
2026-10-08T17:38:36.5740890Z ##[group]Disabling automatic garbage collection
2026-10-08T17:38:36.5747970Z [command]/opt/homebrew/bin/git config --local gc.auto 0
2026-10-08T17:38:36.5900250Z ##[endgroup]
2026-10-08T17:38:36.5901490Z ##[group]Setting up auth
2026-10-08T17:38:36.5906300Z [command]/opt/homebrew/bin/git config --local --name-only --get-regexp core\.sshCommand
2026-10-08T17:38:36.5989630Z [command]/opt/homebrew/bin/git submodule foreach --recursive sh -c "git config --local --name-only --get-regexp 'core\.sshCommand' && git config --local --unset-all 'core.sshCommand' || :"
2026-10-08T17:38:36.7460590Z [command]/opt/homebrew/bin/git config --local --name-only --get-regexp http\.https\:\/\/github\.com\/\.extraheader
2026-10-08T17:38:36.7544790Z [command]/opt/homebrew/bin/git submodule foreach --recursive sh -c "git config --local --name-only --get-regexp 'http\.https\:\/\/github\.com\/\.extraheader' && git config --local --unset-all 'http.https://github.com/.extraheader' || :"
2026-10-08T17:38:36.8759700Z [command]/opt/homebrew/bin/git config --local --name-only --get-regexp ^includeIf\.gitdir:
2026-10-08T17:38:36.9091950Z [command]/opt/homebrew/bin/git submodule foreach --recursive git config --local --show-origin --name-only --get-regexp remote.origin.url
2026-10-08T17:38:37.0855810Z [command]/opt/homebrew/bin/git config --local http.https://github.com/.extraheader AUTHORIZATION: basic ***
2026-10-08T17:38:37.1146710Z ##[endgroup]
2026-10-08T17:38:37.1178550Z ##[group]Fetching the repository
2026-10-08T17:38:37.1282150Z [command]/opt/homebrew/bin/git -c protocol.version=2 fetch --no-tags --prune --no-recurse-submodules --depth=1 origin +f1ca724a52e3190447c9be93ed9b00b8a97b52fd:refs/remotes/origin/agent/native-agent-bridge-r1-20261008
2026-10-08T17:38:40.7011490Z From https://github.com/shopable-ai/opendesk-browser
2026-10-08T17:38:40.7018780Z  * [new ref]         f1ca724a52e3190447c9be93ed9b00b8a97b52fd -> origin/agent/native-agent-bridge-r1-20261008
2026-10-08T17:38:40.7061600Z ##[endgroup]
2026-10-08T17:38:40.7063060Z ##[group]Determining the checkout info
2026-10-08T17:38:40.7067690Z ##[endgroup]
2026-10-08T17:38:40.7086810Z [command]/opt/homebrew/bin/git sparse-checkout disable
2026-10-08T17:38:40.7252120Z [command]/opt/homebrew/bin/git config --local --unset-all extensions.worktreeConfig
2026-10-08T17:38:40.7331960Z ##[group]Checking out the ref
2026-10-08T17:38:40.7433440Z [command]/opt/homebrew/bin/git checkout --progress --force -B agent/native-agent-bridge-r1-20261008 refs/remotes/origin/agent/native-agent-bridge-r1-20261008
2026-10-08T17:38:41.8653970Z Updating files:  18% (2405/12960)
2026-10-08T17:38:41.8895660Z Updating files:  19% (2463/12960)
2026-10-08T17:38:41.9204620Z Updating files:  20% (2592/12960)
2026-10-08T17:38:41.9763240Z Updating files:  21% (2722/12960)
2026-10-08T17:38:42.0128530Z Updating files:  22% (2852/12960)
2026-10-08T17:38:42.0342310Z Updating files:  23% (2981/12960)
2026-10-08T17:38:42.0714020Z Updating files:  24% (3111/12960)
2026-10-08T17:38:42.1248190Z Updating files:  25% (3240/12960)
2026-10-08T17:38:42.2038070Z Updating files:  26% (3370/12960)
2026-10-08T17:38:42.2418900Z Updating files:  27% (3500/12960)
2026-10-08T17:38:42.2827790Z Updating files:  28% (3629/12960)
2026-10-08T17:38:42.3047770Z Updating files:  29% (3759/12960)
2026-10-08T17:38:42.3466000Z Updating files:  30% (3888/12960)
2026-10-08T17:38:42.3629260Z Updating files:  31% (4018/12960)
2026-10-08T17:38:42.4002990Z Updating files:  32% (4148/12960)
2026-10-08T17:38:42.4386740Z Updating files:  33% (4277/12960)
2026-10-08T17:38:42.4786270Z Updating files:  34% (4407/12960)
2026-10-08T17:38:42.5115460Z Updating files:  35% (4536/12960)
2026-10-08T17:38:42.5320890Z Updating files:  36% (4666/12960)
2026-10-08T17:38:42.5524820Z Updating files:  37% (4796/12960)
2026-10-08T17:38:42.5807390Z Updating files:  38% (4925/12960)
2026-10-08T17:38:42.6123530Z Updating files:  39% (5055/12960)
2026-10-08T17:38:42.6328700Z Updating files:  40% (5184/12960)
2026-10-08T17:38:42.6588090Z Updating files:  41% (5314/12960)
2026-10-08T17:38:42.6870040Z Updating files:  42% (5444/12960)
2026-10-08T17:38:42.7094700Z Updating files:  43% (5573/12960)
2026-10-08T17:38:42.7266320Z Updating files:  44% (5703/12960)
2026-10-08T17:38:42.7650290Z Updating files:  45% (5832/12960)
2026-10-08T17:38:42.7766600Z Updating files:  46% (5962/12960)
2026-10-08T17:38:42.7808010Z Updating files:  46% (6049/12960)
2026-10-08T17:38:42.8122180Z Updating files:  47% (6092/12960)
2026-10-08T17:38:42.8358540Z Updating files:  48% (6221/12960)
2026-10-08T17:38:42.8919260Z Updating files:  49% (6351/12960)
2026-10-08T17:38:42.9125950Z Updating files:  50% (6480/12960)
2026-10-08T17:38:42.9318520Z Updating files:  51% (6610/12960)
2026-10-08T17:38:42.9697410Z Updating files:  52% (6740/12960)
2026-10-08T17:38:42.9993770Z Updating files:  53% (6869/12960)
2026-10-08T17:38:43.0197500Z Updating files:  54% (6999/12960)
2026-10-08T17:38:43.0552620Z Updating files:  55% (7128/12960)
2026-10-08T17:38:43.0725710Z Updating files:  56% (7258/12960)
2026-10-08T17:38:43.0917080Z Updating files:  57% (7388/12960)
2026-10-08T17:38:43.1156120Z Updating files:  58% (7517/12960)
2026-10-08T17:38:43.1407430Z Updating files:  59% (7647/12960)
2026-10-08T17:38:43.1810230Z Updating files:  60% (7776/12960)
2026-10-08T17:38:43.2018750Z Updating files:  61% (7906/12960)
2026-10-08T17:38:43.2456950Z Updating files:  62% (8036/12960)
2026-10-08T17:38:43.2709760Z Updating files:  63% (8165/12960)
2026-10-08T17:38:43.2931970Z Updating files:  64% (8295/12960)
2026-10-08T17:38:43.3318240Z Updating files:  65% (8424/12960)
2026-10-08T17:38:43.3500980Z Updating files:  66% (8554/12960)
2026-10-08T17:38:43.3738620Z Updating files:  67% (8684/12960)
2026-10-08T17:38:43.4132050Z Updating files:  68% (8813/12960)
2026-10-08T17:38:43.4398380Z Updating files:  69% (8943/12960)
2026-10-08T17:38:43.4600140Z Updating files:  70% (9072/12960)
2026-10-08T17:38:43.4730180Z Updating files:  71% (9202/12960)
2026-10-08T17:38:43.5076530Z Updating files:  72% (9332/12960)
2026-10-08T17:38:43.5403920Z Updating files:  73% (9461/12960)
2026-10-08T17:38:43.5511590Z Updating files:  74% (9591/12960)
2026-10-08T17:38:43.5847020Z Updating files:  75% (9720/12960)
2026-10-08T17:38:43.6082280Z Updating files:  76% (9850/12960)
2026-10-08T17:38:43.6637370Z Updating files:  77% (9980/12960)
2026-10-08T17:38:43.7314200Z Updating files:  78% (10109/12960)
2026-10-08T17:38:43.7540440Z Updating files:  79% (10239/12960)
2026-10-08T17:38:43.7763630Z Updating files:  80% (10368/12960)
2026-10-08T17:38:43.7788360Z Updating files:  80% (10471/12960)
2026-10-08T17:38:43.7943960Z Updating files:  81% (10498/12960)
2026-10-08T17:38:43.8244410Z Updating files:  82% (10628/12960)
2026-10-08T17:38:43.8515660Z Updating files:  83% (10757/12960)
2026-10-08T17:38:43.8703610Z Updating files:  84% (10887/12960)
2026-10-08T17:38:43.9030490Z Updating files:  85% (11016/12960)
2026-10-08T17:38:43.9574020Z Updating files:  86% (11146/12960)
2026-10-08T17:38:43.9877560Z Updating files:  87% (11276/12960)
2026-10-08T17:38:44.0656490Z Updating files:  88% (11405/12960)
2026-10-08T17:38:44.1434630Z Updating files:  89% (11535/12960)
2026-10-08T17:38:44.1968930Z Updating files:  90% (11664/12960)
2026-10-08T17:38:44.2202080Z Updating files:  91% (11794/12960)
2026-10-08T17:38:44.2534890Z Updating files:  92% (11924/12960)
2026-10-08T17:38:44.4473630Z Updating files:  93% (12053/12960)
2026-10-08T17:38:44.7672430Z Updating files:  94% (12183/12960)
2026-10-08T17:38:44.7778370Z Updating files:  95% (12312/12960)
2026-10-08T17:38:44.8748240Z Updating files:  95% (12329/12960)
2026-10-08T17:38:45.0582710Z Updating files:  96% (12442/12960)
2026-10-08T17:38:45.2520680Z Updating files:  97% (12572/12960)
2026-10-08T17:38:45.4831550Z Updating files:  98% (12701/12960)
2026-10-08T17:38:45.6201840Z Updating files:  99% (12831/12960)
2026-10-08T17:38:45.6202800Z Updating files: 100% (12960/12960)
2026-10-08T17:38:45.6203570Z Updating files: 100% (12960/12960), done.
2026-10-08T17:38:45.7180750Z Switched to a new branch 'agent/native-agent-bridge-r1-20261008'
2026-10-08T17:38:45.7324800Z branch 'agent/native-agent-bridge-r1-20261008' set up to track 'origin/agent/native-agent-bridge-r1-20261008'.
2026-10-08T17:38:45.7596170Z ##[endgroup]
2026-10-08T17:38:45.8047580Z [command]/opt/homebrew/bin/git log -1 --format=%H
2026-10-08T17:38:45.8053070Z f1ca724a52e3190447c9be93ed9b00b8a97b52fd
2026-10-08T17:38:45.8936720Z ##[group]Run actions/setup-node@v4
2026-10-08T17:38:45.8937140Z with:
2026-10-08T17:38:45.8937390Z   node-version: 22
2026-10-08T17:38:45.8937740Z   always-auth: false
2026-10-08T17:38:45.8937950Z   check-latest: false
2026-10-08T17:38:45.8940550Z   token: ***
2026-10-08T17:38:45.8940910Z ##[endgroup]
2026-10-08T17:38:46.2845010Z (node:1186) [DEP0040] DeprecationWarning: The `punycode` module is deprecated. Please use a userland alternative instead.
2026-10-08T17:38:46.2949190Z (Use `node --trace-deprecation ...` to show where the warning was created)
2026-10-08T17:38:46.3175770Z Found in cache @ /Users/runner/hostedtoolcache/node/22.23.2/arm64
2026-10-08T17:38:46.3250150Z ##[group]Environment details
2026-10-08T17:38:47.2404070Z node: v22.23.2
2026-10-08T17:38:47.2494630Z npm: 10.9.8
2026-10-08T17:38:47.2495220Z yarn: 1.22.22
2026-10-08T17:38:47.2496680Z ##[endgroup]
2026-10-08T17:38:47.2800900Z ##[group]Run node --test tests/environment/native-agent-macos-install.test.mjs
2026-10-08T17:38:47.2801680Z [36;1mnode --test tests/environment/native-agent-macos-install.test.mjs[0m
2026-10-08T17:38:47.2894580Z shell: /bin/bash -e {0}
2026-10-08T17:38:47.2895260Z ##[endgroup]
2026-10-08T17:38:47.4479200Z TAP version 13
2026-10-08T17:38:48.3908700Z # Subtest: macOS isolated Native Host install, private socket, real wrapper and authenticated CLI IPC
2026-10-08T17:38:48.4011480Z ok 1 - macOS isolated Native Host install, private socket, real wrapper and authenticated CLI IPC
2026-10-08T17:38:48.4113080Z   ---
2026-10-08T17:38:48.4213530Z   duration_ms: 656.158916
2026-10-08T17:38:48.4315750Z   type: 'test'
2026-10-08T17:38:48.4422970Z   ...
2026-10-08T17:38:48.6871060Z # Subtest: macOS Chrome for Testing uses its own manifest and cannot replace Google Chrome registration
2026-10-08T17:38:48.6885530Z ok 2 - macOS Chrome for Testing uses its own manifest and cannot replace Google Chrome registration
2026-10-08T17:38:48.6891480Z   ---
2026-10-08T17:38:48.6891870Z   duration_ms: 388.643791
2026-10-08T17:38:48.6892320Z   type: 'test'
2026-10-08T17:38:48.6894940Z   ...
2026-10-08T17:38:48.8571980Z # Subtest: macOS Chrome for Testing manifest is isolated from regular Chrome and launches the real native host
2026-10-08T17:38:48.8639460Z ok 3 - macOS Chrome for Testing manifest is isolated from regular Chrome and launches the real native host
2026-10-08T17:38:48.8655060Z   ---
2026-10-08T17:38:48.8655300Z   duration_ms: 290.474167
2026-10-08T17:38:48.8655630Z   type: 'test'
2026-10-08T17:38:48.8655990Z   ...
2026-10-08T17:38:48.8656240Z 1..3
2026-10-08T17:38:48.8657390Z # tests 3
2026-10-08T17:38:48.8657660Z # suites 0
2026-10-08T17:38:48.8658000Z # pass 3
2026-10-08T17:38:48.8658210Z # fail 0
2026-10-08T17:38:48.8659150Z # cancelled 0
2026-10-08T17:38:48.8659580Z # skipped 0
2026-10-08T17:38:48.8660680Z # todo 0
2026-10-08T17:38:48.8662040Z # duration_ms 1432.713333
2026-10-08T17:38:48.8832160Z ##[group]Run browser-actions/setup-chrome@v2
2026-10-08T17:38:48.8832520Z with:
2026-10-08T17:38:48.8832840Z   chrome-version: stable
2026-10-08T17:38:48.8833080Z   install-dependencies: false
2026-10-08T17:38:48.8833390Z   install-chromedriver: false
2026-10-08T17:38:48.8833640Z   no-sudo: false
2026-10-08T17:38:48.8833900Z ##[endgroup]
2026-10-08T17:38:49.0516060Z Setup chrome stable
2026-10-08T17:38:49.0524010Z Attempting to download chrome stable...
2026-10-08T17:38:49.1648360Z Acquiring chrome stable from https://storage.googleapis.com/chrome-for-testing-public/155.0.8059.39/mac-arm64/chrome-mac-arm64.zip
2026-10-08T17:38:53.2751410Z Installing chrome...
2026-10-08T17:38:53.2853740Z [command]/usr/bin/unzip -o -q /Users/runner/work/_temp/0ef4dd02-2365-48f7-b564-9ad21675a3b5
2026-10-08T17:38:59.8629190Z Successfully Installed chrome to /Users/runner/hostedtoolcache/setup-chrome/chrome/stable/arm64
2026-10-08T17:38:59.8637900Z [command]/Users/runner/hostedtoolcache/setup-chrome/chrome/stable/arm64/Contents/MacOS/Google Chrome for Testing --version
2026-10-08T17:39:00.2207690Z Google Chrome for Testing 155.0.8059.39 
2026-10-08T17:39:00.2250620Z Successfully setup chrome 155.0.8059.39
2026-10-08T17:39:00.2766440Z ##[group]Run npm ci --ignore-scripts --no-audit --no-fund
2026-10-08T17:39:00.2767080Z [36;1mnpm ci --ignore-scripts --no-audit --no-fund[0m
2026-10-08T17:39:00.2767390Z [36;1mnpm run build[0m
2026-10-08T17:39:00.2768200Z [36;1mnode --test tests/environment/native-agent-chrome-real.test.mjs[0m
2026-10-08T17:39:00.2884250Z shell: /bin/bash -e {0}
2026-10-08T17:39:00.2884620Z env:
2026-10-08T17:39:00.2885150Z   CHROME_FOR_TESTING_BIN: /Users/runner/hostedtoolcache/setup-chrome/chrome/stable/arm64/Contents/MacOS/Google Chrome for Testing
2026-10-08T17:39:00.2885600Z ##[endgroup]
2026-10-08T17:39:04.6437520Z 
2026-10-08T17:39:04.6441620Z added 240 packages in 4s
2026-10-08T17:39:04.9942430Z 
2026-10-08T17:39:04.9942890Z > opendesk-browser@0.1.0 build
2026-10-08T17:39:04.9943260Z > node scripts/build.mjs production
2026-10-08T17:39:04.9943530Z 
2026-10-08T17:39:05.4242580Z [log] 
2026-10-08T17:39:05.4252880Z WXT 0.21.4
2026-10-08T17:39:05.5413570Z [info] Generating types...
2026-10-08T17:39:05.6607810Z [success] Finished in 237 ms
2026-10-08T17:39:06.1499790Z [log] 
2026-10-08T17:39:06.1600790Z WXT 0.21.4
2026-10-08T17:39:06.2838080Z [info] Building chrome-mv3 for production with Vite 7.3.6
2026-10-08T17:39:06.4411700Z [?25l
2026-10-08T17:39:06.4451460Z ⠋ Preparing...[K
2026-10-08T17:39:06.5508880Z ⠋ [1/13] sw[K
2026-10-08T17:39:06.6512180Z ⠙ [1/13] sw[K
2026-10-08T17:39:06.7728480Z ⠹ [1/13] sw[K
2026-10-08T17:39:06.8599360Z ⠸ [1/13] sw[K
2026-10-08T17:39:06.9452400Z ⠼ [1/13] sw[K
2026-10-08T17:39:07.5722870Z ⠴ [1/13] sw[K
2026-10-08T17:39:07.6524350Z ⠦ [1/13] sw[K
2026-10-08T17:39:07.7384420Z ⠧ [1/13] sw[K
2026-10-08T17:39:07.8265700Z ⠇ [1/13] sw[K
2026-10-08T17:39:07.9060220Z ⠏ [1/13] sw[K
2026-10-08T17:39:07.9967360Z ⠋ [1/13] sw[K
2026-10-08T17:39:08.0764960Z ⠙ [1/13] sw[K
2026-10-08T17:39:08.1525140Z ⠹ [1/13] sw[K
2026-10-08T17:39:08.2441740Z ⠸ [1/13] sw[K
2026-10-08T17:39:08.3219960Z ⠼ [1/13] sw[K
2026-10-08T17:39:08.4023190Z ⠴ [1/13] sw[K
2026-10-08T17:39:08.4827960Z ⠦ [1/13] sw[K
2026-10-08T17:39:08.5631410Z ⠧ [1/13] sw[K
2026-10-08T17:39:08.6454440Z ⠇ [1/13] sw[K
2026-10-08T17:39:08.7337370Z ⠏ [1/13] sw[K
2026-10-08T17:39:08.8100760Z ⠋ [1/13] sw[K
2026-10-08T17:39:08.8904370Z ⠙ [1/13] sw[K
2026-10-08T17:39:08.9747730Z ⠹ [1/13] sw[K
2026-10-08T17:39:09.0623170Z ⠸ [1/13] sw[K
2026-10-08T17:39:09.1427520Z ⠼ [1/13] sw[K
2026-10-08T17:39:09.2192450Z ⠴ [1/13] sw[K
2026-10-08T17:39:09.3005610Z ⠦ [1/13] sw[K
2026-10-08T17:39:09.3935570Z ⠧ [1/13] sw[K
2026-10-08T17:39:09.4694940Z ⠇ [1/13] sw[K
2026-10-08T17:39:09.5423380Z ⠏ [1/13] sw[K
2026-10-08T17:39:09.6261840Z ⠋ [1/13] sw[K
2026-10-08T17:39:09.7099600Z ⠙ [1/13] sw[K
2026-10-08T17:39:09.7889730Z ⠹ [1/13] sw[K
2026-10-08T17:39:09.8730450Z ⠸ [1/13] sw[K
2026-10-08T17:39:09.9492330Z ⠼ [1/13] sw[K
2026-10-08T17:39:10.0306480Z ⠴ [1/13] sw[K
2026-10-08T17:39:10.1135740Z ⠦ [1/13] sw[K
2026-10-08T17:39:10.1943240Z ⠧ [1/13] sw[K
2026-10-08T17:39:10.2764670Z ⠇ [1/13] sw[K
2026-10-08T17:39:10.3559360Z ⠏ [1/13] sw[K
2026-10-08T17:39:10.4371530Z ⠋ [1/13] sw[K
2026-10-08T17:39:10.5185840Z ⠙ [1/13] sw[K
2026-10-08T17:39:10.5988490Z ⠹ [1/13] sw[K
2026-10-08T17:39:10.6814170Z ⠸ [1/13] sw[K
2026-10-08T17:39:10.7619980Z ⠼ [1/13] sw[K
2026-10-08T17:39:10.8417930Z ⠴ [1/13] sw[K
2026-10-08T17:39:10.9232420Z ⠦ [1/13] sw[K
2026-10-08T17:39:11.0045810Z ⠧ [1/13] sw[K
2026-10-08T17:39:11.0317460Z ⠇ [1/13] sw[K
2026-10-08T17:39:11.0923800Z ⠇ [2/13] bootstrap[K
2026-10-08T17:39:11.1725300Z ⠏ [2/13] bootstrap[K
2026-10-08T17:39:11.2534080Z ⠋ [2/13] bootstrap[K
2026-10-08T17:39:11.2935570Z ⠙ [2/13] bootstrap[K
2026-10-08T17:39:11.3336080Z ⠙ [3/13] health[K
2026-10-08T17:39:11.4149530Z ⠹ [3/13] health[K
2026-10-08T17:39:11.4687880Z ⠸ [3/13] health[K
2026-10-08T17:39:11.4995830Z ⠸ [4/13] page-agent[K
2026-10-08T17:39:11.5804120Z ⠼ [4/13] page-agent[K
2026-10-08T17:39:11.6628550Z ⠴ [4/13] page-agent[K
2026-10-08T17:39:11.7437510Z ⠦ [4/13] page-agent[K
2026-10-08T17:39:11.8240850Z ⠧ [4/13] page-agent[K
2026-10-08T17:39:11.9055330Z ⠇ [4/13] page-agent[K
2026-10-08T17:39:11.9808520Z ⠏ [4/13] page-agent[K
2026-10-08T17:39:11.9910760Z ⠏ [5/13] page-relay[K
2026-10-08T17:39:12.0675690Z ⠋ [5/13] page-relay[K
2026-10-08T17:39:12.1522750Z ⠙ [5/13] page-relay[K
2026-10-08T17:39:12.2341670Z ⠹ [5/13] page-relay[K
2026-10-08T17:39:12.3207380Z ⠸ [5/13] page-relay[K
2026-10-08T17:39:12.4050960Z ⠼ [5/13] page-relay[K
2026-10-08T17:39:12.4739550Z ⠴ [5/13] page-relay[K
2026-10-08T17:39:12.4792230Z ⠴ [6/13] page-session[K
2026-10-08T17:39:12.5695270Z ⠦ [6/13] page-session[K
2026-10-08T17:39:12.6513410Z ⠧ [6/13] page-session[K
2026-10-08T17:39:12.7332820Z ⠇ [6/13] page-session[K
2026-10-08T17:39:12.8246070Z ⠏ [6/13] page-session[K
2026-10-08T17:39:12.8982410Z ⠋ [6/13] page-session[K
2026-10-08T17:39:12.9803660Z ⠙ [6/13] page-session[K
2026-10-08T17:39:13.0619090Z ⠹ [6/13] page-session[K
2026-10-08T17:39:13.1440620Z ⠸ [6/13] page-session[K
2026-10-08T17:39:13.2249280Z ⠼ [6/13] page-session[K
2026-10-08T17:39:13.3064830Z ⠴ [6/13] page-session[K
2026-10-08T17:39:13.3467290Z ⠦ [6/13] page-session[K
2026-10-08T17:39:13.3878410Z ⠦ [7/13] sandbox[K
2026-10-08T17:39:13.4679840Z ⠧ [7/13] sandbox[K
2026-10-08T17:39:13.5528980Z ⠇ [7/13] sandbox[K
2026-10-08T17:39:13.6028950Z ⠏ [7/13] sandbox[K
2026-10-08T17:39:13.6414980Z ⠏ [8/13] sdk-main[K
2026-10-08T17:39:13.7213950Z ⠋ [8/13] sdk-main[K
2026-10-08T17:39:13.8045200Z ⠙ [8/13] sdk-main[K
2026-10-08T17:39:13.8847980Z ⠹ [8/13] sdk-main[K
2026-10-08T17:39:13.9662860Z ⠸ [8/13] sdk-main[K
2026-10-08T17:39:14.0466710Z ⠼ [8/13] sdk-main[K
2026-10-08T17:39:14.1280940Z ⠴ [8/13] sdk-main[K
2026-10-08T17:39:14.2092720Z ⠦ [8/13] sdk-main[K
2026-10-08T17:39:14.2897130Z ⠧ [8/13] sdk-main[K
2026-10-08T17:39:14.3651560Z ⠇ [8/13] sdk-main[K
2026-10-08T17:39:14.3697470Z ⠇ [9/13] selection-entry[K
2026-10-08T17:39:14.4510780Z ⠏ [9/13] selection-entry[K
2026-10-08T17:39:14.5342530Z ⠋ [9/13] selection-entry[K
2026-10-08T17:39:14.5651010Z ⠙ [9/13] selection-entry[K
2026-10-08T17:39:14.6168810Z ⠙ [10/13] settings[K
2026-10-08T17:39:14.6963230Z ⠹ [10/13] settings[K
2026-10-08T17:39:14.7821350Z ⠸ [10/13] settings[K
2026-10-08T17:39:14.8442340Z ⠼ [10/13] settings[K
2026-10-08T17:39:14.8611860Z ⠼ [11/13] tool-shell[K
2026-10-08T17:39:14.9555010Z ⠴ [11/13] tool-shell[K
2026-10-08T17:39:15.2234770Z ⠦ [11/13] tool-shell[K
2026-10-08T17:39:15.3037550Z ⠧ [11/13] tool-shell[K
2026-10-08T17:39:15.3911100Z ⠇ [11/13] tool-shell[K
2026-10-08T17:39:15.4820900Z ⠏ [11/13] tool-shell[K
2026-10-08T17:39:15.5578400Z ⠋ [11/13] tool-shell[K
2026-10-08T17:39:15.6431580Z ⠙ [11/13] tool-shell[K
2026-10-08T17:39:15.7268350Z ⠹ [11/13] tool-shell[K
2026-10-08T17:39:15.8002470Z ⠸ [11/13] tool-shell[K
2026-10-08T17:39:15.8858010Z ⠼ [11/13] tool-shell[K
2026-10-08T17:39:15.9614040Z ⠴ [11/13] tool-shell[K
2026-10-08T17:39:16.0430110Z ⠦ [11/13] tool-shell[K
2026-10-08T17:39:16.1236770Z ⠧ [11/13] tool-shell[K
2026-10-08T17:39:16.2069870Z ⠇ [11/13] tool-shell[K
2026-10-08T17:39:16.2903720Z ⠏ [11/13] tool-shell[K
2026-10-08T17:39:16.3702050Z ⠋ [11/13] tool-shell[K
2026-10-08T17:39:16.4517740Z ⠙ [11/13] tool-shell[K
2026-10-08T17:39:16.5320380Z ⠹ [11/13] tool-shell[K
2026-10-08T17:39:16.6178870Z ⠸ [11/13] tool-shell[K
2026-10-08T17:39:16.6962860Z ⠼ [11/13] tool-shell[K
2026-10-08T17:39:16.7775010Z ⠴ [11/13] tool-shell[K
2026-10-08T17:39:16.8583180Z ⠦ [11/13] tool-shell[K
2026-10-08T17:39:16.9396990Z ⠧ [11/13] tool-shell[K
2026-10-08T17:39:17.0204950Z ⠇ [11/13] tool-shell[K
2026-10-08T17:39:17.0711140Z ⠏ [11/13] tool-shell[K
2026-10-08T17:39:17.1050920Z ⠏ [12/13] transport[K
2026-10-08T17:39:17.1867390Z ⠋ [12/13] transport[K
2026-10-08T17:39:17.2738200Z ⠙ [12/13] transport[K
2026-10-08T17:39:17.3554130Z ⠹ [12/13] transport[K
2026-10-08T17:39:17.4348100Z ⠸ [12/13] transport[K
2026-10-08T17:39:17.4616300Z ⠼ [12/13] transport[K
2026-10-08T17:39:17.5371450Z ⠼ [13/13] worker-runtime[K
2026-10-08T17:39:17.6177590Z ⠴ [13/13] worker-runtime[K
2026-10-08T17:39:17.6986740Z ⠦ [13/13] worker-runtime[K
2026-10-08T17:39:17.7816440Z ⠧ [13/13] worker-runtime[K
2026-10-08T17:39:17.8640430Z ⠇ [13/13] worker-runtime[K
2026-10-08T17:39:17.9441640Z ⠏ [13/13] worker-runtime[K
2026-10-08T17:39:18.0274210Z ⠋ [13/13] worker-runtime[K
2026-10-08T17:39:18.1068840Z ⠙ [13/13] worker-runtime[K
2026-10-08T17:39:18.1938970Z ⠹ [13/13] worker-runtime[K
2026-10-08T17:39:18.2787720Z ⠸ [13/13] worker-runtime[K
2026-10-08T17:39:18.3003070Z ⠼ [13/13] worker-runtime[K
2026-10-08T17:39:18.3023260Z [K[?25h
2026-10-08T17:39:18.3026750Z [K[?25h[success] Built extension in 12.0 s
2026-10-08T17:39:18.3054390Z   ├─ dist/production/manifest.json                        1.20 kB  
2026-10-08T17:39:18.3055830Z   ├─ dist/production/native-agent/settings.html           1.83 kB  
2026-10-08T17:39:18.3056600Z   ├─ dist/production/scripting/sandbox/sandbox.html       385 B    
2026-10-08T17:39:18.3057550Z   ├─ dist/production/ui/target-bootstrap.html             200 B    
2026-10-08T17:39:18.3060830Z   ├─ dist/production/ui/tool.html                         21.23 kB 
2026-10-08T17:39:18.3061960Z   ├─ dist/production/agents/bootstrap.js                  21.47 kB 
2026-10-08T17:39:18.3080880Z   ├─ dist/production/agents/health.js                     828 B    
2026-10-08T17:39:18.3087780Z   ├─ dist/production/agents/page-agent.js                 34.35 kB 
2026-10-08T17:39:18.3088600Z   ├─ dist/production/agents/page-relay.js                 35.28 kB 
2026-10-08T17:39:18.3089570Z   ├─ dist/production/agents/selection-entry.js            383 B    
2026-10-08T17:39:18.3091970Z   ├─ dist/production/framework/sdk-main.js                49.54 kB 
2026-10-08T17:39:18.3096050Z   ├─ dist/production/native-agent/settings.js             22.16 kB 
2026-10-08T17:39:18.3098100Z   ├─ dist/production/native-agent/transport.js            29.30 kB 
2026-10-08T17:39:18.3110430Z   ├─ dist/production/scripting/packaged/page-session.js   55.08 kB 
2026-10-08T17:39:18.3111350Z   ├─ dist/production/scripting/sandbox/sandbox.js         4.01 kB  
2026-10-08T17:39:18.3113080Z   ├─ dist/production/scripting/sandbox/worker-runtime.js  49.68 kB 
2026-10-08T17:39:18.3114010Z   ├─ dist/production/sw.js                                324.98 kB
2026-10-08T17:39:18.3116320Z   ├─ dist/production/ui/tool-shell.js                     177.72 kB
2026-10-08T17:39:18.3236190Z   ├─ dist/production/vendor/jquery-3.7.1.min.js           87.53 kB 
2026-10-08T17:39:18.3236840Z   ├─ dist/production/ui/tool-shell.css                    19.09 kB 
2026-10-08T17:39:18.3237350Z   ├─ dist/production/icons/notification.png               595 B    
2026-10-08T17:39:18.3237840Z   ├─ dist/production/licenses/jquery-MIT.txt              1.10 kB  
2026-10-08T17:39:18.3238500Z   └─ dist/production/licenses/todo-user-vue-MIT.txt       1.10 kB  
2026-10-08T17:39:18.3239110Z Σ Total size: 939.02 kB                                 
2026-10-08T17:39:18.3239380Z [success] Finished in 12.2 s
2026-10-08T17:39:18.9210600Z {"mode":"production","builder":"wxt","status":"passed","packageHash":"3972c99cbd4367a6e5b1bdb653741c892612408da8bde7aac72d75a25130f3de","assets":24}
2026-10-08T17:39:18.9959180Z TAP version 13
2026-10-08T17:39:19.2597650Z # REAL_CHROME_BINARY=cft VERSION=Google Chrome for Testing 155.0.8059.39
2026-10-08T17:39:46.6260360Z # Subtest: real macOS Chrome: packaged extension, trusted Options click and Native CLI handshake
2026-10-08T17:39:46.6263830Z not ok 1 - real macOS Chrome: packaged extension, trusted Options click and Native CLI handshake
2026-10-08T17:39:46.6264240Z   ---
2026-10-08T17:39:46.6264680Z   duration_ms: 27574.689417
2026-10-08T17:39:46.6265370Z   type: 'test'
2026-10-08T17:39:46.6266090Z   location: '/Users/runner/work/opendesk-browser/opendesk-browser/tests/environment/native-agent-chrome-real.test.mjs:79:1'
2026-10-08T17:39:46.6266790Z   failureType: 'testCodeFailure'
2026-10-08T17:39:46.6267160Z   error: 'real unpacked OpenDesk extension ID timed out'
2026-10-08T17:39:46.6267550Z   code: 'ERR_TEST_FAILURE'
2026-10-08T17:39:46.6268800Z   stack: |-
2026-10-08T17:39:46.6278150Z     eventually (file:///Users/runner/work/opendesk-browser/opendesk-browser/tests/environment/native-agent-chrome-real.test.mjs:18:9)
2026-10-08T17:39:46.6279510Z     async TestContext.<anonymous> (file:///Users/runner/work/opendesk-browser/opendesk-browser/tests/environment/native-agent-chrome-real.test.mjs:129:21)
2026-10-08T17:39:46.6280180Z     async Test.run (node:internal/test_runner/test:1054:7)
2026-10-08T17:39:46.6280820Z     async startSubtestAfterBootstrap (node:internal/test_runner/harness:296:3)
2026-10-08T17:39:46.6281270Z   ...
2026-10-08T17:39:46.6363650Z 1..1
2026-10-08T17:39:46.6364380Z # tests 1
2026-10-08T17:39:46.6365150Z # suites 0
2026-10-08T17:39:46.6365540Z # pass 0
2026-10-08T17:39:46.6365900Z # fail 1
2026-10-08T17:39:46.6366160Z # cancelled 0
2026-10-08T17:39:46.6366910Z # skipped 0
2026-10-08T17:39:46.6367160Z # todo 0
2026-10-08T17:39:46.6367560Z # duration_ms 27635.505
2026-10-08T17:39:46.6455770Z ##[error]Process completed with exit code 1.
2026-10-08T17:39:46.6619910Z Post job cleanup.
2026-10-08T17:39:46.8504650Z (node:3610) [DEP0040] DeprecationWarning: The `punycode` module is deprecated. Please use a userland alternative instead.
2026-10-08T17:39:46.8505530Z (Use `node --trace-deprecation ...` to show where the warning was created)
2026-10-08T17:39:46.8668980Z Post job cleanup.
2026-10-08T17:39:46.9666990Z [command]/opt/homebrew/bin/git version
2026-10-08T17:39:46.9876470Z git version 2.55.0
2026-10-08T17:39:46.9895350Z Copying '/Users/runner/.gitconfig' to '/Users/runner/work/_temp/48cbe8e8-7614-40d0-a6cb-5f49c4c7213a/.gitconfig'
2026-10-08T17:39:46.9901720Z Temporarily overriding HOME='/Users/runner/work/_temp/48cbe8e8-7614-40d0-a6cb-5f49c4c7213a' before making global git config changes
2026-10-08T17:39:46.9902650Z Adding repository directory to the temporary git global config as a safe directory
2026-10-08T17:39:46.9907340Z [command]/opt/homebrew/bin/git config --global --add safe.directory /Users/runner/work/opendesk-browser/opendesk-browser
2026-10-08T17:39:47.0016340Z [command]/opt/homebrew/bin/git config --local --name-only --get-regexp core\.sshCommand
2026-10-08T17:39:47.0078830Z [command]/opt/homebrew/bin/git submodule foreach --recursive sh -c "git config --local --name-only --get-regexp 'core\.sshCommand' && git config --local --unset-all 'core.sshCommand' || :"
2026-10-08T17:39:47.0923210Z [command]/opt/homebrew/bin/git config --local --name-only --get-regexp http\.https\:\/\/github\.com\/\.extraheader
2026-10-08T17:39:47.0997940Z http.https://github.com/.extraheader
2026-10-08T17:39:47.1028250Z [command]/opt/homebrew/bin/git config --local --unset-all http.https://github.com/.extraheader
2026-10-08T17:39:47.1094060Z [command]/opt/homebrew/bin/git submodule foreach --recursive sh -c "git config --local --name-only --get-regexp 'http\.https\:\/\/github\.com\/\.extraheader' && git config --local --unset-all 'http.https://github.com/.extraheader' || :"
2026-10-08T17:39:47.2021920Z [command]/opt/homebrew/bin/git config --local --name-only --get-regexp ^includeIf\.gitdir:
2026-10-08T17:39:47.2088570Z [command]/opt/homebrew/bin/git submodule foreach --recursive git config --local --show-origin --name-only --get-regexp remote.origin.url
2026-10-08T17:39:47.3360930Z Cleaning up orphan processes
2026-10-08T17:39:47.7299960Z ##[warning]Node.js 20 is deprecated. The following actions target Node.js 20 but are being forced to run on Node.js 24: actions/checkout@v4, actions/setup-node@v4. For more information see: https://github.blog/changelog/2025-09-19-deprecation-of-node-20-on-github-actions-runners/
