npm warn Unknown env config "http-proxy". This will stop working in the next major version of npm.

> opendesk-browser@0.1.0 build
> node scripts/build.mjs production


WXT 0.21.4
ℹ Generating types...
✔ Finished in 185 ms

WXT 0.21.4
ℹ Building chrome-mv3 for production with Vite 7.3.6
[?25l
⠋ Preparing...[K
⠋ [1/13] sw[K
⠙ [1/13] sw[K
⠹ [1/13] sw[K
⠸ [1/13] sw[K
⠼ [1/13] sw[K
⠴ [1/13] sw[K
⠦ [1/13] sw[K
⠧ [1/13] sw[K
⠇ [1/13] sw[K
⠏ [1/13] sw[K
⠋ [1/13] sw[K
⠙ [1/13] sw[K
⠹ [1/13] sw[K
⠸ [1/13] sw[K
⠼ [1/13] sw[K
⠴ [1/13] sw[K
⠦ [1/13] sw[K
⠧ [1/13] sw[K
⠇ [1/13] sw[K
⠏ [1/13] sw[K
⠋ [1/13] sw[K
⠙ [1/13] sw[K
⠹ [1/13] sw[K
⠸ [1/13] sw[K
⠼ [1/13] sw[K
⠴ [1/13] sw[K
⠦ [1/13] sw[K
⠧ [1/13] sw[K
⠇ [1/13] sw[K
⠏ [1/13] sw[K
⠋ [1/13] sw[K
⠙ [1/13] sw[K
⠹ [1/13] sw[K
⠸ [1/13] sw[K
⠼ [1/13] sw[K
⠴ [1/13] sw[K
⠦ [1/13] sw[K
⠧ [1/13] sw[K
⠇ [1/13] sw[K
⠏ [1/13] sw[K
⠋ [1/13] sw[K
⠙ [1/13] sw[K
⠹ [1/13] sw[K
⠸ [1/13] sw[K
⠼ [1/13] sw[K
⠴ [1/13] sw[K
⠦ [1/13] sw[K
⠧ [1/13] sw[K
⠧ [2/13] bootstrap[K
⠇ [2/13] bootstrap[K
⠏ [2/13] bootstrap[K
⠋ [2/13] bootstrap[K
⠋ [3/13] health[K
⠙ [3/13] health[K
⠹ [3/13] health[K
⠸ [3/13] health[K
⠸ [4/13] page-agent[K
⠼ [4/13] page-agent[K
⠴ [4/13] page-agent[K
⠦ [4/13] page-agent[K
⠧ [4/13] page-agent[K
⠇ [4/13] page-agent[K
⠏ [4/13] page-agent[K
⠋ [4/13] page-agent[K
⠙ [4/13] page-agent[K
⠙ [5/13] page-relay[K
⠹ [5/13] page-relay[K
⠸ [5/13] page-relay[K
⠼ [5/13] page-relay[K
⠴ [5/13] page-relay[K
⠦ [5/13] page-relay[K
⠧ [5/13] page-relay[K
⠧ [6/13] page-session[K
⠇ [6/13] page-session[K
⠏ [6/13] page-session[K
⠋ [6/13] page-session[K
⠙ [6/13] page-session[K
⠹ [6/13] page-session[K
⠸ [6/13] page-session[K
⠼ [6/13] page-session[K
⠴ [6/13] page-session[K
⠦ [6/13] page-session[K
⠧ [6/13] page-session[K
⠧ [7/13] sandbox[K
⠇ [7/13] sandbox[K
⠏ [7/13] sandbox[K
⠋ [7/13] sandbox[K
⠋ [8/13] sdk-main[K
⠙ [8/13] sdk-main[K
⠹ [8/13] sdk-main[K
⠸ [8/13] sdk-main[K
⠼ [8/13] sdk-main[K
⠴ [8/13] sdk-main[K
⠦ [8/13] sdk-main[K
⠧ [8/13] sdk-main[K
⠇ [8/13] sdk-main[K
⠏ [8/13] sdk-main[K
⠋ [8/13] sdk-main[K
⠋ [9/13] selection-entry[K
⠙ [9/13] selection-entry[K
⠹ [9/13] selection-entry[K
⠸ [9/13] selection-entry[K
⠼ [9/13] selection-entry[K
⠼ [10/13] settings[K
⠴ [10/13] settings[K
⠦ [10/13] settings[K
⠧ [10/13] settings[K
⠇ [10/13] settings[K
⠏ [10/13] settings[K
⠏ [11/13] tool-shell[K
⠋ [11/13] tool-shell[K
⠙ [11/13] tool-shell[K
⠹ [11/13] tool-shell[K
⠸ [11/13] tool-shell[K
⠼ [11/13] tool-shell[K
⠴ [11/13] tool-shell[K
⠦ [11/13] tool-shell[K
⠧ [11/13] tool-shell[K
⠇ [11/13] tool-shell[K
⠏ [11/13] tool-shell[K
⠋ [11/13] tool-shell[K
⠙ [11/13] tool-shell[K
⠹ [11/13] tool-shell[K
⠸ [11/13] tool-shell[K
⠼ [11/13] tool-shell[K
⠴ [11/13] tool-shell[K
⠦ [11/13] tool-shell[K
⠧ [11/13] tool-shell[K
⠇ [11/13] tool-shell[K
⠏ [11/13] tool-shell[K
⠋ [11/13] tool-shell[K
⠙ [11/13] tool-shell[K
⠹ [11/13] tool-shell[K
⠸ [11/13] tool-shell[K
⠼ [11/13] tool-shell[K
⠴ [11/13] tool-shell[K
⠦ [11/13] tool-shell[K
⠦ [12/13] transport[K
⠧ [12/13] transport[K
⠇ [12/13] transport[K
⠏ [12/13] transport[K
⠋ [12/13] transport[K
⠙ [12/13] transport[K
⠙ [13/13] worker-runtime[K
⠹ [13/13] worker-runtime[K
⠸ [13/13] worker-runtime[K
⠼ [13/13] worker-runtime[K
⠴ [13/13] worker-runtime[K
⠦ [13/13] worker-runtime[K
⠧ [13/13] worker-runtime[K
⠇ [13/13] worker-runtime[K
⠏ [13/13] worker-runtime[K
⠋ [13/13] worker-runtime[K
⠙ [13/13] worker-runtime[K
[K[?25h
[K[?25h✔ Built extension in 12.3 s
  ├─ dist/production/manifest.json                        1.20 kB  
  ├─ dist/production/native-agent/settings.html           1.83 kB  
  ├─ dist/production/scripting/sandbox/sandbox.html       385 B    
  ├─ dist/production/ui/target-bootstrap.html             200 B    
  ├─ dist/production/ui/tool.html                         21.23 kB 
  ├─ dist/production/agents/bootstrap.js                  21.47 kB 
  ├─ dist/production/agents/health.js                     828 B    
  ├─ dist/production/agents/page-agent.js                 34.35 kB 
  ├─ dist/production/agents/page-relay.js                 35.28 kB 
  ├─ dist/production/agents/selection-entry.js            383 B    
  ├─ dist/production/framework/sdk-main.js                49.54 kB 
  ├─ dist/production/native-agent/settings.js             22.16 kB 
  ├─ dist/production/native-agent/transport.js            29.30 kB 
  ├─ dist/production/scripting/packaged/page-session.js   55.08 kB 
  ├─ dist/production/scripting/sandbox/sandbox.js         4.01 kB  
  ├─ dist/production/scripting/sandbox/worker-runtime.js  49.68 kB 
  ├─ dist/production/sw.js                                324.98 kB
  ├─ dist/production/ui/tool-shell.js                     177.72 kB
  ├─ dist/production/vendor/jquery-3.7.1.min.js           87.53 kB 
  ├─ dist/production/ui/tool-shell.css                    19.09 kB 
  ├─ dist/production/icons/notification.png               595 B    
  ├─ dist/production/licenses/jquery-MIT.txt              1.10 kB  
  └─ dist/production/licenses/todo-user-vue-MIT.txt       1.10 kB  
Σ Total size: 939.02 kB                                 
✔ Finished in 12.4 s
{"mode":"production","builder":"wxt","status":"passed","packageHash":"3972c99cbd4367a6e5b1bdb653741c892612408da8bde7aac72d75a25130f3de","assets":24}
