✔ real loopback HTTP server serves static JSON, HTML and true 404/non-JSON (43.402852ms)
✔ real loopback HTTP server emits status/POST body and delayed responses (183.990922ms)
✔ one ordinary HTML page exposes unique, stable automation targets (9.508476ms)
✔ the unchanged signed v1 task still targets #name → #submit → #done (2.470176ms)
✔ modern search retains an initially filled field and deliberately replaces its submit button (1.646844ms)
✔ async scene sends only local fetches and distinguishes loading, 404, abort and timeout (3.585026ms)
✔ explicit HTTP GET controls expose safe semantics and preserve offline-first operation (2.032612ms)
✔ the single canonical page exposes seven navigable groups and honest Locator fixtures (2.635138ms)
✔ Locator fixture actions, late insertion, and reset mutate only observable DOM (1527.100215ms)
✔ HTTP panel sends no request until click and shows real status/content without HTML injection (8.247759ms)
✔ the actual HTTP Page draft drives the canonical fetch handler and reports 200 honestly (26.842378ms)
✔ the actual HTTP Page draft drives the canonical fetch handler and reports 503 honestly (14.960038ms)
✔ HTTP panel preserves actual 404 and abort/reset cannot resurrect late replies (8.738371ms)
✔ minimal HTTP UI rejects invalid URLs without sending requests (1.646123ms)
✔ inline JavaScript parses without a third-party runtime or external resources (1.29752ms)
✔ manual browser testing has exactly one canonical HTML and no obsolete advertised URL (1.785578ms)
✔ startup permission check cannot reconnect after permission-removed (8.567831ms)
✔ startup permission check cannot reconnect after dispose (1.437766ms)
✔ reserved mutation never dispatches across disable (9.441717ms)
✔ reserved mutation never dispatches across permission-removed (6.964881ms)
✔ reserved mutation never dispatches across disconnect-reconnect (7.077006ms)
✔ reserved mutation never dispatches across disable-enable (6.549309ms)
✔ reserved mutation never dispatches across dispose (6.667774ms)
✔ Native permission is rechecked immediately before dispatch (6.213325ms)
✔ a late disconnect from an old Native port cannot cancel a new connection request (11.467278ms)
✔ a pending enable permission check cannot overwrite disable (1.538304ms)
✔ a pending enable permission check cannot overwrite permission-removed (1.816383ms)
✔ a pending enable storage write cannot persist over a newer disable (1.713452ms)
✔ an old Host ACK cannot match a new connection read with the same external requestId (16.83574ms)
✔ enabled Native handshake sends version and correct extension identity (2.113801ms)
✔ default-off requires a packaged Settings sender and real granted Native permission (0.484042ms)
✔ request hash journal deduplicates after real Host admission; conflicting bytes fail (9.46415ms)
✔ dispatched but unanswered calls are never retried, even if same id reappears (11.501198ms)
✔ no live registered Host means no run reservation or Worker execution (2.196213ms)
✔ run.get and run.stop cannot inspect arbitrary Sidebar-owned Run records (1.733537ms)
✔ ACK journal write failure after Host action remains OUTCOME_UNKNOWN and never replays (16.971169ms)
✔ run.get and run.stop remain pinned to the original authenticated Host registration (20.945299ms)
✔ R8 catalog has 188 single-owner capabilities, 40 complete tasks and an acyclic phased plan (4.126223ms)
✔ omitted deferred capability, duplicate primary ownership and invented capability fail the coverage gate (5.919463ms)
✔ invalid prerequisite, circular work ordering and duplicate catalog identity are rejected (9.62684ms)
✔ three project folders: genuine ESM graphs and fixed CSS/JSON/PNG byte hashes (40.488072ms)
✔ Page ESM bundles into USER_SCRIPT and repeated execution creates only one visible marker (545.020479ms)
✔ Controller ESM emits a Task v1 Candidate and invokes only approved Locator methods (178.912939ms)
✔ unsupported CSS/JSON/PNG may be validated but MUST be rejected by the JS-only build adapter (6.965852ms)
ℹ tests 44
ℹ suites 0
ℹ pass 44
ℹ fail 0
ℹ cancelled 0
ℹ skipped 0
ℹ todo 0
ℹ duration_ms 1748.828156
