✔ real loopback HTTP server serves static JSON, HTML and true 404/non-JSON (57.061749ms)
✔ real loopback HTTP server emits status/POST body and delayed responses (190.922923ms)
✔ one ordinary HTML page exposes unique, stable automation targets (6.357729ms)
✔ the unchanged signed v1 task still targets #name → #submit → #done (1.511846ms)
✔ modern search retains an initially filled field and deliberately replaces its submit button (1.367663ms)
✔ async scene sends only local fetches and distinguishes loading, 404, abort and timeout (1.105618ms)
✔ explicit HTTP GET controls expose safe semantics and preserve offline-first operation (1.066691ms)
✔ the single canonical page exposes seven navigable groups and honest Locator fixtures (7.238425ms)
✔ Locator fixture actions, late insertion, and reset mutate only observable DOM (1525.297587ms)
✔ HTTP panel sends no request until click and shows real status/content without HTML injection (7.413142ms)
✔ the actual HTTP Page draft drives the canonical fetch handler and reports 200 honestly (25.965525ms)
✔ the actual HTTP Page draft drives the canonical fetch handler and reports 503 honestly (13.393999ms)
✔ HTTP panel preserves actual 404 and abort/reset cannot resurrect late replies (9.887487ms)
✔ minimal HTTP UI rejects invalid URLs without sending requests (1.724413ms)
✔ inline JavaScript parses without a third-party runtime or external resources (0.922765ms)
✔ manual browser testing has exactly one canonical HTML and no obsolete advertised URL (1.246492ms)
✔ Native remains optional after merging the current permission catalog (5.628626ms)
✔ strict production SW budget and fixed packaged Native transport entry (0.363265ms)
✔ single exact same-extension static import allowed in SW only (7.325254ms)
✔ fixed transport registers listeners on the original SW APIs; default-off does not connect (0.633392ms)
✔ pasting @require only inspects; trusted acquisition requests permission synchronously and full-hash approval unlocks unsaved edits (34.46152ms)
✔ changing declarations clears an old lock and a late old review cannot replace the current source or become approvable (4.828849ms)
✔ approved cached bytes can be locked for explicitly selected classic mode without a CDN permission prompt (5.396114ms)
✔ permission refusal stops acquisition and local files preserve their original bytes without a CDN request (6.686733ms)
✔ add dependency edits only the true metadata block, leaves examples intact and refuses to hide an incomplete header (4.654492ms)
✔ closing or changing source while permission/file reading is pending cancels acquisition and old approval handlers (11.726623ms)
✔ review freezes dependency source selectors and lock status does not claim cache verification (2.532838ms)
✔ a late dependency inspection cannot replace the admission of current metadata with the old source policy (7.561051ms)
✔ repairing metadata during inspection uses current admission and retains a dependency-only lock (2.807152ms)
✔ a newly unsupported policy cancels acquisition after the permission await even when dependencies are unchanged (2.962371ms)
✔ approval revalidates current source even when an importer did not dispatch an input event (6.22231ms)
✔ declared antifeatures remain visible as untrusted plain text through inspection and source edits (2.008246ms)
✔ R8 catalog has 188 single-owner capabilities, 40 complete tasks and an acyclic phased plan (6.444567ms)
✔ omitted deferred capability, duplicate primary ownership and invented capability fail the coverage gate (5.562137ms)
✔ invalid prerequisite, circular work ordering and duplicate catalog identity are rejected (18.884499ms)
✔ manifest exposes tool.html as a global Chrome Side Panel (12.081035ms)
✔ product shell has no popup-window fallback (6.343327ms)
✔ default Run freezes Current Page then revalidates before existing RunHost (4.128557ms)
✔ trusted Side Panel run sends the exact unsaved draft to the original Controller authority (1.699692ms)
✔ R6 uses valid tab roles with labelled content panels (0.839345ms)
✔ R4 Sidebar sections preserve consumer controls and keep engineering tools folded (9.135558ms)
✔ Sidebar starts at its three tabs without repeating Chrome extension identity (1.785528ms)
✔ tool contract is independent of Task v1 and is closed by default (3.734788ms)
✔ native tool directory packs JS/CSS/HTML and a local image into a portable JSON (18.182982ms)
✔ new sandbox uses isolated Chrome MV3 resource and a narrow host message protocol (4.508447ms)
✔ entering Sidebar task views reads external installations without executing and preserves unchanged form inputs (20.091046ms)
✔ installed tasks default page, render schema form and freeze the exact saved version/params/target (19.362503ms)
✔ installed task can be explicitly forked into an independent unsaved editor draft (5.162502ms)
✔ task Stop cannot cancel another view's in-flight draft; parameter form never navigates (5.295798ms)
✔ installed task refuses stale target after async installed-version lookup (6.703511ms)
✔ task cards retain readable selection and do not surface raw IDs as the main UI (2.633392ms)
✔ Sidebar Discover searches installed tasks only and selects a task without running or opening the catalog (8.073343ms)
✔ Discover filter controls are real view filters and cannot start another run (10.416348ms)
✔ opening the separate full-size catalog preserves its import and management view (3.58553ms)
✔ full-size catalog keeps its own reader after real install and re-reads the single Task Catalog state (5.86066ms)
✔ idle Discover has no fixed footer and inline import still opens the authenticated catalog (12.240419ms)
✔ R5 result/history stay out of sight until a task has runs (6.805771ms)
✔ card view retains original action identities, history and parameter form across tab changes (10.150166ms)
✔ switching between two installed tasks preserves each independent unsaved parameter input (2.460043ms)
✔ R6 accessible roving tabs support Arrow and Home/End (4.293442ms)
✔ R6 task card refresh, keyboard selection and Discover handoff restore focus (5.820691ms)
✔ R6 late run start/result cannot become the newly selected task status (12.856872ms)
✔ R6 previous-version notices and results do not leak after installed upgrade (11.027263ms)
✔ two extension documents share only a refresh hint and re-read authoritative installed state (8.954581ms)
✔ catalog installation stays in the complete directory and directs running back to Sidebar (4.686891ms)
✔ catalog JS import hands source to Sidebar and never enters a view with a hidden runner (12.425782ms)
✔ missing Sidebar refuses import with an actionable message, without losing the directory (4.485134ms)
✔ catalog draft transport errors retain their cause instead of claiming Sidebar is missing (5.53123ms)
✔ receiving a source-only import selects Sidebar Developer without creating a run (3.029231ms)
✔ R6.1 task-owned Stop is the sole cross-view action and names the launching task (14.826613ms)
✔ R6.1 a draft-owned run exposes only its Stop when viewing Tasks or Discover (3.132517ms)
✔ R6.1 stop-only footer CSS hides all non-owner actions without hiding Stop (0.795241ms)
ℹ tests 72
ℹ suites 0
ℹ pass 72
ℹ fail 0
ℹ cancelled 0
ℹ skipped 0
ℹ todo 0
ℹ duration_ms 1745.043572
