✖ one self-contained factory exposes explicit frozen wire profiles in a fresh realm (1.465958ms)
✔ host, fixed Worker runtime and generated harness preserve the same literal values (36.235083ms)
✖ semantic violations are refused in every entry, without executing accessors (7.709042ms)
✖ profile decoder errors retain their codes and reject getters, Symbols and invalid strings (0.180541ms)
✔ UTF-8 byte boundaries and inclusive depth 12 remain identical across generated and Worker paths (4.016125ms)
✖ generated harness embeds the shared factory, with no imports or host constructors (0.269041ms)
✖ a factory captures serialization intrinsics before user global patches (0.097334ms)
ℹ tests 7
ℹ suites 0
ℹ pass 2
ℹ fail 5
ℹ cancelled 0
ℹ skipped 0
ℹ todo 0
ℹ duration_ms 154.742333

✖ failing tests:

test at tests/framework/k2-shared-codec.test.mjs:57:1
✖ one self-contained factory exposes explicit frozen wire profiles in a fresh realm (1.465958ms)
  AssertionError [ERR_ASSERTION]: Expected values to be strictly equal:
  + actual - expected
  
  + 'undefined'
  - 'function'
  
      at TestContext.<anonymous> (file:///Users/shopme/Documents/workspace/opendesk-browser/tests/framework/k2-shared-codec.test.mjs:58:10)
      at Test.runInAsyncScope (node:async_hooks:226:14)
      at Test.run (node:internal/test_runner/test:1382:25)
      at Test.start (node:internal/test_runner/test:1242:17)
      at startSubtestAfterBootstrap (node:internal/test_runner/harness:387:17) {
    generatedMessage: true,
    code: 'ERR_ASSERTION',
    actual: 'undefined',
    expected: 'function',
    operator: 'strictEqual',
    diff: 'simple'
  }

test at tests/framework/k2-shared-codec.test.mjs:87:1
✖ semantic violations are refused in every entry, without executing accessors (7.709042ms)
  AssertionError [ERR_ASSERTION]: Missing expected exception: '\ud800'
      at TestContext.<anonymous> (file:///Users/shopme/Documents/workspace/opendesk-browser/tests/framework/k2-shared-codec.test.mjs:93:16)
      at async Test.run (node:internal/test_runner/test:1389:7)
      at async Test.processPendingSubtests (node:internal/test_runner/test:960:7) {
    generatedMessage: false,
    code: 'ERR_ASSERTION',
    actual: undefined,
    operator: 'throws',
    diff: 'simple'
  }

test at tests/framework/k2-shared-codec.test.mjs:106:1
✖ profile decoder errors retain their codes and reject getters, Symbols and invalid strings (0.180541ms)
  AssertionError [ERR_ASSERTION]: Missing expected exception.
      at TestContext.<anonymous> (file:///Users/shopme/Documents/workspace/opendesk-browser/tests/framework/k2-shared-codec.test.mjs:113:14)
      at Test.runInAsyncScope (node:async_hooks:226:14)
      at Test.run (node:internal/test_runner/test:1382:25)
      at Test.processPendingSubtests (node:internal/test_runner/test:960:18)
      at Test.postRun (node:internal/test_runner/test:1522:19)
      at Test.run (node:internal/test_runner/test:1447:12)
      at async Test.processPendingSubtests (node:internal/test_runner/test:960:7) {
    generatedMessage: false,
    code: 'ERR_ASSERTION',
    actual: undefined,
    operator: 'throws',
    diff: 'simple'
  }

test at tests/framework/k2-shared-codec.test.mjs:149:1
✖ generated harness embeds the shared factory, with no imports or host constructors (0.269041ms)
  AssertionError [ERR_ASSERTION]: Expected values to be strictly equal:
  + actual - expected
  
  + 'undefined'
  - 'function'
  
      at TestContext.<anonymous> (file:///Users/shopme/Documents/workspace/opendesk-browser/tests/framework/k2-shared-codec.test.mjs:150:10)
      at Test.runInAsyncScope (node:async_hooks:226:14)
      at Test.run (node:internal/test_runner/test:1382:25)
      at Test.processPendingSubtests (node:internal/test_runner/test:960:18)
      at Test.postRun (node:internal/test_runner/test:1522:19)
      at Test.run (node:internal/test_runner/test:1447:12)
      at async Test.processPendingSubtests (node:internal/test_runner/test:960:7) {
    generatedMessage: true,
    code: 'ERR_ASSERTION',
    actual: 'undefined',
    expected: 'function',
    operator: 'strictEqual',
    diff: 'simple'
  }

test at tests/framework/k2-shared-codec.test.mjs:159:1
✖ a factory captures serialization intrinsics before user global patches (0.097334ms)
  AssertionError [ERR_ASSERTION]: Expected values to be strictly equal:
  + actual - expected
  
  + 'undefined'
  - 'function'
  
      at TestContext.<anonymous> (file:///Users/shopme/Documents/workspace/opendesk-browser/tests/framework/k2-shared-codec.test.mjs:160:10)
      at Test.runInAsyncScope (node:async_hooks:226:14)
      at Test.run (node:internal/test_runner/test:1382:25)
      at Test.processPendingSubtests (node:internal/test_runner/test:960:18)
      at Test.postRun (node:internal/test_runner/test:1522:19)
      at Test.run (node:internal/test_runner/test:1447:12)
      at async Test.processPendingSubtests (node:internal/test_runner/test:960:7) {
    generatedMessage: true,
    code: 'ERR_ASSERTION',
    actual: 'undefined',
    expected: 'function',
    operator: 'strictEqual',
    diff: 'simple'
  }
