✔ Chrome JSON hop retains undefined, falsy values, nested presence and business PageBrigeCode (3.948084ms)
✔ outcome protocol separates actual errors from all user business objects (0.543875ms)
✔ encoder rejects unsupported values, cycles and getters without evaluating a getter (2.044958ms)
✔ decoder rejects forged tags, duplicate fields and byte limits; prototype names remain inert data (0.439084ms)
✔ typed canonical input is stable across key order and distinguishes missing from undefined (0.253042ms)
✔ Base64 string API preserves UTF-8 and rejects malformed Base64 and UTF-8 (0.500375ms)
✔ generic APIs prepare committed typed values without templates, Blob creation or native dispatch (83.107833ms)
✔ generic host reads artifact, creates Blob, dispatches once and settles via real callback/listeners/search lifecycle (14.664ms)
✔ generic preparation rejects forged namespace, wrong result/principal/current host session and actual sender before writing (25.284584ms)
✔ generic prepare transaction rechecks durable host revocation/result replacement/tombstone and rolls back all writes (25.082584ms)
✔ generic data uses canonical explicit blocks with exact 8MiB/64 limits and independent integrity checks (877.478ms)
✔ generic attempt request dedupes, prevents simultaneous retries and reused/foreign Blob URLs (15.235ms)
✔ generic dispatch ACK gap never replays; native mapping unknown and deadline release keep disk hash unverified (8.9045ms)
✔ generic current-document registration is rechecked inside attempt, read and dispatch transactions (44.764625ms)
✔ generic tombstone/abandon uses existing lifecycle and reader pin gates existing repository deletion (13.886542ms)
✔ generic missing issued namespace/principal fails closed and never derives authority from payload (5.049ms)
✔ generic unsuccessful/missing wire results and legacy template entry points cannot manufacture artifacts (15.649916ms)
✔ generic immutable result and artifact chunks are rechecked before attempt transaction commits (26.790083ms)
✔ generic onCreated is not completion; wrong native identity and callback/search conflicts cannot certify delivery (44.77575ms)
✔ generic native interruption/runtime.lastError use shared failure/unknown states and never resubmit (19.593208ms)
✔ generic explicit fresh retry shares job/artifact; late evidence cannot release the new active reader pin (13.18375ms)
✔ generic later registered document exports stable namespace history without acquiring the old run owner (5.609875ms)
✔ generic abandonRun fences timed-out retry history so shared repository deletion does not strand old attempts (13.765791ms)
✔ generic public reconcile uses actual sender; internal Chrome callback reconciliation survives owning host revocation (11.791459ms)
✔ generic completed immutable history exports after real new-session registration without replaying or adopting old download intents (18.647833ms)
✔ generic cross-session history rejects foreign namespaces, tampered principals, nonterminal runs and current-host session loss (143.824667ms)
✔ one self-contained factory exposes explicit frozen wire profiles in a fresh realm (3.496875ms)
✔ host, fixed Worker runtime and generated harness preserve the same literal values (43.686167ms)
✔ semantic violations are refused in every entry, without executing accessors (18.252584ms)
✔ profile decoder errors retain their codes and reject getters, Symbols and invalid strings (0.370042ms)
✔ UTF-8 byte boundaries and inclusive depth 12 remain identical across generated and Worker paths (11.579833ms)
✔ generated harness embeds the shared factory, with no imports or host constructors (1.279417ms)
✔ a factory captures serialization intrinsics before user global patches (0.661583ms)
✔ typed depth 4: params, operation args and immutable result survive wider JSON envelopes (43.154709ms)
✔ typed depth 5: params, operation args and immutable result survive wider JSON envelopes (21.396042ms)
✔ typed depth 6: params, operation args and immutable result survive wider JSON envelopes (19.587166ms)
✔ typed depth 7: params, operation args and immutable result survive wider JSON envelopes (22.269833ms)
✔ typed depth 8: params, operation args and immutable result survive wider JSON envelopes (23.576541ms)
✔ typed depth 9: params, operation args and immutable result survive wider JSON envelopes (24.479292ms)
✔ typed depth 10: params, operation args and immutable result survive wider JSON envelopes (18.645666ms)
✔ typed depth 11: params, operation args and immutable result survive wider JSON envelopes (24.509708ms)
✔ typed depth 12: params, operation args and immutable result survive wider JSON envelopes (19.908875ms)
✔ JSON envelope depth 48 never widens the typed depth-12 admission/result/args budgets (6.190459ms)
✔ controller script deletion is CAS tombstone only; GC waits for terminal, Worker and target retirement (17.364583ms)
✔ each controller lease pin binding is required; forged retired lease cannot authorize GC (9.469416ms)
✔ recovery upgrades old terminal lease bindings without reviving its result, Worker or slot (4.813917ms)
✔ public authority commits exact UTF8/headCAS and pins r1 while head advances to r2 without templates (7.579042ms)
✔ borrowed child frame is observed exactly; sibling commits do not fence it; top replacement does (17.060417ms)
✔ worker retirement gates durable result then borrowed release, without closing borrowed tab (4.4165ms)
✔ owned retirement closes only exact created tab after durable terminal commit (4.3035ms)
✔ new registered host reads old namespace result without acquiring its owner or replaying (3.590209ms)
✔ permission removal matches exact origin patterns and remains fenced after regrant (2.078875ms)
✔ native receipt survives post-dispatch permission loss; request is never resubmitted (5.772167ms)
✔ public recovery pauses controller, holds slot and never replays committed source (4.243417ms)
✔ public hostGone interruption retires borrowed target and exact pin once (2.763958ms)
✔ hostGone after completed result preserves the immutable result and finishes pending retirement (2.771208ms)
✔ SDK short persistent service completes while controller owns the same unique slot (5.77975ms)
✔ injected foundationClient registers once; forced harnessWorker termination precedes durable result and slot release (43.835791ms)
ℹ tests 58
ℹ suites 0
ℹ pass 58
ℹ fail 0
ℹ cancelled 0
ℹ skipped 0
ℹ todo 0
ℹ duration_ms 1586.398916
