✔ three-file ESM Page project becomes one locally hashed JS consumed by existing USER_SCRIPT compiler (379.951958ms)
✔ Controller ESM project produces the existing genuine Task v1 Candidate import format, not an Available claim (70.422417ms)
✔ development mode emits readable program JS, draft metadata and a separate local source map only (24.699584ms)
✔ development source map maps final generated throw position back to local authoring module (12.144458ms)
✔ an unbundled asset is rejected rather than included in a supposedly complete project (5.019291ms)
✔ webpack dependency failures report project, phase and importing source location (60.706458ms)
✔ untrusted remote and dynamic ESM imports are rejected before Webpack (4.007625ms)
✔ a frozen output directory rejects replacement without quietly publishing new bytes (132.020417ms)
✔ UTF-8 BOM in an authoring module survives build and draft import (309.954708ms)
✔ Page prerelease version matches the project and draft schema at import (73.345167ms)
✔ builder applies envelope budget to the bytes actually written for file import (133.33325ms)
✔ multi-file ESM authoring project is a source contract, not an installed program (22.742834ms)
✔ imports cannot escape project or load remote modules at browser runtime (5.585ms)
✔ entry diagnostics distinguish missing and non-function defaults with source location (3.566917ms)
✔ dynamic import is not quietly kept as an unlocked runtime dependency (2.488375ms)
✔ npm imports require declared dependencies and a committed matching npm lock (5.1845ms)
✔ Page/Controller source contracts remain discriminated without changing Task v1 (3.378125ms)
✔ assets can be listed and hashed but never silently injected (4.931583ms)
✔ source snapshots and executable hashes are independently checked before import (10.527333ms)
✔ project file selection only changes the read-only viewer; execution uses exact frozen build (2.721375ms)
✔ importing a JS draft leaves saved versions and running source independent (12.440417ms)
✔ draft import rejects empty/oversized sources and active saves without overwriting the editor (5.032542ms)
✔ catalog draft import updates dependency review from the new source without saving or running (5.133125ms)
✔ Save persists revision/hash without requesting permission, creating a Run, or executing code (4.242375ms)
✔ reopened editor lists saved scripts without running and loads the selected latest head explicitly (3.264875ms)
✔ loading a historical revision does not turn it into the latest Save CAS head (5.454459ms)
✔ Delete tombstones the latest head and refreshes the saved-script selector (4.507416ms)
✔ saved A stays immutable; Run freezes unsaved B/params/page A; editing C and Save do not replace B (8.8795ms)
✔ a brand-new unsaved draft runs with an empty script ID and never creates a saved revision (3.554292ms)
✔ permission preparation rejects a switched page; closing the editor during permission never admits a run (10.985625ms)
✔ Stop uses the formal RunHost abort/retirement path and persists stopped with the original pin (5.983542ms)
✔ pagehide invokes RunHost host-close; reopened editor only reads the durable interrupted Result (4.276584ms)
✔ late Save/Load replies do not overwrite another script selection or edits made during loading (6.736333ms)
✔ late saved-script selector load cannot overwrite edits made during loading (5.289208ms)
✔ an older snapshot reply cannot disable Run after a newer durable observation (6.599459ms)
✔ an older snapshot error cannot overwrite a newer successful durable view (5.379125ms)
✔ the permission request remains synchronous in the click fixture; denied permission and invalid params execute nothing (6.242541ms)
✔ DOM preview binds frozen source, dependency choice and exact current document from trusted click (4.445625ms)
✔ DOM preview refuses to inject when the active document changes while permission is pending (4.543208ms)
✔ Developer Stop cannot cancel the formal Task or another view using the shared RunHost (4.786583ms)
✔ project import displays source while Save and Run freeze compiled bytes and the original hash (7.922666ms)
✔ invalid project envelope leaves the previous editor source and no execution or saved revision (3.100833ms)
✔ same-window catalog hands off exact source without invoking a runner (1.556083ms)
✔ draft handoff refuses other windows, senders, content pages, private tabs and catalog recipients (0.142667ms)
✔ editor rejection is returned explicitly without claiming import success (0.082416ms)
✔ entering Sidebar task views reads external installations without executing and preserves unchanged form inputs (18.919792ms)
✔ installed tasks default page, render schema form and freeze the exact saved version/params/target (16.362875ms)
✔ installed task can be explicitly forked into an independent unsaved editor draft (5.562042ms)
✔ task Stop cannot cancel another view's in-flight draft; parameter form never navigates (4.320625ms)
✔ installed task refuses stale target after async installed-version lookup (7.380292ms)
✔ task cards retain readable selection and do not surface raw IDs as the main UI (3.132375ms)
✔ Sidebar Discover searches installed tasks only and selects a task without running or opening the catalog (6.843416ms)
✔ Discover filter controls are real view filters and cannot start another run (10.274625ms)
✔ opening the separate full-size catalog preserves its import and management view (3.766833ms)
✔ full-size catalog keeps its own reader after real install and re-reads the single Task Catalog state (4.407292ms)
✔ idle Discover has no fixed footer and inline import still opens the authenticated catalog (12.37825ms)
✔ R5 result/history stay out of sight until a task has runs (8.892208ms)
✔ card view retains original action identities, history and parameter form across tab changes (9.44525ms)
✔ switching between two installed tasks preserves each independent unsaved parameter input (4.10925ms)
✔ R6 accessible roving tabs support Arrow and Home/End (3.197666ms)
✔ R6 task card refresh, keyboard selection and Discover handoff restore focus (5.267375ms)
✔ R6 late run start/result cannot become the newly selected task status (14.483791ms)
✔ R6 previous-version notices and results do not leak after installed upgrade (11.280042ms)
✔ two extension documents share only a refresh hint and re-read authoritative installed state (41.360667ms)
✔ catalog installation stays in the complete directory and directs running back to Sidebar (5.427708ms)
✔ catalog JS import hands source to Sidebar and never enters a view with a hidden runner (5.626ms)
✔ missing Sidebar refuses import with an actionable message, without losing the directory (5.374375ms)
✔ catalog draft transport errors retain their cause instead of claiming Sidebar is missing (4.356792ms)
✔ receiving a source-only import selects Sidebar Developer without creating a run (1.738583ms)
✔ R6.1 task-owned Stop is the sole cross-view action and names the launching task (15.149125ms)
✔ R6.1 a draft-owned run exposes only its Stop when viewing Tasks or Discover (3.164541ms)
✔ R6.1 stop-only footer CSS hides all non-owner actions without hiding Stop (0.441083ms)
ℹ tests 72
ℹ suites 0
ℹ pass 72
ℹ fail 0
ℹ cancelled 0
ℹ skipped 0
ℹ todo 0
ℹ duration_ms 815.51225
