✔ prepare pins a watermark and persists byte hash; external descriptors satisfy frozen schema (13.290792ms)
✔ partial export requires confirmation; request IDs bind immutable intent (2.373458ms)
✔ host registration mismatch and tombstones reject creation/dispatch (1.588375ms)
✔ double dispatch and reconstructed service invoke Chrome at most once (4.726ms)
✔ ACK-gap after durable dispatch does not replay and becomes mapping_unknown (1.307375ms)
✔ short dispatch ACK does not wait for callback and cannot be resubmitted (1.490708ms)
✔ onCreated/search deduplicates an ID and started is not delivery complete (2.674625ms)
✔ multiple full-identity candidates conflict and never redownload (1.752625ms)
✔ known callback ID is authoritative; another candidate conflicts rather than replacing it (2.712625ms)
✔ wrong URL/extension/time and missing fields never bind by filename (1.540333ms)
✔ clock rollback cannot bind unique-looking mapping evidence (0.836125ms)
✔ onChanged complete must be confirmed by ID search; interrupted keeps Chrome reason (1.584708ms)
✔ 10-minute timeout is unknown; late complete resolves only its original job (3.719417ms)
✔ retry freezes old prepared submission; duplicate retry returns same new job (1.59775ms)
✔ multi-volume aggregate waits for every volume and releases pin only when all are releasable (2.105667ms)
✔ single abandoned volume causes delivery_failed; late evidence cannot revive it (2.578208ms)
✔ explicit job abandon and run tombstone retain late audit without resurrecting projection (2.178125ms)
✔ lost callback can recover via unique full URL; finite mapping search throttles repeated observations (1.740333ms)
✔ URL revoke waits for complete/interrupted/abandon or deadline and respects local reader pins (1.386208ms)
✔ deadline URL release preserves metadata and completion evidence after host resources disappear (1.33575ms)
✔ attach is idempotent; restart pending reconciliation never dispatches (1.46725ms)
✔ top-level broker handlers work without attach and confirm changed state through search (1.210333ms)
✔ callback-only Chrome API persists authoritative ID and handles runtime.lastError as unknown (1.664542ms)
✔ conflict retains its Blob through deadline; pending audits stop after the deadline bound (2.437292ms)
✔ deletion hook requires retirement proof and releases compatible storage reader pins before tombstone (1.247041ms)
✔ shared repository reads through export pin and deletes descriptor/chunk rows only after fence and abandonment (2.580125ms)
✔ tests/foundation/page-port-fixtures.test.mjs (83.430375ms)
✔ frozen fixture full plan validates; recomputed broader selector/caps hash does not grant authority (15.409666ms)
✔ stop after dispatched commit still permits exactly one fixed Chrome invocation; revised identity never replayed (7.897917ms)
✔ post-dispatch epoch/target/grant fences prevent stale Chrome use (3.717291ms)
✔ script or command callback failure records unknown and cannot be blindly retried (3.760375ms)
✔ raw reception is durable but frame ACK requires matching staged rows, then full end signature is stored (3.757542ms)
✔ duplicate frame does not emit again; conflicting digest durably blocks whole page (2.753333ms)
✔ actual sender document defeats payload identity spoof; stop rejects new raw data (1.224ms)
✔ raw backpressure refuses a second unacked frame; full signature includes changed sixth row (4.508167ms)
✔ fixed raw DOM reader retains long text, explicit empty string and optional missing attr without transforms (1.09025ms)
✔ packaged DOM agent returns short ACK before stream, awaits explicit frame ACK, then emits complete signature (2.914125ms)
✔ page transport sends its first frame before starting the EOF signature hash (2.436208ms)
✔ run-scoped submit/raw/effect journals preserve both runs and stay outside the unique command index (8.201167ms)
✔ raw frame and ACK never infer a missing run or accept a command with a rewritten revision (1.279208ms)
✔ negative fixed-agent receipt is unknown and its run-scoped submission cannot replay (3.07675ms)
✔ packaged agent and page port exchange a durable run-bound ACK before saving the complete EOF (5.229584ms)
✔ agent command and ACK namespaces separate equal command IDs and digests across runs (2.599708ms)
✔ single-use real action ticket binds actual source document, no run/records/slot created (1.915166ms)
✔ new operation durably cancels old; old source result audited and rejected, new result goes only to original host (2.523833ms)
✔ cancel/release are durable before cleanup; duplicate release cannot mutate context (1.764709ms)
✔ preview samples at most ten full raw rows using shared plan binding and iterator ACK; no records written (3.422666ms)
✔ placeholder SelectorUI reports MODULE_NOT_INSTALLED, never fabricates selected status (0.773709ms)
✔ production allowlist is empty; unsigned self-reports and unknown keys never become Pro (10.191458ms)
✔ real P256/SHA256 P1363 signature; independent Node crypto oracle and claim hash (4.375209ms)
✔ signed binding rejects tampered tier (0.576667ms)
✔ signed binding rejects tampered issuer (0.497208ms)
✔ signed binding rejects tampered subject (0.481667ms)
✔ signed binding rejects tampered audience (0.780875ms)
✔ signed binding rejects tampered features (1.747708ms)
✔ signed binding rejects tampered issuedAt (1.572125ms)
✔ signed binding rejects tampered expiresAt (1.45575ms)
✔ signed binding rejects tampered keyId (1.118834ms)
✔ signed binding rejects tampered revocationVersion (0.671958ms)
✔ signed binding rejects tampered formatVersion (0.437417ms)
✔ signed but unexpected issuer/subject are rejected; signatures from another key fail (1.084291ms)
✔ reject altered signature bytes, padded/noncanonical base64url, DER and wrong hash algorithm (1.662292ms)
✔ no production private JWK and no mutation of injected allowlist after construction (1.307541ms)
✔ future issuedAt, inverted time interval and expiry at the exact boundary reject new Pro (4.267583ms)
✔ impossible calendar dates and missing timestamp zones are rejected even when signed (0.875125ms)
✔ signed metadata cannot establish trusted verification or extend grace (2.308292ms)
✔ offline 72h inclusive boundary, +1ms fallback and no expiry extension (3.439709ms)
✔ offline reload keeps verification age; explicit trusted refresh reopens new Pro (2.851667ms)
✔ wall rollback freezes Pro across reload; monotonic elapsed time expires a frozen wall (3.753875ms)
✔ submillisecond clock observations preserve elapsed monotonic time (5.075208ms)
✔ monotonic rollback freezes Pro; trusted timestamp must not precede durable high water (2.007208ms)
✔ revocation is signed, bound, monotonic and durable; newer signed license may restore Pro (7.383917ms)
✔ cached claims and signed revocation are reverified; a persisted verification label grants nothing (2.839666ms)
✔ free and Pro limits clamp without changing template; signed features gate capabilities (3.35375ms)
✔ free template admission counts distinct IDs, permits revisions, rejects concurrent second template and allows delete/resave (0.500875ms)
✔ public admitTemplate accepts SaveTemplateRequest and returns the quota for the storage transaction (1.490625ms)
✔ repository revision history consumes no additional quota and survives head deletion (1.289ms)
✔ Pro admission at 49/50/51 serializes template count and rejects stale or forged snapshots (7.284166ms)
✔ freshness checked inside template transaction after expiry or offline grace ends (2.327084ms)
✔ approved run remains frozen after expiry/revocation; sealed records, exports and retention are untouched (2.901916ms)
✔ frozen byte oracle preserves Chinese, zero, false, empty and null (11.609417ms)
✔ hostile JSON cannot enter hashes or durable protocol (1.12975ms)
✔ strict wire shapes reject unknown keys and unsafe integers (3.373875ms)
✔ ignoring a control revision never ignores epoch/document identity (0.259292ms)
✔ stop commit before dispatch forbids any new external call (14.541333ms)
✔ dispatch commit grants exactly one call even if stop subsequently commits (3.18625ms)
✔ a worker restart freezes a dispatched gap, holds slot and never repeats start (3.84725ms)
✔ actual sender, optional grant and immutable command ID are enforced (2.486208ms)
✔ stop repeats historical ACK; fencing cannot free the target slot by itself (3.183833ms)
✔ schema uses exactly frozen ten stores, explicit-key paths and sparse tagged indexes (5.965959ms)
✔ no native IDB in Node is reported as unavailable; storage entry exports factory (0.511583ms)
✔ immutable template save CAS, exact duplicate, hash lookup and name-only CAS (16.595333ms)
✔ template admission hook uses same transaction and cannot overwrite immutable revision (5.590292ms)
✔ beginPage permits preparing run, reserves exact command key and idempotently reACKs (2.984875ms)
✔ stage rejects undispatched reservation and atomically aborts open snapshot (4.09225ms)
✔ three batches: first two durable ACKs, third exact-byte failure hides whole page (9.350291ms)
✔ exact staged duplicate does not add bytes; conflicting valid digest aborts page (5.096333ms)
✔ host/epoch/target mismatch is rejected without aborting rightful open page (2.240875ms)
✔ admission cannot bypass transaction reread of cancellation (2.347042ms)
✔ stage may acknowledge authenticated raw frames before end; seal requires complete end (5.731542ms)
✔ seal recomputes all six rows; prefix-only signature fails (6.802958ms)
✔ batch gap, record key/field mismatch, and raw-end evidence mismatch reject (10.116667ms)
✔ stop wins before seal; seal wins before stop and preserves historic original ACK (15.273417ms)
✔ run revision and authenticated host registration cannot be bypassed (4.025833ms)
✔ reader pins freeze watermark/count, paginate long typed values, and reject other cursors (11.177ms)
✔ zero-batch empty page requires authenticated allowed-empty proof (5.873833ms)
✔ repeated full page signature without end is rejected and left invisible (10.208375ms)
✔ whole-page run limits, two pending ACKs, profile budget and injected disk quota (17.890291ms)
✔ delete refuses active owner/read pin/open job/unknown attempt and tombstones retired data (7.941625ms)
✔ retention defaults seven days, preserves active runs and raw migration duplicates (2.956375ms)
✔ shared authority-issued SDK context interoperates with atomic storage raw receipt and device CAS (5.917375ms)
✔ creation dispatch commits before one exact bootstrap create; retries do not create again (11.960917ms)
✔ creation callback gap freezes slot, never infers never-created or blindly retries (3.076084ms)
✔ bootstrap registers real tab/document before at-most-one navigation dispatch; content spoof rejected (2.6645ms)
✔ stop before bootstrap navigation prevents location authorization (1.774959ms)
✔ formal target binds only real same-origin new document after navigation (1.9225ms)
✔ formal run cannot borrow activeTab instead of optional grant (1.166291ms)
✔ retirement remove + separate not-found evidence releases only matching slot once; old replay cannot clear new run (1.743458ms)
✔ cross-session numeric tab id is never queried or removed and slot remains frozen (1.111416ms)
✔ generic tabs.get failure cannot prove absence (2.623083ms)
✔ prepared/submissionCount=0 proves never-created; missing intent never releases (2.580042ms)
✔ bootstrap agent requests registration and navigation before exactly one assign (0.525167ms)
ℹ tests 122
ℹ suites 0
ℹ pass 122
ℹ fail 0
ℹ cancelled 0
ℹ skipped 0
ℹ todo 0
ℹ duration_ms 276.545167
