✔ Chrome JSON hop retains undefined, falsy values, nested presence and business PageBrigeCode (5.52725ms)
✔ outcome protocol separates actual errors from all user business objects (0.426541ms)
✔ encoder rejects unsupported values, cycles and getters without evaluating a getter (3.336542ms)
✔ decoder rejects forged tags, duplicate fields and byte limits; prototype names remain inert data (0.21875ms)
✔ typed canonical input is stable across key order and distinguishes missing from undefined (0.118334ms)
✔ Base64 string API preserves UTF-8 and rejects malformed Base64 and UTF-8 (0.379583ms)
✔ REGRESSION-R3-host-gone: document loss persists retirement without requiring the old host (9.844041ms)
✔ REGRESSION-R4-control-states: late stop preserves an existing retirement (0.63475ms)
✔ REGRESSION-R4-control-states: session recovery preserves a durable retirement (0.498459ms)
✔ REGRESSION-R5-terminal-fence-gap: every committed terminal has a durable retirement (2.459375ms)
✔ REGRESSION-R6-false-completion: caller naturalEnd cannot complete an unbound run (0.682875ms)
✔ REGRESSION-R8-journal-key-collision: a caller command ID cannot replace host metadata (7.757708ms)
✔ R1: the inherited RulePlan resolves its nested local JSON pointer (6.04525ms)
✔ R2: closed shapes reject names inherited by the schema properties object (4.2695ms)
✔ R7: durable timestamps require an actual calendar date and explicit timezone (0.676166ms)
✔ SVC cookie reads use exact URL; no public-suffix or neighboring-domain expansion (1.858792ms)
✔ SVC cookie batch preserves explicit expiry/default session and Host-prefix rules (2.386417ms)
✔ SVC cookie removal awaits all callbacks and checks each permission (7.230375ms)
✔ SVC Chrome lastError and missing cookie callbacks are typed failures (0.358583ms)
✔ SVC fixed injection requires exact doc and correct resource/world before Chrome call (0.549667ms)
✔ SVC notification click has no page URL, clears once, close/late events do not resettle (0.37175ms)
✔ CMP13 real loopback four HTTP methods, body and serializable projection (37.532959ms)
✔ CMP13 real response false retained (2.638042ms)
✔ CMP13 real response zero retained (2.169292ms)
✔ CMP13 real response null retained (2.47475ms)
✔ HTTP vs network vs bad JSON/UTF8 typed errors and restricted error response (9.057334ms)
✔ denied URL and config have zero real HTTP; native grant rechecked post response (2.694959ms)
✔ private native receipt hook persists HTTP fact before post revocation, not normalized checkServer result (5.307625ms)
✔ manual redirect never follows unauthorized destination (1.035833ms)
✔ actual abort during stalled body/HTTP, size budget and caller cancellation (78.448458ms)
✔ backend 15s budget independent from client timeout and earlier native deadline (3.252709ms)
✔ stalled pre/post native permission validation still obeys driver deadline without replay (42.623667ms)
✔ server checks real observable success/failure and never reports opaque available (23.744625ms)
✔ external IP info disabled default and never calls original external endpoint in tests (0.214625ms)
✔ notification true callback wait, lastError refusal and pre/post authorization (1.150459ms)
✔ service HTTP result preserves business object inside response.data rather than outer authority (2.496458ms)
✔ RESOURCE fixed SDK allowlist has exactly two files; source entry consumes migrated modules (9.952041ms)
✔ RESOURCE project MIT notice is byte-identical to frozen original; no copied vendor resource (2.356125ms)
✔ CMP15 callback preserves false (5.106416ms)
✔ CMP15 callback preserves 0 (0.738875ms)
✔ CMP15 callback preserves undefined (0.694458ms)
✔ CMP15 callback preserves null (1.01825ms)
✔ CMP15 callback preserves  (0.365458ms)
✔ CMP15 callback preserves 0 (0.469417ms)
✔ CMP15 callback preserves  (0.306542ms)
✔ CMP15 callback preserves [object Object] (0.290708ms)
✔ CMP15 inner business error business denied remains original rejection (0.5675ms)
✔ CMP15 inner business error [object Object] remains original rejection (0.874458ms)
✔ CMP15 inner business error null remains original rejection (0.63425ms)
✔ CMP15 inner business error undefined remains original rejection (0.262917ms)
✔ CMP15 inner business error false remains original rejection (0.168291ms)
✔ CMP15 inner business error 0 remains original rejection (0.202209ms)
✔ CMP15 malformed Base64 / UTF8 / JSON settle once with typed stage and no pending (2.295084ms)
✔ CMP15 unicode legacy Base64 callback and ACK never settle early (0.815833ms)
✔ CMP15 old ChromeBridgeEvents facade is observable but cannot lose private pending settlement (0.254417ms)
✔ B03 client deadline and document dispose clean original pending once (10.589041ms)
✔ CMP07 AppStorage String semantics and AppLocal typed presence cross codec (0.65525ms)
✔ CMP13 four HTTP facades preserve call shape (0.145583ms)
✔ schema/config/business refusal dispatches nothing (0.401667ms)
✔ CMP14 notifications preserve desc rules with typed null/body errors (0.12225ms)
✔ CMP14 server results use latency order, input ties and all-failed null (0.16975ms)
✔ CMP08 strict compact JSON never runs code; wrapAsync is only source transformation (0.111167ms)
✔ CMP08 DeviceType, UA priority, unsupported native/fingerprint, delegated ID (0.435292ms)
✔ CMP08 UtilInfo stays idle until explicit call and keeps original URL (0.064833ms)
✔ events retain old strings and route lifecycle solely to injected RunHost (0.08025ms)
✔ sleep resolves undefined and abort removes timer (1.248917ms)
✔ SDK install conflicts never overwrite page functions; same installation is idempotent (0.376041ms)
✔ Hello cannot be ready from partial or wrong-version allowlist (4.639333ms)
✔ fixed MAIN to ISOLATED fixture preserves typed args/result, no controller or page authority (1.241125ms)
✔ CMP10/B01 business PageBrigeCode/ok/error fields survive real JSON hop inside data (0.379458ms)
✔ Hello grant subset permits its methods and rejects other calls before native request (0.111625ms)
✔ fixture 100 concurrent original promises once settle; not native B05 evidence (7.4825ms)
✔ relay rejects page claims and raw script without native dispatch (1.925166ms)
✔ native typed authority/transport failure is outer error; business remains inner (0.562291ms)
✔ service dispatcher delegates storage and atomic device context without namespace from page (0.169292ms)
ℹ tests 75
ℹ suites 0
ℹ pass 75
ℹ fail 0
ℹ cancelled 0
ℹ skipped 0
ℹ todo 0
ℹ duration_ms 354.787
