✔ importing a JS draft leaves saved versions and running source independent (11.237667ms)
✔ draft import rejects empty/oversized sources and active saves without overwriting the editor (4.644666ms)
✔ catalog draft import updates dependency review from the new source without saving or running (6.053541ms)
✔ Save persists revision/hash without requesting permission, creating a Run, or executing code (3.459708ms)
✔ reopened editor lists saved scripts without running and loads the selected latest head explicitly (3.120708ms)
✔ loading a historical revision does not turn it into the latest Save CAS head (5.082334ms)
✔ Delete tombstones the latest head and refreshes the saved-script selector (5.547833ms)
✔ saved A stays immutable; Run freezes unsaved B/params/page A; editing C and Save do not replace B (8.344083ms)
✔ a brand-new unsaved draft runs with an empty script ID and never creates a saved revision (3.364959ms)
✔ permission preparation rejects a switched page; closing the editor during permission never admits a run (12.829834ms)
✔ Stop uses the formal RunHost abort/retirement path and persists stopped with the original pin (5.749459ms)
✔ pagehide invokes RunHost host-close; reopened editor only reads the durable interrupted Result (4.236084ms)
✔ late Save/Load replies do not overwrite another script selection or edits made during loading (6.286417ms)
✔ late saved-script selector load cannot overwrite edits made during loading (5.121959ms)
✔ an older snapshot reply cannot disable Run after a newer durable observation (6.305875ms)
✔ an older snapshot error cannot overwrite a newer successful durable view (5.116292ms)
✔ the permission request remains synchronous in the click fixture; denied permission and invalid params execute nothing (5.159334ms)
✔ DOM preview binds frozen source, dependency choice and exact current document from trusted click (3.006583ms)
✔ DOM preview refuses to inject when the active document changes while permission is pending (4.816292ms)
✔ Developer Stop cannot cancel the formal Task or another view using the shared RunHost (4.24875ms)
✔ project import displays source while Save and Run freeze compiled bytes and the original hash (9.223084ms)
✔ invalid project envelope leaves the previous editor source and no execution or saved revision (0.862958ms)
✔ manifest exposes tool.html as a global Chrome Side Panel (4.279125ms)
✔ product shell has no popup-window fallback (1.081542ms)
✔ default Run freezes Current Page then revalidates before existing RunHost (0.613791ms)
✔ trusted Side Panel run sends the exact unsaved draft to the original Controller authority (1.029292ms)
✔ R6 uses valid tab roles with labelled content panels (2.026917ms)
✔ R4 Sidebar sections preserve consumer controls and keep engineering tools folded (0.798708ms)
✔ Sidebar starts at its three tabs without repeating Chrome extension identity (0.556792ms)
✔ entering Sidebar task views reads external installations without executing and preserves unchanged form inputs (17.723333ms)
✔ installed tasks default page, render schema form and freeze the exact saved version/params/target (17.468833ms)
✔ installed task can be explicitly forked into an independent unsaved editor draft (4.321375ms)
✔ task Stop cannot cancel another view's in-flight draft; parameter form never navigates (5.545333ms)
✔ installed task refuses stale target after async installed-version lookup (6.814333ms)
✔ task cards retain readable selection and do not surface raw IDs as the main UI (1.926708ms)
✔ Sidebar Discover searches installed tasks only and selects a task without running or opening the catalog (7.735208ms)
✔ Discover filter controls are real view filters and cannot start another run (9.264375ms)
✔ opening the separate full-size catalog preserves its import and management view (2.869625ms)
✔ full-size catalog keeps its own reader after real install and re-reads the single Task Catalog state (4.212834ms)
✔ idle Discover has no fixed footer and inline import still opens the authenticated catalog (10.936625ms)
✔ R5 result/history stay out of sight until a task has runs (6.251083ms)
✔ card view retains original action identities, history and parameter form across tab changes (9.821834ms)
✔ switching between two installed tasks preserves each independent unsaved parameter input (2.958ms)
✔ R6 accessible roving tabs support Arrow and Home/End (3.495417ms)
✔ R6 task card refresh, keyboard selection and Discover handoff restore focus (5.460583ms)
✔ R6 late run start/result cannot become the newly selected task status (12.529209ms)
✔ R6 previous-version notices and results do not leak after installed upgrade (10.197583ms)
✔ two extension documents share only a refresh hint and re-read authoritative installed state (33.785333ms)
✔ catalog installation stays in the complete directory and directs running back to Sidebar (5.351125ms)
✔ catalog JS import hands source to Sidebar and never enters a view with a hidden runner (5.79975ms)
✔ missing Sidebar refuses import with an actionable message, without losing the directory (4.112458ms)
✔ catalog draft transport errors retain their cause instead of claiming Sidebar is missing (5.180042ms)
✔ receiving a source-only import selects Sidebar Developer without creating a run (2.736625ms)
✔ R6.1 task-owned Stop is the sole cross-view action and names the launching task (14.727792ms)
✔ R6.1 a draft-owned run exposes only its Stop when viewing Tasks or Discover (2.807292ms)
✔ R6.1 stop-only footer CSS hides all non-owner actions without hiding Stop (0.304083ms)
✔ modern Locator construction is immutable, scoped, and does not issue RPC (8.839667ms)
✔ shared role, accessible name, observation and verified locator (2.685167ms)
✔ admitted driver stages replace existing value, re-resolve repaint, click once and return observed result (47.939167ms)
✔ duplicate semantic match fails strictly; no click effects (0.8875ms)
✔ authority revoked after read-only prepare stops before single commit (0.649875ms)
✔ precise document replacement fences existing Locator (0.760084ms)
✔ native input labels, explicit roles, aria-label and aria-labelledby share semantic rules (2.639667ms)
✔ disabled click never commits and does not submit during timeout (100.706208ms)
✔ lost commit callback retains one page effect and an uncertainty receipt; never replays click (101.662958ms)
✔ semantic exact text is case-sensitive; partial text normalizes spaces (0.267125ms)
✔ locator timeout covers stalled prepare RPC, leaves run usable and commits nothing (81.424667ms)
✔ observation verifies a scoped locator with duplicate names and never exposes form values (1.643417ms)
✔ observation limits traversal even when most elements have no semantic role (7.442584ms)
✔ ARIA readonly, disabled, pointer-events and animation prevent a commit (330.433708ms)
✔ completed read-only requests re-evaluate DOM; duplicate native commit has one effect (19.862958ms)
✔ acceptance validator correlates result identity and its own exact revision (3.086333ms)
✔ acceptance validator refuses duplicate results and unreleased workers (0.329916ms)
✔ acceptance validator refuses changed document, owner namespace and saved revision (0.225416ms)
✔ an ambiguous side-effect response is retained and never retried (4.781042ms)
✔ readonly discovery records a woken worker while rejecting other extensions and ambiguous workers (0.261625ms)
ℹ tests 76
ℹ suites 0
ℹ pass 76
ℹ fail 0
ℹ cancelled 0
ℹ skipped 0
ℹ todo 0
ℹ duration_ms 815.948666
