✔ one ordinary HTML page exposes unique, stable automation targets (3.447584ms)
✔ the unchanged signed v1 task still targets #name → #submit → #done (2.164041ms)
✔ modern search retains an initially filled field and deliberately replaces its submit button (0.716792ms)
✔ async scene sends only local fetches and distinguishes loading, 404, abort and timeout (0.849625ms)
✔ explicit HTTP GET controls expose safe semantics and preserve offline-first operation (0.851875ms)
✔ the single canonical page exposes seven navigable groups and honest Locator fixtures (0.763ms)
✔ Locator fixture actions, late insertion, and reset mutate only observable DOM (1524.536ms)
✔ HTTP panel sends no request until click and shows real status/content without HTML injection (26.411417ms)
✔ HTTP panel preserves actual 404 and abort/reset cannot resurrect late replies (2.856792ms)
✔ minimal HTTP UI rejects invalid URLs without sending requests (1.580584ms)
✔ inline JavaScript parses without a third-party runtime or external resources (0.526791ms)
✔ manual browser testing has exactly one canonical HTML and no obsolete advertised URL (2.011084ms)
✔ async main receives page/params lexically without platform arguments (1.550042ms)
✔ main return preserves falsy values including undefined (0.17175ms)
✔ prior async-body scripts still execute and return correctly (0.114042ms)
✔ main faults are errors rather than silent empty results (0.337833ms)
✔ worker fault preserves a bounded raw generated stack without claiming a source mapping (28.088583ms)
✔ importing a JS draft leaves saved versions and running source independent (12.44825ms)
✔ draft import rejects empty/oversized sources and active saves without overwriting the editor (4.613875ms)
✔ catalog draft import updates dependency review from the new source without saving or running (3.773083ms)
✔ Save persists revision/hash without requesting permission, creating a Run, or executing code (4.33975ms)
✔ reopened editor lists saved scripts without running and loads the selected latest head explicitly (3.154542ms)
✔ loading a historical revision does not turn it into the latest Save CAS head (5.197834ms)
✔ Delete tombstones the latest head and refreshes the saved-script selector (5.561042ms)
✔ saved A stays immutable; Run freezes unsaved B/params/page A; editing C and Save do not replace B (7.384833ms)
✔ a brand-new unsaved draft runs with an empty script ID and never creates a saved revision (3.319667ms)
✔ permission preparation rejects a switched page; closing the editor during permission never admits a run (12.949042ms)
✔ Stop uses the formal RunHost abort/retirement path and persists stopped with the original pin (5.917083ms)
✔ pagehide invokes RunHost host-close; reopened editor only reads the durable interrupted Result (4.213125ms)
✔ late Save/Load replies do not overwrite another script selection or edits made during loading (5.225917ms)
✔ late saved-script selector load cannot overwrite edits made during loading (4.378666ms)
✔ an older snapshot reply cannot disable Run after a newer durable observation (5.353708ms)
✔ an older snapshot error cannot overwrite a newer successful durable view (5.287584ms)
✔ the permission request remains synchronous in the click fixture; denied permission and invalid params execute nothing (6.217458ms)
✔ DOM preview binds frozen source, dependency choice and exact current document from trusted click (4.19275ms)
✔ DOM preview refuses to inject when the active document changes while permission is pending (5.256875ms)
✔ Developer Stop cannot cancel the formal Task or another view using the shared RunHost (4.112792ms)
✔ project import displays source while Save and Run freeze compiled bytes and the original hash (8.59875ms)
✔ invalid project envelope leaves the previous editor source and no execution or saved revision (1.007459ms)
✔ entering Sidebar task views reads external installations without executing and preserves unchanged form inputs (19.084417ms)
✔ installed tasks default page, render schema form and freeze the exact saved version/params/target (18.25975ms)
✔ installed task can be explicitly forked into an independent unsaved editor draft (4.408166ms)
✔ task Stop cannot cancel another view's in-flight draft; parameter form never navigates (4.54225ms)
✔ installed task refuses stale target after async installed-version lookup (6.863292ms)
✔ task cards retain readable selection and do not surface raw IDs as the main UI (2.938458ms)
✔ Sidebar Discover searches installed tasks only and selects a task without running or opening the catalog (7.944291ms)
✔ Discover filter controls are real view filters and cannot start another run (9.972708ms)
✔ opening the separate full-size catalog preserves its import and management view (2.387ms)
✔ full-size catalog keeps its own reader after real install and re-reads the single Task Catalog state (5.331541ms)
✔ idle Discover has no fixed footer and inline import still opens the authenticated catalog (11.215916ms)
✔ R5 result/history stay out of sight until a task has runs (7.70825ms)
✔ card view retains original action identities, history and parameter form across tab changes (8.793834ms)
✔ switching between two installed tasks preserves each independent unsaved parameter input (1.884417ms)
✔ R6 accessible roving tabs support Arrow and Home/End (2.952667ms)
✔ R6 task card refresh, keyboard selection and Discover handoff restore focus (4.63125ms)
✔ R6 late run start/result cannot become the newly selected task status (12.415083ms)
✔ R6 previous-version notices and results do not leak after installed upgrade (9.086334ms)
✔ two extension documents share only a refresh hint and re-read authoritative installed state (34.658583ms)
✔ catalog installation stays in the complete directory and directs running back to Sidebar (5.347375ms)
✔ catalog JS import hands source to Sidebar and never enters a view with a hidden runner (3.975542ms)
✔ missing Sidebar refuses import with an actionable message, without losing the directory (3.933708ms)
✔ catalog draft transport errors retain their cause instead of claiming Sidebar is missing (5.016125ms)
✔ receiving a source-only import selects Sidebar Developer without creating a run (2.668166ms)
✔ R6.1 task-owned Stop is the sole cross-view action and names the launching task (15.872167ms)
✔ R6.1 a draft-owned run exposes only its Stop when viewing Tasks or Discover (2.840125ms)
✔ R6.1 stop-only footer CSS hides all non-owner actions without hiding Stop (0.377375ms)
✔ modern Locator construction is immutable, scoped, and does not issue RPC (9.743917ms)
✔ shared role, accessible name, observation and verified locator (3.110417ms)
✔ admitted driver stages replace existing value, re-resolve repaint, click once and return observed result (47.300791ms)
✔ duplicate semantic match fails strictly; no click effects (0.916458ms)
✔ authority revoked after read-only prepare stops before single commit (0.821834ms)
✔ precise document replacement fences existing Locator (0.414875ms)
✔ native input labels, explicit roles, aria-label and aria-labelledby share semantic rules (3.79625ms)
✔ disabled click never commits and does not submit during timeout (101.622584ms)
✔ lost commit callback retains one page effect and an uncertainty receipt; never replays click (101.819667ms)
✔ semantic exact text is case-sensitive; partial text normalizes spaces (0.400125ms)
✔ locator timeout covers stalled prepare RPC, leaves run usable and commits nothing (82.137542ms)
✔ observation verifies a scoped locator with duplicate names and never exposes form values (2.760834ms)
✔ observation limits traversal even when most elements have no semantic role (11.86275ms)
✔ ARIA readonly, disabled, pointer-events and animation prevent a commit (325.606ms)
✔ completed read-only requests re-evaluate DOM; duplicate native commit has one effect (16.198375ms)
✔ acceptance validator correlates result identity and its own exact revision (3.411333ms)
✔ acceptance validator refuses duplicate results and unreleased workers (0.314083ms)
✔ acceptance validator refuses changed document, owner namespace and saved revision (0.231875ms)
ℹ tests 84
ℹ suites 0
ℹ pass 84
ℹ fail 0
ℹ cancelled 0
ℹ skipped 0
ℹ todo 0
ℹ duration_ms 1668.559667
