✔ prepare pins a watermark and persists byte hash; external descriptors satisfy frozen schema (9.969166ms)
✔ partial export requires confirmation; request IDs bind immutable intent (1.708ms)
✔ host registration mismatch and tombstones reject creation/dispatch (1.498208ms)
✔ double dispatch and reconstructed service invoke Chrome at most once (3.129083ms)
✔ ACK-gap after durable dispatch does not replay and becomes mapping_unknown (2.077625ms)
✔ short dispatch ACK does not wait for callback and cannot be resubmitted (1.057584ms)
✔ onCreated/search deduplicates an ID and started is not delivery complete (2.247375ms)
✔ multiple full-identity candidates conflict and never redownload (1.331708ms)
✔ known callback ID is authoritative; another candidate conflicts rather than replacing it (1.899333ms)
✔ wrong URL/extension/time and missing fields never bind by filename (1.013958ms)
✔ clock rollback cannot bind unique-looking mapping evidence (1.02275ms)
✔ onChanged complete must be confirmed by ID search; interrupted keeps Chrome reason (1.734ms)
✔ 10-minute timeout is unknown; late complete resolves only its original job (3.570291ms)
✔ retry freezes old prepared submission; duplicate retry returns same new job (1.805959ms)
✔ multi-volume aggregate waits for every volume and releases pin only when all are releasable (2.4545ms)
✔ single abandoned volume causes delivery_failed; late evidence cannot revive it (1.948291ms)
✔ explicit job abandon and run tombstone retain late audit without resurrecting projection (2.377542ms)
✔ lost callback can recover via unique full URL; finite mapping search throttles repeated observations (2.08375ms)
✔ URL revoke waits for complete/interrupted/abandon or deadline and respects local reader pins (1.712917ms)
✔ deadline URL release preserves metadata and completion evidence after host resources disappear (1.451083ms)
✔ attach is idempotent; restart pending reconciliation never dispatches (1.618333ms)
✔ top-level broker handlers work without attach and confirm changed state through search (1.575709ms)
✔ callback-only Chrome API persists authoritative ID and handles runtime.lastError as unknown (1.924917ms)
✔ conflict retains its Blob through deadline; pending audits stop after the deadline bound (2.7755ms)
✔ deletion hook requires retirement proof and releases compatible storage reader pins before tombstone (0.860583ms)
✔ shared repository reads through export pin and deletes descriptor/chunk rows only after fence and abandonment (2.627375ms)
✔ schema uses exactly frozen ten stores, explicit-key paths and sparse tagged indexes (6.188209ms)
✔ no native IDB in Node is reported as unavailable; storage entry exports factory (0.482708ms)
✔ immutable template save CAS, exact duplicate, hash lookup and name-only CAS (17.119958ms)
✔ template admission hook uses same transaction and cannot overwrite immutable revision (3.927834ms)
✔ beginPage permits preparing run, reserves exact command key and idempotently reACKs (2.751125ms)
✔ stage rejects undispatched reservation and atomically aborts open snapshot (4.233125ms)
✔ three batches: first two durable ACKs, third exact-byte failure hides whole page (8.8615ms)
✔ exact staged duplicate does not add bytes; conflicting valid digest aborts page (5.097292ms)
✔ host/epoch/target mismatch is rejected without aborting rightful open page (2.383666ms)
✔ admission cannot bypass transaction reread of cancellation (2.819958ms)
✔ stage may acknowledge authenticated raw frames before end; seal requires complete end (7.195666ms)
✔ seal recomputes all six rows; prefix-only signature fails (6.730375ms)
✔ batch gap, record key/field mismatch, and raw-end evidence mismatch reject (11.216833ms)
✔ stop wins before seal; seal wins before stop and preserves historic original ACK (19.543917ms)
✔ run revision and authenticated host registration cannot be bypassed (5.881791ms)
✔ reader pins freeze watermark/count, paginate long typed values, and reject other cursors (12.619792ms)
✔ zero-batch empty page requires authenticated allowed-empty proof (6.998375ms)
✔ repeated full page signature without end is rejected and left invisible (10.424625ms)
✔ whole-page run limits, two pending ACKs, profile budget and injected disk quota (18.382125ms)
✔ delete refuses active owner/read pin/open job/unknown attempt and tombstones retired data (8.4735ms)
✔ retention defaults seven days, preserves active runs and raw migration duplicates (2.631292ms)
✔ shared authority-issued SDK context interoperates with atomic storage raw receipt and device CAS (5.932417ms)
✔ Chrome JSON hop retains undefined, falsy values, nested presence and business PageBrigeCode (2.468125ms)
✔ outcome protocol separates actual errors from all user business objects (0.703583ms)
✔ encoder rejects unsupported values, cycles and getters without evaluating a getter (0.944708ms)
✔ decoder rejects forged tags, duplicate fields and byte limits; prototype names remain inert data (0.225708ms)
✔ typed canonical input is stable across key order and distinguishes missing from undefined (0.123709ms)
✔ Base64 string API preserves UTF-8 and rejects malformed Base64 and UTF-8 (0.5405ms)
✔ generic APIs prepare committed typed values without templates, Blob creation or native dispatch (33.278292ms)
✔ generic host reads artifact, creates Blob, dispatches once and settles via real callback/listeners/search lifecycle (8.558625ms)
✔ generic preparation rejects forged namespace, wrong result/run/principal/session and actual sender before writing (9.708083ms)
✔ generic prepare transaction rechecks durable host revocation/result replacement/tombstone and rolls back all writes (12.092416ms)
✔ generic data uses canonical explicit blocks with exact 8MiB/64 limits and independent integrity checks (601.020625ms)
✔ generic attempt request dedupes, prevents simultaneous retries and reused/foreign Blob URLs (6.807166ms)
✔ generic dispatch ACK gap never replays; native mapping unknown and deadline release keep disk hash unverified (4.414083ms)
✔ generic current-document registration is rechecked inside attempt, read and dispatch transactions (8.553333ms)
✔ generic tombstone/abandon uses existing lifecycle and reader pin gates existing repository deletion (3.096041ms)
✔ generic missing issued namespace/principal fails closed and never derives authority from payload (1.898291ms)
✔ generic unsuccessful/missing wire results and legacy template entry points cannot manufacture artifacts (7.327125ms)
✔ generic immutable result and artifact chunks are rechecked before attempt transaction commits (9.217041ms)
✔ generic onCreated is not completion; wrong native identity and callback/search conflicts cannot certify delivery (23.529375ms)
✔ generic native interruption/runtime.lastError use shared failure/unknown states and never resubmit (8.832875ms)
✔ generic explicit fresh retry shares job/artifact; late evidence cannot release the new active reader pin (5.743167ms)
✔ generic later registered document exports stable namespace history without acquiring the old run owner (2.63125ms)
✔ generic abandonRun fences timed-out retry history so shared repository deletion does not strand old attempts (4.799834ms)
✔ generic public reconcile uses actual sender; internal Chrome callback reconciliation survives owning host revocation (4.672166ms)
✔ public authority commits exact UTF8/headCAS and pins r1 while head advances to r2 without templates (13.04925ms)
✔ borrowed child frame is observed exactly; sibling commits do not fence it; top replacement does (20.294375ms)
✔ worker retirement gates durable result then borrowed release, without closing borrowed tab (2.491583ms)
✔ owned retirement closes only exact created tab after durable terminal commit (3.583042ms)
✔ new registered host reads old namespace result without acquiring its owner or replaying (2.992167ms)
✔ permission removal matches exact origin patterns and remains fenced after regrant (2.112625ms)
✔ native receipt survives post-dispatch permission loss; request is never resubmitted (7.357875ms)
✔ public recovery pauses controller, holds slot and never replays committed source (3.527166ms)
✔ public hostGone interruption retires borrowed target and exact pin once (2.106417ms)
✔ hostGone after completed result preserves the immutable result and finishes pending retirement (1.848833ms)
✔ SDK short persistent service completes while controller owns the same unique slot (3.89ms)
✔ injected foundationClient registers once; forced harnessWorker termination precedes durable result and slot release (29.511042ms)
ℹ tests 84
ℹ suites 0
ℹ pass 84
ℹ fail 0
ℹ cancelled 0
ℹ skipped 0
ℹ todo 0
ℹ duration_ms 873.568167
