✔ prepare pins a watermark and persists byte hash; external descriptors satisfy frozen schema (33.323417ms)
✔ partial export requires confirmation; request IDs bind immutable intent (2.487833ms)
✔ host registration mismatch and tombstones reject creation/dispatch (4.247583ms)
✔ double dispatch and reconstructed service invoke Chrome at most once (12.181917ms)
✔ ACK-gap after durable dispatch does not replay and becomes mapping_unknown (3.213667ms)
✔ short dispatch ACK does not wait for callback and cannot be resubmitted (6.8605ms)
✔ onCreated/search deduplicates an ID and started is not delivery complete (7.458833ms)
✔ multiple full-identity candidates conflict and never redownload (4.590417ms)
✔ known callback ID is authoritative; another candidate conflicts rather than replacing it (5.715833ms)
✔ wrong URL/extension/time and missing fields never bind by filename (3.724292ms)
✔ clock rollback cannot bind unique-looking mapping evidence (5.357958ms)
✔ onChanged complete must be confirmed by ID search; interrupted keeps Chrome reason (8.472917ms)
✔ 10-minute timeout is unknown; late complete resolves only its original job (10.989417ms)
✔ retry freezes old prepared submission; duplicate retry returns same new job (18.622ms)
✔ multi-volume aggregate waits for every volume and releases pin only when all are releasable (10.819708ms)
✔ single abandoned volume causes delivery_failed; late evidence cannot revive it (11.646667ms)
✔ explicit job abandon and run tombstone retain late audit without resurrecting projection (8.918458ms)
✔ lost callback can recover via unique full URL; finite mapping search throttles repeated observations (4.021625ms)
✔ URL revoke waits for complete/interrupted/abandon or deadline and respects local reader pins (5.7165ms)
✔ deadline URL release preserves metadata and completion evidence after host resources disappear (2.753917ms)
✔ attach is idempotent; restart pending reconciliation never dispatches (4.144042ms)
✔ top-level broker handlers work without attach and confirm changed state through search (4.829708ms)
✔ callback-only Chrome API persists authoritative ID and handles runtime.lastError as unknown (10.846125ms)
✔ conflict retains its Blob through deadline; pending audits stop after the deadline bound (13.261333ms)
✔ deletion hook requires retirement proof and releases compatible storage reader pins before tombstone (7.046708ms)
✔ shared repository reads through export pin and deletes descriptor/chunk rows only after fence and abandonment (5.001875ms)
✔ generic APIs prepare committed typed values without templates, Blob creation or native dispatch (80.606708ms)
✔ generic host reads artifact, creates Blob, dispatches once and settles via real callback/listeners/search lifecycle (27.439583ms)
✔ generic preparation rejects forged namespace, wrong result/run/principal/session and actual sender before writing (24.204583ms)
✔ generic prepare transaction rechecks durable host revocation/result replacement/tombstone and rolls back all writes (30.478792ms)
✔ generic data uses canonical explicit blocks with exact 8MiB/64 limits and independent integrity checks (1316.3465ms)
✔ generic attempt request dedupes, prevents simultaneous retries and reused/foreign Blob URLs (45.31875ms)
✔ generic dispatch ACK gap never replays; native mapping unknown and deadline release keep disk hash unverified (18.582667ms)
✔ generic current-document registration is rechecked inside attempt, read and dispatch transactions (14.720792ms)
✔ generic tombstone/abandon uses existing lifecycle and reader pin gates existing repository deletion (3.685583ms)
✔ generic missing issued namespace/principal fails closed and never derives authority from payload (1.220583ms)
✔ generic unsuccessful/missing wire results and legacy template entry points cannot manufacture artifacts (6.877375ms)
✔ generic immutable result and artifact chunks are rechecked before attempt transaction commits (13.642375ms)
✔ generic onCreated is not completion; wrong native identity and callback/search conflicts cannot certify delivery (38.898375ms)
✔ generic native interruption/runtime.lastError use shared failure/unknown states and never resubmit (14.600542ms)
✔ generic explicit fresh retry shares job/artifact; late evidence cannot release the new active reader pin (42.503417ms)
✔ generic later registered document exports stable namespace history without acquiring the old run owner (35.962459ms)
ℹ tests 42
ℹ suites 0
ℹ pass 42
ℹ fail 0
ℹ cancelled 0
ℹ skipped 0
ℹ todo 0
ℹ duration_ms 1982.158917
