✔ same-id replacement disposes old listener, keeps a different instance (1.40375ms)
✔ assets, timer/observer/ObjectURL and pagehide cleanup remain scoped (1.603583ms)
✔ CSS url() points to embedded image, with JSON and hashes; no runtime dev server (403.928333ms)
✔ reject CSS network/import/undeclared URLs and spoofed image bytes (9.312792ms)
✔ CSS comments and URL-like string content retain their literal meaning (3.732875ms)
✔ reject CSS escaped tokens and unsupported string image URLs (9.664ms)
✔ malformed CSS strings cannot hide runtime URL tokens (5.311ms)
✔ Controller resource declarations fail before packaging (5.721959ms)
✔ invalid JSON, UTF-8 and per-file/aggregate resource budgets fail closed (10.243042ms)
✔ original JavaScript-only program keeps its output without adding base CSS (113.751333ms)
✔ three-file ESM Page project becomes one locally hashed JS consumed by existing USER_SCRIPT compiler (366.169625ms)
✔ Controller ESM project produces the existing genuine Task v1 Candidate import format, not an Available claim (67.494792ms)
✔ development mode emits readable program JS, draft metadata and a separate local source map only (25.259583ms)
✔ development source map maps final generated throw position back to local authoring module (15.118833ms)
✔ a declared Page stylesheet enters the immutable program artifact rather than failing closed (101.560958ms)
✔ webpack dependency failures report project, phase and importing source location (52.937167ms)
✔ untrusted remote and dynamic ESM imports are rejected before Webpack (2.794209ms)
✔ a frozen output directory rejects replacement without quietly publishing new bytes (111.44825ms)
✔ UTF-8 BOM in an authoring module survives build and draft import (287.906125ms)
✔ package metadata BOM fails at validation with the fixed Webpack boundary (4.65875ms)
✔ Page prerelease version matches the project and draft schema at import (72.008375ms)
✔ builder applies envelope budget to the bytes actually written for file import (149.6815ms)
✔ multi-file ESM authoring project is a source contract, not an installed program (22.745875ms)
✔ imports cannot escape project or load remote modules at browser runtime (6.855166ms)
✔ entry diagnostics distinguish missing and non-function defaults with source location (4.414292ms)
✔ dynamic import is not quietly kept as an unlocked runtime dependency (4.26675ms)
✔ npm imports require declared dependencies and a committed matching npm lock (5.892584ms)
✔ Page/Controller source contracts remain discriminated without changing Task v1 (4.153167ms)
✔ assets can be listed and hashed but never silently injected (7.281417ms)
✔ source snapshots and executable hashes are independently checked before import (27.9375ms)
✔ project file selection only changes the read-only viewer; execution uses exact frozen build (3.441666ms)
✔ importing a JS draft leaves saved versions and running source independent (10.744875ms)
✔ draft import rejects empty/oversized sources and active saves without overwriting the editor (4.87025ms)
✔ catalog draft import updates dependency review from the new source without saving or running (6.5775ms)
✔ Save persists revision/hash without requesting permission, creating a Run, or executing code (4.646084ms)
✔ reopened editor lists saved scripts without running and loads the selected latest head explicitly (4.475666ms)
✔ loading a historical revision does not turn it into the latest Save CAS head (5.939375ms)
✔ Delete tombstones the latest head and refreshes the saved-script selector (4.395166ms)
✔ saved A stays immutable; Run freezes unsaved B/params/page A; editing C and Save do not replace B (8.479333ms)
✔ a brand-new unsaved draft runs with an empty script ID and never creates a saved revision (2.653458ms)
✔ permission preparation rejects a switched page; closing the editor during permission never admits a run (15.884375ms)
✔ Stop uses the formal RunHost abort/retirement path and persists stopped with the original pin (7.941333ms)
✔ pagehide invokes RunHost host-close; reopened editor only reads the durable interrupted Result (6.304458ms)
✔ late Save/Load replies do not overwrite another script selection or edits made during loading (7.694708ms)
✔ late saved-script selector load cannot overwrite edits made during loading (5.844791ms)
✔ an older snapshot reply cannot disable Run after a newer durable observation (6.034916ms)
✔ an older snapshot error cannot overwrite a newer successful durable view (7.148834ms)
✔ the permission request remains synchronous in the click fixture; denied permission and invalid params execute nothing (7.459917ms)
✔ DOM preview binds frozen source, dependency choice and exact current document from trusted click (4.447084ms)
✔ DOM preview refuses to inject when the active document changes while permission is pending (4.508416ms)
✔ Developer Stop cannot cancel the formal Task or another view using the shared RunHost (4.411875ms)
✔ project import displays source while Save and Run freeze compiled bytes and the original hash (9.563292ms)
✔ invalid project envelope leaves the previous editor source and no execution or saved revision (2.313833ms)
✔ same-window catalog hands off exact source without invoking a runner (1.50125ms)
✔ draft handoff refuses other windows, senders, content pages, private tabs and catalog recipients (0.140542ms)
✔ editor rejection is returned explicitly without claiming import success (0.090417ms)
✔ three project folders: genuine ESM graphs and fixed CSS/JSON/PNG byte hashes (25.782667ms)
✔ Page ESM bundles into USER_SCRIPT and repeated execution creates only one visible marker (275.17375ms)
✔ Controller ESM emits a Task v1 Candidate and invokes only approved Locator methods (75.217ms)
✔ declared CSS/JSON/PNG are frozen into Page USER_SCRIPT without becoming installed (62.790958ms)
✔ entering Sidebar task views reads external installations without executing and preserves unchanged form inputs (19.7265ms)
✔ installed tasks default page, render schema form and freeze the exact saved version/params/target (19.949333ms)
✔ installed task can be explicitly forked into an independent unsaved editor draft (5.966375ms)
✔ task Stop cannot cancel another view's in-flight draft; parameter form never navigates (4.976083ms)
✔ installed task refuses stale target after async installed-version lookup (7.415791ms)
✔ task cards retain readable selection and do not surface raw IDs as the main UI (3.368792ms)
✔ Sidebar Discover searches installed tasks only and selects a task without running or opening the catalog (8.576042ms)
✔ Discover filter controls are real view filters and cannot start another run (11.016625ms)
✔ opening the separate full-size catalog preserves its import and management view (3.081458ms)
✔ full-size catalog keeps its own reader after real install and re-reads the single Task Catalog state (6.6065ms)
✔ idle Discover has no fixed footer and inline import still opens the authenticated catalog (14.457041ms)
✔ R5 result/history stay out of sight until a task has runs (8.393542ms)
✔ card view retains original action identities, history and parameter form across tab changes (10.430875ms)
✔ switching between two installed tasks preserves each independent unsaved parameter input (3.534042ms)
✔ R6 accessible roving tabs support Arrow and Home/End (3.749667ms)
✔ R6 task card refresh, keyboard selection and Discover handoff restore focus (4.447333ms)
✔ R6 late run start/result cannot become the newly selected task status (12.609166ms)
✔ R6 previous-version notices and results do not leak after installed upgrade (9.954334ms)
✔ two extension documents share only a refresh hint and re-read authoritative installed state (34.664167ms)
✔ catalog installation stays in the complete directory and directs running back to Sidebar (5.87ms)
✔ catalog JS import hands source to Sidebar and never enters a view with a hidden runner (3.282125ms)
✔ missing Sidebar refuses import with an actionable message, without losing the directory (1.8655ms)
✔ catalog draft transport errors retain their cause instead of claiming Sidebar is missing (5.757709ms)
✔ receiving a source-only import selects Sidebar Developer without creating a run (3.112541ms)
✔ R6.1 task-owned Stop is the sole cross-view action and names the launching task (17.412583ms)
✔ R6.1 a draft-owned run exposes only its Stop when viewing Tasks or Discover (3.277334ms)
✔ R6.1 stop-only footer CSS hides all non-owner actions without hiding Stop (0.355791ms)
✔ catalog project JSON import validates snapshots and hands frozen bytes to Sidebar without running (8.119084ms)
✔ catalog rejects a changed project snapshot before handoff and permits reselecting the file (4.833ms)
ℹ tests 89
ℹ suites 0
ℹ pass 89
ℹ fail 0
ℹ cancelled 0
ℹ skipped 0
ℹ todo 0
ℹ duration_ms 873.655542
