✔ same-id replacement disposes old listener, keeps a different instance (1.368875ms)
✔ assets, timer/observer/ObjectURL and pagehide cleanup remain scoped (1.621417ms)
✔ CSS url() points to embedded image, with JSON and hashes; no runtime dev server (393.988958ms)
✔ reject CSS network/import/undeclared URLs and spoofed image bytes (6.124209ms)
✔ CSS comments and URL-like string content retain their literal meaning (2.57425ms)
✔ reject CSS escaped tokens and unsupported string image URLs (7.422834ms)
✔ malformed CSS strings cannot hide runtime URL tokens (7.524875ms)
✔ Controller resource declarations fail before packaging (3.369292ms)
✔ invalid JSON, UTF-8 and per-file/aggregate resource budgets fail closed (7.009625ms)
✔ original JavaScript-only program keeps its output without adding base CSS (74.149875ms)
✔ three-file ESM Page project becomes one locally hashed JS consumed by existing USER_SCRIPT compiler (347.296667ms)
✔ Controller ESM project produces the existing genuine Task v1 Candidate import format, not an Available claim (64.459709ms)
✔ development mode emits readable program JS, draft metadata and a separate local source map only (22.477292ms)
✔ development source map maps final generated throw position back to local authoring module (11.877375ms)
✔ a declared Page stylesheet enters the immutable program artifact rather than failing closed (56.284709ms)
✔ webpack dependency failures report project, phase and importing source location (51.57175ms)
✔ untrusted remote and dynamic ESM imports are rejected before Webpack (2.626792ms)
✔ a frozen output directory rejects replacement without quietly publishing new bytes (106.307542ms)
✔ UTF-8 BOM in an authoring module survives build and draft import (289.043958ms)
✔ package metadata BOM fails at validation with the fixed Webpack boundary (4.071583ms)
✔ Page prerelease version matches the project and draft schema at import (68.78ms)
✔ builder applies envelope budget to the bytes actually written for file import (124.613625ms)
✔ multi-file ESM authoring project is a source contract, not an installed program (19.804583ms)
✔ imports cannot escape project or load remote modules at browser runtime (5.526917ms)
✔ entry diagnostics distinguish missing and non-function defaults with source location (3.729208ms)
✔ dynamic import is not quietly kept as an unlocked runtime dependency (2.231083ms)
✔ npm imports require declared dependencies and a committed matching npm lock (5.381459ms)
✔ Page/Controller source contracts remain discriminated without changing Task v1 (4.188167ms)
✔ assets can be listed and hashed but never silently injected (5.022959ms)
✔ source snapshots and executable hashes are independently checked before import (21.715917ms)
✔ project file selection only changes the read-only viewer; execution uses exact frozen build (3.052916ms)
✔ importing a JS draft leaves saved versions and running source independent (13.572833ms)
✔ draft import rejects empty/oversized sources and active saves without overwriting the editor (5.624916ms)
✔ catalog draft import updates dependency review from the new source without saving or running (5.314875ms)
✔ Save persists revision/hash without requesting permission, creating a Run, or executing code (3.582042ms)
✔ reopened editor lists saved scripts without running and loads the selected latest head explicitly (4.676958ms)
✔ loading a historical revision does not turn it into the latest Save CAS head (5.315875ms)
✔ Delete tombstones the latest head and refreshes the saved-script selector (5.526083ms)
✔ saved A stays immutable; Run freezes unsaved B/params/page A; editing C and Save do not replace B (9.209458ms)
✔ a brand-new unsaved draft runs with an empty script ID and never creates a saved revision (5.152167ms)
✔ permission preparation rejects a switched page; closing the editor during permission never admits a run (15.442ms)
✔ Stop uses the formal RunHost abort/retirement path and persists stopped with the original pin (5.673792ms)
✔ pagehide invokes RunHost host-close; reopened editor only reads the durable interrupted Result (6.1265ms)
✔ late Save/Load replies do not overwrite another script selection or edits made during loading (5.754334ms)
✔ late saved-script selector load cannot overwrite edits made during loading (4.795083ms)
✔ an older snapshot reply cannot disable Run after a newer durable observation (7.039834ms)
✔ an older snapshot error cannot overwrite a newer successful durable view (7.240542ms)
✔ the permission request remains synchronous in the click fixture; denied permission and invalid params execute nothing (5.671208ms)
✔ DOM preview binds frozen source, dependency choice and exact current document from trusted click (4.5515ms)
✔ DOM preview refuses to inject when the active document changes while permission is pending (4.935084ms)
✔ Developer Stop cannot cancel the formal Task or another view using the shared RunHost (4.775ms)
✔ project import displays source while Save and Run freeze compiled bytes and the original hash (8.22625ms)
✔ invalid project envelope leaves the previous editor source and no execution or saved revision (2.299583ms)
✔ same-window catalog hands off exact source without invoking a runner (1.555667ms)
✔ draft handoff refuses other windows, senders, content pages, private tabs and catalog recipients (0.137875ms)
✔ editor rejection is returned explicitly without claiming import success (0.084541ms)
✔ three project folders: genuine ESM graphs and fixed CSS/JSON/PNG byte hashes (25.356166ms)
✔ Page ESM bundles into USER_SCRIPT and repeated execution creates only one visible marker (270.459042ms)
✔ Controller ESM emits a Task v1 Candidate and invokes only approved Locator methods (68.857416ms)
✔ declared CSS/JSON/PNG are frozen into Page USER_SCRIPT without becoming installed (62.585375ms)
✔ entering Sidebar task views reads external installations without executing and preserves unchanged form inputs (19.536667ms)
✔ installed tasks default page, render schema form and freeze the exact saved version/params/target (20.193542ms)
✔ installed task can be explicitly forked into an independent unsaved editor draft (5.709875ms)
✔ task Stop cannot cancel another view's in-flight draft; parameter form never navigates (5.831ms)
✔ installed task refuses stale target after async installed-version lookup (8.712084ms)
✔ task cards retain readable selection and do not surface raw IDs as the main UI (3.331333ms)
✔ Sidebar Discover searches installed tasks only and selects a task without running or opening the catalog (8.573167ms)
✔ Discover filter controls are real view filters and cannot start another run (11.808458ms)
✔ opening the separate full-size catalog preserves its import and management view (1.917375ms)
✔ full-size catalog keeps its own reader after real install and re-reads the single Task Catalog state (5.911833ms)
✔ idle Discover has no fixed footer and inline import still opens the authenticated catalog (13.520542ms)
✔ R5 result/history stay out of sight until a task has runs (8.262834ms)
✔ card view retains original action identities, history and parameter form across tab changes (9.77925ms)
✔ switching between two installed tasks preserves each independent unsaved parameter input (3.337625ms)
✔ R6 accessible roving tabs support Arrow and Home/End (2.587375ms)
✔ R6 task card refresh, keyboard selection and Discover handoff restore focus (5.682833ms)
✔ R6 late run start/result cannot become the newly selected task status (13.689708ms)
✔ R6 previous-version notices and results do not leak after installed upgrade (9.692542ms)
✔ two extension documents share only a refresh hint and re-read authoritative installed state (33.427ms)
✔ catalog installation stays in the complete directory and directs running back to Sidebar (5.72775ms)
✔ catalog JS import hands source to Sidebar and never enters a view with a hidden runner (1.956875ms)
✔ missing Sidebar refuses import with an actionable message, without losing the directory (1.856458ms)
✔ catalog draft transport errors retain their cause instead of claiming Sidebar is missing (5.613708ms)
✔ receiving a source-only import selects Sidebar Developer without creating a run (2.993833ms)
✔ R6.1 task-owned Stop is the sole cross-view action and names the launching task (16.268333ms)
✔ R6.1 a draft-owned run exposes only its Stop when viewing Tasks or Discover (3.046583ms)
✔ R6.1 stop-only footer CSS hides all non-owner actions without hiding Stop (0.28375ms)
✔ catalog project JSON import validates snapshots and hands frozen bytes to Sidebar without running (7.623291ms)
✔ catalog rejects a changed project snapshot before handoff and permits reselecting the file (5.410125ms)
ℹ tests 89
ℹ suites 0
ℹ pass 89
ℹ fail 0
ℹ cancelled 0
ℹ skipped 0
ℹ todo 0
ℹ duration_ms 799.652667
