✔ same-id replacement disposes old listener, keeps a different instance (1.335708ms)
✔ assets, timer/observer/ObjectURL and pagehide cleanup remain scoped (8.799417ms)
✔ CSS url() points to embedded image, with JSON and hashes; no runtime dev server (431.972708ms)
✔ reject CSS network/import/undeclared URLs and spoofed image bytes (9.902667ms)
✔ CSS comments and URL-like string content retain their literal meaning (4.294667ms)
✔ reject CSS escaped tokens and unsupported string image URLs (10.088458ms)
✔ Controller resource declarations fail before packaging (4.225292ms)
✔ invalid JSON, UTF-8 and per-file/aggregate resource budgets fail closed (10.415458ms)
✔ original JavaScript-only program keeps its output without adding base CSS (86.836833ms)
✔ three-file ESM Page project becomes one locally hashed JS consumed by existing USER_SCRIPT compiler (378.863084ms)
✔ Controller ESM project produces the existing genuine Task v1 Candidate import format, not an Available claim (68.772542ms)
✔ development mode emits readable program JS, draft metadata and a separate local source map only (26.399667ms)
✔ development source map maps final generated throw position back to local authoring module (11.348125ms)
✔ a declared Page stylesheet enters the immutable program artifact rather than failing closed (70.043333ms)
✔ webpack dependency failures report project, phase and importing source location (53.829083ms)
✔ untrusted remote and dynamic ESM imports are rejected before Webpack (2.932ms)
✔ a frozen output directory rejects replacement without quietly publishing new bytes (137.735791ms)
✔ UTF-8 BOM in an authoring module survives build and draft import (311.335833ms)
✔ package metadata BOM fails at validation with the fixed Webpack boundary (4.946666ms)
✔ Page prerelease version matches the project and draft schema at import (75.483458ms)
✔ builder applies envelope budget to the bytes actually written for file import (142.739958ms)
✔ multi-file ESM authoring project is a source contract, not an installed program (20.115417ms)
✔ imports cannot escape project or load remote modules at browser runtime (13.352417ms)
✔ entry diagnostics distinguish missing and non-function defaults with source location (6.569666ms)
✔ dynamic import is not quietly kept as an unlocked runtime dependency (2.932833ms)
✔ npm imports require declared dependencies and a committed matching npm lock (12.281375ms)
✔ Page/Controller source contracts remain discriminated without changing Task v1 (9.21975ms)
✔ assets can be listed and hashed but never silently injected (9.008792ms)
✔ source snapshots and executable hashes are independently checked before import (24.042042ms)
✔ project file selection only changes the read-only viewer; execution uses exact frozen build (2.968416ms)
✔ importing a JS draft leaves saved versions and running source independent (12.60775ms)
✔ draft import rejects empty/oversized sources and active saves without overwriting the editor (4.26025ms)
✔ catalog draft import updates dependency review from the new source without saving or running (5.222334ms)
✔ Save persists revision/hash without requesting permission, creating a Run, or executing code (3.564083ms)
✔ reopened editor lists saved scripts without running and loads the selected latest head explicitly (5.183625ms)
✔ loading a historical revision does not turn it into the latest Save CAS head (5.227167ms)
✔ Delete tombstones the latest head and refreshes the saved-script selector (6.159542ms)
✔ saved A stays immutable; Run freezes unsaved B/params/page A; editing C and Save do not replace B (11.426209ms)
✔ a brand-new unsaved draft runs with an empty script ID and never creates a saved revision (4.569ms)
✔ permission preparation rejects a switched page; closing the editor during permission never admits a run (17.535125ms)
✔ Stop uses the formal RunHost abort/retirement path and persists stopped with the original pin (5.587833ms)
✔ pagehide invokes RunHost host-close; reopened editor only reads the durable interrupted Result (6.228333ms)
✔ late Save/Load replies do not overwrite another script selection or edits made during loading (9.615042ms)
✔ late saved-script selector load cannot overwrite edits made during loading (5.020875ms)
✔ an older snapshot reply cannot disable Run after a newer durable observation (6.622209ms)
✔ an older snapshot error cannot overwrite a newer successful durable view (7.202292ms)
✔ the permission request remains synchronous in the click fixture; denied permission and invalid params execute nothing (7.327458ms)
✔ DOM preview binds frozen source, dependency choice and exact current document from trusted click (3.436541ms)
✔ DOM preview refuses to inject when the active document changes while permission is pending (6.284375ms)
✔ Developer Stop cannot cancel the formal Task or another view using the shared RunHost (3.951125ms)
✔ project import displays source while Save and Run freeze compiled bytes and the original hash (8.400791ms)
✔ invalid project envelope leaves the previous editor source and no execution or saved revision (2.203ms)
✔ same-window catalog hands off exact source without invoking a runner (1.542458ms)
✔ draft handoff refuses other windows, senders, content pages, private tabs and catalog recipients (0.150625ms)
✔ editor rejection is returned explicitly without claiming import success (0.093958ms)
✔ three project folders: genuine ESM graphs and fixed CSS/JSON/PNG byte hashes (34.603292ms)
✔ Page ESM bundles into USER_SCRIPT and repeated execution creates only one visible marker (289.903083ms)
✔ Controller ESM emits a Task v1 Candidate and invokes only approved Locator methods (74.770625ms)
✔ declared CSS/JSON/PNG are frozen into Page USER_SCRIPT without becoming installed (63.092917ms)
✔ entering Sidebar task views reads external installations without executing and preserves unchanged form inputs (31.338083ms)
✔ installed tasks default page, render schema form and freeze the exact saved version/params/target (20.103542ms)
✔ installed task can be explicitly forked into an independent unsaved editor draft (5.960541ms)
✔ task Stop cannot cancel another view's in-flight draft; parameter form never navigates (6.786458ms)
✔ installed task refuses stale target after async installed-version lookup (8.017833ms)
✔ task cards retain readable selection and do not surface raw IDs as the main UI (3.464166ms)
✔ Sidebar Discover searches installed tasks only and selects a task without running or opening the catalog (11.059292ms)
✔ Discover filter controls are real view filters and cannot start another run (10.578208ms)
✔ opening the separate full-size catalog preserves its import and management view (2.10225ms)
✔ full-size catalog keeps its own reader after real install and re-reads the single Task Catalog state (4.930125ms)
✔ idle Discover has no fixed footer and inline import still opens the authenticated catalog (13.10575ms)
✔ R5 result/history stay out of sight until a task has runs (8.897708ms)
✔ card view retains original action identities, history and parameter form across tab changes (11.633667ms)
✔ switching between two installed tasks preserves each independent unsaved parameter input (2.134208ms)
✔ R6 accessible roving tabs support Arrow and Home/End (2.502292ms)
✔ R6 task card refresh, keyboard selection and Discover handoff restore focus (6.052333ms)
✔ R6 late run start/result cannot become the newly selected task status (16.329292ms)
✔ R6 previous-version notices and results do not leak after installed upgrade (8.620917ms)
✔ two extension documents share only a refresh hint and re-read authoritative installed state (32.861625ms)
✔ catalog installation stays in the complete directory and directs running back to Sidebar (4.64475ms)
✔ catalog JS import hands source to Sidebar and never enters a view with a hidden runner (3.250916ms)
✔ missing Sidebar refuses import with an actionable message, without losing the directory (3.267167ms)
✔ catalog draft transport errors retain their cause instead of claiming Sidebar is missing (5.744458ms)
✔ receiving a source-only import selects Sidebar Developer without creating a run (3.144667ms)
✔ R6.1 task-owned Stop is the sole cross-view action and names the launching task (16.7255ms)
✔ R6.1 a draft-owned run exposes only its Stop when viewing Tasks or Discover (3.199458ms)
✔ R6.1 stop-only footer CSS hides all non-owner actions without hiding Stop (0.38275ms)
✔ catalog project JSON import validates snapshots and hands frozen bytes to Sidebar without running (7.41875ms)
✔ catalog rejects a changed project snapshot before handoff and permits reselecting the file (6.392959ms)
ℹ tests 88
ℹ suites 0
ℹ pass 88
ℹ fail 0
ℹ cancelled 0
ℹ skipped 0
ℹ todo 0
ℹ duration_ms 893.10275
