✔ same-id replacement disposes old listener, keeps a different instance (1.309ms)
✔ assets, timer/observer/ObjectURL and pagehide cleanup remain scoped (2.898792ms)
✔ CSS url() points to embedded image, with JSON and hashes; no runtime dev server (410.703708ms)
✔ reject CSS network/import/undeclared URLs and spoofed image bytes (7.514917ms)
✔ CSS comments and URL-like string content retain their literal meaning (3.230458ms)
✔ reject CSS escaped tokens and unsupported string image URLs (9.485333ms)
✔ original JavaScript-only program keeps its output without adding base CSS (77.088ms)
✔ three-file ESM Page project becomes one locally hashed JS consumed by existing USER_SCRIPT compiler (354.563125ms)
✔ Controller ESM project produces the existing genuine Task v1 Candidate import format, not an Available claim (66.165709ms)
✔ development mode emits readable program JS, draft metadata and a separate local source map only (23.377917ms)
✔ development source map maps final generated throw position back to local authoring module (11.421083ms)
✔ a declared Page stylesheet enters the immutable program artifact rather than failing closed (58.479417ms)
✔ webpack dependency failures report project, phase and importing source location (54.54425ms)
✔ untrusted remote and dynamic ESM imports are rejected before Webpack (2.574125ms)
✔ a frozen output directory rejects replacement without quietly publishing new bytes (116.1285ms)
✔ UTF-8 BOM in an authoring module survives build and draft import (297.268542ms)
✔ package metadata BOM fails at validation with the fixed Webpack boundary (4.253334ms)
✔ Page prerelease version matches the project and draft schema at import (69.57975ms)
✔ builder applies envelope budget to the bytes actually written for file import (126.43975ms)
✔ multi-file ESM authoring project is a source contract, not an installed program (28.910666ms)
✔ imports cannot escape project or load remote modules at browser runtime (10.118334ms)
✔ entry diagnostics distinguish missing and non-function defaults with source location (6.600334ms)
✔ dynamic import is not quietly kept as an unlocked runtime dependency (2.430834ms)
✔ npm imports require declared dependencies and a committed matching npm lock (6.819708ms)
✔ Page/Controller source contracts remain discriminated without changing Task v1 (5.166125ms)
✔ assets can be listed and hashed but never silently injected (5.879459ms)
✔ source snapshots and executable hashes are independently checked before import (16.56975ms)
✔ project file selection only changes the read-only viewer; execution uses exact frozen build (7.608166ms)
✔ importing a JS draft leaves saved versions and running source independent (9.892041ms)
✔ draft import rejects empty/oversized sources and active saves without overwriting the editor (4.429708ms)
✔ catalog draft import updates dependency review from the new source without saving or running (6.559875ms)
✔ Save persists revision/hash without requesting permission, creating a Run, or executing code (5.004375ms)
✔ reopened editor lists saved scripts without running and loads the selected latest head explicitly (4.857708ms)
✔ loading a historical revision does not turn it into the latest Save CAS head (4.539417ms)
✔ Delete tombstones the latest head and refreshes the saved-script selector (6.144708ms)
✔ saved A stays immutable; Run freezes unsaved B/params/page A; editing C and Save do not replace B (8.61925ms)
✔ a brand-new unsaved draft runs with an empty script ID and never creates a saved revision (3.584583ms)
✔ permission preparation rejects a switched page; closing the editor during permission never admits a run (15.617791ms)
✔ Stop uses the formal RunHost abort/retirement path and persists stopped with the original pin (6.478083ms)
✔ pagehide invokes RunHost host-close; reopened editor only reads the durable interrupted Result (6.004917ms)
✔ late Save/Load replies do not overwrite another script selection or edits made during loading (7.044625ms)
✔ late saved-script selector load cannot overwrite edits made during loading (4.880458ms)
✔ an older snapshot reply cannot disable Run after a newer durable observation (8.742958ms)
✔ an older snapshot error cannot overwrite a newer successful durable view (7.08675ms)
✔ the permission request remains synchronous in the click fixture; denied permission and invalid params execute nothing (6.947917ms)
✔ DOM preview binds frozen source, dependency choice and exact current document from trusted click (4.767625ms)
✔ DOM preview refuses to inject when the active document changes while permission is pending (4.188167ms)
✔ Developer Stop cannot cancel the formal Task or another view using the shared RunHost (4.575583ms)
✔ project import displays source while Save and Run freeze compiled bytes and the original hash (8.091083ms)
✔ invalid project envelope leaves the previous editor source and no execution or saved revision (2.2295ms)
✔ same-window catalog hands off exact source without invoking a runner (2.900125ms)
✔ draft handoff refuses other windows, senders, content pages, private tabs and catalog recipients (0.146792ms)
✔ editor rejection is returned explicitly without claiming import success (0.090292ms)
✔ three project folders: genuine ESM graphs and fixed CSS/JSON/PNG byte hashes (28.44525ms)
✔ Page ESM bundles into USER_SCRIPT and repeated execution creates only one visible marker (279.8715ms)
✔ Controller ESM emits a Task v1 Candidate and invokes only approved Locator methods (71.789375ms)
✔ declared CSS/JSON/PNG are frozen into Page USER_SCRIPT without becoming installed (62.242083ms)
✔ entering Sidebar task views reads external installations without executing and preserves unchanged form inputs (19.647584ms)
✔ installed tasks default page, render schema form and freeze the exact saved version/params/target (20.226416ms)
✔ installed task can be explicitly forked into an independent unsaved editor draft (5.1125ms)
✔ task Stop cannot cancel another view's in-flight draft; parameter form never navigates (4.954042ms)
✔ installed task refuses stale target after async installed-version lookup (7.335417ms)
✔ task cards retain readable selection and do not surface raw IDs as the main UI (3.08475ms)
✔ Sidebar Discover searches installed tasks only and selects a task without running or opening the catalog (8.662542ms)
✔ Discover filter controls are real view filters and cannot start another run (10.844042ms)
✔ opening the separate full-size catalog preserves its import and management view (1.9175ms)
✔ full-size catalog keeps its own reader after real install and re-reads the single Task Catalog state (4.668667ms)
✔ idle Discover has no fixed footer and inline import still opens the authenticated catalog (15.091333ms)
✔ R5 result/history stay out of sight until a task has runs (7.209584ms)
✔ card view retains original action identities, history and parameter form across tab changes (10.874792ms)
✔ switching between two installed tasks preserves each independent unsaved parameter input (2.5855ms)
✔ R6 accessible roving tabs support Arrow and Home/End (3.262375ms)
✔ R6 task card refresh, keyboard selection and Discover handoff restore focus (4.607667ms)
✔ R6 late run start/result cannot become the newly selected task status (13.676583ms)
✔ R6 previous-version notices and results do not leak after installed upgrade (11.178333ms)
✔ two extension documents share only a refresh hint and re-read authoritative installed state (32.874459ms)
✔ catalog installation stays in the complete directory and directs running back to Sidebar (5.838666ms)
✔ catalog JS import hands source to Sidebar and never enters a view with a hidden runner (6.29175ms)
✔ missing Sidebar refuses import with an actionable message, without losing the directory (4.843458ms)
✔ catalog draft transport errors retain their cause instead of claiming Sidebar is missing (5.786375ms)
✔ receiving a source-only import selects Sidebar Developer without creating a run (3.063125ms)
✔ R6.1 task-owned Stop is the sole cross-view action and names the launching task (17.890458ms)
✔ R6.1 a draft-owned run exposes only its Stop when viewing Tasks or Discover (3.171125ms)
✔ R6.1 stop-only footer CSS hides all non-owner actions without hiding Stop (0.326959ms)
✔ catalog project JSON import validates snapshots and hands frozen bytes to Sidebar without running (5.490708ms)
✔ catalog rejects a changed project snapshot before handoff and permits reselecting the file (6.076583ms)
ℹ tests 86
ℹ suites 0
ℹ pass 86
ℹ fail 0
ℹ cancelled 0
ℹ skipped 0
ℹ todo 0
ℹ duration_ms 835.832083
