✔ CMP11-API01/02/03/04: bound constructors, immutable pins and independent owners (5.143208ms)
✔ CMP10-API05/06 and CMP01-API36: raw callbacks and raw execute never dispatch (0.2365ms)
✔ CMP10-API35: typed values and statement ignored args before registration (5.442583ms)
✔ CMP03-API34 and CORE-EVALUATE-EXPRESSION: explicit modes and no extra parameters (0.39475ms)
✔ CMP02-API12/13-LIMIT: Worker DOM snapshots reject; serialized alternatives preserve null/[] (0.385375ms)
✔ NAV01 + ChromeElement: only attested navigation advances root; old element/keyboard sequence stay bound (5.610875ms)
✔ CTRL owner fencing: stop/deadline/host-close settle pending once; stale request never rebinds new ctx (7.784208ms)
✔ Private Worker port: global fake peer, wrong owner, wrong correlation and reply replay cannot settle (188.252625ms)
✔ Host relay rejects cross-owner/old revision/old target before the shared transport (3.572792ms)
✔ public authority commits exact UTF8/headCAS and pins r1 while head advances to r2 without templates (29.147208ms)
✔ borrowed child frame is observed exactly; sibling commits do not fence it; top replacement does (157.735084ms)
✔ worker retirement gates durable result then borrowed release, without closing borrowed tab (57.228084ms)
✔ owned retirement closes only exact created tab after durable terminal commit (34.416083ms)
✔ new registered host reads old namespace result without acquiring its owner or replaying (10.75ms)
✔ permission removal matches exact origin patterns and remains fenced after regrant (4.8465ms)
✔ native receipt survives post-dispatch permission loss; request is never resubmitted (34.952792ms)
✔ public recovery pauses controller, holds slot and never replays committed source (43.277417ms)
✔ public hostGone interruption retires borrowed target and exact pin once (23.947125ms)
✔ hostGone after completed result preserves the immutable result and finishes pending retirement (8.290166ms)
✔ SDK short persistent service completes while controller owns the same unique slot (14.262375ms)
✔ injected foundationClient registers once; forced harnessWorker termination precedes durable result and slot release (46.962416ms)
✔ dispatch allowlists reject malformed kind/method before any authority or native call (33.06125ms)
✔ packaged exact document injection, correlation and undefined use real registry; no reinjection/global mutation (15.150125ms)
✔ page session accepts trusted extension sender only, rejects spoof/changed replay and settles each execution once (36.675958ms)
✔ each dispatch is preceded by authority; revocation during suspension produces zero subsequent dispatches (1.034458ms)
✔ real current getScripts at dispatch and accept; false/undefined/business values strictly encoded with generator worlds (4.205458ms)
✔ switch observed unavailable is sticky across driver instances and results are retained before failing post permission (1.136625ms)
✔ user-script receipt must attest exact document/frame; malformed and user errors propagate (87.919ms)
✔ navigation uses admitted pending phase, waits independently of old agent and preserves complete handoff binding (2.386959ms)
✔ navigation ignores another tab and wrong readiness document; timeout cleans every subscription (86.24575ms)
✔ navigation rejects unsupported options before dispatch and unauthorized redirect without handing off (3.359042ms)
✔ screenshot rejects fullPage/invisible exact tab and detects active-tab ABA during capture (1.848667ms)
✔ screenshot exact window success and raw receipt survive post-revocation (1.227ms)
✔ cookie service uses observed store, correct projection/dedup, expires=0 and exact name/path deletion (3.896ms)
✔ cookie batch preflight denies unauthorized URL and malformed/domain/partition input with no cookie write/read (6.912125ms)
✔ cookie remove native lastError is typed; ambiguous domain or partition observations never remove (3.06625ms)
✔ upload URL omits credentials, manually authorizes redirect and commits real chunks/file bytes (97.453709ms)
✔ upload denies cross-origin/downgrade/too many redirects/oversize/HTTP errors before DOM commit (16.005709ms)
✔ stop cancels real packaged waits/staging, late reply cannot deliver; fresh driver cleans original identity epoch (14.985875ms)
✔ result receipt survives forced stop; new-instance retirement removes borrowed registry resources without closing tab (3.561834ms)
✔ fixed packaged resources allow only current SDK entry; unlisted extension or remote code never creates nodes (1.466666ms)
✔ user wait cancellation uses only framework harness; deadline and pending authority failure fence late callbacks (39.09725ms)
✔ pagehide disposes listener, real wait and upload state; unknown operations create no session (7.361166ms)
✔ borrowed child frame keeps exact frame/document for registry, evaluation and fresh-instance cancellation (2.645166ms)
✔ borrowed child navigation/capture reject explicitly with zero native effects; wrong-frame result and replaced child are fenced (1.245834ms)
✔ CMP10-API35: generated function harness awaits and preserves falsy/undefined/business values (13.512708ms)
✔ CMP10-API35-ERR/LIMIT: generated user failures are typed; no lexical closure/native result fallback (69.275416ms)
✔ CMP03-API34 and CORE-EVALUATE-EXPRESSION: correct worlds, async statement, exact values and syntax error (5.219042ms)
✔ CMP03-API26: pending predicates time out and canceled waits clear the real timer/map (21.763125ms)
ℹ tests 49
ℹ suites 0
ℹ pass 49
ℹ fail 0
ℹ cancelled 0
ℹ skipped 0
ℹ todo 0
ℹ duration_ms 810.246291
