✔ AI-to-Task sample is a valid immutable Task v1 Candidate with exact checked-in source (21.2925ms)
✔ tampering cannot grant publication state or replace the source hash (2.554125ms)
✔ modern candidate only uses implemented Locator actions with an explicit business-result wait (2.199625ms)
✔ observation draft is bounded, read-only and valid Controller async main (0.760875ms)
✔ AI-to-Task samples target the original HTML fixture rather than inventing a second page (1.342333ms)
✔ read-only Agent observation draft retains the main R6.2 bounded snapshot contract (9.862625ms)
✔ modern Locator Task candidate is exact and immutable, never pre-verified (16.383625ms)
✔ one ordinary HTML page exposes unique, stable automation targets (13.19925ms)
✔ the unchanged signed v1 task still targets #name → #submit → #done (3.663166ms)
✔ modern search retains an initially filled field and deliberately replaces its submit button (2.143667ms)
✔ async scene sends only local fetches and distinguishes loading, 404, abort and timeout (1.710084ms)
✔ explicit HTTP GET controls expose safe semantics and preserve offline-first operation (3.025958ms)
✔ the single canonical page exposes seven navigable groups and honest Locator fixtures (2.529875ms)
✔ Locator fixture actions, late insertion, and reset mutate only observable DOM (1526.347917ms)
✔ HTTP panel sends no request until click and shows real status/content without HTML injection (25.218833ms)
✔ HTTP panel preserves actual 404 and abort/reset cannot resurrect late replies (3.045333ms)
✔ inline JavaScript parses without a third-party runtime or external resources (1.306833ms)
✔ manual browser testing has exactly one canonical HTML and no obsolete advertised URL (1.251292ms)
✔ product shell configures the Chrome Side Panel action and never creates a popup (5.633459ms)
✔ tool sender accepts top-level Side Panel documents and rejects foreign or nested senders (0.250041ms)
✔ URL policy rejects restricted/file/credentials and preserves exact origin including port (0.2355ms)
✔ health waits for sender readiness and binds Chrome document metadata, not file result (6.330791ms)
✔ revoked permission blocks even previously installed agent (3.121959ms)
✔ reload, cross-origin and closed tab reject bound target without automatic reinjection (8.063334ms)
✔ forged health nonce and fake sender cannot satisfy exact target (2.481584ms)
✔ missing module has no capabilities or runner and can be mounted/disposed (0.233375ms)
✔ Side Panel configuration failure is surfaced without a popup fallback (0.113584ms)
✔ unknown authorization mode is rejected before another injection (2.370834ms)
✔ permission revoke reports permission failure even when Chrome hides tab URL (1.825708ms)
✔ permission revoked during tabs.get is diagnosed before inspecting its hidden URL (3.915834ms)
✔ repeated agent ready preserves optional authorization and cannot bypass revoke (0.442875ms)
✔ same-document concurrent binding resolves all readiness waiters (1.957834ms)
✔ document invalidation and revoke while awaiting reply reject late health success (0.774875ms)
✔ missing Side Panel sender documentId resolves only unique native instance context (1.928709ms)
✔ fixed production protocol Schema uses variable-width LZW and decodes byte-for-byte to the audited object (49.685584ms)
✔ small and non-ASCII schemas still round-trip through existing smaller-of-two-formats selection (0.8065ms)
✔ async main receives page/params lexically without platform arguments (1.593084ms)
✔ main return preserves falsy values including undefined (0.1585ms)
✔ prior async-body scripts still execute and return correctly (0.101834ms)
✔ main faults are errors rather than silent empty results (0.345125ms)
✔ navigation starts invalidate the visible old document before tabs updates and recover after failure or commit (4.986375ms)
✔ loading and unloaded tabs never expose their still-visible old document as a runnable candidate (0.416583ms)
✔ a tab becoming loading after frame observation fails the final candidate confirmation (0.119625ms)
✔ Sidebar binds to its own browser window and exposes only the active HTTP(S) main document (0.339917ms)
✔ same-URL tab switch cannot replace the captured run candidate (0.176125ms)
✔ SPA URL change before admission is stale even when documentId is unchanged (0.134542ms)
✔ reload/full navigation invalidates the old candidate instead of matching by URL (0.122334ms)
✔ Current Page follows activation events but never falls back to a previous valid page (1.950416ms)
✔ two Sidebar instances bind independently to their containing browser windows (0.292958ms)
✔ dispose releases all browser event subscriptions (0.191667ms)
✔ a late revalidation cannot overwrite a newer Current Page observation (3.338ms)
✔ a disposed Sidebar cannot capture or finish an in-flight candidate validation (1.198875ms)
✔ inspection only parses and lists download permissions; explicit actions and post-download hash review are separate (42.747958ms)
✔ packaged jQuery and a second ordinary library use ordered generic assets; source provenance is explicit (11.439083ms)
✔ approved locks run offline after a new manager instance and draft edits; source/mode changes require a new lock (4.261958ms)
✔ duplicate declarations preserve execution order, shared bytes do not share another namespace approval (7.711792ms)
✔ a local file adapter preserves declared URL and original file bytes without claiming a network download (5.278ms)
✔ same URL updates produce new immutable locks; selecting approved old bytes stays offline and deterministic (11.538666ms)
✔ SRI validates original bytes with SHA-256/384/512 and does not silently approve a mismatch (23.735042ms)
✔ downloader rejects redirects, HTML/JSON, malformed UTF-8, private IPs and excess streaming bytes (3.865333ms)
✔ permission revocation and stale host during network/hash work never commit an approvable review or lock (10.310834ms)
✔ asset, review provenance and lock tampering fail closed; quota failure atomically rolls back prepared assets (11.279417ms)
✔ ordinary JS and metadata-looking strings remain source; real BOM/blank-prefixed CRLF header is preserved (2.46975ms)
✔ leading copyright comments do not hide real dependencies or privileges; malformed markers fail closed (1.047667ms)
✔ standard unpinned @require is importable and reviewable, including duplicate execution order (0.270958ms)
✔ TM hex/Base64, SRI tokens, percent-encoded fragments and multiple strong hashes canonicalize without losing plus signs (1.235041ms)
✔ malformed or conflicting integrity is preserved for diagnosis and cannot be admitted (0.575708ms)
✔ weak integrity does not masquerade as verified SRI; mixed declarations keep strong requirements (0.971834ms)
✔ relative dependencies use actual importer provenance, never a page URL or @downloadURL (0.428625ms)
✔ unsupported grants/resources/directives do not prevent import or hide later dependencies (0.332917ms)
✔ entry modes remain explicit and native match/frame/timing mappings are inspectable (0.751958ms)
✔ large valid headers no longer fail at 64 lines or 8 dependencies; real bounds fail closed with import diagnostics (1.620042ms)
✔ daily development profile is deterministic per worktree, not fresh every invocation (1.193ms)
✔ profile path rejects relative, unsafe or ambiguous names (0.2685ms)
✔ interactive CFT flags preserve a single stable profile and extension location without bypasses (1.142334ms)
✔ the formal native launcher remains isolated and unmodified (4.512583ms)
✔ startup permission check cannot reconnect after permission-removed (6.470791ms)
✔ startup permission check cannot reconnect after dispose (1.286917ms)
✔ reserved mutation never dispatches across disable (16.986583ms)
✔ reserved mutation never dispatches across permission-removed (6.860875ms)
✔ reserved mutation never dispatches across disconnect-reconnect (6.750958ms)
✔ reserved mutation never dispatches across disable-enable (7.224959ms)
✔ reserved mutation never dispatches across dispose (6.107916ms)
✔ Native permission is rechecked immediately before dispatch (5.487291ms)
✔ a late disconnect from an old Native port cannot cancel a new connection request (12.851541ms)
✔ a pending enable permission check cannot overwrite disable (4.020083ms)
✔ a pending enable permission check cannot overwrite permission-removed (1.840292ms)
✔ a pending enable storage write cannot persist over a newer disable (1.418125ms)
✔ an old Host ACK cannot match a new connection read with the same external requestId (16.08975ms)
✔ enabled Native handshake sends version and correct extension identity (0.518416ms)
✔ default-off requires a packaged Settings sender and real granted Native permission (1.164542ms)
✔ request hash journal deduplicates after real Host admission; conflicting bytes fail (10.46675ms)
✔ dispatched but unanswered calls are never retried, even if same id reappears (9.072917ms)
✔ no live registered Host means no run reservation or Worker execution (1.046667ms)
✔ run.get and run.stop cannot inspect arbitrary Sidebar-owned Run records (1.489917ms)
✔ ACK journal write failure after Host action remains OUTCOME_UNKNOWN and never replays (19.82575ms)
✔ run.get and run.stop remain pinned to the original authenticated Host registration (24.271084ms)
✔ current target is live Sidebar snapshot, not active tab chosen by CLI (1.973584ms)
✔ external draft uses exact RunHost with frozen borrowed target and controller requestId (0.341666ms)
✔ Host ACK correlation preserves the external Controller admission requestId (0.232125ms)
✔ permissions and document id fail before admission (no Chrome prompt) (0.523166ms)
✔ saved requires pinned exact revision and source hash (0.304292ms)
✔ run.get removes unrelated Sidebar run history from Controller snapshot projection (0.173916ms)
✔ macOS isolated Native Host install, private socket, real wrapper and authenticated CLI IPC (2143.805ms)
✔ macOS Chrome for Testing uses its own manifest and cannot replace Google Chrome registration (798.137167ms)
✔ macOS Chrome for Testing manifest is isolated from regular Chrome and launches the real native host (706.825541ms)
✔ identity is pinned; invalid origin cannot launch a server (2.5035ms)
✔ framed Chrome welcome, authenticated local IPC, request and exact response (7.754208ms)
✔ duplicate inflight request ID is rejected, not dispatched again (5.038334ms)
✔ unacknowledged dispatched effects become unknown on native shutdown (2.328083ms)
✔ wrong credential is rejected without local API access (1.073542ms)
✔ handshake timeout closes the private socket without stale reuse (102.66475ms)
✔ native response timeout preserves unknown-effect outcome (43.961167ms)
✔ existing socket is never unlinked or replaced by a second host (1.0045ms)
✔ Native remains optional after merging the current permission catalog (3.999208ms)
✔ strict production SW budget and fixed packaged Native transport entry (0.112833ms)
✔ single exact same-extension static import allowed in SW only (3.850666ms)
✔ fixed transport registers listeners on the original SW APIs; default-off does not connect (0.371292ms)
✔ native framing uses UTF-8 byte length and handles split multibyte boundaries (1.756125ms)
✔ private CLI line framing has bounded buffer and independent messages (0.668791ms)
✔ reject unsupported transport operations and malformed browser requests (0.178084ms)
✔ stable digest pins equivalent JSON key order and rejects prototype pollution (7.802542ms)
{"kind":"historical-package-mutation","expectedPattern":"Dynamic execution reference","actualError":"Dynamic execution reference in agents/health.js: eval"}
{"kind":"historical-package-mutation","expectedPattern":"Dynamic execution reference","actualError":"Dynamic execution reference in agents/health.js: Function"}
✔ final classic scanner rejects eval alias and function-constructor references (483.143417ms)
{"kind":"historical-package-mutation","expectedPattern":"ENOENT|Missing","actualError":"Missing required resource: ui/tool-shell.css"}
✔ final package cannot omit a referenced local asset (155.91325ms)
{"kind":"historical-package-mutation","expectedPattern":"Unsafe HTML","actualError":"Unsafe HTML resources in ui/tool.html"}
{"kind":"historical-package-mutation","expectedPattern":"Unexpected JS","actualError":"Unexpected JS/chunks: agents/bootstrap.js,agents/health.js,agents/page-agent.js,agents/page-relay.js,agents/selection-entry.js,chunk.js,framework/sdk-main.js,native-agent/settings.js,native-agent/transport.js,scripting/packaged/page-session.js,scripting/sandbox/sandbox.js,scripting/sandbox/worker-runtime.js,sw.js,ui/tool-shell.js,vendor/jquery-3.7.1.min.js"}
✔ remote script and unexpected lazy chunk fail final package verification (454.099916ms)
{"kind":"historical-package-mutation","expectedPattern":"Missing|required|ENOENT","actualError":"Missing required resource: ui/tool.html"}
{"kind":"historical-package-mutation","expectedPattern":"worker|entry|Missing","actualError":"Unexpected or missing worker entry"}
✔ final package requires tool HTML/CSS and manifest worker references (332.870833ms)
✔ pasting @require only inspects; trusted acquisition requests permission synchronously and full-hash approval unlocks unsaved edits (32.911583ms)
✔ changing declarations clears an old lock and a late old review cannot replace the current source or become approvable (5.372292ms)
✔ approved cached bytes can be locked for explicitly selected classic mode without a CDN permission prompt (3.200375ms)
✔ permission refusal stops acquisition and local files preserve their original bytes without a CDN request (3.910667ms)
✔ add dependency edits only the true metadata block, leaves examples intact and refuses to hide an incomplete header (4.277375ms)
✔ closing or changing source while permission/file reading is pending cancels acquisition and old approval handlers (8.097ms)
✔ review freezes dependency source selectors and lock status does not claim cache verification (2.578375ms)
✔ explicit legacy adapter preserves R3 frozen USER_SCRIPT descriptors (6.685292ms)
✔ new pinned revision obtains different world and old revision unchanged (3.89675ms)
✔ fails closed without existing broker Available+install grant or with altered script hash (2.672125ms)
✔ dependency version/sha/world lock enforced, library failure blocks injection (1.414708ms)
✔ D1 Page contract consumes actual manager locks and preserves generic classic globals without a wrapper (49.272083ms)
✔ async-main Page revisions share immutable dependencies while registration identities remain isolated (21.1865ms)
✔ full Page authority proof binds kind, entry, revision, dependency identity and every rule, not only matches (24.314291ms)
✔ Page source/metadata/asset tampering is blocked and old Controller/R3 formats require an explicit path (9.62625ms)
✔ named async main() evaluates in exact USER_SCRIPT main document without durable Task or registration (7.429ms)
✔ no injection after document change, permission revoke, Controller slot, invalid sender or API opt-in (3.170459ms)
✔ incorrect browser document receipt and native script errors cannot claim success (10.494584ms)
✔ source, site and requested execution world cannot be forged through preview protocol (0.385042ms)
✔ verified pinned jQuery bytes precede preview main, without Service Worker evaluation (9.825041ms)
✔ manifest and build verifier accept broad required sites and a finite API permission catalog (8.93975ms)
✔ declared optional plugin permission requests reject unknown, required and duplicate names (0.272541ms)
✔ API grant starts synchronously inside trusted UI click and verifies the native state (0.558208ms)
✔ a plugin cannot silently escalate permissions on deny or an untrusted event (0.207584ms)
✔ three-file ESM Page project becomes one locally hashed JS consumed by existing USER_SCRIPT compiler (487.194959ms)
✔ Controller ESM project produces the existing genuine Task v1 Candidate import format, not an Available claim (65.795625ms)
✔ an unbundled asset is rejected rather than included in a supposedly complete project (2.497292ms)
✔ untrusted remote and dynamic ESM imports are rejected before Webpack (2.218834ms)
✔ a frozen output directory rejects replacement without quietly publishing new bytes (127.21975ms)
✔ multi-file ESM authoring project is a source contract, not an installed program (22.8545ms)
✔ imports cannot escape project or load remote modules at browser runtime (10.463917ms)
✔ dynamic import is not quietly kept as an unlocked runtime dependency (4.868667ms)
✔ npm imports require declared dependencies and a committed matching npm lock (7.9475ms)
✔ Page/Controller source contracts remain discriminated without changing Task v1 (8.336041ms)
✔ assets can be listed and hashed but never silently injected (7.417458ms)
✔ importing a JS draft leaves saved versions and running source independent (11.844083ms)
✔ draft import rejects empty/oversized sources and active saves without overwriting the editor (5.540167ms)
✔ catalog draft import updates dependency review from the new source without saving or running (7.204458ms)
✔ Save persists revision/hash without requesting permission, creating a Run, or executing code (4.042ms)
✔ reopened editor lists saved scripts without running and loads the selected latest head explicitly (3.804334ms)
✔ loading a historical revision does not turn it into the latest Save CAS head (6.362333ms)
✔ Delete tombstones the latest head and refreshes the saved-script selector (5.8705ms)
✔ saved A stays immutable; Run freezes unsaved B/params/page A; editing C and Save do not replace B (7.614584ms)
✔ a brand-new unsaved draft runs with an empty script ID and never creates a saved revision (3.677542ms)
✔ permission preparation rejects a switched page; closing the editor during permission never admits a run (15.461125ms)
✔ Stop uses the formal RunHost abort/retirement path and persists stopped with the original pin (6.8965ms)
✔ pagehide invokes RunHost host-close; reopened editor only reads the durable interrupted Result (5.716209ms)
✔ late Save/Load replies do not overwrite another script selection or edits made during loading (6.871917ms)
✔ late saved-script selector load cannot overwrite edits made during loading (4.710458ms)
✔ an older snapshot reply cannot disable Run after a newer durable observation (7.429166ms)
✔ an older snapshot error cannot overwrite a newer successful durable view (6.678667ms)
✔ the permission request remains synchronous in the click fixture; denied permission and invalid params execute nothing (5.917541ms)
✔ DOM preview binds frozen source, dependency choice and exact current document from trusted click (5.232708ms)
✔ DOM preview refuses to inject when the active document changes while permission is pending (5.5385ms)
✔ Developer Stop cannot cancel the formal Task or another view using the shared RunHost (3.613417ms)
✔ same-window catalog hands off exact source without invoking a runner (1.507208ms)
✔ draft handoff refuses other windows, senders, content pages, private tabs and catalog recipients (0.133625ms)
✔ editor rejection is returned explicitly without claiming import success (0.084292ms)
✔ RunHost freezes a draft source variant and parameters before awaiting the host connection (2.547791ms)
✔ saved script API retains explicit scriptId/revision/contentHash admission (0.456875ms)
✔ manifest exposes tool.html as a global Chrome Side Panel (4.481583ms)
✔ product shell has no popup-window fallback (2.744042ms)
✔ default Run freezes Current Page then revalidates before existing RunHost (0.95175ms)
✔ trusted Side Panel run sends the exact unsaved draft to the original Controller authority (0.718417ms)
✔ R6 uses valid tab roles with labelled content panels (2.100333ms)
✔ R4 Sidebar sections preserve consumer controls and keep engineering tools folded (1.228541ms)
✔ Sidebar starts at its three tabs without repeating Chrome extension identity (0.698041ms)
✔ R3 remains immutable reference; R4 preview keeps installed Discover and independent full catalog (4.314125ms)
✔ R5 official sidebar preserves three views, privileged controls, compact discovery and task history (0.994209ms)
✔ R5 keeps one derived interactive prototype with installed-only compact discovery (0.904167ms)
✔ required all-url host is the single source of truth; no optional host prompts at startup (2.276667ms)
✔ a trusted click can re-request withheld required host access without options (0.448667ms)
✔ untrusted events cannot change permission; native denial never fabricates approval (1.011709ms)
✔ Chrome site access restrictions invalidate status and never auto-regrant (0.167458ms)
✔ Chrome onAdded event cannot erase actual approved status during raced refresh (0.408417ms)
✔ core API status is separately queried; it never grants applications automatically (0.2505ms)
✔ developer site controls remain nested in the original three-tab workbench (3.575708ms)
✔ package hashes and closed schema reject forged status, altered source, extra permissions and invalid params (9.803458ms)
✔ candidate cannot install without matching trustworthy native run, then exact Available version can install (4.747375ms)
✔ same task version cannot replace even a correctly hashed package (2.616459ms)
✔ the checked-in sample is an authentic v1 package with exact manifest and source hashes (1.313917ms)
✔ formal verification refuses altered admission identity, failed effects and mismatched receipts (4.262125ms)
✔ invalid task schema and origin return typed errors instead of generic exceptions (0.41325ms)
✔ entering Sidebar task views reads external installations without executing and preserves unchanged form inputs (17.781333ms)
✔ installed tasks default page, render schema form and freeze the exact saved version/params/target (19.365917ms)
✔ installed task can be explicitly forked into an independent unsaved editor draft (5.557ms)
✔ task Stop cannot cancel another view's in-flight draft; parameter form never navigates (5.53125ms)
✔ installed task refuses stale target after async installed-version lookup (6.774708ms)
✔ task cards retain readable selection and do not surface raw IDs as the main UI (1.850875ms)
✔ Sidebar Discover searches installed tasks only and selects a task without running or opening the catalog (7.856208ms)
✔ Discover filter controls are real view filters and cannot start another run (8.904042ms)
✔ opening the separate full-size catalog preserves its import and management view (2.514917ms)
✔ full-size catalog keeps its own reader after real install and re-reads the single Task Catalog state (4.329792ms)
✔ idle Discover has no fixed footer and inline import still opens the authenticated catalog (11.127541ms)
✔ R5 result/history stay out of sight until a task has runs (6.244041ms)
✔ card view retains original action identities, history and parameter form across tab changes (9.939208ms)
✔ switching between two installed tasks preserves each independent unsaved parameter input (3.015625ms)
✔ R6 accessible roving tabs support Arrow and Home/End (3.052209ms)
✔ R6 task card refresh, keyboard selection and Discover handoff restore focus (3.577375ms)
✔ R6 late run start/result cannot become the newly selected task status (12.578334ms)
✔ R6 previous-version notices and results do not leak after installed upgrade (8.853458ms)
✔ two extension documents share only a refresh hint and re-read authoritative installed state (33.633791ms)
✔ catalog installation stays in the complete directory and directs running back to Sidebar (5.299583ms)
✔ catalog JS import hands source to Sidebar and never enters a view with a hidden runner (4.146875ms)
✔ missing Sidebar refuses import with an actionable message, without losing the directory (5.065375ms)
✔ catalog draft transport errors retain their cause instead of claiming Sidebar is missing (5.1265ms)
✔ receiving a source-only import selects Sidebar Developer without creating a run (2.843125ms)
✔ R6.1 task-owned Stop is the sole cross-view action and names the launching task (14.80225ms)
✔ R6.1 a draft-owned run exposes only its Stop when viewing Tasks or Discover (1.70325ms)
✔ R6.1 stop-only footer CSS hides all non-owner actions without hiding Stop (0.321792ms)
✔ real manager → approval → preview executes two ordered sources, reuses draft locks offline, and rechecks new GM grants (40.870709ms)
✔ classic top-level const runs repeatedly in fresh worlds; trailing comments and ASI do not consume the next source (6.084542ms)
✔ a synchronous dependency failure prevents later libraries and the consumer from executing (8.285083ms)
✔ an absent user main cannot fall back to a dependency global main or an async-main-looking comment (2.618458ms)
✔ simulated Chromium named-world exhaustion falls back to default, fails the isolation probe, and injects no user code (2.64ms)
✔ document budget survives service restart and navigation cleanup; closing a tab releases the ledger even when the API is disabled (10.723334ms)
ℹ tests 242
ℹ suites 0
ℹ pass 242
ℹ fail 0
ℹ cancelled 0
ℹ skipped 0
ℹ todo 0
ℹ duration_ms 3872.889333
