✔ AI-to-Task sample is a valid immutable Task v1 Candidate with exact checked-in source (16.963833ms)
✔ tampering cannot grant publication state or replace the source hash (2.471917ms)
✔ modern candidate only uses implemented Locator actions with an explicit business-result wait (0.685917ms)
✔ observation draft is bounded, read-only and valid Controller async main (0.612875ms)
✔ AI-to-Task samples target the original HTML fixture rather than inventing a second page (0.396416ms)
✔ read-only Agent observation draft retains the main R6.2 bounded snapshot contract (6.317167ms)
✔ modern Locator Task candidate is exact and immutable, never pre-verified (11.670041ms)
✔ one ordinary HTML page exposes unique, stable automation targets (5.182958ms)
✔ the unchanged signed v1 task still targets #name → #submit → #done (1.962584ms)
✔ modern search retains an initially filled field and deliberately replaces its submit button (1.144916ms)
✔ async scene sends only local fetches and distinguishes loading, 404, abort and timeout (0.972792ms)
✔ explicit HTTP GET controls expose safe semantics and preserve offline-first operation (0.775ms)
✔ the single canonical page exposes seven navigable groups and honest Locator fixtures (0.869916ms)
✔ Locator fixture actions, late insertion, and reset mutate only observable DOM (1524.859958ms)
✔ HTTP panel sends no request until click and shows real status/content without HTML injection (25.068459ms)
✔ HTTP panel preserves actual 404 and abort/reset cannot resurrect late replies (2.785833ms)
✔ inline JavaScript parses without a third-party runtime or external resources (1.243208ms)
✔ manual browser testing has exactly one canonical HTML and no obsolete advertised URL (1.290125ms)
✔ startup permission check cannot reconnect after permission-removed (3.472791ms)
✔ startup permission check cannot reconnect after dispose (0.399583ms)
✔ reserved mutation never dispatches across disable (13.18475ms)
✔ reserved mutation never dispatches across permission-removed (5.934375ms)
✔ reserved mutation never dispatches across disconnect-reconnect (6.380542ms)
✔ reserved mutation never dispatches across disable-enable (6.235292ms)
✔ reserved mutation never dispatches across dispose (6.259458ms)
✔ Native permission is rechecked immediately before dispatch (6.409875ms)
✔ a late disconnect from an old Native port cannot cancel a new connection request (11.850875ms)
✔ a pending enable permission check cannot overwrite disable (2.435084ms)
✔ a pending enable permission check cannot overwrite permission-removed (1.574917ms)
✔ a pending enable storage write cannot persist over a newer disable (1.496958ms)
✔ an old Host ACK cannot match a new connection read with the same external requestId (17.487833ms)
✔ enabled Native handshake sends version and correct extension identity (1.560625ms)
✔ default-off requires a packaged Settings sender and real granted Native permission (0.278209ms)
✔ request hash journal deduplicates after real Host admission; conflicting bytes fail (9.103292ms)
✔ dispatched but unanswered calls are never retried, even if same id reappears (8.717792ms)
✔ no live registered Host means no run reservation or Worker execution (0.425667ms)
✔ run.get and run.stop cannot inspect arbitrary Sidebar-owned Run records (1.484833ms)
✔ ACK journal write failure after Host action remains OUTCOME_UNKNOWN and never replays (17.44075ms)
✔ run.get and run.stop remain pinned to the original authenticated Host registration (24.877791ms)
✔ Native remains optional after merging the current permission catalog (3.377542ms)
✔ strict production SW budget and fixed packaged Native transport entry (0.114958ms)
✔ single exact same-extension static import allowed in SW only (3.619667ms)
✔ fixed transport registers listeners on the original SW APIs; default-off does not connect (0.369208ms)
ℹ tests 43
ℹ suites 0
ℹ pass 43
ℹ fail 0
ℹ cancelled 0
ℹ skipped 0
ℹ todo 0
ℹ duration_ms 1675.815
